--------- beginning of system
12-20 07:34:55.536  2745  2745 D ViewRootImpl: update {(0,0)(fillxfill) sim={adjust=pan forwardNavigation} ty=BASE_APPLICATION wanim=0x10302fd
12-20 07:34:55.536  2745  2745 D ViewRootImpl:   fl=LAYOUT_IN_SCREEN LAYOUT_INSET_DECOR SPLIT_TOUCH HARDWARE_ACCELERATED DRAWS_SYSTEM_BAR_BACKGROUNDS
12-20 07:34:55.536  2745  2745 D ViewRootImpl:   pfl=NO_MOVE_ANIMATION FORCE_DRAW_STATUS_BAR_BACKGROUND FIT_INSETS_CONTROLLED
12-20 07:34:55.536  2745  2745 D ViewRootImpl:   bhv=DEFAULT
12-20 07:34:55.536  2745  2745 D ViewRootImpl:   fitSides=} by setView
12-20 07:34:56.134  2745  2745 D VRI[MainActivity]: update {(0,0)(fillxfill) sim={adjust=pan forwardNavigation} ty=BASE_APPLICATION wanim=0x10302fd
12-20 07:34:56.134  2745  2745 D VRI[MainActivity]:   fl=LAYOUT_IN_SCREEN LAYOUT_INSET_DECOR SPLIT_TOUCH HARDWARE_ACCELERATED DRAWS_SYSTEM_BAR_BACKGROUNDS
12-20 07:34:56.134  2745  2745 D VRI[MainActivity]:   pfl=NO_MOVE_ANIMATION FORCE_DRAW_STATUS_BAR_BACKGROUND FIT_INSETS_CONTROLLED
12-20 07:34:56.134  2745  2745 D VRI[MainActivity]:   bhv=DEFAULT
12-20 07:34:56.134  2745  2745 D VRI[MainActivity]:   fitSides=} by setLayoutParams
12-20 07:34:56.136  2745  2745 D VRI[MainActivity]: update {(0,0)(fillxfill) sim={adjust=pan forwardNavigation} ty=BASE_APPLICATION wanim=0x10302fd
12-20 07:34:56.136  2745  2745 D VRI[MainActivity]:   fl=LAYOUT_IN_SCREEN FORCE_NOT_FULLSCREEN LAYOUT_INSET_DECOR SPLIT_TOUCH HARDWARE_ACCELERATED DRAWS_SYSTEM_BAR_BACKGROUNDS
12-20 07:34:56.136  2745  2745 D VRI[MainActivity]:   pfl=NO_MOVE_ANIMATION FORCE_DRAW_STATUS_BAR_BACKGROUND FIT_INSETS_CONTROLLED
12-20 07:34:56.136  2745  2745 D VRI[MainActivity]:   bhv=DEFAULT
12-20 07:34:56.136  2745  2745 D VRI[MainActivity]:   fitSides=} by setLayoutParams
12-20 07:34:56.137  2745  2745 D VRI[MainActivity]: update {(0,0)(fillxfill) sim={adjust=pan forwardNavigation} ty=BASE_APPLICATION wanim=0x10302fd
12-20 07:34:56.137  2745  2745 D VRI[MainActivity]:   fl=LAYOUT_IN_SCREEN FORCE_NOT_FULLSCREEN LAYOUT_INSET_DECOR SPLIT_TOUCH HARDWARE_ACCELERATED DRAWS_SYSTEM_BAR_BACKGROUNDS
12-20 07:34:56.137  2745  2745 D VRI[MainActivity]:   pfl=NO_MOVE_ANIMATION FORCE_DRAW_STATUS_BAR_BACKGROUND FIT_INSETS_CONTROLLED
12-20 07:34:56.137  2745  2745 D VRI[MainActivity]:   bhv=DEFAULT
12-20 07:34:56.137  2745  2745 D VRI[MainActivity]:   fitSides=} by setLayoutParams
12-20 07:34:56.215  2745  2745 D VRI[MainActivity]: update {(0,0)(fillxfill) sim={adjust=pan forwardNavigation} ty=BASE_APPLICATION wanim=0x10302fd
12-20 07:34:56.215  2745  2745 D VRI[MainActivity]:   fl=LAYOUT_IN_SCREEN FORCE_NOT_FULLSCREEN LAYOUT_INSET_DECOR SPLIT_TOUCH HARDWARE_ACCELERATED DRAWS_SYSTEM_BAR_BACKGROUNDS
12-20 07:34:56.215  2745  2745 D VRI[MainActivity]:   pfl=NO_MOVE_ANIMATION FORCE_DRAW_STATUS_BAR_BACKGROUND FIT_INSETS_CONTROLLED
12-20 07:34:56.215  2745  2745 D VRI[MainActivity]:   bhv=DEFAULT
12-20 07:34:56.215  2745  2745 D VRI[MainActivity]:   fitSides=} by setLayoutParams
12-20 07:35:00.235  2745  2745 D ViewRootImpl: update {(0,0)(fillxfill) gr=CENTER sim={adjust=resize forwardNavigation} ty=APPLICATION fmt=TRANSPARENT wanim=0x7f11012e
12-20 07:35:00.235  2745  2745 D ViewRootImpl:   fl=NOT_FOCUSABLE LAYOUT_IN_SCREEN LAYOUT_INSET_DECOR SPLIT_TOUCH HARDWARE_ACCELERATED DRAWS_SYSTEM_BAR_BACKGROUNDS
12-20 07:35:00.235  2745  2745 D ViewRootImpl:   pfl=NO_MOVE_ANIMATION FORCE_DRAW_STATUS_BAR_BACKGROUND FIT_INSETS_CONTROLLED
12-20 07:35:00.235  2745  2745 D ViewRootImpl:   bhv=DEFAULT
12-20 07:35:00.235  2745  2745 D ViewRootImpl:   fitSides=} by setView
12-20 07:35:00.240  2745  2745 D VRI[MainActivity]: update {(0,0)(fillxfill) gr=CENTER sim={adjust=resize} ty=APPLICATION fmt=TRANSPARENT wanim=0x7f11012e
12-20 07:35:00.240  2745  2745 D VRI[MainActivity]:   fl=LAYOUT_IN_SCREEN LAYOUT_INSET_DECOR SPLIT_TOUCH HARDWARE_ACCELERATED DRAWS_SYSTEM_BAR_BACKGROUNDS
12-20 07:35:00.240  2745  2745 D VRI[MainActivity]:   pfl=NO_MOVE_ANIMATION FORCE_DRAW_STATUS_BAR_BACKGROUND FIT_INSETS_CONTROLLED
12-20 07:35:00.240  2745  2745 D VRI[MainActivity]:   bhv=DEFAULT
12-20 07:35:00.240  2745  2745 D VRI[MainActivity]:   fitSides=} by setLayoutParams
12-20 07:35:00.289  2745  2745 D VRI[MainActivity]: update {(0,0)(fillxfill) gr=CENTER sim={adjust=resize} ty=APPLICATION fmt=TRANSPARENT wanim=0x7f11012e
12-20 07:35:00.289  2745  2745 D VRI[MainActivity]:   fl=LAYOUT_IN_SCREEN LAYOUT_INSET_DECOR SPLIT_TOUCH HARDWARE_ACCELERATED DRAWS_SYSTEM_BAR_BACKGROUNDS
12-20 07:35:00.289  2745  2745 D VRI[MainActivity]:   pfl=NO_MOVE_ANIMATION FORCE_DRAW_STATUS_BAR_BACKGROUND FIT_INSETS_CONTROLLED
12-20 07:35:00.289  2745  2745 D VRI[MainActivity]:   bhv=DEFAULT
12-20 07:35:00.289  2745  2745 D VRI[MainActivity]:   fitSides=} by setLayoutParams
12-20 07:35:00.290  2745  2745 D VRI[MainActivity]: update {(0,0)(fillxfill) gr=CENTER sim={adjust=resize} ty=APPLICATION fmt=TRANSPARENT wanim=0x7f11012e
12-20 07:35:00.290  2745  2745 D VRI[MainActivity]:   fl=LAYOUT_IN_SCREEN LAYOUT_INSET_DECOR SPLIT_TOUCH HARDWARE_ACCELERATED DRAWS_SYSTEM_BAR_BACKGROUNDS
12-20 07:35:00.290  2745  2745 D VRI[MainActivity]:   pfl=NO_MOVE_ANIMATION FORCE_DRAW_STATUS_BAR_BACKGROUND FIT_INSETS_CONTROLLED
12-20 07:35:00.290  2745  2745 D VRI[MainActivity]:   bhv=DEFAULT
12-20 07:35:00.290  2745  2745 D VRI[MainActivity]:   fitSides=} by setLayoutParams
12-20 07:35:08.615  2745  2745 D ViewRootImpl: update {(0,0)(fillxfill) gr=CENTER sim={adjust=resize forwardNavigation} ty=APPLICATION fmt=TRANSPARENT wanim=0x7f11012e
12-20 07:35:08.615  2745  2745 D ViewRootImpl:   fl=NOT_FOCUSABLE LAYOUT_IN_SCREEN LAYOUT_INSET_DECOR SPLIT_TOUCH HARDWARE_ACCELERATED DRAWS_SYSTEM_BAR_BACKGROUNDS
12-20 07:35:08.615  2745  2745 D ViewRootImpl:   pfl=NO_MOVE_ANIMATION FORCE_DRAW_STATUS_BAR_BACKGROUND FIT_INSETS_CONTROLLED
12-20 07:35:08.615  2745  2745 D ViewRootImpl:   bhv=DEFAULT
12-20 07:35:08.615  2745  2745 D ViewRootImpl:   fitSides=} by setView
12-20 07:35:08.620  2745  2745 D VRI[MainActivity]: update {(0,0)(fillxfill) gr=CENTER sim={adjust=resize} ty=APPLICATION fmt=TRANSPARENT wanim=0x7f11012e
12-20 07:35:08.620  2745  2745 D VRI[MainActivity]:   fl=LAYOUT_IN_SCREEN LAYOUT_INSET_DECOR SPLIT_TOUCH HARDWARE_ACCELERATED DRAWS_SYSTEM_BAR_BACKGROUNDS
12-20 07:35:08.620  2745  2745 D VRI[MainActivity]:   pfl=NO_MOVE_ANIMATION FORCE_DRAW_STATUS_BAR_BACKGROUND FIT_INSETS_CONTROLLED
12-20 07:35:08.620  2745  2745 D VRI[MainActivity]:   bhv=DEFAULT
12-20 07:35:08.620  2745  2745 D VRI[MainActivity]:   fitSides=} by setLayoutParams
12-20 07:35:08.657  2745  2745 D VRI[MainActivity]: update {(0,0)(fillxfill) gr=CENTER sim={adjust=resize} ty=APPLICATION fmt=TRANSPARENT wanim=0x7f11012e
12-20 07:35:08.657  2745  2745 D VRI[MainActivity]:   fl=LAYOUT_IN_SCREEN LAYOUT_INSET_DECOR SPLIT_TOUCH HARDWARE_ACCELERATED DRAWS_SYSTEM_BAR_BACKGROUNDS
12-20 07:35:08.657  2745  2745 D VRI[MainActivity]:   pfl=NO_MOVE_ANIMATION FORCE_DRAW_STATUS_BAR_BACKGROUND FIT_INSETS_CONTROLLED
12-20 07:35:08.657  2745  2745 D VRI[MainActivity]:   bhv=DEFAULT
12-20 07:35:08.657  2745  2745 D VRI[MainActivity]:   fitSides=} by setLayoutParams
12-20 07:35:08.658  2745  2745 D VRI[MainActivity]: update {(0,0)(fillxfill) gr=CENTER sim={adjust=resize} ty=APPLICATION fmt=TRANSPARENT wanim=0x7f11012e
12-20 07:35:08.658  2745  2745 D VRI[MainActivity]:   fl=LAYOUT_IN_SCREEN LAYOUT_INSET_DECOR SPLIT_TOUCH HARDWARE_ACCELERATED DRAWS_SYSTEM_BAR_BACKGROUNDS
12-20 07:35:08.658  2745  2745 D VRI[MainActivity]:   pfl=NO_MOVE_ANIMATION FORCE_DRAW_STATUS_BAR_BACKGROUND FIT_INSETS_CONTROLLED
12-20 07:35:08.658  2745  2745 D VRI[MainActivity]:   bhv=DEFAULT
12-20 07:35:08.658  2745  2745 D VRI[MainActivity]:   fitSides=} by setLayoutParams
12-20 07:35:21.553  2745  2745 D ViewRootImpl: update {(0,0)(fillxfill) gr=CENTER sim={adjust=resize forwardNavigation} ty=APPLICATION fmt=TRANSPARENT wanim=0x7f11012e
12-20 07:35:21.553  2745  2745 D ViewRootImpl:   fl=NOT_FOCUSABLE LAYOUT_IN_SCREEN LAYOUT_INSET_DECOR SPLIT_TOUCH HARDWARE_ACCELERATED DRAWS_SYSTEM_BAR_BACKGROUNDS
12-20 07:35:21.553  2745  2745 D ViewRootImpl:   pfl=NO_MOVE_ANIMATION FORCE_DRAW_STATUS_BAR_BACKGROUND FIT_INSETS_CONTROLLED
12-20 07:35:21.553  2745  2745 D ViewRootImpl:   bhv=DEFAULT
12-20 07:35:21.553  2745  2745 D ViewRootImpl:   fitSides=} by setView
12-20 07:35:21.559  2745  2745 D VRI[MainActivity]: update {(0,0)(fillxfill) gr=CENTER sim={adjust=resize} ty=APPLICATION fmt=TRANSPARENT wanim=0x7f11012e
12-20 07:35:21.559  2745  2745 D VRI[MainActivity]:   fl=LAYOUT_IN_SCREEN LAYOUT_INSET_DECOR SPLIT_TOUCH HARDWARE_ACCELERATED DRAWS_SYSTEM_BAR_BACKGROUNDS
12-20 07:35:21.559  2745  2745 D VRI[MainActivity]:   pfl=NO_MOVE_ANIMATION FORCE_DRAW_STATUS_BAR_BACKGROUND FIT_INSETS_CONTROLLED
12-20 07:35:21.559  2745  2745 D VRI[MainActivity]:   bhv=DEFAULT
12-20 07:35:21.559  2745  2745 D VRI[MainActivity]:   fitSides=} by setLayoutParams
12-20 07:35:21.612  2745  2745 D VRI[MainActivity]: update {(0,0)(fillxfill) gr=CENTER sim={adjust=resize} ty=APPLICATION fmt=TRANSPARENT wanim=0x7f11012e
12-20 07:35:21.612  2745  2745 D VRI[MainActivity]:   fl=LAYOUT_IN_SCREEN LAYOUT_INSET_DECOR SPLIT_TOUCH HARDWARE_ACCELERATED DRAWS_SYSTEM_BAR_BACKGROUNDS
12-20 07:35:21.612  2745  2745 D VRI[MainActivity]:   pfl=NO_MOVE_ANIMATION FORCE_DRAW_STATUS_BAR_BACKGROUND FIT_INSETS_CONTROLLED
12-20 07:35:21.612  2745  2745 D VRI[MainActivity]:   bhv=DEFAULT
12-20 07:35:21.612  2745  2745 D VRI[MainActivity]:   fitSides=} by setLayoutParams
12-20 07:35:21.614  2745  2745 D VRI[MainActivity]: update {(0,0)(fillxfill) gr=CENTER sim={adjust=resize} ty=APPLICATION fmt=TRANSPARENT wanim=0x7f11012e
12-20 07:35:21.614  2745  2745 D VRI[MainActivity]:   fl=LAYOUT_IN_SCREEN LAYOUT_INSET_DECOR SPLIT_TOUCH HARDWARE_ACCELERATED DRAWS_SYSTEM_BAR_BACKGROUNDS
12-20 07:35:21.614  2745  2745 D VRI[MainActivity]:   pfl=NO_MOVE_ANIMATION FORCE_DRAW_STATUS_BAR_BACKGROUND FIT_INSETS_CONTROLLED
12-20 07:35:21.614  2745  2745 D VRI[MainActivity]:   bhv=DEFAULT
12-20 07:35:21.614  2745  2745 D VRI[MainActivity]:   fitSides=} by setLayoutParams
12-20 07:35:24.867  2745  2745 D ViewRootImpl: update {(0,0)(fillxfill) gr=CENTER sim={adjust=resize forwardNavigation} ty=APPLICATION fmt=TRANSPARENT wanim=0x7f11012e
12-20 07:35:24.867  2745  2745 D ViewRootImpl:   fl=NOT_FOCUSABLE LAYOUT_IN_SCREEN LAYOUT_INSET_DECOR SPLIT_TOUCH HARDWARE_ACCELERATED DRAWS_SYSTEM_BAR_BACKGROUNDS
12-20 07:35:24.867  2745  2745 D ViewRootImpl:   pfl=NO_MOVE_ANIMATION FORCE_DRAW_STATUS_BAR_BACKGROUND FIT_INSETS_CONTROLLED
12-20 07:35:24.867  2745  2745 D ViewRootImpl:   bhv=DEFAULT
12-20 07:35:24.867  2745  2745 D ViewRootImpl:   fitSides=} by setView
12-20 07:35:24.873  2745  2745 D VRI[MainActivity]: update {(0,0)(fillxfill) gr=CENTER sim={adjust=resize} ty=APPLICATION fmt=TRANSPARENT wanim=0x7f11012e
12-20 07:35:24.873  2745  2745 D VRI[MainActivity]:   fl=LAYOUT_IN_SCREEN LAYOUT_INSET_DECOR SPLIT_TOUCH HARDWARE_ACCELERATED DRAWS_SYSTEM_BAR_BACKGROUNDS
12-20 07:35:24.873  2745  2745 D VRI[MainActivity]:   pfl=NO_MOVE_ANIMATION FORCE_DRAW_STATUS_BAR_BACKGROUND FIT_INSETS_CONTROLLED
12-20 07:35:24.873  2745  2745 D VRI[MainActivity]:   bhv=DEFAULT
12-20 07:35:24.873  2745  2745 D VRI[MainActivity]:   fitSides=} by setLayoutParams
12-20 07:35:24.903  2745  2745 D VRI[MainActivity]: update {(0,0)(fillxfill) gr=CENTER sim={adjust=resize} ty=APPLICATION fmt=TRANSPARENT wanim=0x7f11012e
12-20 07:35:24.903  2745  2745 D VRI[MainActivity]:   fl=LAYOUT_IN_SCREEN LAYOUT_INSET_DECOR SPLIT_TOUCH HARDWARE_ACCELERATED DRAWS_SYSTEM_BAR_BACKGROUNDS
12-20 07:35:24.903  2745  2745 D VRI[MainActivity]:   pfl=NO_MOVE_ANIMATION FORCE_DRAW_STATUS_BAR_BACKGROUND FIT_INSETS_CONTROLLED
12-20 07:35:24.903  2745  2745 D VRI[MainActivity]:   bhv=DEFAULT
12-20 07:35:24.903  2745  2745 D VRI[MainActivity]:   fitSides=} by setLayoutParams
12-20 07:35:24.904  2745  2745 D VRI[MainActivity]: update {(0,0)(fillxfill) gr=CENTER sim={adjust=resize} ty=APPLICATION fmt=TRANSPARENT wanim=0x7f11012e
12-20 07:35:24.904  2745  2745 D VRI[MainActivity]:   fl=LAYOUT_IN_SCREEN LAYOUT_INSET_DECOR SPLIT_TOUCH HARDWARE_ACCELERATED DRAWS_SYSTEM_BAR_BACKGROUNDS
12-20 07:35:24.904  2745  2745 D VRI[MainActivity]:   pfl=NO_MOVE_ANIMATION FORCE_DRAW_STATUS_BAR_BACKGROUND FIT_INSETS_CONTROLLED
12-20 07:35:24.904  2745  2745 D VRI[MainActivity]:   bhv=DEFAULT
12-20 07:35:24.904  2745  2745 D VRI[MainActivity]:   fitSides=} by setLayoutParams
12-20 07:36:05.161  2745  2745 D VRI[MainActivity]: update {(0,0)(fillxfill) sim={adjust=pan forwardNavigation} ty=BASE_APPLICATION wanim=0x10302fd
12-20 07:36:05.161  2745  2745 D VRI[MainActivity]:   fl=LAYOUT_IN_SCREEN FORCE_NOT_FULLSCREEN LAYOUT_INSET_DECOR SPLIT_TOUCH HARDWARE_ACCELERATED DRAWS_SYSTEM_BAR_BACKGROUNDS
12-20 07:36:05.161  2745  2745 D VRI[MainActivity]:   pfl=NO_MOVE_ANIMATION FORCE_DRAW_STATUS_BAR_BACKGROUND USE_BLAST APPEARANCE_CONTROLLED FIT_INSETS_CONTROLLED
12-20 07:36:05.161  2745  2745 D VRI[MainActivity]:   apr=LIGHT_STATUS_BARS
12-20 07:36:05.161  2745  2745 D VRI[MainActivity]:   bhv=DEFAULT
12-20 07:36:05.161  2745  2745 D VRI[MainActivity]:   fitSides=} by setLayoutParams
--------- beginning of main
12-20 07:37:56.902  2745  2944 I ReactNativeJNI: Memory warning (pressure level: TRIM_MEMORY_BACKGROUND) received by JS VM, running a GC
12-21 00:00:19.943  2745  2745 D NotifeeHeadlessJS: taskId: 3
12-21 00:00:19.982  2745  2947 I ReactNativeJS: [onBackgroundEvent] Midnight refresh trigger received
12-21 00:00:19.986  2745 12360 I NOTIFEE : (NotificationManager): Removing notification with id midnight-refresh-trigger
12-21 00:00:19.987  2745 12360 I NOTIFEE : (NotificationManager): Removing notification with id midnight-refresh-trigger
12-21 00:00:20.008  2745  2947 I ReactNativeJS: '[ReminderEngine] Processing reminders, count:', 5
12-21 00:00:20.008  2745  2947 I ReactNativeJS: [ReminderEngine] Processing reminder 1766169664444, repeatType: none
12-21 00:00:20.008  2745  2947 I ReactNativeJS: [calculateNextReminderDate] for reminder: 1766169664444, fromDate: 2025-12-20T18:30:20.008Z, repeatType: none, date: 2025-12-20, time: 00:12
12-21 00:00:20.008  2745  2947 I ReactNativeJS: [calculateNextReminderDate] One-time reminder scheduled for: 2025-12-19T18:42:00.000Z, isInFuture: false
12-21 00:00:20.008  2745  2947 I ReactNativeJS: [ReminderEngine] No valid fire time for reminder 1766169664444
12-21 00:00:20.010  2745  2947 I ReactNativeJS: '[ReminderEngine] Reminder details:', { date: '2025-12-20',
12-21 00:00:20.010  2745  2947 I ReactNativeJS:   time: '00:12',
12-21 00:00:20.010  2745  2947 I ReactNativeJS:   snoozeUntil: undefined,
12-21 00:00:20.010  2745  2947 I ReactNativeJS:   nextReminderDate: undefined,
12-21 00:00:20.010  2745  2947 I ReactNativeJS:   repeatType: 'none' }
12-21 00:00:20.010  2745  2947 I ReactNativeJS: [ReminderEngine] Processing reminder 1766194871496, repeatType: none
12-21 00:00:20.010  2745  2947 I ReactNativeJS: [calculateNextReminderDate] for reminder: 1766194871496, fromDate: 2025-12-20T18:30:20.008Z, repeatType: none, date: 2025-12-20, time: 07:12
12-21 00:00:20.010  2745  2947 I ReactNativeJS: [calculateNextReminderDate] One-time reminder scheduled for: 2025-12-20T01:42:00.000Z, isInFuture: false
12-21 00:00:20.010  2745  2947 I ReactNativeJS: [ReminderEngine] No valid fire time for reminder 1766194871496
12-21 00:00:20.016  2745  2947 I ReactNativeJS: '[ReminderEngine] Reminder details:', { date: '2025-12-20',
12-21 00:00:20.016  2745  2947 I ReactNativeJS:   time: '07:12',
12-21 00:00:20.016  2745  2947 I ReactNativeJS:   snoozeUntil: undefined,
12-21 00:00:20.016  2745  2947 I ReactNativeJS:   nextReminderDate: undefined,
12-21 00:00:20.016  2745  2947 I ReactNativeJS:   repeatType: 'none' }
12-21 00:00:20.027  2745  2947 I ReactNativeJS: [StartupCheck] Checking for pending notifications and rescheduling all active reminders...
12-21 00:00:20.028  2745  2745 D NotifeeHeadlessJS: taskId: 4
12-21 00:00:20.044  2745  2960 D DoMinderDebug: AlarmModule: Retrieved 0 completed alarms
12-21 00:00:20.045  2745  2960 D DoMinderDebug: AlarmModule: Retrieved 0 snoozed alarms
12-21 00:00:20.053  2745  2947 I ReactNativeJS: [StartupCheck] Currently displayed notifications count: 4
12-21 00:00:20.053  2745  2947 I ReactNativeJS: [StartupCheck] Displayed IDs: 2147483647, maintenance-notification, rem-1766196330625, rem-1766196315426
12-21 00:00:20.053  2745  2947 I ReactNativeJS: [StartupCheck] Reminder 1766169664444: scheduled=2025-12-19T18:42:00.000Z, diff=85700053ms
12-21 00:00:20.053  2745  2947 I ReactNativeJS: [StartupCheck] -> Classified as OVERDUE (Triggering): 1766169664444
12-21 00:00:20.053  2745  2947 I ReactNativeJS: [StartupCheck] Reminder 1766194871496: scheduled=2025-12-20T01:42:00.000Z, diff=60500053ms
12-21 00:00:20.054  2745  2947 I ReactNativeJS: [StartupCheck] -> Classified as MISSED RINGER (>5m): 1766194871496
12-21 00:00:20.054  2745  2947 I ReactNativeJS: [StartupCheck] Notification already displayed for: 1766196315426 (Skipping)
12-21 00:00:20.054  2745  2947 I ReactNativeJS: [StartupCheck] Notification already displayed for: 1766196330625 (Skipping)
12-21 00:00:20.054  2745  2947 I ReactNativeJS: [StartupCheck] Triggering 1 overdue notifications
12-21 00:00:20.056  2745  2947 E ReactNativeJS: '[StartupCheck] Error checking pending notifications:', [ReferenceError: Property 'NativeModules' doesn't exist]
12-21 00:00:20.064  2745  2960 E unknown:ReactNative: console.error: [StartupCheck] Error checking pending notifications: ReferenceError: Property 'NativeModules' doesn't exist, js engine: hermes, stack:
12-21 00:00:20.064  2745  2960 E unknown:ReactNative: _construct@1:131138
12-21 00:00:20.064  2745  2960 E unknown:ReactNative: Wrapper@1:130792
12-21 00:00:20.064  2745  2960 E unknown:ReactNative: _callSuper@1:128623
12-21 00:00:20.064  2745  2960 E unknown:ReactNative: SyntheticError@1:130279
12-21 00:00:20.064  2745  2960 E unknown:ReactNative: reactConsoleErrorHandler@1:129890
12-21 00:00:20.064  2745  2960 E unknown:ReactNative: ?anon_0_@1:1813265
12-21 00:00:20.064  2745  2960 E unknown:ReactNative: asyncGeneratorStep@1:106002
12-21 00:00:20.064  2745  2960 E unknown:ReactNative: _throw@1:106306
12-21 00:00:20.065  2745 12360 I NOTIFEE : (NotificationManager): Removing notification with id maintenance-notification
12-21 00:00:20.065  2745 12360 I NOTIFEE : (NotificationManager): Removing notification with id maintenance-notification
12-21 00:00:20.068  2745  2947 I ReactNativeJS: [NotificationRefresh] Starting midnight refresh of displayed notifications
12-21 00:00:20.074  2745  2947 I ReactNativeJS: [NotificationRefresh] Found 3 displayed notifications
12-21 00:00:20.113  2745  2947 I ReactNativeJS: [NotificationRefresh] Updated notification rem-1766196330625 for reminder 1766196330625
12-21 00:00:20.115  2745  2745 D NotifeeHeadlessJS: taskId: 5
12-21 00:00:20.131  2745  2947 I ReactNativeJS: [onBackgroundEvent] Notification delivered for reminder 1766196330625
12-21 00:00:20.145  2745  2947 I ReactNativeJS: [NotificationRefresh] Updated notification rem-1766196315426 for reminder 1766196315426
12-21 00:00:20.145  2745  2947 I ReactNativeJS: [NotificationRefresh] Midnight refresh completed
12-21 00:00:20.145  2745  2947 I ReactNativeJS: [NotificationRefresh] Scheduling midnight refresh in 1440 minutes
12-21 00:00:20.147  2745  2745 D NotifeeHeadlessJS: taskId: 6
12-21 00:00:20.148  2745  2947 I ReactNativeJS: [onBackgroundEvent] Notification delivered for reminder 1766196315426
12-21 00:00:20.154  2745  2947 I ReactNativeJS: '[NotificationRefresh] Midnight refresh scheduled for:', '2025-12-21T18:30:00.000Z'
12-21 00:00:20.155  2745  2745 D NotifeeHeadlessJS: taskId: 7
