01-05 07:33:29.156 14038 14074 D DoMinderDebug: AlarmModule: Retrieved 0 deleted alarms
01-05 07:33:29.156 14038 14073 I ReactNativeJS: '[AlarmSync] Found deleted alarms:', 0
01-05 07:33:29.157 14038 14074 D DoMinderDebug: AlarmModule: Retrieved 0 dismissed alarms
01-05 07:33:29.157 14038 14073 I ReactNativeJS: '[AlarmSync] Found dismissed alarms:', 0
01-05 07:33:29.212 14038 14073 I ReactNativeJS: '[ReminderEngine] Processing reminders, count:', 3
01-05 07:33:30.739 14038 14038 W unknown:BridgelessReact: ReactHost{0}.onUserLeaveHint(activity)
01-05 07:33:30.741 14038 14038 W unknown:BridgelessReact: ReactHost{0}.onHostPause(activity)
01-05 07:33:30.741 14038 14038 W unknown:BridgelessReact: ReactContext.onHostPause()
01-05 07:33:41.059 14038 14038 W unknown:BridgelessReact: ReactHost{0}.onHostResume(activity)
01-05 07:33:41.059 14038 14038 W unknown:BridgelessReact: ReactContext.onHostResume()
01-05 07:33:41.061 14038 14073 I ReactNativeJS: [AlarmSync] App became active, syncing...
01-05 07:33:41.061 14038 14073 I ReactNativeJS: [AlarmSync] Checking for completed alarms...
01-05 07:33:41.062 14038 14074 D DoMinderDebug: AlarmModule: Retrieved 0 completed alarms
01-05 07:33:41.062 14038 14073 I ReactNativeJS: '[AlarmSync] Found completed alarms:', 0
01-05 07:33:41.063 14038 14074 D DoMinderDebug: AlarmModule: Retrieved 0 snoozed alarms
01-05 07:33:41.063 14038 14073 I ReactNativeJS: '[AlarmSync] Found snoozed alarms:', 0
01-05 07:33:41.063 14038 14074 D DoMinderDebug: AlarmModule: Retrieved 0 deleted alarms
01-05 07:33:41.064 14038 14073 I ReactNativeJS: '[AlarmSync] Found deleted alarms:', 0
01-05 07:33:41.064 14038 14074 D DoMinderDebug: AlarmModule: Retrieved 0 dismissed alarms
01-05 07:33:41.065 14038 14073 I ReactNativeJS: '[AlarmSync] Found dismissed alarms:', 0
01-05 07:33:41.070 14038 14038 D VRI[MainActivity]: update {(0,0)(fillxfill) gr=CENTER sim={adjust=resize} ty=APPLICATION fmt=TRANSPARENT wanim=0x7f11012e
01-05 07:33:41.070 14038 14038 D VRI[MainActivity]:   fl=LAYOUT_IN_SCREEN LAYOUT_INSET_DECOR SPLIT_TOUCH HARDWARE_ACCELERATED DRAWS_SYSTEM_BAR_BACKGROUNDS
01-05 07:33:41.070 14038 14038 D VRI[MainActivity]:   pfl=NO_MOVE_ANIMATION FORCE_DRAW_STATUS_BAR_BACKGROUND FIT_INSETS_CONTROLLED
01-05 07:33:41.070 14038 14038 D VRI[MainActivity]:   bhv=DEFAULT
01-05 07:33:41.070 14038 14038 D VRI[MainActivity]:   fitSides=} by setLayoutParams
01-05 07:33:41.071 14038 14038 D VRI[MainActivity]: update {(0,0)(fillxfill) gr=CENTER sim={adjust=resize} ty=APPLICATION fmt=TRANSPARENT wanim=0x7f11012e
01-05 07:33:41.071 14038 14038 D VRI[MainActivity]:   fl=LAYOUT_IN_SCREEN LAYOUT_INSET_DECOR SPLIT_TOUCH HARDWARE_ACCELERATED DRAWS_SYSTEM_BAR_BACKGROUNDS
01-05 07:33:41.071 14038 14038 D VRI[MainActivity]:   pfl=NO_MOVE_ANIMATION FORCE_DRAW_STATUS_BAR_BACKGROUND FIT_INSETS_CONTROLLED
01-05 07:33:41.071 14038 14038 D VRI[MainActivity]:   bhv=DEFAULT
01-05 07:33:41.071 14038 14038 D VRI[MainActivity]:   fitSides=} by setLayoutParams
01-05 07:33:41.074 14038 14038 D VRI[MainActivity]: update {(0,0)(fillxfill) sim={adjust=pan forwardNavigation} ty=BASE_APPLICATION wanim=0x10302fd
01-05 07:33:41.074 14038 14038 D VRI[MainActivity]:   fl=LAYOUT_IN_SCREEN FORCE_NOT_FULLSCREEN LAYOUT_INSET_DECOR SPLIT_TOUCH HARDWARE_ACCELERATED DRAWS_SYSTEM_BAR_BACKGROUNDS
01-05 07:33:41.074 14038 14038 D VRI[MainActivity]:   pfl=NO_MOVE_ANIMATION FORCE_DRAW_STATUS_BAR_BACKGROUND USE_BLAST APPEARANCE_CONTROLLED FIT_INSETS_CONTROLLED
01-05 07:33:41.074 14038 14038 D VRI[MainActivity]:   apr=LIGHT_STATUS_BARS
01-05 07:33:41.074 14038 14038 D VRI[MainActivity]:   bhv=DEFAULT
01-05 07:33:41.074 14038 14038 D VRI[MainActivity]:   fitSides=} by setLayoutParams
01-05 07:33:59.158 14038 14073 I ReactNativeJS: [AlarmSync] Checking for completed alarms...
01-05 07:33:59.158 14038 14074 D DoMinderDebug: AlarmModule: Retrieved 0 completed alarms
01-05 07:33:59.159 14038 14073 I ReactNativeJS: '[AlarmSync] Found completed alarms:', 0
01-05 07:33:59.160 14038 14074 D DoMinderDebug: AlarmModule: Retrieved 0 snoozed alarms
01-05 07:33:59.160 14038 14073 I ReactNativeJS: '[AlarmSync] Found snoozed alarms:', 0
01-05 07:33:59.160 14038 14074 D DoMinderDebug: AlarmModule: Retrieved 0 deleted alarms
01-05 07:33:59.161 14038 14073 I ReactNativeJS: '[AlarmSync] Found deleted alarms:', 0
01-05 07:33:59.161 14038 14074 D DoMinderDebug: AlarmModule: Retrieved 0 dismissed alarms
01-05 07:33:59.161 14038 14073 I ReactNativeJS: '[AlarmSync] Found dismissed alarms:', 0
01-05 07:33:59.216 14038 14073 I ReactNativeJS: '[ReminderEngine] Processing reminders, count:', 3
01-05 07:34:29.165 14038 14073 I ReactNativeJS: [AlarmSync] Checking for completed alarms...
01-05 07:34:29.166 14038 14074 D DoMinderDebug: AlarmModule: Retrieved 0 completed alarms
01-05 07:34:29.167 14038 14073 I ReactNativeJS: '[AlarmSync] Found completed alarms:', 0
01-05 07:34:29.167 14038 14074 D DoMinderDebug: AlarmModule: Retrieved 0 snoozed alarms
01-05 07:34:29.168 14038 14073 I ReactNativeJS: '[AlarmSync] Found snoozed alarms:', 0
01-05 07:34:29.168 14038 14074 D DoMinderDebug: AlarmModule: Retrieved 0 deleted alarms
01-05 07:34:29.169 14038 14073 I ReactNativeJS: '[AlarmSync] Found deleted alarms:', 0
01-05 07:34:29.169 14038 14074 D DoMinderDebug: AlarmModule: Retrieved 0 dismissed alarms
01-05 07:34:29.170 14038 14073 I ReactNativeJS: '[AlarmSync] Found dismissed alarms:', 0
01-05 07:34:29.223 14038 14073 I ReactNativeJS: '[ReminderEngine] Processing reminders, count:', 3
01-05 07:34:29.936 14038 14038 W unknown:BridgelessReact: ReactHost{0}.onHostPause(activity)
01-05 07:34:29.936 14038 14038 W unknown:BridgelessReact: ReactContext.onHostPause()
01-05 07:34:29.969 14038 14072 I ReactNativeJNI: Memory warning (pressure level: TRIM_MEMORY_UI_HIDDEN) received by JS VM, ignoring because it's non-severe
01-05 07:34:29.994 14038 14067 D Surface : Surface::disconnect
01-05 07:34:29.994 14038 14067 D BufferQueueProducer: [VRI[MainActivity]#1(BLAST Consumer)1](id:36d600000001,api:1,p:14038,c:14038) disconnect: api 1
01-05 07:34:30.005 14038 14067 D Surface : Surface::disconnect
01-05 07:34:30.005 14038 14067 D BufferQueueProducer: [VRI[MainActivity]#0(BLAST Consumer)0](id:36d600000000,api:1,p:14038,c:14038) disconnect: api 1
01-05 07:34:32.128 14038 14067 E OpenGLRenderer: Unable to match the desired swap behavior.
01-05 07:34:32.138 14038 14038 W unknown:BridgelessReact: ReactHost{0}.onHostResume(activity)
01-05 07:34:32.138 14038 14038 W unknown:BridgelessReact: ReactContext.onHostResume()
01-05 07:34:32.139 14038 14073 I ReactNativeJS: [AlarmSync] App became active, syncing...
01-05 07:34:32.139 14038 14073 I ReactNativeJS: [AlarmSync] Checking for completed alarms...
01-05 07:34:32.140 14038 14074 D DoMinderDebug: AlarmModule: Retrieved 0 completed alarms
01-05 07:34:32.141 14038 14073 I ReactNativeJS: '[AlarmSync] Found completed alarms:', 0
01-05 07:34:32.141 14038 14074 D DoMinderDebug: AlarmModule: Retrieved 0 snoozed alarms
01-05 07:34:32.142 14038 14073 I ReactNativeJS: '[AlarmSync] Found snoozed alarms:', 0
01-05 07:34:32.143 14038 14074 D DoMinderDebug: AlarmModule: Retrieved 0 deleted alarms
01-05 07:34:32.143 14038 14073 I ReactNativeJS: '[AlarmSync] Found deleted alarms:', 0
01-05 07:34:32.144 14038 14074 D DoMinderDebug: AlarmModule: Retrieved 0 dismissed alarms
01-05 07:34:32.145 14038 14073 I ReactNativeJS: '[AlarmSync] Found dismissed alarms:', 0
01-05 07:34:32.147 14038 14038 D VRI[MainActivity]: update {(0,0)(fillxfill) gr=CENTER sim={adjust=resize} ty=APPLICATION fmt=TRANSPARENT wanim=0x7f11012e
01-05 07:34:32.147 14038 14038 D VRI[MainActivity]:   fl=LAYOUT_IN_SCREEN LAYOUT_INSET_DECOR SPLIT_TOUCH HARDWARE_ACCELERATED DRAWS_SYSTEM_BAR_BACKGROUNDS
01-05 07:34:32.147 14038 14038 D VRI[MainActivity]:   pfl=NO_MOVE_ANIMATION FORCE_DRAW_STATUS_BAR_BACKGROUND FIT_INSETS_CONTROLLED
01-05 07:34:32.147 14038 14038 D VRI[MainActivity]:   bhv=DEFAULT
01-05 07:34:32.147 14038 14038 D VRI[MainActivity]:   fitSides=} by setLayoutParams
01-05 07:34:32.148 14038 14038 D VRI[MainActivity]: update {(0,0)(fillxfill) gr=CENTER sim={adjust=resize} ty=APPLICATION fmt=TRANSPARENT wanim=0x7f11012e
01-05 07:34:32.148 14038 14038 D VRI[MainActivity]:   fl=LAYOUT_IN_SCREEN LAYOUT_INSET_DECOR SPLIT_TOUCH HARDWARE_ACCELERATED DRAWS_SYSTEM_BAR_BACKGROUNDS
01-05 07:34:32.148 14038 14038 D VRI[MainActivity]:   pfl=NO_MOVE_ANIMATION FORCE_DRAW_STATUS_BAR_BACKGROUND FIT_INSETS_CONTROLLED
01-05 07:34:32.148 14038 14038 D VRI[MainActivity]:   bhv=DEFAULT
01-05 07:34:32.148 14038 14038 D VRI[MainActivity]:   fitSides=} by setLayoutParams
01-05 07:34:32.160 14038 14067 E OpenGLRenderer: Unable to match the desired swap behavior.
01-05 07:34:41.750 14038 14038 D ViewRootImpl: update {(0,0)(fillxfill) gr=CENTER sim={adjust=resize forwardNavigation} ty=APPLICATION fmt=TRANSPARENT wanim=0x7f11012e
01-05 07:34:41.750 14038 14038 D ViewRootImpl:   fl=NOT_FOCUSABLE LAYOUT_IN_SCREEN LAYOUT_INSET_DECOR SPLIT_TOUCH HARDWARE_ACCELERATED DRAWS_SYSTEM_BAR_BACKGROUNDS
01-05 07:34:41.750 14038 14038 D ViewRootImpl:   pfl=NO_MOVE_ANIMATION FORCE_DRAW_STATUS_BAR_BACKGROUND FIT_INSETS_CONTROLLED
01-05 07:34:41.750 14038 14038 D ViewRootImpl:   bhv=DEFAULT
01-05 07:34:41.750 14038 14038 D ViewRootImpl:   fitSides=} by setView
01-05 07:34:41.756 14038 14038 D VRI[MainActivity]: update {(0,0)(fillxfill) gr=CENTER sim={adjust=resize} ty=APPLICATION fmt=TRANSPARENT wanim=0x7f11012e
01-05 07:34:41.756 14038 14038 D VRI[MainActivity]:   fl=LAYOUT_IN_SCREEN LAYOUT_INSET_DECOR SPLIT_TOUCH HARDWARE_ACCELERATED DRAWS_SYSTEM_BAR_BACKGROUNDS
01-05 07:34:41.756 14038 14038 D VRI[MainActivity]:   pfl=NO_MOVE_ANIMATION FORCE_DRAW_STATUS_BAR_BACKGROUND FIT_INSETS_CONTROLLED
01-05 07:34:41.756 14038 14038 D VRI[MainActivity]:   bhv=DEFAULT
01-05 07:34:41.756 14038 14038 D VRI[MainActivity]:   fitSides=} by setLayoutParams
01-05 07:34:41.769 14038 14067 E OpenGLRenderer: Unable to match the desired swap behavior.
01-05 07:34:41.777 14038 14067 W Parcel  : Expecting binder but got null!
01-05 07:34:41.783 14038 14038 D VRI[MainActivity]: update {(0,0)(fillxfill) gr=CENTER sim={adjust=resize} ty=APPLICATION fmt=TRANSPARENT wanim=0x7f11012e
01-05 07:34:41.783 14038 14038 D VRI[MainActivity]:   fl=LAYOUT_IN_SCREEN LAYOUT_INSET_DECOR SPLIT_TOUCH HARDWARE_ACCELERATED DRAWS_SYSTEM_BAR_BACKGROUNDS
01-05 07:34:41.783 14038 14038 D VRI[MainActivity]:   pfl=NO_MOVE_ANIMATION FORCE_DRAW_STATUS_BAR_BACKGROUND FIT_INSETS_CONTROLLED
01-05 07:34:41.783 14038 14038 D VRI[MainActivity]:   bhv=DEFAULT
01-05 07:34:41.783 14038 14038 D VRI[MainActivity]:   fitSides=} by setLayoutParams
01-05 07:34:41.784 14038 14038 D VRI[MainActivity]: update {(0,0)(fillxfill) gr=CENTER sim={adjust=resize} ty=APPLICATION fmt=TRANSPARENT wanim=0x7f11012e
01-05 07:34:41.784 14038 14038 D VRI[MainActivity]:   fl=LAYOUT_IN_SCREEN LAYOUT_INSET_DECOR SPLIT_TOUCH HARDWARE_ACCELERATED DRAWS_SYSTEM_BAR_BACKGROUNDS
01-05 07:34:41.784 14038 14038 D VRI[MainActivity]:   pfl=NO_MOVE_ANIMATION FORCE_DRAW_STATUS_BAR_BACKGROUND FIT_INSETS_CONTROLLED
01-05 07:34:41.784 14038 14038 D VRI[MainActivity]:   bhv=DEFAULT
01-05 07:34:41.784 14038 14038 D VRI[MainActivity]:   fitSides=} by setLayoutParams
01-05 07:34:59.166 14038 14073 I ReactNativeJS: [AlarmSync] Checking for completed alarms...
01-05 07:34:59.167 14038 14074 D DoMinderDebug: AlarmModule: Retrieved 0 completed alarms
01-05 07:34:59.167 14038 14073 I ReactNativeJS: '[AlarmSync] Found completed alarms:', 0
01-05 07:34:59.167 14038 14074 D DoMinderDebug: AlarmModule: Retrieved 0 snoozed alarms
01-05 07:34:59.167 14038 14073 I ReactNativeJS: '[AlarmSync] Found snoozed alarms:', 0
01-05 07:34:59.167 14038 14074 D DoMinderDebug: AlarmModule: Retrieved 0 deleted alarms
01-05 07:34:59.168 14038 14073 I ReactNativeJS: '[AlarmSync] Found deleted alarms:', 0
01-05 07:34:59.168 14038 14074 D DoMinderDebug: AlarmModule: Retrieved 0 dismissed alarms
01-05 07:34:59.168 14038 14073 I ReactNativeJS: '[AlarmSync] Found dismissed alarms:', 0
01-05 07:34:59.225 14038 14073 I ReactNativeJS: '[ReminderEngine] Processing reminders, count:', 3
01-05 07:35:04.298 14038 14067 D Surface : Surface::disconnect
01-05 07:35:04.298 14038 14067 D BufferQueueProducer: [VRI[MainActivity]#4(BLAST Consumer)4](id:36d600000004,api:1,p:14038,c:14038) disconnect: api 1
01-05 07:35:08.708 14038 14038 D ViewRootImpl: update {(0,0)(fillxfill) gr=CENTER sim={adjust=resize forwardNavigation} ty=APPLICATION fmt=TRANSPARENT wanim=0x7f11012e
01-05 07:35:08.708 14038 14038 D ViewRootImpl:   fl=NOT_FOCUSABLE LAYOUT_IN_SCREEN LAYOUT_INSET_DECOR SPLIT_TOUCH HARDWARE_ACCELERATED DRAWS_SYSTEM_BAR_BACKGROUNDS
01-05 07:35:08.708 14038 14038 D ViewRootImpl:   pfl=NO_MOVE_ANIMATION FORCE_DRAW_STATUS_BAR_BACKGROUND FIT_INSETS_CONTROLLED
01-05 07:35:08.708 14038 14038 D ViewRootImpl:   bhv=DEFAULT
01-05 07:35:08.708 14038 14038 D ViewRootImpl:   fitSides=} by setView
01-05 07:35:08.716 14038 14038 D VRI[MainActivity]: update {(0,0)(fillxfill) gr=CENTER sim={adjust=resize} ty=APPLICATION fmt=TRANSPARENT wanim=0x7f11012e
01-05 07:35:08.716 14038 14038 D VRI[MainActivity]:   fl=LAYOUT_IN_SCREEN LAYOUT_INSET_DECOR SPLIT_TOUCH HARDWARE_ACCELERATED DRAWS_SYSTEM_BAR_BACKGROUNDS
01-05 07:35:08.716 14038 14038 D VRI[MainActivity]:   pfl=NO_MOVE_ANIMATION FORCE_DRAW_STATUS_BAR_BACKGROUND FIT_INSETS_CONTROLLED
01-05 07:35:08.716 14038 14038 D VRI[MainActivity]:   bhv=DEFAULT
01-05 07:35:08.716 14038 14038 D VRI[MainActivity]:   fitSides=} by setLayoutParams
01-05 07:35:08.725 14038 14067 E OpenGLRenderer: Unable to match the desired swap behavior.
01-05 07:35:08.729 14038 14067 W Parcel  : Expecting binder but got null!
01-05 07:35:08.748 14038 14038 D VRI[MainActivity]: update {(0,0)(fillxfill) gr=CENTER sim={adjust=resize} ty=APPLICATION fmt=TRANSPARENT wanim=0x7f11012e
01-05 07:35:08.748 14038 14038 D VRI[MainActivity]:   fl=LAYOUT_IN_SCREEN LAYOUT_INSET_DECOR SPLIT_TOUCH HARDWARE_ACCELERATED DRAWS_SYSTEM_BAR_BACKGROUNDS
01-05 07:35:08.748 14038 14038 D VRI[MainActivity]:   pfl=NO_MOVE_ANIMATION FORCE_DRAW_STATUS_BAR_BACKGROUND FIT_INSETS_CONTROLLED
01-05 07:35:08.748 14038 14038 D VRI[MainActivity]:   bhv=DEFAULT
01-05 07:35:08.748 14038 14038 D VRI[MainActivity]:   fitSides=} by setLayoutParams
01-05 07:35:08.749 14038 14038 D VRI[MainActivity]: update {(0,0)(fillxfill) gr=CENTER sim={adjust=resize} ty=APPLICATION fmt=TRANSPARENT wanim=0x7f11012e
01-05 07:35:08.749 14038 14038 D VRI[MainActivity]:   fl=LAYOUT_IN_SCREEN LAYOUT_INSET_DECOR SPLIT_TOUCH HARDWARE_ACCELERATED DRAWS_SYSTEM_BAR_BACKGROUNDS
01-05 07:35:08.749 14038 14038 D VRI[MainActivity]:   pfl=NO_MOVE_ANIMATION FORCE_DRAW_STATUS_BAR_BACKGROUND FIT_INSETS_CONTROLLED
01-05 07:35:08.749 14038 14038 D VRI[MainActivity]:   bhv=DEFAULT
01-05 07:35:08.749 14038 14038 D VRI[MainActivity]:   fitSides=} by setLayoutParams
01-05 07:35:09.650 14038 14038 D CompatibilityChangeReporter: Compat change id reported: 163400105; UID 11036; state: ENABLED
01-05 07:35:09.650 14038 14038 D InputMethodManager: showSoftInput() view=com.facebook.react.views.textinput.ReactEditText{398abf VFED..CL. .F.P..ID 30,98-130,178 #2bc aid=1073741828} flags=0 reason=SHOW_SOFT_INPUT
01-05 07:35:09.669 14038 14038 D ViewRootImpl: update {(251,1252)(wrapxwrap) gr=TOP START CENTER sim={state=unchanged} ty=APPLICATION_SUB_PANEL fmt=TRANSLUCENT wanim=0x1030306 surfaceInsets=Rect(0, 0 - 0, 0) (manual)
01-05 07:35:09.669 14038 14038 D ViewRootImpl:   fl=NOT_FOCUSABLE LAYOUT_NO_LIMITS SPLIT_TOUCH HARDWARE_ACCELERATED FLAG_LAYOUT_ATTACHED_IN_DECOR
01-05 07:35:09.669 14038 14038 D ViewRootImpl:   pfl=WILL_NOT_REPLACE_ON_RELAUNCH LAYOUT_CHILD_WINDOW_IN_PARENT_FRAME
01-05 07:35:09.669 14038 14038 D ViewRootImpl:   bhv=DEFAULT
01-05 07:35:09.669 14038 14038 D ViewRootImpl:   fitTypes=STATUS_BARS NAVIGATION_BARS CAPTION_BAR} by setView
01-05 07:35:09.683 14038 14038 I AssistStructure: Flattened final assist data: 8344 bytes, containing 4 windows, 48 views
01-05 07:35:09.687 14038 14038 D InputMethodManager: showSoftInput() view=com.facebook.react.views.textinput.ReactEditText{398abf VFED..CL. .F.P.... 30,98-130,178 #2bc aid=1073741828} flags=0 reason=SHOW_SOFT_INPUT
01-05 07:35:09.695 14038 14067 E OpenGLRenderer: Unable to match the desired swap behavior.
01-05 07:35:09.701 14038 14067 W Parcel  : Expecting binder but got null!
01-05 07:35:09.760 14038 14038 W OnBackInvokedCallback: OnBackInvokedCallback is not enabled for the application.
01-05 07:35:09.760 14038 14038 W OnBackInvokedCallback: Set 'android:enableOnBackInvokedCallback="true"' in the application manifest.
01-05 07:35:09.837 14038 14038 D InsetsController: show(ime(), fromIme=true)
01-05 07:35:09.872 14038 14038 D VRI[PopupWindow:bb0a1af]: update {(253,793)(wrapxwrap) gr=TOP START CENTER sim={state=unchanged} ty=APPLICATION_SUB_PANEL fmt=TRANSLUCENT wanim=0x1030306 surfaceInsets=Rect(0, 0 - 0, 0) (manual)
01-05 07:35:09.872 14038 14038 D VRI[PopupWindow:bb0a1af]:   fl=NOT_FOCUSABLE LAYOUT_NO_LIMITS SPLIT_TOUCH HARDWARE_ACCELERATED FLAG_LAYOUT_ATTACHED_IN_DECOR
01-05 07:35:09.872 14038 14038 D VRI[PopupWindow:bb0a1af]:   pfl=WILL_NOT_REPLACE_ON_RELAUNCH LAYOUT_CHILD_WINDOW_IN_PARENT_FRAME
01-05 07:35:09.872 14038 14038 D VRI[PopupWindow:bb0a1af]:   bhv=DEFAULT
01-05 07:35:09.872 14038 14038 D VRI[PopupWindow:bb0a1af]:   fitTypes=STATUS_BARS NAVIGATION_BARS CAPTION_BAR} by setLayoutParams
01-05 07:35:09.981 14038 14038 D VRI[PopupWindow:bb0a1af]: update {(253,852)(wrapxwrap) gr=TOP START CENTER sim={state=unchanged} ty=APPLICATION_SUB_PANEL fmt=TRANSLUCENT wanim=0x1030306 surfaceInsets=Rect(0, 0 - 0, 0) (manual)
01-05 07:35:09.981 14038 14038 D VRI[PopupWindow:bb0a1af]:   fl=NOT_FOCUSABLE LAYOUT_NO_LIMITS SPLIT_TOUCH HARDWARE_ACCELERATED FLAG_LAYOUT_ATTACHED_IN_DECOR
01-05 07:35:09.981 14038 14038 D VRI[PopupWindow:bb0a1af]:   pfl=WILL_NOT_REPLACE_ON_RELAUNCH LAYOUT_CHILD_WINDOW_IN_PARENT_FRAME
01-05 07:35:09.981 14038 14038 D VRI[PopupWindow:bb0a1af]:   bhv=DEFAULT
01-05 07:35:09.981 14038 14038 D VRI[PopupWindow:bb0a1af]:   fitTypes=STATUS_BARS NAVIGATION_BARS CAPTION_BAR} by setLayoutParams
01-05 07:35:10.661 14038 14067 D Surface : Surface::disconnect
01-05 07:35:10.662 14038 14067 D BufferQueueProducer: [VRI[PopupWindow:bb0a1af]#6(BLAST Consumer)6](id:36d600000006,api:1,p:14038,c:14038) disconnect: api 1
01-05 07:35:10.725 14038 14038 D InsetsController: show(ime(), fromIme=true)
01-05 07:35:11.901 14038 14067 D Surface : Surface::disconnect
01-05 07:35:11.901 14038 14067 D BufferQueueProducer: [VRI[MainActivity]#5(BLAST Consumer)5](id:36d600000005,api:1,p:14038,c:14038) disconnect: api 1
01-05 07:35:11.933 14038 14073 I ReactNativeJNI: instanceHandle is null, event of type topBlur will be dropped
01-05 07:35:11.935 14038 14038 W RemoteInputConnectionImpl: requestCursorAnchorInfo on inactive InputConnection
01-05 07:35:15.460 14038 14038 D InputMethodManager: showSoftInput() view=com.facebook.react.views.textinput.ReactEditText{6e20250 VFED..CL. .F.P..ID 0,0-920,99 #7e aid=1073741824} flags=0 reason=SHOW_SOFT_INPUT
01-05 07:35:15.475 14038 14038 D InputMethodManager: showSoftInput() view=com.facebook.react.views.textinput.ReactEditText{6e20250 VFED..CL. .F.P.... 0,0-920,99 #7e aid=1073741824} flags=0 reason=SHOW_SOFT_INPUT
01-05 07:35:15.545 14038 14038 W OnBackInvokedCallback: OnBackInvokedCallback is not enabled for the application.
01-05 07:35:15.545 14038 14038 W OnBackInvokedCallback: Set 'android:enableOnBackInvokedCallback="true"' in the application manifest.
01-05 07:35:15.568 14038 14038 D InsetsController: show(ime(), fromIme=true)
01-05 07:35:15.571 14038 14038 D InsetsController: show(ime(), fromIme=true)
01-05 07:35:21.319 14038 14073 I ReactNativeJS: [ReminderService] Adding reminder 1767578721317: isActive=true, isCompleted=false, repeatType=every
01-05 07:35:21.387 14038 14073 I ReactNativeJS: [calculateNextReminderDate] for reminder: 1767578721317, fromDate: 2026-01-05T02:05:21.387Z, repeatType: every, date: 2026-01-05, time: 07:36
01-05 07:35:21.387 14038 14073 I ReactNativeJS: [calculateNextReminderDate] First occurrence at start boundary: 2026-01-05T02:06:00.000Z
01-05 07:35:21.387 14038 14073 I ReactNativeJS: [calculateNextReminderDate] Every 1 minutes, next occurrence: 2026-01-05T02:06:00.000Z
01-05 07:35:21.387 14038 14073 I ReactNativeJS: [calculateNextReminderDate] Count check: occurred=0, untilCount=3
01-05 07:35:21.468 14038 14073 I ReactNativeJS: '[ReminderEngine] Processing reminders, count:', 4
01-05 07:35:21.468 14038 14073 I ReactNativeJS: [ReminderEngine] Processing reminder 1767578721317, repeatType: every
01-05 07:35:21.468 14038 14073 I ReactNativeJS: [calculateNextReminderDate] for reminder: 1767578721317, fromDate: 2026-01-05T02:05:21.468Z, repeatType: every, date: 2026-01-05, time: 07:36
01-05 07:35:21.468 14038 14073 I ReactNativeJS: [calculateNextReminderDate] First occurrence at start boundary: 2026-01-05T02:06:00.000Z
01-05 07:35:21.468 14038 14073 I ReactNativeJS: [calculateNextReminderDate] Every 1 minutes, next occurrence: 2026-01-05T02:06:00.000Z
01-05 07:35:21.468 14038 14073 I ReactNativeJS: [calculateNextReminderDate] Count check: occurred=0, untilCount=3
01-05 07:35:21.468 14038 14073 I ReactNativeJS: [ReminderEngine] Calculated next fire time for 1767578721317: 2026-01-05T02:06:00.000Z, updating reminder
01-05 07:35:21.468 14038 14073 I ReactNativeJS: [ReminderEngine] Scheduling notification for reminder 1767578721317 at 2026-01-05T02:06:00.000Z
01-05 07:35:21.469 14038 14073 I ReactNativeJS: [RootLayout] remindersChanged event received, invalidating queries.
01-05 07:35:21.511 14038 14073 I ReactNativeJS: [ReminderService] Updating reminder 1767578721317: isActive=true, isCompleted=false, repeatType=every
01-05 07:35:21.514 14038 14073 I ReactNativeJS: '[ReminderEngine] Processing reminders, count:', 4
01-05 07:35:21.514 14038 14073 I ReactNativeJS: [ReminderEngine] Skipping 1767578721317 - scheduling already in progress
01-05 07:35:21.518 14038 14073 I ReactNativeJS: [NotificationService] SCHEDULE_EXACT_ALARM permission granted - using exact timing
01-05 07:35:21.519 14038 14073 I ReactNativeJS: [NotificationService] Scheduling reminder 1767578721317, priority: high, repeatType: every
01-05 07:35:21.519 14038 14073 I ReactNativeJS: [NotificationService] Skipping sequential delay for 'every' reminder to preserve exact timing
01-05 07:35:21.519 14038 14073 I ReactNativeJS: [NotificationService] Scheduling for 2026-01-05T02:06:00.000Z
01-05 07:35:21.523 14038 14074 D DoMinderDebug: AlarmModule: Scheduling alarm broadcast for 1767578721317 at 1.76757876E12 with interval=1.0 minutes
01-05 07:35:21.524 14038 14074 D DoMinderDebug: AlarmModule: Successfully scheduled alarm broadcast
01-05 07:35:21.525 14038 14073 I ReactNativeJS: [NotificationService] Scheduled native alarm for rem-1767578721317 with priority high
01-05 07:35:21.525 14038 14073 I ReactNativeJS: [ReminderEngine] Successfully scheduled 1767578721317
01-05 07:35:21.527 14038 14073 I ReactNativeJS: [RootLayout] remindersChanged event received, invalidating queries.
01-05 07:35:21.533 14038 14044 W id_reminder_app: Cleared Reference was only reachable from finalizer (only reported once)
01-05 07:35:21.535 14038 14067 D Surface : Surface::disconnect
01-05 07:35:21.535 14038 14067 D BufferQueueProducer: [VRI[MainActivity]#2(BLAST Consumer)2](id:36d600000002,api:1,p:14038,c:14038) disconnect: api 1
01-05 07:35:21.566 14038 14038 W RemoteInputConnectionImpl: requestCursorAnchorInfo on inactive InputConnection
01-05 07:35:21.620 14038 14073 I ReactNativeJS: '[ReminderEngine] Processing reminders, count:', 4
01-05 07:35:29.172 14038 14073 I ReactNativeJS: [AlarmSync] Checking for completed alarms...
01-05 07:35:29.173 14038 14074 D DoMinderDebug: AlarmModule: Retrieved 0 completed alarms
01-05 07:35:29.174 14038 14073 I ReactNativeJS: '[AlarmSync] Found completed alarms:', 0
01-05 07:35:29.174 14038 14074 D DoMinderDebug: AlarmModule: Retrieved 0 snoozed alarms
01-05 07:35:29.174 14038 14073 I ReactNativeJS: '[AlarmSync] Found snoozed alarms:', 0
01-05 07:35:29.175 14038 14074 D DoMinderDebug: AlarmModule: Retrieved 0 deleted alarms
01-05 07:35:29.175 14038 14073 I ReactNativeJS: '[AlarmSync] Found deleted alarms:', 0
01-05 07:35:29.175 14038 14074 D DoMinderDebug: AlarmModule: Retrieved 0 dismissed alarms
01-05 07:35:29.176 14038 14073 I ReactNativeJS: '[AlarmSync] Found dismissed alarms:', 0
01-05 07:35:29.231 14038 14073 I ReactNativeJS: '[ReminderEngine] Processing reminders, count:', 4
01-05 07:35:29.966 14038 14038 W unknown:BridgelessReact: ReactHost{0}.onUserLeaveHint(activity)
01-05 07:35:29.967 14038 14038 W unknown:BridgelessReact: ReactHost{0}.onHostPause(activity)
01-05 07:35:29.967 14038 14038 W unknown:BridgelessReact: ReactContext.onHostPause()
01-05 07:35:32.930 14038 14038 W unknown:BridgelessReact: ReactHost{0}.onHostResume(activity)
01-05 07:35:32.930 14038 14038 W unknown:BridgelessReact: ReactContext.onHostResume()
01-05 07:35:32.932 14038 14073 I ReactNativeJS: [AlarmSync] App became active, syncing...
01-05 07:35:32.932 14038 14073 I ReactNativeJS: [AlarmSync] Checking for completed alarms...
01-05 07:35:32.934 14038 14074 D DoMinderDebug: AlarmModule: Retrieved 0 completed alarms
01-05 07:35:32.934 14038 14073 I ReactNativeJS: '[AlarmSync] Found completed alarms:', 0
01-05 07:35:32.935 14038 14074 D DoMinderDebug: AlarmModule: Retrieved 0 snoozed alarms
01-05 07:35:32.935 14038 14073 I ReactNativeJS: '[AlarmSync] Found snoozed alarms:', 0
01-05 07:35:32.936 14038 14074 D DoMinderDebug: AlarmModule: Retrieved 0 deleted alarms
01-05 07:35:32.942 14038 14038 D VRI[MainActivity]: update {(0,0)(fillxfill) sim={adjust=pan forwardNavigation} ty=BASE_APPLICATION wanim=0x10302fd
01-05 07:35:32.942 14038 14038 D VRI[MainActivity]:   fl=LAYOUT_IN_SCREEN FORCE_NOT_FULLSCREEN LAYOUT_INSET_DECOR SPLIT_TOUCH HARDWARE_ACCELERATED DRAWS_SYSTEM_BAR_BACKGROUNDS
01-05 07:35:32.942 14038 14038 D VRI[MainActivity]:   pfl=NO_MOVE_ANIMATION FORCE_DRAW_STATUS_BAR_BACKGROUND USE_BLAST APPEARANCE_CONTROLLED FIT_INSETS_CONTROLLED
01-05 07:35:32.942 14038 14038 D VRI[MainActivity]:   apr=LIGHT_STATUS_BARS
01-05 07:35:32.942 14038 14038 D VRI[MainActivity]:   bhv=DEFAULT
01-05 07:35:32.942 14038 14038 D VRI[MainActivity]:   fitSides=} by setLayoutParams
01-05 07:35:32.942 14038 14073 I ReactNativeJS: '[AlarmSync] Found deleted alarms:', 0
01-05 07:35:32.946 14038 14074 D DoMinderDebug: AlarmModule: Retrieved 0 dismissed alarms
01-05 07:35:32.948 14038 14073 I ReactNativeJS: '[AlarmSync] Found dismissed alarms:', 0
01-05 07:35:46.881 14038 14038 W unknown:BridgelessReact: ReactHost{0}.onHostPause(activity)
01-05 07:35:46.881 14038 14038 W unknown:BridgelessReact: ReactContext.onHostPause()
01-05 07:35:46.905 14038 14067 D Surface : Surface::disconnect
01-05 07:35:46.905 14038 14067 D BufferQueueProducer: [VRI[MainActivity]#3(BLAST Consumer)3](id:36d600000003,api:1,p:14038,c:14038) disconnect: api 1
01-05 07:35:46.949 14038 14072 I ReactNativeJNI: Memory warning (pressure level: TRIM_MEMORY_UI_HIDDEN) received by JS VM, ignoring because it's non-severe
