01-22 19:52:31.258 28770 28804 I ReactNativeJS: '[RootLayout] Foreground event:', { type: 7, pressAction: undefined }
01-22 19:52:31.258 28770 28805 D DoMinderDebug: AlarmModule: Scheduling alarm broadcast for 1769091723986 at 1.76909178E12
01-22 19:52:31.259 28770 28805 D DoMinderDebug: AlarmModule: Successfully scheduled alarm broadcast
01-22 19:52:31.264 28770 28804 I ReactNativeJS: [NotificationService] Scheduled native alarm for rem-1769091723986 with priority high
01-22 19:52:31.264 28770 28804 I ReactNativeJS: [ReminderEngine] Successfully scheduled 1769091723986
01-22 19:52:31.264 28770 28804 I ReactNativeJS: [StartupCheck] Currently displayed notifications count: 1
01-22 19:52:31.264 28770 28804 I ReactNativeJS: [StartupCheck] Displayed IDs: maintenance-notification
01-22 19:52:31.264 28770 28804 I ReactNativeJS: [StartupCheck] Reminder 1769011039633: scheduled=2026-03-21T16:10:00.000Z, diff=-5017648736ms
01-22 19:52:31.264 28770 28804 I ReactNativeJS: [StartupCheck] -> Classified as FUTURE (Rescheduling): 1769011039633
01-22 19:52:31.264 28770 28804 I ReactNativeJS: [StartupCheck] Reminder 1769013677262: scheduled=2026-02-21T05:00:00.000Z, diff=-2558248736ms
01-22 19:52:31.264 28770 28804 I ReactNativeJS: [StartupCheck] -> Classified as FUTURE (Rescheduling): 1769013677262
01-22 19:52:31.264 28770 28804 I ReactNativeJS: [StartupCheck] Reminder 1769091723986: scheduled=2026-01-22T14:23:00.000Z, diff=-28736ms
01-22 19:52:31.264 28770 28804 I ReactNativeJS: [StartupCheck] -> Classified as FUTURE (Rescheduling): 1769091723986
01-22 19:52:31.264 28770 28804 I ReactNativeJS: [StartupCheck] Rescheduling 3 future reminders
01-22 19:52:31.268 28770 28804 D nativeloader: Load /data/app/~~P1zaIZyzig6lQZUt1GLwuQ==/app.rork.dominder_android_reminder_app-Ctia7enX4-G-cWr4S5kQzw==/split_config.arm64_v8a.apk!/lib/arm64-v8a/libgesturehandler.so using class loader ns clns-4 (caller=/data/app/~~P1zaIZyzig6lQZUt1GLwuQ==/app.rork.dominder_android_reminder_app-Ctia7enX4-G-cWr4S5kQzw==/base.apk!classes2.dex): ok
01-22 19:52:31.268 28770 28804 D jni_lib_merge: Entering merged library JNI_OnLoad.
01-22 19:52:31.268 28770 28804 D jni_lib_merge: Preparing 11 pre-merged libs (including stub)
01-22 19:52:31.268 28770 28804 D jni_lib_merge: Preparing to register libfabricjni_so.  onload_func: 0x73737b54c4
01-22 19:52:31.268 28770 28804 D jni_lib_merge: Preparing to register libreact_devsupportjni_so.  onload_func: 0x7373887110
01-22 19:52:31.268 28770 28804 D jni_lib_merge: Preparing to register libreact_featureflagsjni_so.  onload_func: 0x737388f3ac
01-22 19:52:31.268 28770 28804 D jni_lib_merge: Preparing to register libreact_newarchdefaults_so.  onload_func: 0x73738b33c8
01-22 19:52:31.268 28770 28804 D jni_lib_merge: Preparing to register libreactnativeblob_so.  onload_func: 0x737393a21c
01-22 19:52:31.268 28770 28804 D jni_lib_merge: Preparing to register libreactnativejni_so.  onload_func: 0x7373958204
01-22 19:52:31.268 28770 28804 D jni_lib_merge: Preparing to register librninstance_so.  onload_func: 0x7373971990
01-22 19:52:31.268 28770 28804 D jni_lib_merge: Preparing to register libturbomodulejsijni_so.  onload_func: 0x73739ec87c
01-22 19:52:31.268 28770 28804 D jni_lib_merge: Preparing to register libuimanagerjni_so.  onload_func: 0x73739f3d94
01-22 19:52:31.268 28770 28804 D jni_lib_merge: Preparing to register libyoga_so.  onload_func: 0x73739f91e8
01-22 19:52:31.268 28770 28804 D jni_lib_merge: About to register 10 actual methods.
01-22 19:52:31.272 28770 28804 I ReactNativeJS: [NotificationService] SCHEDULE_EXACT_ALARM permission granted - using exact timing
01-22 19:52:31.272 28770 28804 I ReactNativeJS: [NotificationService] Scheduling reminder 1769011039633, priority: medium, repeatType: monthly
01-22 19:52:31.272 28770 28804 I ReactNativeJS: [NotificationService] Scheduling for 2026-03-21T16:10:00.000Z
01-22 19:52:31.287 28770 28804 I ReactNativeJS: [NotificationService] Successfully scheduled notification rem-1769011039633
01-22 19:52:31.287 28770 28804 I ReactNativeJS: [StartupCheck] Rescheduled reminder: 1769011039633
01-22 19:52:31.293 28770 28804 I ReactNativeJS: [NotificationService] SCHEDULE_EXACT_ALARM permission granted - using exact timing
01-22 19:52:31.293 28770 28804 I ReactNativeJS: [NotificationService] Scheduling reminder 1769013677262, priority: medium, repeatType: monthly
01-22 19:52:31.293 28770 28804 I ReactNativeJS: [NotificationService] Scheduling for 2026-02-21T05:00:00.000Z
01-22 19:52:31.309 28770 28804 I ReactNativeJS: '[RootLayout] Foreground event:', { type: 7, pressAction: undefined }
01-22 19:52:31.309 28770 28804 I ReactNativeJS: [NotificationService] Successfully scheduled notification rem-1769013677262
01-22 19:52:31.309 28770 28804 I ReactNativeJS: [StartupCheck] Rescheduled reminder: 1769013677262
01-22 19:52:31.309 28770 28804 I ReactNativeJS: '[RootLayout] Foreground event:', { type: 7, pressAction: undefined }
01-22 19:52:31.311 28770 28804 I ReactNativeJS: [NotificationService] SCHEDULE_EXACT_ALARM permission granted - using exact timing
01-22 19:52:31.311 28770 28804 I ReactNativeJS: [NotificationService] Scheduling reminder 1769091723986, priority: high, repeatType: none
01-22 19:52:31.311 28770 28804 I ReactNativeJS: [NotificationService] Scheduling for 2026-01-22T14:23:00.000Z
01-22 19:52:31.311 28770 28805 D DoMinderDebug: AlarmModule: Stored metadata for 1769091723986 - repeatType=none, everyValue=1, multiSelect=false
01-22 19:52:31.311 28770 28804 I ReactNativeJS: [NotificationService] Stored metadata for native alarm 1769091723986
01-22 19:52:31.312 28770 28805 D DoMinderDebug: AlarmModule: Scheduling alarm broadcast for 1769091723986 at 1.76909178E12
01-22 19:52:31.312 28770 28805 D DoMinderDebug: AlarmModule: Successfully scheduled alarm broadcast
01-22 19:52:31.312 28770 28804 I ReactNativeJS: [NotificationService] Scheduled native alarm for rem-1769091723986 with priority high
01-22 19:52:31.312 28770 28804 I ReactNativeJS: [StartupCheck] Rescheduled reminder: 1769091723986
01-22 19:52:31.312 28770 28804 I ReactNativeJS: [StartupCheck] Completed pending notification check and rescheduling
01-22 19:52:31.313 28770 28829 I NOTIFEE : (NotificationManager): Removing notification with id maintenance-notification
01-22 19:52:31.313 28770 28829 I NOTIFEE : (NotificationManager): Removing notification with id maintenance-notification
01-22 19:52:31.316 28770 28804 I ReactNativeJS: [AppStartup] Pending notifications check completed
01-22 19:52:31.316 28770 28804 I ReactNativeJS: [NotificationRefresh] Initializing notification refresh service
01-22 19:52:31.316 28770 28804 I ReactNativeJS: [NotificationRefresh] Scheduling midnight refresh in 247 minutes
01-22 19:52:31.320 28770 28804 I ReactNativeJS: '[NotificationRefresh] Midnight refresh scheduled for:', '2026-01-22T18:30:00.000Z'
01-22 19:52:31.320 28770 28804 I ReactNativeJS: [AppStartup] Notification services initialized
01-22 19:52:31.333 28770 28804 I ReactNativeJS: '[RootLayout] Foreground event:', { type: 7, pressAction: undefined }
01-22 19:52:35.850 28770 28841 D ProfileInstaller: Skipping profile installation for app.rork.dominder_android_reminder_app
01-22 19:52:40.259 28770 28777 W System  : A resource failed to call release. 
01-22 19:53:00.009 28770 28770 D DoMinderDebug: AlarmReceiver: Received broadcast
01-22 19:53:00.013 28770 28770 D DoMinderDebug: AlarmReceiver: Recorded trigger #1 at 1769091780009 for 1769091723986
01-22 19:53:00.013 28770 28770 D DoMinderDebug: AlarmReceiver: One-time reminder 1769091723986 marked complete
01-22 19:53:00.013 28770 28770 D DoMinderDebug: AlarmReceiver: This is the FINAL occurrence for 1769091723986
01-22 19:53:00.013 28770 28770 D DoMinderDebug: AlarmReceiver: Starting AlarmRingtoneService for high priority
01-22 19:53:00.014 28770 28770 D DoMinderDebug: AlarmRingtoneService: startAlarmRingtone called - priority: high
01-22 19:53:00.017 28770 28770 D DoMinderDebug: AlarmReceiver: Creating full-screen notification for 1769091723986, triggerTime: 1769091780009
01-22 19:53:00.027 28770 28770 D DoMinderDebug: AlarmReceiver: Full-screen notification created and shown
01-22 19:53:00.028 28770 28770 D DoMinderDebug: AlarmRingtoneService: onCreate
01-22 19:53:00.030 28770 28770 D DoMinderDebug: AlarmRingtoneService: onStartCommand - action: app.rork.dominder.START_ALARM_RINGTONE
01-22 19:53:00.030 28770 28770 D DoMinderDebug: AlarmRingtoneService: Starting ringtone for priority: high
01-22 19:53:00.030 28770 28770 D DoMinderDebug: AlarmRingtoneService: Starting foreground service
01-22 19:53:00.033 28770 28770 D DoMinderDebug: AlarmRingtoneService: Starting ringtone and vibration
01-22 19:53:00.035 28770 28770 D DoMinderDebug: AlarmRingtoneService: Settings - sound: true, vibration: true
01-22 19:53:00.041 28770 28770 D DoMinderDebug: AlarmRingtoneService: Using default alarm ringtone
01-22 19:53:00.071 28770 28770 D DoMinderDebug: AlarmRingtoneService: Set alarm volume to 2 (max 7, original 3, pref 40%)
01-22 19:53:00.114 28770 28770 D DoMinderDebug: AlarmRingtoneService: MediaPlayer started playing (looping=true)
01-22 19:53:00.118 28770 28770 D DoMinderDebug: AlarmRingtoneService: Vibration started
01-22 19:53:00.790 28770 28804 I ReactNativeJS: [AlarmSync] Checking for completed alarms...
01-22 19:53:00.791 28770 28805 D DoMinderDebug: AlarmModule: getAllNativeReminderStates found 2 reminders
01-22 19:53:00.792 28770 28804 I ReactNativeJS: '[AlarmSync] Syncing native states for', 2, 'reminders'
01-22 19:53:00.802 28770 28804 I ReactNativeJS: '[AlarmSync] Syncing occurrenceCount from native:', '1769091723986', 'JS:', 0, '-> Native:', 1
01-22 19:53:00.804 28770 28804 I ReactNativeJS: [ReminderService] Updating reminder 1769091723986: isActive=true, isCompleted=false, repeatType=none
01-22 19:53:00.814 28770 28804 I ReactNativeJS: [RootLayout] remindersChanged event received, invalidating queries.
01-22 19:53:00.972 28770 28804 I ReactNativeJS: '[ReminderEngine] Processing reminders, count:', 19
01-22 19:53:00.972 28770 28804 I ReactNativeJS: [ReminderEngine] Reminder 1769006679279 is paused until 2026-01-28
01-22 19:53:00.974 28770 28805 D DoMinderDebug: AlarmModule: Retrieved 0 completed alarms
01-22 19:53:01.046 28770 28804 I ReactNativeJS: '[AlarmSync] Found completed alarms:', 0
01-22 19:53:01.047 28770 28805 D DoMinderDebug: AlarmModule: Retrieved 0 snoozed alarms
01-22 19:53:01.047 28770 28804 I ReactNativeJS: '[AlarmSync] Found snoozed alarms:', 0
01-22 19:53:01.047 28770 28805 D DoMinderDebug: AlarmModule: Retrieved 0 deleted alarms
01-22 19:53:01.047 28770 28804 I ReactNativeJS: '[AlarmSync] Found deleted alarms:', 0
01-22 19:53:06.165 28770 28770 W unknown:ReactNative: Can't cancel already finished gesture. Is a child View trying to start a gesture from an UP/CANCEL event?
01-22 19:53:07.139 28770 28770 W unknown:BridgelessReact: ReactHost{0}.onHostPause(activity)
01-22 19:53:07.139 28770 28770 W unknown:BridgelessReact: ReactContext.onHostPause()
01-22 19:53:07.174 28770 28795 D Surface : Surface::disconnect
01-22 19:53:07.175 28770 28795 D BufferQueueProducer: [VRI[MainActivity]#0(BLAST Consumer)0](id:706200000000,api:1,p:28770,c:28770) disconnect: api 1
01-22 19:53:07.329 28770 28770 W unknown:BridgelessReact: ReactHost{0}.stopSurface(surfaceId = 11): Schedule
01-22 19:53:07.329 28770 28770 W unknown:BridgelessReact: ReactHost{0}.detachSurface(surfaceId = 11)
01-22 19:53:07.330 28770 28770 W unknown:BridgelessReact: ReactHost{0}.onHostDestroy(activity)
01-22 19:53:07.330 28770 28803 W unknown:BridgelessReact: ReactHost{0}.stopSurface(surfaceId = 11): Execute
01-22 19:53:07.330 28770 28803 E unknown:SurfaceMountingManager: Stopping surface [11]
01-22 19:53:07.330 28770 28770 W unknown:BridgelessReact: ReactContext.onHostDestroy()
01-22 19:53:07.364 28770 28770 E unknown:ReactNative: Tried to remove non-existent frame callback
01-22 19:53:07.364 28770 28770 I ReactNative: [GESTURE HANDLER] Tearing down gesture handler registered for root view com.facebook.react.runtime.ReactSurfaceView{8f5f477 V.E...... .......D 0,0-1080,2400 #b}
01-22 19:53:07.365 28770 28770 E unknown:SurfaceMountingManager: Surface [11] was stopped on SurfaceMountingManager.
01-22 19:53:07.366 28770 28805 W unknown:ReactNative: StatusBarModule: Ignored status bar change, current activity is null.
01-22 19:53:07.366 28770 28805 W unknown:ReactNative: StatusBarModule: Ignored status bar change, current activity is null.
01-22 19:53:07.366 28770 28805 W unknown:ReactNative: StatusBarModule: Ignored status bar change, current activity is null.
01-22 19:53:07.367 28770 28804 I ReactNativeJS: [useAlarmListeners] Cleaning up native alarm event listeners.
01-22 19:53:07.367 28770 28804 I ReactNativeJS: [RootLayout] Cleaning up notification handlers
01-22 19:53:07.367 28770 28804 I ReactNativeJS: [MissedAlarmService] Cleaned up listeners
01-22 19:53:11.089 28770 28770 D DoMinderDebug: AlarmActivity: onCreate
01-22 19:53:11.148 28770 28770 D DoMinderDebug: AlarmActivity: Wake lock acquired for 10 minutes
01-22 19:53:11.159 28770 28770 D DoMinderDebug: AlarmActivity: Screen will stay on until user action or timeout
01-22 19:53:11.196 28770 28770 D DoMinderDebug: AlarmActivity: Priority = high, triggerTime = 1769091780009
01-22 19:53:11.198 28770 28770 D DoMinderDebug: AlarmActivity: 5-minute timeout scheduled
01-22 19:53:11.198 28770 28770 D DoMinderDebug: AlarmActivity: Ringtone service should already be playing
01-22 19:53:11.204 28770 28770 D ViewRootImpl: update {(0,0)(fillxfill) sim={forwardNavigation} ty=BASE_APPLICATION wanim=0x10302fd
01-22 19:53:11.204 28770 28770 D ViewRootImpl:   fl=KEEP_SCREEN_ON LAYOUT_IN_SCREEN LAYOUT_INSET_DECOR SPLIT_TOUCH HARDWARE_ACCELERATED DRAWS_SYSTEM_BAR_BACKGROUNDS
01-22 19:53:11.204 28770 28770 D ViewRootImpl:   pfl=NO_MOVE_ANIMATION FORCE_DRAW_STATUS_BAR_BACKGROUND FIT_INSETS_CONTROLLED
01-22 19:53:11.204 28770 28770 D ViewRootImpl:   bhv=DEFAULT
01-22 19:53:11.204 28770 28770 D ViewRootImpl:   fitSides=} by setView
01-22 19:53:11.228 28770 28795 E OpenGLRenderer: Unable to match the desired swap behavior.
01-22 19:53:11.269 28770 28795 W Parcel  : Expecting binder but got null!
01-22 19:53:14.187 28770 28770 D DoMinderDebug: AlarmActivity: Snoozing for 5 minutes, reminderId: 1769091723986
01-22 19:53:14.187 28770 28770 D DoMinderDebug: AlarmRingtoneService: stopAlarmRingtone called
01-22 19:53:14.189 28770 28770 D DoMinderDebug: AlarmActivity: Saved snooze to SharedPreferences for 1769091723986
01-22 19:53:14.189 28770 28770 D DoMinderDebug: AlarmActivity: Sending ALARM_SNOOZE broadcast
01-22 19:53:14.190 28770 28770 D DoMinderDebug: AlarmActivity: Snooze broadcast sent
01-22 19:53:14.193 28770 28770 D DoMinderDebug: AlarmRingtoneService: onStartCommand - action: app.rork.dominder.STOP_ALARM_RINGTONE
01-22 19:53:14.193 28770 28770 D DoMinderDebug: AlarmRingtoneService: Stopping ringtone service
01-22 19:53:14.193 28770 28770 D DoMinderDebug: AlarmRingtoneService: Stopping ringtone and vibration
01-22 19:53:14.205 28770 28770 V MediaPlayer: resetDrmState:  mDrmInfo=null mDrmProvisioningThread=null mPrepareDrmInProgress=false mActiveDrmScheme=false
01-22 19:53:14.205 28770 28770 V MediaPlayer: cleanDrmObj: mDrmObj=null mDrmSessionId=null
01-22 19:53:14.211 28770 28770 D DoMinderDebug: AlarmRingtoneService: MediaPlayer stopped and released
01-22 19:53:14.211 28770 28770 D DoMinderDebug: AlarmRingtoneService: Vibration stopped
01-22 19:53:14.212 28770 28770 D DoMinderDebug: AlarmRingtoneService: Wake lock released
01-22 19:53:14.214 28770 28770 D DoMinderDebug: AlarmRingtoneService: Restored alarm volume to 3
01-22 19:53:14.227 28770 28770 D DoMinderDebug: AlarmActionBridge: ===== onReceive called! =====
01-22 19:53:14.227 28770 28770 D DoMinderDebug: AlarmActionBridge: Received action: app.rork.dominder.ALARM_SNOOZE
01-22 19:53:14.228 28770 28770 D DoMinderDebug: AlarmActionBridge: Intent extras: Bundle[mParcelledData.dataSize=188]
01-22 19:53:14.228 28770 28770 D DoMinderDebug: AlarmActionBridge: ALARM_SNOOZE - reminderId: 1769091723986, minutes: 5
01-22 19:53:14.228 28770 28770 D DoMinderDebug: AlarmActionBridge: Scheduling native fallback alarm
01-22 19:53:14.229 28770 28770 D DoMinderDebug: AlarmActionBridge: Native fallback alarm scheduled for 1769092094228
01-22 19:53:14.229 28770 28770 D DoMinderDebug: AlarmActionBridge: About to emit alarmSnooze event to React Native
01-22 19:53:14.229 28770 28770 D DoMinderDebug: AlarmActionBridge: ===== emitEventToReactNative START =====
01-22 19:53:14.229 28770 28770 D DoMinderDebug: AlarmActionBridge: Event name: alarmSnooze, reminderId: 1769091723986, triggerTime: 0
01-22 19:53:14.229 28770 28770 D DoMinderDebug: AlarmActionBridge: Got application context: app.rork.dominder_android_reminder_app.MainApplication
01-22 19:53:14.229 28770 28770 D DoMinderDebug: AlarmActionBridge: App is ReactApplication 
01-22 19:53:14.233 28770 28770 W SoLoader: SoLoader already initialized
01-22 19:53:14.233 28770 28770 W SoLoader: SoLoader already initialized
01-22 19:53:14.235 28770 28770 D DoMinderDebug: AlarmActionBridge: Got ReactInstanceManager: com.facebook.react.ReactInstanceManager@5faeae9
01-22 19:53:14.235 28770 28770 D DoMinderDebug: AlarmActionBridge: ReactContext: null
01-22 19:53:14.235 28770 28770 D DoMinderDebug: AlarmActionBridge:  ERROR - ReactContext is NULL! 
01-22 19:53:14.235 28770 28770 D DoMinderDebug: AlarmActionBridge: This means React Native is not running or was killed
01-22 19:53:14.235 28770 28770 D DoMinderDebug: AlarmActionBridge: emitEventToReactNative call completed
01-22 19:53:14.235 28770 28770 W MediaPlayer: mediaplayer went away with unhandled events
01-22 19:53:14.235 28770 28770 W MediaPlayer: mediaplayer went away with unhandled events
01-22 19:53:14.235 28770 28770 D DoMinderDebug: AlarmRingtoneService: onDestroy
01-22 19:53:14.236 28770 28770 D DoMinderDebug: AlarmRingtoneService: Stopping ringtone and vibration
01-22 19:53:14.237 28770 28770 D DoMinderDebug: AlarmRingtoneService: Vibration stopped
01-22 19:53:14.491 28770 28770 D DoMinderDebug: AlarmActivity: Canceled notification with ID: -1986855618
01-22 19:53:14.491 28770 28770 D DoMinderDebug: AlarmActivity: Finishing alarm activity properly
01-22 19:53:14.516 28770 28770 D DoMinderDebug: AlarmActivity: Finish sequence initiated
01-22 19:53:14.543 28770 28803 I ReactNativeJNI: Memory warning (pressure level: TRIM_MEMORY_UI_HIDDEN) received by JS VM, ignoring because it's non-severe
01-22 19:53:14.927 28770 28795 D Surface : Surface::disconnect
01-22 19:53:14.928 28770 28795 D BufferQueueProducer: [VRI[AlarmActivity]#1(BLAST Consumer)1](id:706200000001,api:1,p:28770,c:28770) disconnect: api 1
01-22 19:53:15.414 28770 28770 D DoMinderDebug: AlarmActivity: Canceled timeout and time update runnables
01-22 19:53:15.414 28770 28770 D DoMinderDebug: AlarmRingtoneService: stopAlarmRingtone called
01-22 19:53:15.423 28770 28770 D DoMinderDebug: AlarmActivity: WakeLock released
01-22 19:53:15.436 28770 28770 I Process : Sending signal. PID: 28770 SIG: 9
