--------- beginning of system
01-26 20:29:31.548 28490 28490 D ViewRootImpl: update {(0,0)(fillxfill) sim={adjust=pan forwardNavigation} ty=BASE_APPLICATION wanim=0x10302fd
01-26 20:29:31.548 28490 28490 D ViewRootImpl:   fl=LAYOUT_IN_SCREEN LAYOUT_INSET_DECOR SPLIT_TOUCH HARDWARE_ACCELERATED DRAWS_SYSTEM_BAR_BACKGROUNDS
01-26 20:29:31.548 28490 28490 D ViewRootImpl:   pfl=NO_MOVE_ANIMATION FORCE_DRAW_STATUS_BAR_BACKGROUND FIT_INSETS_CONTROLLED
01-26 20:29:31.548 28490 28490 D ViewRootImpl:   bhv=DEFAULT
01-26 20:29:31.548 28490 28490 D ViewRootImpl:   fitSides=} by setView
01-26 20:29:32.746 28490 28490 D VRI[MainActivity]: update {(0,0)(fillxfill) sim={adjust=pan forwardNavigation} ty=BASE_APPLICATION wanim=0x10302fd
01-26 20:29:32.746 28490 28490 D VRI[MainActivity]:   fl=LAYOUT_IN_SCREEN LAYOUT_INSET_DECOR SPLIT_TOUCH HARDWARE_ACCELERATED DRAWS_SYSTEM_BAR_BACKGROUNDS
01-26 20:29:32.746 28490 28490 D VRI[MainActivity]:   pfl=NO_MOVE_ANIMATION FORCE_DRAW_STATUS_BAR_BACKGROUND FIT_INSETS_CONTROLLED
01-26 20:29:32.746 28490 28490 D VRI[MainActivity]:   bhv=DEFAULT
01-26 20:29:32.746 28490 28490 D VRI[MainActivity]:   fitSides=} by setLayoutParams
01-26 20:29:32.751 28490 28490 D VRI[MainActivity]: update {(0,0)(fillxfill) sim={adjust=pan forwardNavigation} ty=BASE_APPLICATION wanim=0x10302fd
01-26 20:29:32.751 28490 28490 D VRI[MainActivity]:   fl=LAYOUT_IN_SCREEN FORCE_NOT_FULLSCREEN LAYOUT_INSET_DECOR SPLIT_TOUCH HARDWARE_ACCELERATED DRAWS_SYSTEM_BAR_BACKGROUNDS
01-26 20:29:32.751 28490 28490 D VRI[MainActivity]:   pfl=NO_MOVE_ANIMATION FORCE_DRAW_STATUS_BAR_BACKGROUND FIT_INSETS_CONTROLLED
01-26 20:29:32.751 28490 28490 D VRI[MainActivity]:   bhv=DEFAULT
01-26 20:29:32.751 28490 28490 D VRI[MainActivity]:   fitSides=} by setLayoutParams
01-26 20:29:32.754 28490 28490 D VRI[MainActivity]: update {(0,0)(fillxfill) sim={adjust=pan forwardNavigation} ty=BASE_APPLICATION wanim=0x10302fd
01-26 20:29:32.754 28490 28490 D VRI[MainActivity]:   fl=LAYOUT_IN_SCREEN FORCE_NOT_FULLSCREEN LAYOUT_INSET_DECOR SPLIT_TOUCH HARDWARE_ACCELERATED DRAWS_SYSTEM_BAR_BACKGROUNDS
01-26 20:29:32.754 28490 28490 D VRI[MainActivity]:   pfl=NO_MOVE_ANIMATION FORCE_DRAW_STATUS_BAR_BACKGROUND FIT_INSETS_CONTROLLED
01-26 20:29:32.754 28490 28490 D VRI[MainActivity]:   bhv=DEFAULT
01-26 20:29:32.754 28490 28490 D VRI[MainActivity]:   fitSides=} by setLayoutParams
01-26 20:29:33.020 28490 28490 D VRI[MainActivity]: update {(0,0)(fillxfill) sim={adjust=pan forwardNavigation} ty=BASE_APPLICATION wanim=0x10302fd
01-26 20:29:33.020 28490 28490 D VRI[MainActivity]:   fl=LAYOUT_IN_SCREEN FORCE_NOT_FULLSCREEN LAYOUT_INSET_DECOR SPLIT_TOUCH HARDWARE_ACCELERATED DRAWS_SYSTEM_BAR_BACKGROUNDS
01-26 20:29:33.020 28490 28490 D VRI[MainActivity]:   pfl=NO_MOVE_ANIMATION FORCE_DRAW_STATUS_BAR_BACKGROUND FIT_INSETS_CONTROLLED
01-26 20:29:33.020 28490 28490 D VRI[MainActivity]:   bhv=DEFAULT
01-26 20:29:33.020 28490 28490 D VRI[MainActivity]:   fitSides=} by setLayoutParams
01-26 20:29:33.048 28490 28490 D ViewRootImpl: update {(0,0)(fillxfill) gr=CENTER sim={adjust=resize forwardNavigation} ty=APPLICATION fmt=TRANSPARENT wanim=0x7f11012e
01-26 20:29:33.048 28490 28490 D ViewRootImpl:   fl=DIM_BEHIND NOT_FOCUSABLE LAYOUT_IN_SCREEN LAYOUT_INSET_DECOR SPLIT_TOUCH HARDWARE_ACCELERATED DRAWS_SYSTEM_BAR_BACKGROUNDS
01-26 20:29:33.048 28490 28490 D ViewRootImpl:   pfl=NO_MOVE_ANIMATION FORCE_DRAW_STATUS_BAR_BACKGROUND FIT_INSETS_CONTROLLED
01-26 20:29:33.048 28490 28490 D ViewRootImpl:   bhv=DEFAULT
01-26 20:29:33.048 28490 28490 D ViewRootImpl:   fitSides=} by setView
01-26 20:29:33.066 28490 28490 D VRI[MainActivity]: update {(0,0)(fillxfill) gr=CENTER sim={adjust=resize} ty=APPLICATION fmt=TRANSPARENT wanim=0x7f11012e
01-26 20:29:33.066 28490 28490 D VRI[MainActivity]:   fl=DIM_BEHIND LAYOUT_IN_SCREEN LAYOUT_INSET_DECOR SPLIT_TOUCH HARDWARE_ACCELERATED DRAWS_SYSTEM_BAR_BACKGROUNDS
01-26 20:29:33.066 28490 28490 D VRI[MainActivity]:   pfl=NO_MOVE_ANIMATION FORCE_DRAW_STATUS_BAR_BACKGROUND FIT_INSETS_CONTROLLED
01-26 20:29:33.066 28490 28490 D VRI[MainActivity]:   bhv=DEFAULT
01-26 20:29:33.066 28490 28490 D VRI[MainActivity]:   fitSides=} by setLayoutParams
01-26 20:29:33.325 28490 28490 D VRI[MainActivity]: update {(0,0)(fillxfill) gr=CENTER sim={adjust=resize} ty=APPLICATION fmt=TRANSPARENT wanim=0x7f11012e
01-26 20:29:33.325 28490 28490 D VRI[MainActivity]:   fl=DIM_BEHIND LAYOUT_IN_SCREEN LAYOUT_INSET_DECOR SPLIT_TOUCH HARDWARE_ACCELERATED DRAWS_SYSTEM_BAR_BACKGROUNDS
01-26 20:29:33.325 28490 28490 D VRI[MainActivity]:   pfl=NO_MOVE_ANIMATION FORCE_DRAW_STATUS_BAR_BACKGROUND FIT_INSETS_CONTROLLED
01-26 20:29:33.325 28490 28490 D VRI[MainActivity]:   bhv=DEFAULT
01-26 20:29:33.325 28490 28490 D VRI[MainActivity]:   fitSides=} by setLayoutParams
01-26 20:29:33.332 28490 28490 D VRI[MainActivity]: update {(0,0)(fillxfill) gr=CENTER sim={adjust=resize} ty=APPLICATION fmt=TRANSPARENT wanim=0x7f11012e
01-26 20:29:33.332 28490 28490 D VRI[MainActivity]:   fl=DIM_BEHIND LAYOUT_IN_SCREEN LAYOUT_INSET_DECOR SPLIT_TOUCH HARDWARE_ACCELERATED DRAWS_SYSTEM_BAR_BACKGROUNDS
01-26 20:29:33.332 28490 28490 D VRI[MainActivity]:   pfl=NO_MOVE_ANIMATION FORCE_DRAW_STATUS_BAR_BACKGROUND FIT_INSETS_CONTROLLED
01-26 20:29:33.332 28490 28490 D VRI[MainActivity]:   bhv=DEFAULT
01-26 20:29:33.332 28490 28490 D VRI[MainActivity]:   fitSides=} by setLayoutParams
01-26 20:29:33.334 28490 28490 D VRI[MainActivity]: update {(0,0)(fillxfill) gr=CENTER sim={adjust=resize} ty=APPLICATION fmt=TRANSPARENT wanim=0x7f11012e
01-26 20:29:33.334 28490 28490 D VRI[MainActivity]:   fl=DIM_BEHIND LAYOUT_IN_SCREEN LAYOUT_INSET_DECOR SPLIT_TOUCH HARDWARE_ACCELERATED DRAWS_SYSTEM_BAR_BACKGROUNDS
01-26 20:29:33.334 28490 28490 D VRI[MainActivity]:   pfl=NO_MOVE_ANIMATION FORCE_DRAW_STATUS_BAR_BACKGROUND FIT_INSETS_CONTROLLED
01-26 20:29:33.334 28490 28490 D VRI[MainActivity]:   bhv=DEFAULT
01-26 20:29:33.334 28490 28490 D VRI[MainActivity]:   fitSides=} by setLayoutParams
01-26 20:29:36.837 28490 28490 D ViewRootImpl: update {(0,0)(fillxfill) gr=CENTER sim={adjust=resize forwardNavigation} ty=APPLICATION fmt=TRANSPARENT wanim=0x7f11012e
01-26 20:29:36.837 28490 28490 D ViewRootImpl:   fl=NOT_FOCUSABLE LAYOUT_IN_SCREEN LAYOUT_INSET_DECOR SPLIT_TOUCH HARDWARE_ACCELERATED DRAWS_SYSTEM_BAR_BACKGROUNDS
01-26 20:29:36.837 28490 28490 D ViewRootImpl:   pfl=NO_MOVE_ANIMATION FORCE_DRAW_STATUS_BAR_BACKGROUND FIT_INSETS_CONTROLLED
01-26 20:29:36.837 28490 28490 D ViewRootImpl:   bhv=DEFAULT
01-26 20:29:36.837 28490 28490 D ViewRootImpl:   fitSides=} by setView
01-26 20:29:36.849 28490 28490 D VRI[MainActivity]: update {(0,0)(fillxfill) gr=CENTER sim={adjust=resize} ty=APPLICATION fmt=TRANSPARENT wanim=0x7f11012e
01-26 20:29:36.849 28490 28490 D VRI[MainActivity]:   fl=LAYOUT_IN_SCREEN LAYOUT_INSET_DECOR SPLIT_TOUCH HARDWARE_ACCELERATED DRAWS_SYSTEM_BAR_BACKGROUNDS
01-26 20:29:36.849 28490 28490 D VRI[MainActivity]:   pfl=NO_MOVE_ANIMATION FORCE_DRAW_STATUS_BAR_BACKGROUND FIT_INSETS_CONTROLLED
01-26 20:29:36.849 28490 28490 D VRI[MainActivity]:   bhv=DEFAULT
01-26 20:29:36.849 28490 28490 D VRI[MainActivity]:   fitSides=} by setLayoutParams
01-26 20:29:36.982 28490 28490 D VRI[MainActivity]: update {(0,0)(fillxfill) gr=CENTER sim={adjust=resize} ty=APPLICATION fmt=TRANSPARENT wanim=0x7f11012e
01-26 20:29:36.982 28490 28490 D VRI[MainActivity]:   fl=LAYOUT_IN_SCREEN LAYOUT_INSET_DECOR SPLIT_TOUCH HARDWARE_ACCELERATED DRAWS_SYSTEM_BAR_BACKGROUNDS
01-26 20:29:36.982 28490 28490 D VRI[MainActivity]:   pfl=NO_MOVE_ANIMATION FORCE_DRAW_STATUS_BAR_BACKGROUND FIT_INSETS_CONTROLLED
01-26 20:29:36.982 28490 28490 D VRI[MainActivity]:   bhv=DEFAULT
01-26 20:29:36.982 28490 28490 D VRI[MainActivity]:   fitSides=} by setLayoutParams
01-26 20:29:36.988 28490 28490 D VRI[MainActivity]: update {(0,0)(fillxfill) gr=CENTER sim={adjust=resize} ty=APPLICATION fmt=TRANSPARENT wanim=0x7f11012e
01-26 20:29:36.988 28490 28490 D VRI[MainActivity]:   fl=LAYOUT_IN_SCREEN LAYOUT_INSET_DECOR SPLIT_TOUCH HARDWARE_ACCELERATED DRAWS_SYSTEM_BAR_BACKGROUNDS
01-26 20:29:36.988 28490 28490 D VRI[MainActivity]:   pfl=NO_MOVE_ANIMATION FORCE_DRAW_STATUS_BAR_BACKGROUND FIT_INSETS_CONTROLLED
01-26 20:29:36.988 28490 28490 D VRI[MainActivity]:   bhv=DEFAULT
01-26 20:29:36.988 28490 28490 D VRI[MainActivity]:   fitSides=} by setLayoutParams
01-26 20:29:44.661 28490 28490 D ViewRootImpl: update {(0,0)(fillxfill) gr=CENTER sim={adjust=resize forwardNavigation} ty=APPLICATION fmt=TRANSPARENT wanim=0x7f11012e
01-26 20:29:44.661 28490 28490 D ViewRootImpl:   fl=NOT_FOCUSABLE LAYOUT_IN_SCREEN LAYOUT_INSET_DECOR SPLIT_TOUCH HARDWARE_ACCELERATED DRAWS_SYSTEM_BAR_BACKGROUNDS
01-26 20:29:44.661 28490 28490 D ViewRootImpl:   pfl=NO_MOVE_ANIMATION FORCE_DRAW_STATUS_BAR_BACKGROUND FIT_INSETS_CONTROLLED
01-26 20:29:44.661 28490 28490 D ViewRootImpl:   bhv=DEFAULT
01-26 20:29:44.661 28490 28490 D ViewRootImpl:   fitSides=} by setView
01-26 20:29:44.676 28490 28490 D VRI[MainActivity]: update {(0,0)(fillxfill) gr=CENTER sim={adjust=resize} ty=APPLICATION fmt=TRANSPARENT wanim=0x7f11012e
01-26 20:29:44.676 28490 28490 D VRI[MainActivity]:   fl=LAYOUT_IN_SCREEN LAYOUT_INSET_DECOR SPLIT_TOUCH HARDWARE_ACCELERATED DRAWS_SYSTEM_BAR_BACKGROUNDS
01-26 20:29:44.676 28490 28490 D VRI[MainActivity]:   pfl=NO_MOVE_ANIMATION FORCE_DRAW_STATUS_BAR_BACKGROUND FIT_INSETS_CONTROLLED
01-26 20:29:44.676 28490 28490 D VRI[MainActivity]:   bhv=DEFAULT
01-26 20:29:44.676 28490 28490 D VRI[MainActivity]:   fitSides=} by setLayoutParams
--------- beginning of main
01-26 20:29:44.712 28490 28561 E OpenGLRenderer: Unable to match the desired swap behavior.
01-26 20:29:44.745 28490 28561 W Parcel  : Expecting binder but got null!
01-26 20:29:44.758 28490 28490 D VRI[MainActivity]: update {(0,0)(fillxfill) gr=CENTER sim={adjust=resize} ty=APPLICATION fmt=TRANSPARENT wanim=0x7f11012e
01-26 20:29:44.758 28490 28490 D VRI[MainActivity]:   fl=LAYOUT_IN_SCREEN LAYOUT_INSET_DECOR SPLIT_TOUCH HARDWARE_ACCELERATED DRAWS_SYSTEM_BAR_BACKGROUNDS
01-26 20:29:44.758 28490 28490 D VRI[MainActivity]:   pfl=NO_MOVE_ANIMATION FORCE_DRAW_STATUS_BAR_BACKGROUND FIT_INSETS_CONTROLLED
01-26 20:29:44.758 28490 28490 D VRI[MainActivity]:   bhv=DEFAULT
01-26 20:29:44.758 28490 28490 D VRI[MainActivity]:   fitSides=} by setLayoutParams
01-26 20:29:44.761 28490 28490 D VRI[MainActivity]: update {(0,0)(fillxfill) gr=CENTER sim={adjust=resize} ty=APPLICATION fmt=TRANSPARENT wanim=0x7f11012e
01-26 20:29:44.761 28490 28490 D VRI[MainActivity]:   fl=LAYOUT_IN_SCREEN LAYOUT_INSET_DECOR SPLIT_TOUCH HARDWARE_ACCELERATED DRAWS_SYSTEM_BAR_BACKGROUNDS
01-26 20:29:44.761 28490 28490 D VRI[MainActivity]:   pfl=NO_MOVE_ANIMATION FORCE_DRAW_STATUS_BAR_BACKGROUND FIT_INSETS_CONTROLLED
01-26 20:29:44.761 28490 28490 D VRI[MainActivity]:   bhv=DEFAULT
01-26 20:29:44.761 28490 28490 D VRI[MainActivity]:   fitSides=} by setLayoutParams
01-26 20:29:44.798 28490 28490 W OnBackInvokedCallback: OnBackInvokedCallback is not enabled for the application.
01-26 20:29:44.798 28490 28490 W OnBackInvokedCallback: Set 'android:enableOnBackInvokedCallback="true"' in the application manifest.
01-26 20:29:44.915 28490 28490 W RemoteInputConnectionImpl: requestCursorAnchorInfo on inactive InputConnection
01-26 20:29:46.225 28490 28575 I ReactNativeJNI: Memory warning (pressure level: TRIM_MEMORY_RUNNING_MODERATE) received by JS VM, ignoring because it's non-severe
01-26 20:29:49.523 28490 28561 D Surface : Surface::disconnect
01-26 20:29:49.523 28490 28561 D BufferQueueProducer: [VRI[MainActivity]#3(BLAST Consumer)3](id:6f4a00000003,api:1,p:28490,c:28490) disconnect: api 1
01-26 20:29:53.558 28490 28490 D ViewRootImpl: update {(0,0)(fillxfill) gr=CENTER sim={adjust=resize forwardNavigation} ty=APPLICATION fmt=TRANSPARENT wanim=0x7f11012e
01-26 20:29:53.558 28490 28490 D ViewRootImpl:   fl=NOT_FOCUSABLE LAYOUT_IN_SCREEN LAYOUT_INSET_DECOR SPLIT_TOUCH HARDWARE_ACCELERATED DRAWS_SYSTEM_BAR_BACKGROUNDS
01-26 20:29:53.558 28490 28490 D ViewRootImpl:   pfl=NO_MOVE_ANIMATION FORCE_DRAW_STATUS_BAR_BACKGROUND FIT_INSETS_CONTROLLED
01-26 20:29:53.558 28490 28490 D ViewRootImpl:   bhv=DEFAULT
01-26 20:29:53.558 28490 28490 D ViewRootImpl:   fitSides=} by setView
01-26 20:29:53.601 28490 28490 D VRI[MainActivity]: update {(0,0)(fillxfill) gr=CENTER sim={adjust=resize} ty=APPLICATION fmt=TRANSPARENT wanim=0x7f11012e
01-26 20:29:53.601 28490 28490 D VRI[MainActivity]:   fl=LAYOUT_IN_SCREEN LAYOUT_INSET_DECOR SPLIT_TOUCH HARDWARE_ACCELERATED DRAWS_SYSTEM_BAR_BACKGROUNDS
01-26 20:29:53.601 28490 28490 D VRI[MainActivity]:   pfl=NO_MOVE_ANIMATION FORCE_DRAW_STATUS_BAR_BACKGROUND FIT_INSETS_CONTROLLED
01-26 20:29:53.601 28490 28490 D VRI[MainActivity]:   bhv=DEFAULT
01-26 20:29:53.601 28490 28490 D VRI[MainActivity]:   fitSides=} by setLayoutParams
01-26 20:29:53.626 28490 28561 E OpenGLRenderer: Unable to match the desired swap behavior.
01-26 20:29:53.676 28490 28561 W Parcel  : Expecting binder but got null!
01-26 20:29:53.694 28490 28490 D VRI[MainActivity]: update {(0,0)(fillxfill) gr=CENTER sim={adjust=resize} ty=APPLICATION fmt=TRANSPARENT wanim=0x7f11012e
01-26 20:29:53.694 28490 28490 D VRI[MainActivity]:   fl=LAYOUT_IN_SCREEN LAYOUT_INSET_DECOR SPLIT_TOUCH HARDWARE_ACCELERATED DRAWS_SYSTEM_BAR_BACKGROUNDS
01-26 20:29:53.694 28490 28490 D VRI[MainActivity]:   pfl=NO_MOVE_ANIMATION FORCE_DRAW_STATUS_BAR_BACKGROUND FIT_INSETS_CONTROLLED
01-26 20:29:53.694 28490 28490 D VRI[MainActivity]:   bhv=DEFAULT
01-26 20:29:53.694 28490 28490 D VRI[MainActivity]:   fitSides=} by setLayoutParams
01-26 20:29:53.695 28490 28490 D VRI[MainActivity]: update {(0,0)(fillxfill) gr=CENTER sim={adjust=resize} ty=APPLICATION fmt=TRANSPARENT wanim=0x7f11012e
01-26 20:29:53.695 28490 28490 D VRI[MainActivity]:   fl=LAYOUT_IN_SCREEN LAYOUT_INSET_DECOR SPLIT_TOUCH HARDWARE_ACCELERATED DRAWS_SYSTEM_BAR_BACKGROUNDS
01-26 20:29:53.695 28490 28490 D VRI[MainActivity]:   pfl=NO_MOVE_ANIMATION FORCE_DRAW_STATUS_BAR_BACKGROUND FIT_INSETS_CONTROLLED
01-26 20:29:53.695 28490 28490 D VRI[MainActivity]:   bhv=DEFAULT
01-26 20:29:53.695 28490 28490 D VRI[MainActivity]:   fitSides=} by setLayoutParams
01-26 20:29:54.493 28490 28490 D InputMethodManager: showSoftInput() view=com.facebook.react.views.textinput.ReactEditText{379bdf1 VFED..CL. .F.P..ID 30,98-130,178 #2f8 aid=1073741829} flags=0 reason=SHOW_SOFT_INPUT
01-26 20:29:54.551 28490 28490 D ViewRootImpl: update {(251,1252)(wrapxwrap) gr=TOP START CENTER sim={state=unchanged} ty=APPLICATION_SUB_PANEL fmt=TRANSLUCENT wanim=0x1030306 surfaceInsets=Rect(0, 0 - 0, 0) (manual)
01-26 20:29:54.551 28490 28490 D ViewRootImpl:   fl=NOT_FOCUSABLE LAYOUT_NO_LIMITS SPLIT_TOUCH HARDWARE_ACCELERATED FLAG_LAYOUT_ATTACHED_IN_DECOR
01-26 20:29:54.551 28490 28490 D ViewRootImpl:   pfl=WILL_NOT_REPLACE_ON_RELAUNCH LAYOUT_CHILD_WINDOW_IN_PARENT_FRAME
01-26 20:29:54.551 28490 28490 D ViewRootImpl:   bhv=DEFAULT
01-26 20:29:54.551 28490 28490 D ViewRootImpl:   fitTypes=STATUS_BARS NAVIGATION_BARS CAPTION_BAR} by setView
01-26 20:29:54.560 28490 28490 D InputMethodManager: showSoftInput() view=com.facebook.react.views.textinput.ReactEditText{379bdf1 VFED..CL. .F.P.... 30,98-130,178 #2f8 aid=1073741829} flags=0 reason=SHOW_SOFT_INPUT
01-26 20:29:54.572 28490 28561 E OpenGLRenderer: Unable to match the desired swap behavior.
01-26 20:29:54.604 28490 28561 W Parcel  : Expecting binder but got null!
01-26 20:29:54.621 28490 28490 W OnBackInvokedCallback: OnBackInvokedCallback is not enabled for the application.
01-26 20:29:54.621 28490 28490 W OnBackInvokedCallback: Set 'android:enableOnBackInvokedCallback="true"' in the application manifest.
01-26 20:29:54.704 28490 28490 D InsetsController: show(ime(), fromIme=true)
01-26 20:29:54.737 28490 28490 D InsetsController: show(ime(), fromIme=true)
01-26 20:29:54.746 28490 28490 D VRI[PopupWindow:79bd0c8]: update {(253,793)(wrapxwrap) gr=TOP START CENTER sim={state=unchanged} ty=APPLICATION_SUB_PANEL fmt=TRANSLUCENT wanim=0x1030306 surfaceInsets=Rect(0, 0 - 0, 0) (manual)
01-26 20:29:54.746 28490 28490 D VRI[PopupWindow:79bd0c8]:   fl=NOT_FOCUSABLE LAYOUT_NO_LIMITS SPLIT_TOUCH HARDWARE_ACCELERATED FLAG_LAYOUT_ATTACHED_IN_DECOR
01-26 20:29:54.746 28490 28490 D VRI[PopupWindow:79bd0c8]:   pfl=WILL_NOT_REPLACE_ON_RELAUNCH LAYOUT_CHILD_WINDOW_IN_PARENT_FRAME
01-26 20:29:54.746 28490 28490 D VRI[PopupWindow:79bd0c8]:   bhv=DEFAULT
01-26 20:29:54.746 28490 28490 D VRI[PopupWindow:79bd0c8]:   fitTypes=STATUS_BARS NAVIGATION_BARS CAPTION_BAR} by setLayoutParams
01-26 20:29:54.841 28490 28490 D VRI[PopupWindow:79bd0c8]: update {(253,852)(wrapxwrap) gr=TOP START CENTER sim={state=unchanged} ty=APPLICATION_SUB_PANEL fmt=TRANSLUCENT wanim=0x1030306 surfaceInsets=Rect(0, 0 - 0, 0) (manual)
01-26 20:29:54.841 28490 28490 D VRI[PopupWindow:79bd0c8]:   fl=NOT_FOCUSABLE LAYOUT_NO_LIMITS SPLIT_TOUCH HARDWARE_ACCELERATED FLAG_LAYOUT_ATTACHED_IN_DECOR
01-26 20:29:54.841 28490 28490 D VRI[PopupWindow:79bd0c8]:   pfl=WILL_NOT_REPLACE_ON_RELAUNCH LAYOUT_CHILD_WINDOW_IN_PARENT_FRAME
01-26 20:29:54.841 28490 28490 D VRI[PopupWindow:79bd0c8]:   bhv=DEFAULT
01-26 20:29:54.841 28490 28490 D VRI[PopupWindow:79bd0c8]:   fitTypes=STATUS_BARS NAVIGATION_BARS CAPTION_BAR} by setLayoutParams
01-26 20:29:55.473 28490 28561 D Surface : Surface::disconnect
01-26 20:29:55.473 28490 28561 D BufferQueueProducer: [VRI[PopupWindow:79bd0c8]#5(BLAST Consumer)5](id:6f4a00000005,api:1,p:28490,c:28490) disconnect: api 1
01-26 20:29:55.554 28490 28490 D InsetsController: show(ime(), fromIme=true)
01-26 20:29:56.759 28490 28561 D Surface : Surface::disconnect
01-26 20:29:56.759 28490 28561 D BufferQueueProducer: [VRI[MainActivity]#4(BLAST Consumer)4](id:6f4a00000004,api:1,p:28490,c:28490) disconnect: api 1
01-26 20:29:56.803 28490 28490 W RemoteInputConnectionImpl: requestCursorAnchorInfo on inactive InputConnection
01-26 20:29:56.805 28490 28577 I ReactNativeJNI: instanceHandle is null, event of type topBlur will be dropped
01-26 20:29:56.904 28490 28490 E ImeBackDispatcher: Ime callback not found. Ignoring unregisterReceivedCallback. callbackId: 154441365
01-26 20:30:02.755 28490 28577 I ReactNativeJS: [AlarmSync] Checking for completed alarms...
01-26 20:30:02.759 28490 28578 D DoMinderDebug: AlarmModule: getAllNativeReminderStates found 0 reminders
01-26 20:30:02.760 28490 28578 D DoMinderDebug: AlarmModule: Retrieved 0 completed alarms
01-26 20:30:02.760 28490 28577 I ReactNativeJS: '[AlarmSync] Found completed alarms:', 0
01-26 20:30:02.761 28490 28578 D DoMinderDebug: AlarmModule: Retrieved 0 snoozed alarms
01-26 20:30:02.761 28490 28577 I ReactNativeJS: '[AlarmSync] Found snoozed alarms:', 0
01-26 20:30:02.763 28490 28578 D DoMinderDebug: AlarmModule: Retrieved 0 deleted alarms
01-26 20:30:02.763 28490 28577 I ReactNativeJS: '[AlarmSync] Found deleted alarms:', 0
01-26 20:30:02.829 28490 28577 I ReactNativeJS: '[ReminderEngine] Processing reminders, count:', 0
01-26 20:30:10.225 28490 28577 I ReactNativeJS: [ReminderService] Adding reminder 1769439610207: isActive=true, isCompleted=false, repeatType=every
01-26 20:30:10.283 28490 28577 I ReactNativeJS: [calculateNextReminderDate] for reminder: 1769439610207, fromDate: 2026-01-26T15:00:10.283Z, repeatType: every, date: 2026-01-26, time: 20:31
01-26 20:30:10.283 28490 28577 I ReactNativeJS: [calculateNextReminderDate] Before start boundary, returning start: 2026-01-26T15:01:00.000Z
01-26 20:30:10.366 28490 28577 I ReactNativeJS: '[ReminderEngine] Processing reminders, count:', 1
01-26 20:30:10.367 28490 28577 I ReactNativeJS: [ReminderEngine] Processing reminder 1769439610207, repeatType: every
01-26 20:30:10.367 28490 28577 I ReactNativeJS: [calculateNextReminderDate] for reminder: 1769439610207, fromDate: 2026-01-26T15:00:10.366Z, repeatType: every, date: 2026-01-26, time: 20:31
01-26 20:30:10.367 28490 28577 I ReactNativeJS: [calculateNextReminderDate] Before start boundary, returning start: 2026-01-26T15:01:00.000Z
01-26 20:30:10.367 28490 28577 I ReactNativeJS: [ReminderEngine] Calculated next fire time for 1769439610207: 2026-01-26T15:01:00.000Z, updating reminder
01-26 20:30:10.367 28490 28577 I ReactNativeJS: [ReminderEngine] Scheduling notification for reminder 1769439610207 at 2026-01-26T15:01:00.000Z
01-26 20:30:10.447 28490 28577 I ReactNativeJS: [RootLayout] remindersChanged event received, invalidating queries.
01-26 20:30:10.472 28490 28577 I ReactNativeJS: [NotificationService] Requesting notification permission...
01-26 20:30:10.472 28490 28577 I ReactNativeJS: [ReminderService] Updating reminder 1769439610207: isActive=true, isCompleted=false, repeatType=every
01-26 20:30:10.480 28490 28577 I ReactNativeJS: [RootLayout] remindersChanged event received, invalidating queries.
01-26 20:30:10.485 28490 28561 D Surface : Surface::disconnect
01-26 20:30:10.485 28490 28561 D BufferQueueProducer: [VRI[MainActivity]#2(BLAST Consumer)2](id:6f4a00000002,api:1,p:28490,c:28490) disconnect: api 1
01-26 20:30:10.630 28490 28490 W unknown:BridgelessReact: ReactHost{0}.onUserLeaveHint(activity)
01-26 20:30:10.634 28490 28490 W unknown:BridgelessReact: ReactHost{0}.onHostPause(activity)
01-26 20:30:10.638 28490 28490 W unknown:BridgelessReact: ReactContext.onHostPause()
01-26 20:30:10.688 28490 28577 I ReactNativeJS: '[ReminderEngine] Processing reminders, count:', 1
01-26 20:30:10.688 28490 28577 I ReactNativeJS: [ReminderEngine] Skipping 1769439610207 - scheduling already in progress
01-26 20:30:12.817 28490 28490 D CompatibilityChangeReporter: Compat change id reported: 78294732; UID 11095; state: ENABLED
01-26 20:30:12.820 28490 28490 W unknown:BridgelessReact: ReactHost{0}.onHostResume(activity)
01-26 20:30:12.820 28490 28490 W unknown:BridgelessReact: ReactContext.onHostResume()
01-26 20:30:12.823 28490 28577 I ReactNativeJS: [AlarmSync] App became active, syncing...
01-26 20:30:12.825 28490 28577 I ReactNativeJS: [AlarmSync] Checking for completed alarms...
01-26 20:30:12.832 28490 28578 D DoMinderDebug: AlarmModule: getAllNativeReminderStates found 0 reminders
01-26 20:30:12.833 28490 28578 D DoMinderDebug: AlarmModule: Retrieved 0 completed alarms
01-26 20:30:12.834 28490 28577 I ReactNativeJS: '[AlarmSync] Found completed alarms:', 0
01-26 20:30:12.836 28490 28578 D DoMinderDebug: AlarmModule: Retrieved 0 snoozed alarms
01-26 20:30:12.836 28490 28577 I ReactNativeJS: '[AlarmSync] Found snoozed alarms:', 0
01-26 20:30:12.838 28490 28578 D DoMinderDebug: AlarmModule: Retrieved 0 deleted alarms
01-26 20:30:12.838 28490 28577 I ReactNativeJS: '[AlarmSync] Found deleted alarms:', 0
01-26 20:30:12.849 28490 28577 I ReactNativeJS: [NotificationService] SCHEDULE_EXACT_ALARM permission granted - using exact timing
01-26 20:30:12.850 28490 28577 I ReactNativeJS: [NotificationService] Scheduling reminder 1769439610207, priority: high, repeatType: every
01-26 20:30:12.850 28490 28577 I ReactNativeJS: [NotificationService] Skipping sequential delay for 'every' reminder to preserve exact timing
01-26 20:30:12.850 28490 28577 I ReactNativeJS: [NotificationService] Scheduling for 2026-01-26T15:01:00.000Z
01-26 20:30:12.856 28490 28578 D DoMinderDebug: AlarmModule: Stored metadata for 1769439610207 - repeatType=every, everyValue=1, multiSelect=false
01-26 20:30:12.859 28490 28577 I ReactNativeJS: [NotificationService] Stored metadata for native alarm 1769439610207
01-26 20:30:12.863 28490 28490 D VRI[MainActivity]: update {(0,0)(fillxfill) sim={adjust=pan forwardNavigation} ty=BASE_APPLICATION wanim=0x10302fd
01-26 20:30:12.863 28490 28490 D VRI[MainActivity]:   fl=LAYOUT_IN_SCREEN FORCE_NOT_FULLSCREEN LAYOUT_INSET_DECOR SPLIT_TOUCH HARDWARE_ACCELERATED DRAWS_SYSTEM_BAR_BACKGROUNDS
01-26 20:30:12.863 28490 28490 D VRI[MainActivity]:   pfl=NO_MOVE_ANIMATION FORCE_DRAW_STATUS_BAR_BACKGROUND USE_BLAST APPEARANCE_CONTROLLED FIT_INSETS_CONTROLLED
01-26 20:30:12.863 28490 28490 D VRI[MainActivity]:   apr=LIGHT_STATUS_BARS
01-26 20:30:12.863 28490 28490 D VRI[MainActivity]:   bhv=DEFAULT
01-26 20:30:12.863 28490 28490 D VRI[MainActivity]:   fitSides=} by setLayoutParams
01-26 20:30:12.864 28490 28578 D DoMinderDebug: AlarmModule: Scheduling alarm broadcast for 1769439610207 at 1.76943966E12
01-26 20:30:12.926 28490 28578 D DoMinderDebug: AlarmModule: Successfully scheduled alarm broadcast
01-26 20:30:12.929 28490 28577 I ReactNativeJS: [NotificationService] Scheduled native alarm for rem-1769439610207 with priority high
01-26 20:30:12.929 28490 28577 I ReactNativeJS: [ReminderEngine] Successfully scheduled 1769439610207
01-26 20:30:15.604 28490 28490 W unknown:BridgelessReact: ReactHost{0}.onHostPause(activity)
01-26 20:30:15.608 28490 28490 W unknown:BridgelessReact: ReactContext.onHostPause()
01-26 20:30:15.680 28490 28561 D Surface : Surface::disconnect
01-26 20:30:15.680 28490 28561 D BufferQueueProducer: [VRI[MainActivity]#0(BLAST Consumer)0](id:6f4a00000000,api:1,p:28490,c:28490) disconnect: api 1
01-26 20:30:15.708 28490 28575 I ReactNativeJNI: Memory warning (pressure level: TRIM_MEMORY_UI_HIDDEN) received by JS VM, ignoring because it's non-severe
