--------- beginning of main
01-11 11:31:08.194  6347  6347 I id_reminder_app: Using CollectorTypeCC GC.
01-11 11:31:08.200  6347  6347 D nativeloader: Load libframework-connectivity-tiramisu-jni.so using APEX ns com_android_tethering for caller /apex/com.android.tethering/javalib/framework-connectivity-t.jar: ok
01-11 11:31:08.218  6347  6347 D CompatibilityChangeReporter: Compat change id reported: 171979766; UID 11061; state: ENABLED
01-11 11:31:08.268  6347  6347 D nativeloader: Configuring clns-4 for other apk /data/app/~~eww6m7Tnt-PwtKbETKxdeg==/app.rork.dominder_android_reminder_app-VvVJncq0aP_ONWkiDgW8JA==/base.apk. target_sdk_version=35, uses_libraries=, library_path=/data/app/~~eww6m7Tnt-PwtKbETKxdeg==/app.rork.dominder_android_reminder_app-VvVJncq0aP_ONWkiDgW8JA==/lib/arm64:/data/app/~~eww6m7Tnt-PwtKbETKxdeg==/app.rork.dominder_android_reminder_app-VvVJncq0aP_ONWkiDgW8JA==/base.apk!/lib/arm64-v8a, permitted_path=/data:/mnt/expand:/data/user/0/app.rork.dominder_android_reminder_app
01-11 11:31:08.275  6347  6347 D nativeloader: Load libframework-connectivity-jni.so using APEX ns com_android_tethering for caller /apex/com.android.tethering/javalib/framework-connectivity.jar: ok
01-11 11:31:08.278  6347  6347 V GraphicsEnvironment: ANGLE Developer option for 'app.rork.dominder_android_reminder_app' set to: 'default'
01-11 11:31:08.278  6347  6347 V GraphicsEnvironment: ANGLE GameManagerService for app.rork.dominder_android_reminder_app: false
01-11 11:31:08.278  6347  6347 V GraphicsEnvironment: Neither updatable production driver nor prerelease driver is supported.
01-11 11:31:08.280  6347  6347 D NetworkSecurityConfig: No Network Security Config specified, using platform default
01-11 11:31:08.280  6347  6347 D NetworkSecurityConfig: No Network Security Config specified, using platform default
01-11 11:31:08.289  6347  6347 D WM-WrkMgrInitializer: Initializing WorkManager with default configuration.
01-11 11:31:08.292  6347  6347 D WM-PackageManagerHelper: Skipping component enablement for androidx.work.impl.background.systemjob.SystemJobService
01-11 11:31:08.292  6347  6347 D WM-Schedulers: Created SystemJobScheduler and enabled SystemJobService
01-11 11:31:08.295  6347  6347 D NOTIFEE : (context): received application context
01-11 11:31:08.298  6347  6347 W SoLoader: Initializing SoLoader: 0
01-11 11:31:08.298  6347  6347 W SoLoader: Recording new base apk path: /data/app/~~eww6m7Tnt-PwtKbETKxdeg==/app.rork.dominder_android_reminder_app-VvVJncq0aP_ONWkiDgW8JA==/base.apk
01-11 11:31:08.298  6347  6347 W SoLoader: Previously recorded 0 base apk paths.
01-11 11:31:08.299  6347  6347 I SoLoader: Preparing SO source: DirectorySoSource[root = /vendor/lib64 flags = 2]
01-11 11:31:08.299  6347  6347 I SoLoader: Preparing SO source: DirectorySoSource[root = /system/lib64 flags = 2]
01-11 11:31:08.299  6347  6347 I SoLoader: Preparing SO source: DirectApkSoSource[root = [/data/app/~~eww6m7Tnt-PwtKbETKxdeg==/app.rork.dominder_android_reminder_app-VvVJncq0aP_ONWkiDgW8JA==/base.apk!/lib/arm64-v8a]]
01-11 11:31:08.302  6347  6347 I SoLoader: Preparing SO source: ApplicationSoSource[DirectorySoSource[root = /data/app/~~eww6m7Tnt-PwtKbETKxdeg==/app.rork.dominder_android_reminder_app-VvVJncq0aP_ONWkiDgW8JA==/lib/arm64 flags = 0]]
01-11 11:31:08.302  6347  6347 I SoLoader: init finish: 4 SO sources prepared
01-11 11:31:08.302  6347  6347 W SoLoader: SoLoader initialized: 8
01-11 11:31:08.311  6347  6347 D nativeloader: Load /data/app/~~eww6m7Tnt-PwtKbETKxdeg==/app.rork.dominder_android_reminder_app-VvVJncq0aP_ONWkiDgW8JA==/base.apk!/lib/arm64-v8a/libc++_shared.so using class loader ns clns-4 (caller=/data/app/~~eww6m7Tnt-PwtKbETKxdeg==/app.rork.dominder_android_reminder_app-VvVJncq0aP_ONWkiDgW8JA==/base.apk!classes2.dex): ok
01-11 11:31:08.312  6347  6370 D CompatibilityChangeReporter: Compat change id reported: 160794467; UID 11061; state: ENABLED
01-11 11:31:08.316  6347  6347 D nativeloader: Load /data/app/~~eww6m7Tnt-PwtKbETKxdeg==/app.rork.dominder_android_reminder_app-VvVJncq0aP_ONWkiDgW8JA==/base.apk!/lib/arm64-v8a/libjsi.so using class loader ns clns-4 (caller=/data/app/~~eww6m7Tnt-PwtKbETKxdeg==/app.rork.dominder_android_reminder_app-VvVJncq0aP_ONWkiDgW8JA==/base.apk!classes2.dex): ok
01-11 11:31:08.320  6347  6347 D nativeloader: Load /data/app/~~eww6m7Tnt-PwtKbETKxdeg==/app.rork.dominder_android_reminder_app-VvVJncq0aP_ONWkiDgW8JA==/base.apk!/lib/arm64-v8a/libfbjni.so using class loader ns clns-4 (caller=/data/app/~~eww6m7Tnt-PwtKbETKxdeg==/app.rork.dominder_android_reminder_app-VvVJncq0aP_ONWkiDgW8JA==/base.apk!classes2.dex): ok
01-11 11:31:08.327  6347  6347 D nativeloader: Load /data/app/~~eww6m7Tnt-PwtKbETKxdeg==/app.rork.dominder_android_reminder_app-VvVJncq0aP_ONWkiDgW8JA==/base.apk!/lib/arm64-v8a/libreactnative.so using class loader ns clns-4 (caller=/data/app/~~eww6m7Tnt-PwtKbETKxdeg==/app.rork.dominder_android_reminder_app-VvVJncq0aP_ONWkiDgW8JA==/base.apk!classes2.dex): ok
01-11 11:31:08.327  6347  6347 D jni_lib_merge: Entering merged library JNI_OnLoad.
01-11 11:31:08.327  6347  6347 D jni_lib_merge: Preparing 11 pre-merged libs (including stub)
01-11 11:31:08.327  6347  6347 D jni_lib_merge: Preparing to register libfabricjni_so.  onload_func: 0x783a3ae4c4
01-11 11:31:08.327  6347  6347 D jni_lib_merge: Preparing to register libreact_devsupportjni_so.  onload_func: 0x783a480110
01-11 11:31:08.327  6347  6347 D jni_lib_merge: Preparing to register libreact_featureflagsjni_so.  onload_func: 0x783a4883ac
01-11 11:31:08.327  6347  6347 D jni_lib_merge: Preparing to register libreact_newarchdefaults_so.  onload_func: 0x783a4ac3c8
01-11 11:31:08.327  6347  6347 D jni_lib_merge: Preparing to register libreactnativeblob_so.  onload_func: 0x783a53321c
01-11 11:31:08.327  6347  6347 D jni_lib_merge: Preparing to register libreactnativejni_so.  onload_func: 0x783a551204
01-11 11:31:08.327  6347  6347 D jni_lib_merge: Preparing to register librninstance_so.  onload_func: 0x783a56a990
01-11 11:31:08.327  6347  6347 D jni_lib_merge: Preparing to register libturbomodulejsijni_so.  onload_func: 0x783a5e587c
01-11 11:31:08.327  6347  6347 D jni_lib_merge: Preparing to register libuimanagerjni_so.  onload_func: 0x783a5ecd94
01-11 11:31:08.327  6347  6347 D jni_lib_merge: Preparing to register libyoga_so.  onload_func: 0x783a5f21e8
01-11 11:31:08.327  6347  6347 D jni_lib_merge: About to register 10 actual methods.
01-11 11:31:08.335  6347  6347 D nativeloader: Load /data/app/~~eww6m7Tnt-PwtKbETKxdeg==/app.rork.dominder_android_reminder_app-VvVJncq0aP_ONWkiDgW8JA==/base.apk!/lib/arm64-v8a/libreact_codegen_rnscreens.so using class loader ns clns-4 (caller=/data/app/~~eww6m7Tnt-PwtKbETKxdeg==/app.rork.dominder_android_reminder_app-VvVJncq0aP_ONWkiDgW8JA==/base.apk!classes2.dex): ok
01-11 11:31:08.336  6347  6347 D jni_lib_merge: Entering merged library JNI_OnLoad.
01-11 11:31:08.336  6347  6347 D jni_lib_merge: Preparing 11 pre-merged libs (including stub)
01-11 11:31:08.336  6347  6347 D jni_lib_merge: Preparing to register libfabricjni_so.  onload_func: 0x783a3ae4c4
01-11 11:31:08.336  6347  6347 D jni_lib_merge: Preparing to register libreact_devsupportjni_so.  onload_func: 0x783a480110
01-11 11:31:08.336  6347  6347 D jni_lib_merge: Preparing to register libreact_featureflagsjni_so.  onload_func: 0x783a4883ac
01-11 11:31:08.336  6347  6347 D jni_lib_merge: Preparing to register libreact_newarchdefaults_so.  onload_func: 0x783a4ac3c8
01-11 11:31:08.336  6347  6347 D jni_lib_merge: Preparing to register libreactnativeblob_so.  onload_func: 0x783a53321c
01-11 11:31:08.336  6347  6347 D jni_lib_merge: Preparing to register libreactnativejni_so.  onload_func: 0x783a551204
01-11 11:31:08.336  6347  6347 D jni_lib_merge: Preparing to register librninstance_so.  onload_func: 0x783a56a990
01-11 11:31:08.336  6347  6347 D jni_lib_merge: Preparing to register libturbomodulejsijni_so.  onload_func: 0x783a5e587c
01-11 11:31:08.336  6347  6347 D jni_lib_merge: Preparing to register libuimanagerjni_so.  onload_func: 0x783a5ecd94
01-11 11:31:08.336  6347  6347 D jni_lib_merge: Preparing to register libyoga_so.  onload_func: 0x783a5f21e8
01-11 11:31:08.336  6347  6347 D jni_lib_merge: About to register 10 actual methods.
01-11 11:31:08.341  6347  6347 D nativeloader: Load /data/app/~~eww6m7Tnt-PwtKbETKxdeg==/app.rork.dominder_android_reminder_app-VvVJncq0aP_ONWkiDgW8JA==/base.apk!/lib/arm64-v8a/libreact_codegen_rnsvg.so using class loader ns clns-4 (caller=/data/app/~~eww6m7Tnt-PwtKbETKxdeg==/app.rork.dominder_android_reminder_app-VvVJncq0aP_ONWkiDgW8JA==/base.apk!classes2.dex): ok
01-11 11:31:08.341  6347  6347 D jni_lib_merge: Entering merged library JNI_OnLoad.
01-11 11:31:08.341  6347  6347 D jni_lib_merge: Preparing 11 pre-merged libs (including stub)
01-11 11:31:08.341  6347  6347 D jni_lib_merge: Preparing to register libfabricjni_so.  onload_func: 0x783a3ae4c4
01-11 11:31:08.341  6347  6347 D jni_lib_merge: Preparing to register libreact_devsupportjni_so.  onload_func: 0x783a480110
01-11 11:31:08.341  6347  6347 D jni_lib_merge: Preparing to register libreact_featureflagsjni_so.  onload_func: 0x783a4883ac
01-11 11:31:08.341  6347  6347 D jni_lib_merge: Preparing to register libreact_newarchdefaults_so.  onload_func: 0x783a4ac3c8
01-11 11:31:08.341  6347  6347 D jni_lib_merge: Preparing to register libreactnativeblob_so.  onload_func: 0x783a53321c
01-11 11:31:08.341  6347  6347 D jni_lib_merge: Preparing to register libreactnativejni_so.  onload_func: 0x783a551204
01-11 11:31:08.341  6347  6347 D jni_lib_merge: Preparing to register librninstance_so.  onload_func: 0x783a56a990
01-11 11:31:08.341  6347  6347 D jni_lib_merge: Preparing to register libturbomodulejsijni_so.  onload_func: 0x783a5e587c
01-11 11:31:08.341  6347  6347 D jni_lib_merge: Preparing to register libuimanagerjni_so.  onload_func: 0x783a5ecd94
01-11 11:31:08.341  6347  6347 D jni_lib_merge: Preparing to register libyoga_so.  onload_func: 0x783a5f21e8
01-11 11:31:08.341  6347  6347 D jni_lib_merge: About to register 10 actual methods.
01-11 11:31:08.345  6347  6347 D nativeloader: Load /data/app/~~eww6m7Tnt-PwtKbETKxdeg==/app.rork.dominder_android_reminder_app-VvVJncq0aP_ONWkiDgW8JA==/base.apk!/lib/arm64-v8a/libreact_codegen_safeareacontext.so using class loader ns clns-4 (caller=/data/app/~~eww6m7Tnt-PwtKbETKxdeg==/app.rork.dominder_android_reminder_app-VvVJncq0aP_ONWkiDgW8JA==/base.apk!classes2.dex): ok
01-11 11:31:08.349  6347  6347 D nativeloader: Load /data/app/~~eww6m7Tnt-PwtKbETKxdeg==/app.rork.dominder_android_reminder_app-VvVJncq0aP_ONWkiDgW8JA==/base.apk!/lib/arm64-v8a/libappmodules.so using class loader ns clns-4 (caller=/data/app/~~eww6m7Tnt-PwtKbETKxdeg==/app.rork.dominder_android_reminder_app-VvVJncq0aP_ONWkiDgW8JA==/base.apk!classes2.dex): ok
01-11 11:31:08.349  6347  6347 I Typeface: updateThemeFont new=Rookery-Regular;old=sans-serif;new=Rookery-Stacked;old=
01-11 11:31:08.356  6347  6347 D AppCompatDelegate: Checking for metadata for AppLocalesMetadataHolderService : Service not found
01-11 11:31:08.391  6347  6347 W unknown:BridgelessReact: ReactHost{0}.startSurface(surfaceId = 0): Schedule
01-11 11:31:08.391  6347  6347 W unknown:BridgelessReact: ReactHost{0}.attachSurface(surfaceId = 0)
01-11 11:31:08.392  6347  6386 W unknown:BridgelessReact: ReactHost{0}.getOrCreateReactInstanceTask()
01-11 11:31:08.392  6347  6386 W unknown:BridgelessReact: ReactHost{0}.getOrCreateReactInstanceTask(): Start
01-11 11:31:08.392  6347  6386 W unknown:BridgelessReact: ReactHost{0}.getJSBundleLoader()
01-11 11:31:08.393  6347  6386 W unknown:BridgelessReact: ReactHost{0}.getOrCreateReactContext(): Creating BridgelessReactContext
01-11 11:31:08.394  6347  6386 W unknown:BridgelessReact: ReactHost{0}.getOrCreateReactInstanceTask(): Creating ReactInstance
01-11 11:31:08.396  6347  6347 W unknown:BridgelessReact: ReactHost{0}.onHostResume(activity)
01-11 11:31:08.397  6347  6347 W unknown:BridgelessReact: ReactContext.onHostResume()
01-11 11:31:08.409  6347  6386 D nativeloader: Load /data/app/~~eww6m7Tnt-PwtKbETKxdeg==/app.rork.dominder_android_reminder_app-VvVJncq0aP_ONWkiDgW8JA==/base.apk!/lib/arm64-v8a/libhermes.so using class loader ns clns-4 (caller=/data/app/~~eww6m7Tnt-PwtKbETKxdeg==/app.rork.dominder_android_reminder_app-VvVJncq0aP_ONWkiDgW8JA==/base.apk!classes2.dex): ok
01-11 11:31:08.412  6347  6386 D nativeloader: Load /data/app/~~eww6m7Tnt-PwtKbETKxdeg==/app.rork.dominder_android_reminder_app-VvVJncq0aP_ONWkiDgW8JA==/base.apk!/lib/arm64-v8a/libhermestooling.so using class loader ns clns-4 (caller=/data/app/~~eww6m7Tnt-PwtKbETKxdeg==/app.rork.dominder_android_reminder_app-VvVJncq0aP_ONWkiDgW8JA==/base.apk!classes2.dex): ok
01-11 11:31:08.412  6347  6386 D jni_lib_merge: Entering merged library JNI_OnLoad.
01-11 11:31:08.412  6347  6386 D jni_lib_merge: Preparing 4 pre-merged libs (including stub)
01-11 11:31:08.413  6347  6386 D jni_lib_merge: Preparing to register libhermes_executor_so.  onload_func: 0x78bfe2211c
01-11 11:31:08.413  6347  6386 D jni_lib_merge: Preparing to register libhermesinstancejni_so.  onload_func: 0x78bfe29a58
01-11 11:31:08.413  6347  6386 D jni_lib_merge: Preparing to register libjsijniprofiler_so.  onload_func: 0x78bfe2a114
01-11 11:31:08.413  6347  6386 D jni_lib_merge: About to register 3 actual methods.
--------- beginning of system
01-11 11:31:08.417  6347  6347 D ViewRootImpl: update {(0,0)(fillxfill) sim={adjust=pan forwardNavigation} ty=BASE_APPLICATION wanim=0x10302fd
01-11 11:31:08.417  6347  6347 D ViewRootImpl:   fl=LAYOUT_IN_SCREEN LAYOUT_INSET_DECOR SPLIT_TOUCH HARDWARE_ACCELERATED DRAWS_SYSTEM_BAR_BACKGROUNDS
01-11 11:31:08.417  6347  6347 D ViewRootImpl:   pfl=NO_MOVE_ANIMATION FORCE_DRAW_STATUS_BAR_BACKGROUND FIT_INSETS_CONTROLLED
01-11 11:31:08.417  6347  6347 D ViewRootImpl:   bhv=DEFAULT
01-11 11:31:08.417  6347  6347 D ViewRootImpl:   fitSides=} by setView
01-11 11:31:08.453  6347  6377 I AdrenoGLES-0: QUALCOMM build                   : 43fc279f3a, I58833f8ed4
01-11 11:31:08.453  6347  6377 I AdrenoGLES-0: Build Date                       : 03/24/23
01-11 11:31:08.453  6347  6377 I AdrenoGLES-0: OpenGL ES Shader Compiler Version: EV031.32.02.17
01-11 11:31:08.453  6347  6377 I AdrenoGLES-0: Local Branch                     : 
01-11 11:31:08.453  6347  6377 I AdrenoGLES-0: Remote Branch                    : 
01-11 11:31:08.453  6347  6377 I AdrenoGLES-0: Remote Branch                    : 
01-11 11:31:08.453  6347  6377 I AdrenoGLES-0: Reconstruct Branch               : 
01-11 11:31:08.453  6347  6377 I AdrenoGLES-0: Build Config                     : S P 10.0.7 AArch64
01-11 11:31:08.453  6347  6377 I AdrenoGLES-0: Driver Path                      : /vendor/lib64/egl/libGLESv2_adreno.so
01-11 11:31:08.484  6347  6377 I AdrenoGLES-0: PFP: 0x016ee197, ME: 0x00000000
01-11 11:31:08.538  6347  6377 I OpenGLRenderer: setGrContext nullptr-->validptr
01-11 11:31:08.541  6347  6377 E OpenGLRenderer: Unable to match the desired swap behavior.
01-11 11:31:08.565  6347  6386 I ExpoModulesCore:  AppContext was initialized
01-11 11:31:08.567  6347  6386 D DoMinderDebug: MissedAlarmReceiver: Registered broadcast receiver
01-11 11:31:08.570  6347  6386 W ReactNativeJNI: Component property map contains multiple entries for 'borderColor'. Ensure all calls to convertRawProp use a consistent prefix, name and suffix.
01-11 11:31:08.570  6347  6386 W ReactNativeJNI: Component property map contains multiple entries for 'borderStyle'. Ensure all calls to convertRawProp use a consistent prefix, name and suffix.
01-11 11:31:08.570  6347  6386 W ReactNativeJNI: Component property map contains multiple entries for 'borderRadius'. Ensure all calls to convertRawProp use a consistent prefix, name and suffix.
01-11 11:31:08.570  6347  6386 W ReactNativeJNI: Component property map contains multiple entries for 'borderEndColor'. Ensure all calls to convertRawProp use a consistent prefix, name and suffix.
01-11 11:31:08.570  6347  6386 W ReactNativeJNI: Component property map contains multiple entries for 'borderTopColor'. Ensure all calls to convertRawProp use a consistent prefix, name and suffix.
01-11 11:31:08.570  6347  6386 W ReactNativeJNI: Component property map contains multiple entries for 'borderLeftColor'. Ensure all calls to convertRawProp use a consistent prefix, name and suffix.
01-11 11:31:08.570  6347  6386 W ReactNativeJNI: Component property map contains multiple entries for 'borderBlockColor'. Ensure all calls to convertRawProp use a consistent prefix, name and suffix.
01-11 11:31:08.570  6347  6386 W ReactNativeJNI: Component property map contains multiple entries for 'borderRightColor'. Ensure all calls to convertRawProp use a consistent prefix, name and suffix.
01-11 11:31:08.570  6347  6386 W ReactNativeJNI: Component property map contains multiple entries for 'borderStartColor'. Ensure all calls to convertRawProp use a consistent prefix, name and suffix.
01-11 11:31:08.570  6347  6386 W ReactNativeJNI: Component property map contains multiple entries for 'borderBottomColor'. Ensure all calls to convertRawProp use a consistent prefix, name and suffix.
01-11 11:31:08.570  6347  6386 W ReactNativeJNI: Component property map contains multiple entries for 'borderEndEndRadius'. Ensure all calls to convertRawProp use a consistent prefix, name and suffix.
01-11 11:31:08.570  6347  6386 W ReactNativeJNI: Component property map contains multiple entries for 'borderTopEndRadius'. Ensure all calls to convertRawProp use a consistent prefix, name and suffix.
01-11 11:31:08.570  6347  6386 W ReactNativeJNI: Component property map contains multiple entries for 'borderBlockEndColor'. Ensure all calls to convertRawProp use a consistent prefix, name and suffix.
01-11 11:31:08.570  6347  6386 W ReactNativeJNI: Component property map contains multiple entries for 'borderTopLeftRadius'. Ensure all calls to convertRawProp use a consistent prefix, name and suffix.
01-11 11:31:08.570  6347  6386 W ReactNativeJNI: Component property map contains multiple entries for 'borderEndStartRadius'. Ensure all calls to convertRawProp use a consistent prefix, name and suffix.
01-11 11:31:08.570  6347  6386 W ReactNativeJNI: Component property map contains multiple entries for 'borderStartEndRadius'. Ensure all calls to convertRawProp use a consistent prefix, name and suffix.
01-11 11:31:08.570  6347  6386 W ReactNativeJNI: Component property map contains multiple entries for 'borderTopRightRadius'. Ensure all calls to convertRawProp use a consistent prefix, name and suffix.
01-11 11:31:08.570  6347  6386 W ReactNativeJNI: Component property map contains multiple entries for 'borderTopStartRadius'. Ensure all calls to convertRawProp use a consistent prefix, name and suffix.
01-11 11:31:08.570  6347  6386 W ReactNativeJNI: Component property map contains multiple entries for 'borderBlockStartColor'. Ensure all calls to convertRawProp use a consistent prefix, name and suffix.
01-11 11:31:08.570  6347  6386 W ReactNativeJNI: Component property map contains multiple entries for 'borderBottomEndRadius'. Ensure all calls to convertRawProp use a consistent prefix, name and suffix.
01-11 11:31:08.570  6347  6386 W ReactNativeJNI: Component property map contains multiple entries for 'borderBottomLeftRadius'. Ensure all calls to convertRawProp use a consistent prefix, name and suffix.
01-11 11:31:08.570  6347  6386 W ReactNativeJNI: Component property map contains multiple entries for 'borderStartStartRadius'. Ensure all calls to convertRawProp use a consistent prefix, name and suffix.
01-11 11:31:08.570  6347  6386 W ReactNativeJNI: Component property map contains multiple entries for 'borderBottomRightRadius'. Ensure all calls to convertRawProp use a consistent prefix, name and suffix.
01-11 11:31:08.570  6347  6386 W ReactNativeJNI: Component property map contains multiple entries for 'borderBottomStartRadius'. Ensure all calls to convertRawProp use a consistent prefix, name and suffix.
01-11 11:31:08.592  6347  6386 W ReactNativeJNI: Component property map contains multiple entries for 'borderColor'. Ensure all calls to convertRawProp use a consistent prefix, name and suffix.
01-11 11:31:08.592  6347  6386 W ReactNativeJNI: Component property map contains multiple entries for 'borderStyle'. Ensure all calls to convertRawProp use a consistent prefix, name and suffix.
01-11 11:31:08.599  6347  6386 W unknown:BridgelessReact: ReactHost{0}.getOrCreateReactInstanceTask(): Loading JS Bundle
01-11 11:31:08.600  6347  6386 W unknown:BridgelessReact: ReactHost{0}.getOrCreateReactInstanceTask(): Calling DevSupportManagerBase.onNewReactContextCreated(reactContext)
01-11 11:31:08.600  6347  6386 W unknown:BridgelessReact: ReactHost{0}.startSurface(surfaceId = 0): Execute
01-11 11:31:08.603  6347  6347 W unknown:BridgelessReact: ReactContext.onHostResume()
01-11 11:31:08.603  6347  6347 W unknown:BridgelessReact: ReactHost{0}.getOrCreateReactInstanceTask(): Executing ReactInstanceEventListeners
01-11 11:31:08.618  6347  6387 D nativeloader: Load /data/app/~~eww6m7Tnt-PwtKbETKxdeg==/app.rork.dominder_android_reminder_app-VvVJncq0aP_ONWkiDgW8JA==/base.apk!/lib/arm64-v8a/libexpo-modules-core.so using class loader ns clns-4 (caller=/data/app/~~eww6m7Tnt-PwtKbETKxdeg==/app.rork.dominder_android_reminder_app-VvVJncq0aP_ONWkiDgW8JA==/base.apk!classes2.dex): ok
01-11 11:31:08.626  6347  6387 D CompatibilityChangeReporter: Compat change id reported: 210923482; UID 11061; state: ENABLED
01-11 11:31:08.629  6347  6387 W unknown:ViewManagerPropertyUpdater: Could not find generated setter for class com.th3rdwave.safeareacontext.SafeAreaProviderManager
01-11 11:31:08.630  6347  6387 W unknown:ViewManagerPropertyUpdater: Could not find generated setter for class com.facebook.react.uimanager.LayoutShadowNode
01-11 11:31:08.631  6347  6387 W unknown:ViewManagerPropertyUpdater: Could not find generated setter for class com.swmansion.rnscreens.SearchBarManager
01-11 11:31:08.632  6347  6387 W unknown:ViewManagerPropertyUpdater: Could not find generated setter for class com.swmansion.rnscreens.ScreenFooterManager
01-11 11:31:08.632  6347  6387 W unknown:ViewManagerPropertyUpdater: Could not find generated setter for class expo.modules.kotlin.views.GroupViewManagerWrapper
01-11 11:31:08.633  6347  6387 W unknown:ViewManagerPropertyUpdater: Could not find generated setter for class com.swmansion.rnscreens.ScreenContainerViewManager
01-11 11:31:08.634  6347  6387 W unknown:ViewManagerPropertyUpdater: Could not find generated setter for class com.swmansion.rnscreens.ModalScreenViewManager
01-11 11:31:08.635  6347  6387 W unknown:ViewManagerPropertyUpdater: Could not find generated setter for class com.swmansion.rnscreens.ScreenStackHeaderConfigViewManager
01-11 11:31:08.636  6347  6387 W unknown:ViewManagerPropertyUpdater: Could not find generated setter for class com.swmansion.rnscreens.ScreenContentWrapperManager
01-11 11:31:08.636  6347  6387 W unknown:ViewManagerPropertyUpdater: Could not find generated setter for class com.th3rdwave.safeareacontext.SafeAreaViewManager
01-11 11:31:08.637  6347  6387 W unknown:ViewManagerPropertyUpdater: Could not find generated setter for class com.th3rdwave.safeareacontext.SafeAreaViewShadowNode
01-11 11:31:08.637  6347  6387 W unknown:ViewManagerPropertyUpdater: Could not find generated setter for class com.shopify.reactnative.flash_list.AutoLayoutViewManager
01-11 11:31:08.637  6347  6387 W unknown:ViewManagerPropertyUpdater: Could not find generated setter for class com.shopify.reactnative.flash_list.CellContainerManager
01-11 11:31:08.638  6347  6387 W unknown:ViewManagerPropertyUpdater: Could not find generated setter for class com.swmansion.rnscreens.ScreenViewManager
01-11 11:31:08.638  6347  6387 W unknown:ViewManagerPropertyUpdater: Could not find generated setter for class expo.modules.kotlin.views.SimpleViewManagerWrapper
01-11 11:31:08.639  6347  6387 W unknown:ViewManagerPropertyUpdater: Could not find generated setter for class com.swmansion.rnscreens.ScreenStackHeaderSubviewManager
01-11 11:31:08.639  6347  6387 W unknown:ViewManagerPropertyUpdater: Could not find generated setter for class com.swmansion.rnscreens.ScreenStackViewManager
01-11 11:31:08.660  6347  6387 W unknown:ViewManagerPropertyUpdater: Could not find generated setter for class com.horcrux.svg.RenderableViewManager$DefsViewManager
01-11 11:31:08.660  6347  6387 W unknown:ViewManagerPropertyUpdater: Could not find generated setter for class com.horcrux.svg.VirtualViewManager$RenderableShadowNode
01-11 11:31:08.662  6347  6387 W unknown:ViewManagerPropertyUpdater: Could not find generated setter for class com.horcrux.svg.RenderableViewManager$FeMergeManager
01-11 11:31:08.663  6347  6387 W unknown:ViewManagerPropertyUpdater: Could not find generated setter for class com.facebook.react.views.safeareaview.ReactSafeAreaViewManager
01-11 11:31:08.663  6347  6387 W unknown:ViewManagerPropertyUpdater: Could not find generated setter for class com.facebook.react.views.safeareaview.ReactSafeAreaViewShadowNode
01-11 11:31:08.664  6347  6387 W unknown:ViewManagerPropertyUpdater: Could not find generated setter for class com.horcrux.svg.RenderableViewManager$LinearGradientManager
01-11 11:31:08.666  6347  6387 W unknown:ViewManagerPropertyUpdater: Could not find generated setter for class com.horcrux.svg.RenderableViewManager$FeGaussianBlurManager
01-11 11:31:08.667  6347  6387 W unknown:ViewManagerPropertyUpdater: Could not find generated setter for class com.facebook.react.views.progressbar.ReactProgressBarViewManager
01-11 11:31:08.668  6347  6387 W unknown:ViewManagerPropertyUpdater: Could not find generated setter for class com.facebook.react.views.progressbar.ProgressBarShadowNode
01-11 11:31:08.669  6347  6387 W unknown:ViewManagerPropertyUpdater: Could not find generated setter for class com.facebook.react.views.scroll.ReactHorizontalScrollViewManager
01-11 11:31:08.671  6347  6387 W unknown:ViewManagerPropertyUpdater: Could not find generated setter for class com.facebook.react.views.text.ReactTextViewManager
01-11 11:31:08.671  6347  6387 W unknown:ViewManagerPropertyUpdater: Could not find generated setter for class com.facebook.react.views.text.ReactTextShadowNode
01-11 11:31:08.673  6347  6387 W unknown:ViewManagerPropertyUpdater: Could not find generated setter for class com.horcrux.svg.RenderableViewManager$FeColorMatrixManager
01-11 11:31:08.675  6347  6387 W unknown:ViewManagerPropertyUpdater: Could not find generated setter for class com.facebook.react.views.scroll.ReactHorizontalScrollContainerViewManager
01-11 11:31:08.676  6347  6387 W unknown:ViewManagerPropertyUpdater: Could not find generated setter for class com.horcrux.svg.RenderableViewManager$ClipPathViewManager
01-11 11:31:08.678  6347  6387 W unknown:ViewManagerPropertyUpdater: Could not find generated setter for class com.horcrux.svg.RenderableViewManager$SymbolManager
01-11 11:31:08.680  6347  6387 W unknown:ViewManagerPropertyUpdater: Could not find generated setter for class com.horcrux.svg.RenderableViewManager$PatternManager
01-11 11:31:08.682  6347  6387 W unknown:ViewManagerPropertyUpdater: Could not find generated setter for class com.horcrux.svg.RenderableViewManager$FeBlendManager
01-11 11:31:08.683  6347  6387 W unknown:ViewManagerPropertyUpdater: Could not find generated setter for class com.facebook.react.views.view.ReactViewManager
01-11 11:31:08.684  6347  6387 W unknown:ViewManagerPropertyUpdater: Could not find generated setter for class com.horcrux.svg.SvgViewManager
01-11 11:31:08.686  6347  6387 W unknown:ViewManagerPropertyUpdater: Could not find generated setter for class com.facebook.react.views.switchview.ReactSwitchManager
01-11 11:31:08.686  6347  6387 W unknown:ViewManagerPropertyUpdater: Could not find generated setter for class com.facebook.react.views.switchview.ReactSwitchShadowNode
01-11 11:31:08.687  6347  6387 W unknown:ViewManagerPropertyUpdater: Could not find generated setter for class com.horcrux.svg.RenderableViewManager$UseViewManager
01-11 11:31:08.689  6347  6387 W unknown:ViewManagerPropertyUpdater: Could not find generated setter for class com.horcrux.svg.RenderableViewManager$CircleViewManager
01-11 11:31:08.691  6347  6387 W unknown:ViewManagerPropertyUpdater: Could not find generated setter for class com.horcrux.svg.RenderableViewManager$TSpanViewManager
01-11 11:31:08.693  6347  6387 W unknown:ViewManagerPropertyUpdater: Could not find generated setter for class com.horcrux.svg.RenderableViewManager$FilterManager
01-11 11:31:08.694  6347  6387 W unknown:ViewManagerPropertyUpdater: Could not find generated setter for class com.horcrux.svg.RenderableViewManager$MarkerManager
01-11 11:31:08.696  6347  6387 W unknown:ViewManagerPropertyUpdater: Could not find generated setter for class com.swmansion.gesturehandler.react.RNGestureHandlerButtonViewManager
01-11 11:31:08.698  6347  6387 W unknown:ViewManagerPropertyUpdater: Could not find generated setter for class com.facebook.react.views.modal.ReactModalHostManager
01-11 11:31:08.699  6347  6387 W unknown:ViewManagerPropertyUpdater: Could not find generated setter for class com.horcrux.svg.RenderableViewManager$ForeignObjectManager
01-11 11:31:08.701  6347  6387 W unknown:ViewManagerPropertyUpdater: Could not find generated setter for class com.horcrux.svg.RenderableViewManager$EllipseViewManager
01-11 11:31:08.702  6347  6387 W unknown:ViewManagerPropertyUpdater: Could not find generated setter for class com.horcrux.svg.RenderableViewManager$LineViewManager
01-11 11:31:08.704  6347  6387 W unknown:ViewManagerPropertyUpdater: Could not find generated setter for class com.facebook.react.views.text.frescosupport.FrescoBasedReactTextInlineImageViewManager
01-11 11:31:08.704  6347  6387 W unknown:ViewManagerPropertyUpdater: Could not find generated setter for class com.facebook.react.views.text.frescosupport.FrescoBasedReactTextInlineImageShadowNode
01-11 11:31:08.705  6347  6387 W unknown:ViewManagerPropertyUpdater: Could not find generated setter for class com.horcrux.svg.RenderableViewManager$FeFloodManager
01-11 11:31:08.707  6347  6387 W unknown:ViewManagerPropertyUpdater: Could not find generated setter for class com.horcrux.svg.RenderableViewManager$GroupViewManager
01-11 11:31:08.708  6347  6387 W unknown:ViewManagerPropertyUpdater: Could not find generated setter for class com.horcrux.svg.RenderableViewManager$TextViewManager
01-11 11:31:08.710  6347  6387 W unknown:ViewManagerPropertyUpdater: Could not find generated setter for class com.horcrux.svg.RenderableViewManager$ImageViewManager
01-11 11:31:08.712  6347  6387 W unknown:ViewManagerPropertyUpdater: Could not find generated setter for class com.horcrux.svg.RenderableViewManager$FeCompositeManager
01-11 11:31:08.713  6347  6387 W unknown:ViewManagerPropertyUpdater: Could not find generated setter for class com.facebook.react.views.image.ReactImageManager
01-11 11:31:08.715  6347  6387 W unknown:ViewManagerPropertyUpdater: Could not find generated setter for class com.horcrux.svg.RenderableViewManager$RadialGradientManager
01-11 11:31:08.716  6347  6387 W unknown:ViewManagerPropertyUpdater: Could not find generated setter for class com.horcrux.svg.RenderableViewManager$MaskManager
01-11 11:31:08.718  6347  6387 W unknown:ViewManagerPropertyUpdater: Could not find generated setter for class com.facebook.react.views.unimplementedview.ReactUnimplementedViewManager
01-11 11:31:08.719  6347  6387 W unknown:ViewManagerPropertyUpdater: Could not find generated setter for class com.horcrux.svg.RenderableViewManager$RectViewManager
01-11 11:31:08.721  6347  6387 W unknown:ViewManagerPropertyUpdater: Could not find generated setter for class com.horcrux.svg.RenderableViewManager$TextPathViewManager
01-11 11:31:08.723  6347  6387 W unknown:ViewManagerPropertyUpdater: Could not find generated setter for class com.facebook.react.views.scroll.ReactScrollViewManager
01-11 11:31:08.724  6347  6387 W unknown:ViewManagerPropertyUpdater: Could not find generated setter for class com.horcrux.svg.RenderableViewManager$FeOffsetManager
01-11 11:31:08.726  6347  6387 W unknown:ViewManagerPropertyUpdater: Could not find generated setter for class com.horcrux.svg.RenderableViewManager$PathViewManager
01-11 11:31:08.728  6347  6387 W unknown:ViewManagerPropertyUpdater: Could not find generated setter for class com.facebook.react.views.drawer.ReactDrawerLayoutManager
01-11 11:31:08.729  6347  6387 W unknown:ViewManagerPropertyUpdater: Could not find generated setter for class com.facebook.react.views.text.ReactVirtualTextViewManager
01-11 11:31:08.729  6347  6387 W unknown:ViewManagerPropertyUpdater: Could not find generated setter for class com.facebook.react.views.text.ReactVirtualTextShadowNode
01-11 11:31:08.730  6347  6387 W unknown:ViewManagerPropertyUpdater: Could not find generated setter for class com.facebook.react.views.swiperefresh.SwipeRefreshLayoutManager
01-11 11:31:08.732  6347  6387 W unknown:ViewManagerPropertyUpdater: Could not find generated setter for class com.facebook.react.views.text.ReactRawTextManager
01-11 11:31:08.732  6347  6387 W unknown:ViewManagerPropertyUpdater: Could not find generated setter for class com.facebook.react.views.text.ReactRawTextShadowNode
01-11 11:31:08.732  6347  6387 W unknown:ViewManagerPropertyUpdater: Could not find generated setter for class com.facebook.react.views.textinput.ReactTextInputManager
01-11 11:31:08.733  6347  6387 W unknown:ViewManagerPropertyUpdater: Could not find generated setter for class com.facebook.react.views.textinput.ReactTextInputShadowNode
01-11 11:31:08.735  6347  6387 W unknown:ViewManagerPropertyUpdater: Could not find generated setter for class com.swmansion.gesturehandler.react.RNGestureHandlerRootViewManager
01-11 11:31:08.740  6347  6387 W BridgelessReactContext: [WARNING] Bridgeless doesn't support CatalystInstance. Accessing an API that's not part of the new architecture is not encouraged usage.
01-11 11:31:08.744  6347  6387 I ExpoModulesCore:  JSI interop was installed
01-11 11:31:08.745  6347  6387 I ExpoModulesCore:  Constants were exported
01-11 11:31:08.761  6347  6387 D nativeloader: Load /data/app/~~eww6m7Tnt-PwtKbETKxdeg==/app.rork.dominder_android_reminder_app-VvVJncq0aP_ONWkiDgW8JA==/base.apk!/lib/arm64-v8a/libworklets.so using class loader ns clns-4 (caller=/data/app/~~eww6m7Tnt-PwtKbETKxdeg==/app.rork.dominder_android_reminder_app-VvVJncq0aP_ONWkiDgW8JA==/base.apk!classes2.dex): ok
01-11 11:31:08.796  6347  6387 D nativeloader: Load /data/app/~~eww6m7Tnt-PwtKbETKxdeg==/app.rork.dominder_android_reminder_app-VvVJncq0aP_ONWkiDgW8JA==/base.apk!/lib/arm64-v8a/libreanimated.so using class loader ns clns-4 (caller=/data/app/~~eww6m7Tnt-PwtKbETKxdeg==/app.rork.dominder_android_reminder_app-VvVJncq0aP_ONWkiDgW8JA==/base.apk!classes2.dex): ok
01-11 11:31:08.918  6347  6387 D nativeloader: Load /data/app/~~eww6m7Tnt-PwtKbETKxdeg==/app.rork.dominder_android_reminder_app-VvVJncq0aP_ONWkiDgW8JA==/base.apk!/lib/arm64-v8a/librnscreens.so using class loader ns clns-4 (caller=/data/app/~~eww6m7Tnt-PwtKbETKxdeg==/app.rork.dominder_android_reminder_app-VvVJncq0aP_ONWkiDgW8JA==/base.apk!classes2.dex): ok
01-11 11:31:08.925  6347  6387 I ReactNativeJS: '[NotificationService] AlarmModule availability:', 'Available'
01-11 11:31:08.926  6347  6387 I ReactNativeJS: '[NotificationService] AlarmModule methods:', [ 'scheduleAlarm' ]
01-11 11:31:08.926  6347  6387 I ReactNativeJS: Running "main"
01-11 11:31:08.976  6347  6387 I ReactNativeJS: polyfilling structuredClone
01-11 11:31:09.041  6347  6387 I ReactNativeJS: [useAlarmListeners] Setting up native alarm event listeners...
01-11 11:31:09.042  6347  6387 I ReactNativeJS: [AlarmSync] Hook initialized
01-11 11:31:09.042  6347  6387 I ReactNativeJS: [AlarmSync] Checking for completed alarms...
01-11 11:31:09.042  6347  6387 I ReactNativeJS: [RootLayout] Setting up notification handlers
01-11 11:31:09.042  6347  6387 I ReactNativeJS: [RootLayout] Initializing missed alarm service
01-11 11:31:09.042  6347  6387 I ReactNativeJS: [MissedAlarmService] Initializing...
01-11 11:31:09.042  6347  6387 I ReactNativeJS: [MissedAlarmService] Initialized successfully
01-11 11:31:09.042  6347  6387 I ReactNativeJS: [AppStartup] Initializing notification services...
01-11 11:31:09.042  6347  6387 I ReactNativeJS: [Dominder-Debug] Ensuring base notification channels
01-11 11:31:09.042  6347  6387 I ReactNativeJS: '[Dominder-Debug] Creating channel:', '{"id":"standard-v2","name":"Standard Notifications","importance":4,"sound":"default","vibration":true}'
01-11 11:31:09.049  6347  6388 D DoMinderDebug: AlarmModule: getAllNativeReminderStates found 0 reminders
01-11 11:31:09.049  6347  6347 D VRI[MainActivity]: update {(0,0)(fillxfill) sim={adjust=pan forwardNavigation} ty=BASE_APPLICATION wanim=0x10302fd
01-11 11:31:09.049  6347  6347 D VRI[MainActivity]:   fl=LAYOUT_IN_SCREEN LAYOUT_INSET_DECOR SPLIT_TOUCH HARDWARE_ACCELERATED DRAWS_SYSTEM_BAR_BACKGROUNDS
01-11 11:31:09.049  6347  6347 D VRI[MainActivity]:   pfl=NO_MOVE_ANIMATION FORCE_DRAW_STATUS_BAR_BACKGROUND FIT_INSETS_CONTROLLED
01-11 11:31:09.049  6347  6347 D VRI[MainActivity]:   bhv=DEFAULT
01-11 11:31:09.049  6347  6347 D VRI[MainActivity]:   fitSides=} by setLayoutParams
01-11 11:31:09.049  6347  6387 I ReactNativeJS: '[RootLayout] Initial notification:', null
01-11 11:31:09.052  6347  6347 D VRI[MainActivity]: update {(0,0)(fillxfill) sim={adjust=pan forwardNavigation} ty=BASE_APPLICATION wanim=0x10302fd
01-11 11:31:09.052  6347  6347 D VRI[MainActivity]:   fl=LAYOUT_IN_SCREEN FORCE_NOT_FULLSCREEN LAYOUT_INSET_DECOR SPLIT_TOUCH HARDWARE_ACCELERATED DRAWS_SYSTEM_BAR_BACKGROUNDS
01-11 11:31:09.052  6347  6347 D VRI[MainActivity]:   pfl=NO_MOVE_ANIMATION FORCE_DRAW_STATUS_BAR_BACKGROUND FIT_INSETS_CONTROLLED
01-11 11:31:09.052  6347  6347 D VRI[MainActivity]:   bhv=DEFAULT
01-11 11:31:09.052  6347  6347 D VRI[MainActivity]:   fitSides=} by setLayoutParams
01-11 11:31:09.053  6347  6347 D VRI[MainActivity]: update {(0,0)(fillxfill) sim={adjust=pan forwardNavigation} ty=BASE_APPLICATION wanim=0x10302fd
01-11 11:31:09.053  6347  6347 D VRI[MainActivity]:   fl=LAYOUT_IN_SCREEN FORCE_NOT_FULLSCREEN LAYOUT_INSET_DECOR SPLIT_TOUCH HARDWARE_ACCELERATED DRAWS_SYSTEM_BAR_BACKGROUNDS
01-11 11:31:09.053  6347  6347 D VRI[MainActivity]:   pfl=NO_MOVE_ANIMATION FORCE_DRAW_STATUS_BAR_BACKGROUND FIT_INSETS_CONTROLLED
01-11 11:31:09.053  6347  6347 D VRI[MainActivity]:   bhv=DEFAULT
01-11 11:31:09.053  6347  6347 D VRI[MainActivity]:   fitSides=} by setLayoutParams
01-11 11:31:09.053  6347  6388 D DoMinderDebug: AlarmModule: Retrieved 0 completed alarms
01-11 11:31:09.053  6347  6387 I ReactNativeJS: '[Dominder-Debug] Creating channel:', '{"id":"silent-v2","name":"Silent Notifications","importance":2,"vibration":false}'
01-11 11:31:09.054  6347  6387 I ReactNativeJS: '[AlarmSync] Found completed alarms:', 0
01-11 11:31:09.055  6347  6388 D DoMinderDebug: AlarmModule: Saved notification settings - sound: false, vibration: false
01-11 11:31:09.055  6347  6387 I ReactNativeJS: [RootLayout] Initialized notification settings in native
01-11 11:31:09.055  6347  6388 D DoMinderDebug: AlarmModule: Retrieved 0 snoozed alarms
01-11 11:31:09.056  6347  6387 I ReactNativeJS: '[AlarmSync] Found snoozed alarms:', 0
01-11 11:31:09.056  6347  6388 D DoMinderDebug: AlarmModule: Retrieved 0 deleted alarms
01-11 11:31:09.056  6347  6387 I ReactNativeJS: '[AlarmSync] Found deleted alarms:', 0
01-11 11:31:09.056  6347  6387 I ReactNativeJS: '[Dominder-Debug] Creating channel:', '{"id":"alarm-v2","name":"Alarms","importance":4,"sound":"default","vibration":true,"bypassDnd":true}'
01-11 11:31:09.057  6347  6387 I ReactNativeJS: [Dominder-Debug] Base channels ensured
01-11 11:31:09.060  6347  6347 W unknown:ViewManagerPropertyUpdater: Could not find generated setter for class com.facebook.react.uimanager.RootViewManager
01-11 11:31:09.084  6347  6347 W [RNScreens]: backTitleVisible prop is not available on Android
01-11 11:31:09.084  6347  6347 W [RNScreens]: backTitleFontFamily prop is not available on Android
01-11 11:31:09.084  6347  6347 W [RNScreens]: disableBackButtonMenu prop is not available on Android
01-11 11:31:09.084  6347  6347 W [RNScreens]: largeTitleFontFamily prop is not available on Android
01-11 11:31:09.084  6347  6347 W [RNScreens]: largeTitleFontWeight prop is not available on Android
01-11 11:31:09.085  6347  6347 W [RNScreens]: largeTitleHideShadow prop is not available on Android
01-11 11:31:09.089  6347  6387 I ReactNativeJS: '[Selection] Mode changed:', false, 'Selected count:', 0
01-11 11:31:09.090  6347  6387 I ReactNativeJS: '[ReminderEngine] Processing reminders, count:', 0
01-11 11:31:09.098  6347  6387 I ReactNativeJS: '[ReminderEngine] Processing reminders, count:', 0
01-11 11:31:09.100  6347  6387 I ReactNativeJS: [StartupCheck] Checking for pending notifications and rescheduling all active reminders...
01-11 11:31:09.101  6347  6387 I ReactNativeJS: '[RootLayout] Foreground event:', { type: 3, pressAction: undefined }
01-11 11:31:09.103  6347  6388 D DoMinderDebug: AlarmModule: getAllNativeReminderStates found 0 reminders
01-11 11:31:09.104  6347  6347 I ReactNative: [GESTURE HANDLER] Initialize gesture handler for root view com.facebook.react.runtime.ReactSurfaceView{9ab66c0 V.E...... ......ID 0,0-1080,2295 #b}
01-11 11:31:09.131  6347  6377 W Parcel  : Expecting binder but got null!
01-11 11:31:09.133  6347  6347 D VRI[MainActivity]: update {(0,0)(fillxfill) sim={adjust=pan forwardNavigation} ty=BASE_APPLICATION wanim=0x10302fd
01-11 11:31:09.133  6347  6347 D VRI[MainActivity]:   fl=LAYOUT_IN_SCREEN FORCE_NOT_FULLSCREEN LAYOUT_INSET_DECOR SPLIT_TOUCH HARDWARE_ACCELERATED DRAWS_SYSTEM_BAR_BACKGROUNDS
01-11 11:31:09.133  6347  6347 D VRI[MainActivity]:   pfl=NO_MOVE_ANIMATION FORCE_DRAW_STATUS_BAR_BACKGROUND FIT_INSETS_CONTROLLED
01-11 11:31:09.133  6347  6347 D VRI[MainActivity]:   bhv=DEFAULT
01-11 11:31:09.133  6347  6347 D VRI[MainActivity]:   fitSides=} by setLayoutParams
01-11 11:31:09.147  6347  6387 I ReactNativeJS: '[ReminderEngine] Processing reminders, count:', 8
01-11 11:31:09.147  6347  6387 I ReactNativeJS: [ReminderEngine] Processing reminder 1768111057510, repeatType: every
01-11 11:31:09.147  6347  6387 I ReactNativeJS: [ReminderEngine] Reminder 1768111057510 has nextReminderDate: 2026-01-11T06:02:00.000Z
01-11 11:31:09.147  6347  6387 I ReactNativeJS: [ReminderEngine] Scheduling notification for reminder 1768111057510 at 2026-01-11T06:02:00.000Z
01-11 11:31:09.147  6347  6387 I ReactNativeJS: [ReminderEngine] Processing reminder 1768111176914, repeatType: every
01-11 11:31:09.147  6347  6387 I ReactNativeJS: [ReminderEngine] Reminder 1768111176914 has nextReminderDate: 2026-01-11T06:02:00.000Z
01-11 11:31:09.147  6347  6387 I ReactNativeJS: [ReminderEngine] Scheduling notification for reminder 1768111176914 at 2026-01-11T06:02:00.000Z
01-11 11:31:09.149  6347  6388 D DoMinderDebug: AlarmModule: getNativeReminderState for 1768111057510: actualTriggerCount=0, isCompleted=false
01-11 11:31:09.150  6347  6388 D DoMinderDebug: AlarmModule: getNativeReminderState for 1768111176914: actualTriggerCount=0, isCompleted=false
01-11 11:31:09.168  6347  6347 D CompatibilityChangeReporter: Compat change id reported: 171228096; UID 11061; state: ENABLED
01-11 11:31:09.277  6347  6387 I ReactNativeJS: [StartupCheck] Currently displayed notifications count: 1
01-11 11:31:09.277  6347  6387 I ReactNativeJS: [StartupCheck] Displayed IDs: maintenance-notification
01-11 11:31:09.277  6347  6387 I ReactNativeJS: [StartupCheck] Reminder 1768111057510: scheduled=2026-01-11T06:02:00.000Z, diff=-50723ms
01-11 11:31:09.277  6347  6387 I ReactNativeJS: [StartupCheck] -> Classified as FUTURE (Rescheduling): 1768111057510
01-11 11:31:09.277  6347  6387 I ReactNativeJS: [StartupCheck] Reminder 1768111176914: scheduled=2026-01-11T06:02:00.000Z, diff=-50723ms
01-11 11:31:09.277  6347  6387 I ReactNativeJS: [StartupCheck] -> Classified as FUTURE (Rescheduling): 1768111176914
01-11 11:31:09.277  6347  6387 I ReactNativeJS: [StartupCheck] Checking 2 future reminders for rescheduling
01-11 11:31:09.345  6347  6387 I ReactNativeJS: [StartupCheck] Found 3 existing notifee triggers
01-11 11:31:09.345  6347  6387 I ReactNativeJS: [StartupCheck] Skipping 1768111057510 - notifee trigger already exists at correct time
01-11 11:31:09.345  6347  6387 I ReactNativeJS: [StartupCheck] Skipping 1768111176914 - notifee trigger already exists at correct time
01-11 11:31:09.345  6347  6387 I ReactNativeJS: [StartupCheck] Rescheduling complete: 0 rescheduled, 2 skipped (already scheduled)
01-11 11:31:09.345  6347  6387 I ReactNativeJS: [StartupCheck] Completed pending notification check and rescheduling
01-11 11:31:09.347  6347  6418 I NOTIFEE : (NotificationManager): Removing notification with id maintenance-notification
01-11 11:31:09.347  6347  6418 I NOTIFEE : (NotificationManager): Removing notification with id maintenance-notification
01-11 11:31:09.348  6347  6387 I ReactNativeJS: [NotificationService] SCHEDULE_EXACT_ALARM permission granted - using exact timing
01-11 11:31:09.348  6347  6387 I ReactNativeJS: [NotificationService] Scheduling reminder 1768111057510, priority: medium, repeatType: every
01-11 11:31:09.349  6347  6387 I ReactNativeJS: [NotificationService] Skipping sequential delay for 'every' reminder to preserve exact timing
01-11 11:31:09.349  6347  6387 I ReactNativeJS: [NotificationService] Scheduling for 2026-01-11T06:02:00.000Z
01-11 11:31:09.356  6347  6387 I ReactNativeJS: [NotificationService] SCHEDULE_EXACT_ALARM permission granted - using exact timing
01-11 11:31:09.356  6347  6387 I ReactNativeJS: [NotificationService] Scheduling reminder 1768111176914, priority: medium, repeatType: every
01-11 11:31:09.356  6347  6387 I ReactNativeJS: [NotificationService] Skipping sequential delay for 'every' reminder to preserve exact timing
01-11 11:31:09.356  6347  6387 I ReactNativeJS: [NotificationService] Scheduling for 2026-01-11T06:02:00.000Z
01-11 11:31:09.362  6347  6387 I ReactNativeJS: [AppStartup] Pending notifications check completed
01-11 11:31:09.363  6347  6387 I ReactNativeJS: [NotificationRefresh] Initializing notification refresh service
01-11 11:31:09.363  6347  6387 I ReactNativeJS: [NotificationRefresh] Scheduling midnight refresh in 749 minutes
01-11 11:31:09.363  6347  6387 I ReactNativeJS: [NotificationService] Successfully scheduled notification rem-1768111057510
01-11 11:31:09.363  6347  6387 I ReactNativeJS: [ReminderEngine] Successfully scheduled 1768111057510
01-11 11:31:09.369  6347  6387 I ReactNativeJS: [NotificationService] Successfully scheduled notification rem-1768111176914
01-11 11:31:09.369  6347  6387 I ReactNativeJS: [ReminderEngine] Successfully scheduled 1768111176914
01-11 11:31:09.370  6347  6387 I ReactNativeJS: '[RootLayout] Foreground event:', { type: 7, pressAction: undefined }
01-11 11:31:09.370  6347  6387 I ReactNativeJS: '[RootLayout] Foreground event:', { type: 7, pressAction: undefined }
01-11 11:31:09.373  6347  6387 D nativeloader: Load /data/app/~~eww6m7Tnt-PwtKbETKxdeg==/app.rork.dominder_android_reminder_app-VvVJncq0aP_ONWkiDgW8JA==/base.apk!/lib/arm64-v8a/libgesturehandler.so using class loader ns clns-4 (caller=/data/app/~~eww6m7Tnt-PwtKbETKxdeg==/app.rork.dominder_android_reminder_app-VvVJncq0aP_ONWkiDgW8JA==/base.apk!classes2.dex): ok
01-11 11:31:09.373  6347  6387 D jni_lib_merge: Entering merged library JNI_OnLoad.
01-11 11:31:09.373  6347  6387 D jni_lib_merge: Preparing 11 pre-merged libs (including stub)
01-11 11:31:09.373  6347  6387 D jni_lib_merge: Preparing to register libfabricjni_so.  onload_func: 0x783a3ae4c4
01-11 11:31:09.373  6347  6387 D jni_lib_merge: Preparing to register libreact_devsupportjni_so.  onload_func: 0x783a480110
01-11 11:31:09.373  6347  6387 D jni_lib_merge: Preparing to register libreact_featureflagsjni_so.  onload_func: 0x783a4883ac
01-11 11:31:09.373  6347  6387 D jni_lib_merge: Preparing to register libreact_newarchdefaults_so.  onload_func: 0x783a4ac3c8
01-11 11:31:09.373  6347  6387 D jni_lib_merge: Preparing to register libreactnativeblob_so.  onload_func: 0x783a53321c
01-11 11:31:09.373  6347  6387 D jni_lib_merge: Preparing to register libreactnativejni_so.  onload_func: 0x783a551204
01-11 11:31:09.373  6347  6387 D jni_lib_merge: Preparing to register librninstance_so.  onload_func: 0x783a56a990
01-11 11:31:09.373  6347  6387 D jni_lib_merge: Preparing to register libturbomodulejsijni_so.  onload_func: 0x783a5e587c
01-11 11:31:09.373  6347  6387 D jni_lib_merge: Preparing to register libuimanagerjni_so.  onload_func: 0x783a5ecd94
01-11 11:31:09.373  6347  6387 D jni_lib_merge: Preparing to register libyoga_so.  onload_func: 0x783a5f21e8
01-11 11:31:09.373  6347  6387 D jni_lib_merge: About to register 10 actual methods.
01-11 11:31:09.374  6347  6387 I ReactNativeJS: '[NotificationRefresh] Midnight refresh scheduled for:', '2026-01-11T18:30:00.000Z'
01-11 11:31:09.374  6347  6387 I ReactNativeJS: [AppStartup] Notification services initialized
01-11 11:31:09.377  6347  6387 I ReactNativeJS: '[RootLayout] Foreground event:', { type: 7, pressAction: undefined }
01-11 11:31:14.298  6347  6440 D ProfileInstaller: Skipping profile installation for app.rork.dominder_android_reminder_app
01-11 11:31:18.497  6347  6356 W System  : A resource failed to call release. 
01-11 11:31:39.055  6347  6387 I ReactNativeJS: [AlarmSync] Checking for completed alarms...
01-11 11:31:39.056  6347  6388 D DoMinderDebug: AlarmModule: getAllNativeReminderStates found 0 reminders
01-11 11:31:39.057  6347  6388 D DoMinderDebug: AlarmModule: Retrieved 0 completed alarms
01-11 11:31:39.057  6347  6387 I ReactNativeJS: '[AlarmSync] Found completed alarms:', 0
