--------- beginning of system
01-04 14:43:04.987 11391 11391 D ViewRootImpl: update {(0,0)(fillxfill) sim={forwardNavigation} ty=BASE_APPLICATION wanim=0x10302fd
01-04 14:43:04.987 11391 11391 D ViewRootImpl:   fl=KEEP_SCREEN_ON LAYOUT_IN_SCREEN LAYOUT_INSET_DECOR SPLIT_TOUCH HARDWARE_ACCELERATED DRAWS_SYSTEM_BAR_BACKGROUNDS
01-04 14:43:04.987 11391 11391 D ViewRootImpl:   pfl=NO_MOVE_ANIMATION FORCE_DRAW_STATUS_BAR_BACKGROUND FIT_INSETS_CONTROLLED
01-04 14:43:04.987 11391 11391 D ViewRootImpl:   bhv=DEFAULT
01-04 14:43:04.987 11391 11391 D ViewRootImpl:   fitSides=} by setView
01-04 14:43:23.722 11391 11391 D ViewRootImpl: update {(0,0)(fillxfill) sim={adjust=pan forwardNavigation} ty=BASE_APPLICATION wanim=0x10302fd
01-04 14:43:23.722 11391 11391 D ViewRootImpl:   fl=LAYOUT_IN_SCREEN LAYOUT_INSET_DECOR SPLIT_TOUCH HARDWARE_ACCELERATED DRAWS_SYSTEM_BAR_BACKGROUNDS
01-04 14:43:23.722 11391 11391 D ViewRootImpl:   pfl=NO_MOVE_ANIMATION FORCE_DRAW_STATUS_BAR_BACKGROUND FIT_INSETS_CONTROLLED
01-04 14:43:23.722 11391 11391 D ViewRootImpl:   bhv=DEFAULT
01-04 14:43:23.722 11391 11391 D ViewRootImpl:   fitSides=} by setView
01-04 14:43:24.423 11391 11391 D VRI[MainActivity]: update {(0,0)(fillxfill) sim={adjust=pan forwardNavigation} ty=BASE_APPLICATION wanim=0x10302fd
01-04 14:43:24.423 11391 11391 D VRI[MainActivity]:   fl=LAYOUT_IN_SCREEN LAYOUT_INSET_DECOR SPLIT_TOUCH HARDWARE_ACCELERATED DRAWS_SYSTEM_BAR_BACKGROUNDS
01-04 14:43:24.423 11391 11391 D VRI[MainActivity]:   pfl=NO_MOVE_ANIMATION FORCE_DRAW_STATUS_BAR_BACKGROUND FIT_INSETS_CONTROLLED
01-04 14:43:24.423 11391 11391 D VRI[MainActivity]:   bhv=DEFAULT
01-04 14:43:24.423 11391 11391 D VRI[MainActivity]:   fitSides=} by setLayoutParams
01-04 14:43:24.425 11391 11391 D VRI[MainActivity]: update {(0,0)(fillxfill) sim={adjust=pan forwardNavigation} ty=BASE_APPLICATION wanim=0x10302fd
01-04 14:43:24.425 11391 11391 D VRI[MainActivity]:   fl=LAYOUT_IN_SCREEN FORCE_NOT_FULLSCREEN LAYOUT_INSET_DECOR SPLIT_TOUCH HARDWARE_ACCELERATED DRAWS_SYSTEM_BAR_BACKGROUNDS
01-04 14:43:24.425 11391 11391 D VRI[MainActivity]:   pfl=NO_MOVE_ANIMATION FORCE_DRAW_STATUS_BAR_BACKGROUND FIT_INSETS_CONTROLLED
01-04 14:43:24.425 11391 11391 D VRI[MainActivity]:   bhv=DEFAULT
01-04 14:43:24.425 11391 11391 D VRI[MainActivity]:   fitSides=} by setLayoutParams
01-04 14:43:24.426 11391 11391 D VRI[MainActivity]: update {(0,0)(fillxfill) sim={adjust=pan forwardNavigation} ty=BASE_APPLICATION wanim=0x10302fd
01-04 14:43:24.426 11391 11391 D VRI[MainActivity]:   fl=LAYOUT_IN_SCREEN FORCE_NOT_FULLSCREEN LAYOUT_INSET_DECOR SPLIT_TOUCH HARDWARE_ACCELERATED DRAWS_SYSTEM_BAR_BACKGROUNDS
01-04 14:43:24.426 11391 11391 D VRI[MainActivity]:   pfl=NO_MOVE_ANIMATION FORCE_DRAW_STATUS_BAR_BACKGROUND FIT_INSETS_CONTROLLED
01-04 14:43:24.426 11391 11391 D VRI[MainActivity]:   bhv=DEFAULT
01-04 14:43:24.426 11391 11391 D VRI[MainActivity]:   fitSides=} by setLayoutParams
01-04 14:43:24.496 11391 11391 D VRI[MainActivity]: update {(0,0)(fillxfill) sim={adjust=pan forwardNavigation} ty=BASE_APPLICATION wanim=0x10302fd
01-04 14:43:24.496 11391 11391 D VRI[MainActivity]:   fl=LAYOUT_IN_SCREEN FORCE_NOT_FULLSCREEN LAYOUT_INSET_DECOR SPLIT_TOUCH HARDWARE_ACCELERATED DRAWS_SYSTEM_BAR_BACKGROUNDS
01-04 14:43:24.496 11391 11391 D VRI[MainActivity]:   pfl=NO_MOVE_ANIMATION FORCE_DRAW_STATUS_BAR_BACKGROUND FIT_INSETS_CONTROLLED
01-04 14:43:24.496 11391 11391 D VRI[MainActivity]:   bhv=DEFAULT
01-04 14:43:24.496 11391 11391 D VRI[MainActivity]:   fitSides=} by setLayoutParams
01-04 14:43:32.812 11391 11391 D ViewRootImpl: update {(0,0)(fillxfill) gr=CENTER sim={adjust=resize forwardNavigation} ty=APPLICATION fmt=TRANSPARENT wanim=0x7f11012e
01-04 14:43:32.812 11391 11391 D ViewRootImpl:   fl=NOT_FOCUSABLE LAYOUT_IN_SCREEN LAYOUT_INSET_DECOR SPLIT_TOUCH HARDWARE_ACCELERATED DRAWS_SYSTEM_BAR_BACKGROUNDS
01-04 14:43:32.812 11391 11391 D ViewRootImpl:   pfl=NO_MOVE_ANIMATION FORCE_DRAW_STATUS_BAR_BACKGROUND FIT_INSETS_CONTROLLED
01-04 14:43:32.812 11391 11391 D ViewRootImpl:   bhv=DEFAULT
01-04 14:43:32.812 11391 11391 D ViewRootImpl:   fitSides=} by setView
01-04 14:43:32.817 11391 11391 D VRI[MainActivity]: update {(0,0)(fillxfill) gr=CENTER sim={adjust=resize} ty=APPLICATION fmt=TRANSPARENT wanim=0x7f11012e
01-04 14:43:32.817 11391 11391 D VRI[MainActivity]:   fl=LAYOUT_IN_SCREEN LAYOUT_INSET_DECOR SPLIT_TOUCH HARDWARE_ACCELERATED DRAWS_SYSTEM_BAR_BACKGROUNDS
01-04 14:43:32.817 11391 11391 D VRI[MainActivity]:   pfl=NO_MOVE_ANIMATION FORCE_DRAW_STATUS_BAR_BACKGROUND FIT_INSETS_CONTROLLED
01-04 14:43:32.817 11391 11391 D VRI[MainActivity]:   bhv=DEFAULT
01-04 14:43:32.817 11391 11391 D VRI[MainActivity]:   fitSides=} by setLayoutParams
01-04 14:43:32.860 11391 11391 D VRI[MainActivity]: update {(0,0)(fillxfill) gr=CENTER sim={adjust=resize} ty=APPLICATION fmt=TRANSPARENT wanim=0x7f11012e
01-04 14:43:32.860 11391 11391 D VRI[MainActivity]:   fl=LAYOUT_IN_SCREEN LAYOUT_INSET_DECOR SPLIT_TOUCH HARDWARE_ACCELERATED DRAWS_SYSTEM_BAR_BACKGROUNDS
01-04 14:43:32.860 11391 11391 D VRI[MainActivity]:   pfl=NO_MOVE_ANIMATION FORCE_DRAW_STATUS_BAR_BACKGROUND FIT_INSETS_CONTROLLED
01-04 14:43:32.860 11391 11391 D VRI[MainActivity]:   bhv=DEFAULT
01-04 14:43:32.860 11391 11391 D VRI[MainActivity]:   fitSides=} by setLayoutParams
01-04 14:43:32.861 11391 11391 D VRI[MainActivity]: update {(0,0)(fillxfill) gr=CENTER sim={adjust=resize} ty=APPLICATION fmt=TRANSPARENT wanim=0x7f11012e
01-04 14:43:32.861 11391 11391 D VRI[MainActivity]:   fl=LAYOUT_IN_SCREEN LAYOUT_INSET_DECOR SPLIT_TOUCH HARDWARE_ACCELERATED DRAWS_SYSTEM_BAR_BACKGROUNDS
01-04 14:43:32.861 11391 11391 D VRI[MainActivity]:   pfl=NO_MOVE_ANIMATION FORCE_DRAW_STATUS_BAR_BACKGROUND FIT_INSETS_CONTROLLED
01-04 14:43:32.861 11391 11391 D VRI[MainActivity]:   bhv=DEFAULT
01-04 14:43:32.861 11391 11391 D VRI[MainActivity]:   fitSides=} by setLayoutParams
01-04 14:43:34.481 11391 11391 D ViewRootImpl: update {(0,0)(fillxfill) gr=CENTER sim={adjust=resize forwardNavigation} ty=APPLICATION fmt=TRANSPARENT wanim=0x7f11012e
01-04 14:43:34.481 11391 11391 D ViewRootImpl:   fl=NOT_FOCUSABLE LAYOUT_IN_SCREEN LAYOUT_INSET_DECOR SPLIT_TOUCH HARDWARE_ACCELERATED DRAWS_SYSTEM_BAR_BACKGROUNDS
01-04 14:43:34.481 11391 11391 D ViewRootImpl:   pfl=NO_MOVE_ANIMATION FORCE_DRAW_STATUS_BAR_BACKGROUND FIT_INSETS_CONTROLLED
01-04 14:43:34.481 11391 11391 D ViewRootImpl:   bhv=DEFAULT
01-04 14:43:34.481 11391 11391 D ViewRootImpl:   fitSides=} by setView
01-04 14:43:34.488 11391 11391 D VRI[MainActivity]: update {(0,0)(fillxfill) gr=CENTER sim={adjust=resize} ty=APPLICATION fmt=TRANSPARENT wanim=0x7f11012e
01-04 14:43:34.488 11391 11391 D VRI[MainActivity]:   fl=LAYOUT_IN_SCREEN LAYOUT_INSET_DECOR SPLIT_TOUCH HARDWARE_ACCELERATED DRAWS_SYSTEM_BAR_BACKGROUNDS
01-04 14:43:34.488 11391 11391 D VRI[MainActivity]:   pfl=NO_MOVE_ANIMATION FORCE_DRAW_STATUS_BAR_BACKGROUND FIT_INSETS_CONTROLLED
01-04 14:43:34.488 11391 11391 D VRI[MainActivity]:   bhv=DEFAULT
01-04 14:43:34.488 11391 11391 D VRI[MainActivity]:   fitSides=} by setLayoutParams
01-04 14:43:34.559 11391 11391 D VRI[MainActivity]: update {(0,0)(fillxfill) gr=CENTER sim={adjust=resize} ty=APPLICATION fmt=TRANSPARENT wanim=0x7f11012e
01-04 14:43:34.559 11391 11391 D VRI[MainActivity]:   fl=LAYOUT_IN_SCREEN LAYOUT_INSET_DECOR SPLIT_TOUCH HARDWARE_ACCELERATED DRAWS_SYSTEM_BAR_BACKGROUNDS
01-04 14:43:34.559 11391 11391 D VRI[MainActivity]:   pfl=NO_MOVE_ANIMATION FORCE_DRAW_STATUS_BAR_BACKGROUND FIT_INSETS_CONTROLLED
01-04 14:43:34.559 11391 11391 D VRI[MainActivity]:   bhv=DEFAULT
01-04 14:43:34.559 11391 11391 D VRI[MainActivity]:   fitSides=} by setLayoutParams
01-04 14:43:34.560 11391 11391 D VRI[MainActivity]: update {(0,0)(fillxfill) gr=CENTER sim={adjust=resize} ty=APPLICATION fmt=TRANSPARENT wanim=0x7f11012e
01-04 14:43:34.560 11391 11391 D VRI[MainActivity]:   fl=LAYOUT_IN_SCREEN LAYOUT_INSET_DECOR SPLIT_TOUCH HARDWARE_ACCELERATED DRAWS_SYSTEM_BAR_BACKGROUNDS
01-04 14:43:34.560 11391 11391 D VRI[MainActivity]:   pfl=NO_MOVE_ANIMATION FORCE_DRAW_STATUS_BAR_BACKGROUND FIT_INSETS_CONTROLLED
01-04 14:43:34.560 11391 11391 D VRI[MainActivity]:   bhv=DEFAULT
01-04 14:43:34.560 11391 11391 D VRI[MainActivity]:   fitSides=} by setLayoutParams
01-04 14:43:39.176 11391 11391 D ViewRootImpl: update {(0,0)(fillxfill) gr=CENTER sim={adjust=resize forwardNavigation} ty=APPLICATION fmt=TRANSPARENT wanim=0x7f11012e
01-04 14:43:39.176 11391 11391 D ViewRootImpl:   fl=NOT_FOCUSABLE LAYOUT_IN_SCREEN LAYOUT_INSET_DECOR SPLIT_TOUCH HARDWARE_ACCELERATED DRAWS_SYSTEM_BAR_BACKGROUNDS
01-04 14:43:39.176 11391 11391 D ViewRootImpl:   pfl=NO_MOVE_ANIMATION FORCE_DRAW_STATUS_BAR_BACKGROUND FIT_INSETS_CONTROLLED
01-04 14:43:39.176 11391 11391 D ViewRootImpl:   bhv=DEFAULT
01-04 14:43:39.176 11391 11391 D ViewRootImpl:   fitSides=} by setView
01-04 14:43:39.183 11391 11391 D VRI[MainActivity]: update {(0,0)(fillxfill) gr=CENTER sim={adjust=resize} ty=APPLICATION fmt=TRANSPARENT wanim=0x7f11012e
01-04 14:43:39.183 11391 11391 D VRI[MainActivity]:   fl=LAYOUT_IN_SCREEN LAYOUT_INSET_DECOR SPLIT_TOUCH HARDWARE_ACCELERATED DRAWS_SYSTEM_BAR_BACKGROUNDS
01-04 14:43:39.183 11391 11391 D VRI[MainActivity]:   pfl=NO_MOVE_ANIMATION FORCE_DRAW_STATUS_BAR_BACKGROUND FIT_INSETS_CONTROLLED
01-04 14:43:39.183 11391 11391 D VRI[MainActivity]:   bhv=DEFAULT
01-04 14:43:39.183 11391 11391 D VRI[MainActivity]:   fitSides=} by setLayoutParams
01-04 14:43:39.220 11391 11391 D VRI[MainActivity]: update {(0,0)(fillxfill) gr=CENTER sim={adjust=resize} ty=APPLICATION fmt=TRANSPARENT wanim=0x7f11012e
01-04 14:43:39.220 11391 11391 D VRI[MainActivity]:   fl=LAYOUT_IN_SCREEN LAYOUT_INSET_DECOR SPLIT_TOUCH HARDWARE_ACCELERATED DRAWS_SYSTEM_BAR_BACKGROUNDS
01-04 14:43:39.220 11391 11391 D VRI[MainActivity]:   pfl=NO_MOVE_ANIMATION FORCE_DRAW_STATUS_BAR_BACKGROUND FIT_INSETS_CONTROLLED
01-04 14:43:39.220 11391 11391 D VRI[MainActivity]:   bhv=DEFAULT
01-04 14:43:39.220 11391 11391 D VRI[MainActivity]:   fitSides=} by setLayoutParams
01-04 14:43:39.222 11391 11391 D VRI[MainActivity]: update {(0,0)(fillxfill) gr=CENTER sim={adjust=resize} ty=APPLICATION fmt=TRANSPARENT wanim=0x7f11012e
01-04 14:43:39.222 11391 11391 D VRI[MainActivity]:   fl=LAYOUT_IN_SCREEN LAYOUT_INSET_DECOR SPLIT_TOUCH HARDWARE_ACCELERATED DRAWS_SYSTEM_BAR_BACKGROUNDS
01-04 14:43:39.222 11391 11391 D VRI[MainActivity]:   pfl=NO_MOVE_ANIMATION FORCE_DRAW_STATUS_BAR_BACKGROUND FIT_INSETS_CONTROLLED
01-04 14:43:39.222 11391 11391 D VRI[MainActivity]:   bhv=DEFAULT
01-04 14:43:39.222 11391 11391 D VRI[MainActivity]:   fitSides=} by setLayoutParams
01-04 14:43:49.178 11391 11391 D ViewRootImpl: update {(0,0)(fillxfill) gr=CENTER sim={adjust=resize forwardNavigation} ty=APPLICATION fmt=TRANSPARENT wanim=0x7f11012e
01-04 14:43:49.178 11391 11391 D ViewRootImpl:   fl=NOT_FOCUSABLE LAYOUT_IN_SCREEN LAYOUT_INSET_DECOR SPLIT_TOUCH HARDWARE_ACCELERATED DRAWS_SYSTEM_BAR_BACKGROUNDS
01-04 14:43:49.178 11391 11391 D ViewRootImpl:   pfl=NO_MOVE_ANIMATION FORCE_DRAW_STATUS_BAR_BACKGROUND FIT_INSETS_CONTROLLED
01-04 14:43:49.178 11391 11391 D ViewRootImpl:   bhv=DEFAULT
01-04 14:43:49.178 11391 11391 D ViewRootImpl:   fitSides=} by setView
01-04 14:43:49.184 11391 11391 D VRI[MainActivity]: update {(0,0)(fillxfill) gr=CENTER sim={adjust=resize} ty=APPLICATION fmt=TRANSPARENT wanim=0x7f11012e
01-04 14:43:49.184 11391 11391 D VRI[MainActivity]:   fl=LAYOUT_IN_SCREEN LAYOUT_INSET_DECOR SPLIT_TOUCH HARDWARE_ACCELERATED DRAWS_SYSTEM_BAR_BACKGROUNDS
01-04 14:43:49.184 11391 11391 D VRI[MainActivity]:   pfl=NO_MOVE_ANIMATION FORCE_DRAW_STATUS_BAR_BACKGROUND FIT_INSETS_CONTROLLED
01-04 14:43:49.184 11391 11391 D VRI[MainActivity]:   bhv=DEFAULT
01-04 14:43:49.184 11391 11391 D VRI[MainActivity]:   fitSides=} by setLayoutParams
01-04 14:43:49.214 11391 11391 D VRI[MainActivity]: update {(0,0)(fillxfill) gr=CENTER sim={adjust=resize} ty=APPLICATION fmt=TRANSPARENT wanim=0x7f11012e
01-04 14:43:49.214 11391 11391 D VRI[MainActivity]:   fl=LAYOUT_IN_SCREEN LAYOUT_INSET_DECOR SPLIT_TOUCH HARDWARE_ACCELERATED DRAWS_SYSTEM_BAR_BACKGROUNDS
01-04 14:43:49.214 11391 11391 D VRI[MainActivity]:   pfl=NO_MOVE_ANIMATION FORCE_DRAW_STATUS_BAR_BACKGROUND FIT_INSETS_CONTROLLED
01-04 14:43:49.214 11391 11391 D VRI[MainActivity]:   bhv=DEFAULT
01-04 14:43:49.214 11391 11391 D VRI[MainActivity]:   fitSides=} by setLayoutParams
01-04 14:43:49.215 11391 11391 D VRI[MainActivity]: update {(0,0)(fillxfill) gr=CENTER sim={adjust=resize} ty=APPLICATION fmt=TRANSPARENT wanim=0x7f11012e
01-04 14:43:49.215 11391 11391 D VRI[MainActivity]:   fl=LAYOUT_IN_SCREEN LAYOUT_INSET_DECOR SPLIT_TOUCH HARDWARE_ACCELERATED DRAWS_SYSTEM_BAR_BACKGROUNDS
01-04 14:43:49.215 11391 11391 D VRI[MainActivity]:   pfl=NO_MOVE_ANIMATION FORCE_DRAW_STATUS_BAR_BACKGROUND FIT_INSETS_CONTROLLED
01-04 14:43:49.215 11391 11391 D VRI[MainActivity]:   bhv=DEFAULT
01-04 14:43:49.215 11391 11391 D VRI[MainActivity]:   fitSides=} by setLayoutParams
01-04 14:44:05.351 11391 11391 D ViewRootImpl: update {(0,0)(fillxfill) sim={forwardNavigation} ty=BASE_APPLICATION wanim=0x10302fd
01-04 14:44:05.351 11391 11391 D ViewRootImpl:   fl=KEEP_SCREEN_ON LAYOUT_IN_SCREEN LAYOUT_INSET_DECOR SPLIT_TOUCH HARDWARE_ACCELERATED DRAWS_SYSTEM_BAR_BACKGROUNDS
01-04 14:44:05.351 11391 11391 D ViewRootImpl:   pfl=NO_MOVE_ANIMATION FORCE_DRAW_STATUS_BAR_BACKGROUND FIT_INSETS_CONTROLLED
01-04 14:44:05.351 11391 11391 D ViewRootImpl:   bhv=DEFAULT
01-04 14:44:05.351 11391 11391 D ViewRootImpl:   fitSides=} by setView
01-04 14:44:13.500 11391 11391 D VRI[MainActivity]: update {(0,0)(fillxfill) gr=CENTER sim={adjust=resize} ty=APPLICATION fmt=TRANSPARENT wanim=0x7f11012e
01-04 14:44:13.500 11391 11391 D VRI[MainActivity]:   fl=LAYOUT_IN_SCREEN LAYOUT_INSET_DECOR SPLIT_TOUCH HARDWARE_ACCELERATED DRAWS_SYSTEM_BAR_BACKGROUNDS
01-04 14:44:13.500 11391 11391 D VRI[MainActivity]:   pfl=NO_MOVE_ANIMATION FORCE_DRAW_STATUS_BAR_BACKGROUND FIT_INSETS_CONTROLLED
01-04 14:44:13.500 11391 11391 D VRI[MainActivity]:   bhv=DEFAULT
01-04 14:44:13.500 11391 11391 D VRI[MainActivity]:   fitSides=} by setLayoutParams
01-04 14:44:13.501 11391 11391 D VRI[MainActivity]: update {(0,0)(fillxfill) gr=CENTER sim={adjust=resize} ty=APPLICATION fmt=TRANSPARENT wanim=0x7f11012e
01-04 14:44:13.501 11391 11391 D VRI[MainActivity]:   fl=LAYOUT_IN_SCREEN LAYOUT_INSET_DECOR SPLIT_TOUCH HARDWARE_ACCELERATED DRAWS_SYSTEM_BAR_BACKGROUNDS
01-04 14:44:13.501 11391 11391 D VRI[MainActivity]:   pfl=NO_MOVE_ANIMATION FORCE_DRAW_STATUS_BAR_BACKGROUND FIT_INSETS_CONTROLLED
01-04 14:44:13.501 11391 11391 D VRI[MainActivity]:   bhv=DEFAULT
01-04 14:44:13.501 11391 11391 D VRI[MainActivity]:   fitSides=} by setLayoutParams
01-04 14:44:13.503 11391 11391 D VRI[MainActivity]: update {(0,0)(fillxfill) sim={adjust=pan forwardNavigation} ty=BASE_APPLICATION wanim=0x10302fd
01-04 14:44:13.503 11391 11391 D VRI[MainActivity]:   fl=LAYOUT_IN_SCREEN FORCE_NOT_FULLSCREEN LAYOUT_INSET_DECOR SPLIT_TOUCH HARDWARE_ACCELERATED DRAWS_SYSTEM_BAR_BACKGROUNDS
01-04 14:44:13.503 11391 11391 D VRI[MainActivity]:   pfl=NO_MOVE_ANIMATION FORCE_DRAW_STATUS_BAR_BACKGROUND USE_BLAST APPEARANCE_CONTROLLED FIT_INSETS_CONTROLLED
01-04 14:44:13.503 11391 11391 D VRI[MainActivity]:   apr=LIGHT_STATUS_BARS
01-04 14:44:13.503 11391 11391 D VRI[MainActivity]:   bhv=DEFAULT
01-04 14:44:13.503 11391 11391 D VRI[MainActivity]:   fitSides=} by setLayoutParams
01-04 14:44:19.136 11391 11391 D ViewRootImpl: update {(0,0)(fillxfill) gr=CENTER sim={adjust=resize forwardNavigation} ty=APPLICATION fmt=TRANSPARENT wanim=0x7f11012e
01-04 14:44:19.136 11391 11391 D ViewRootImpl:   fl=NOT_FOCUSABLE LAYOUT_IN_SCREEN LAYOUT_INSET_DECOR SPLIT_TOUCH HARDWARE_ACCELERATED DRAWS_SYSTEM_BAR_BACKGROUNDS
01-04 14:44:19.136 11391 11391 D ViewRootImpl:   pfl=NO_MOVE_ANIMATION FORCE_DRAW_STATUS_BAR_BACKGROUND FIT_INSETS_CONTROLLED
01-04 14:44:19.136 11391 11391 D ViewRootImpl:   bhv=DEFAULT
01-04 14:44:19.136 11391 11391 D ViewRootImpl:   fitSides=} by setView
01-04 14:44:19.141 11391 11391 D VRI[MainActivity]: update {(0,0)(fillxfill) gr=CENTER sim={adjust=resize} ty=APPLICATION fmt=TRANSPARENT wanim=0x7f11012e
01-04 14:44:19.141 11391 11391 D VRI[MainActivity]:   fl=LAYOUT_IN_SCREEN LAYOUT_INSET_DECOR SPLIT_TOUCH HARDWARE_ACCELERATED DRAWS_SYSTEM_BAR_BACKGROUNDS
01-04 14:44:19.141 11391 11391 D VRI[MainActivity]:   pfl=NO_MOVE_ANIMATION FORCE_DRAW_STATUS_BAR_BACKGROUND FIT_INSETS_CONTROLLED
01-04 14:44:19.141 11391 11391 D VRI[MainActivity]:   bhv=DEFAULT
01-04 14:44:19.141 11391 11391 D VRI[MainActivity]:   fitSides=} by setLayoutParams
01-04 14:44:19.204 11391 11391 D VRI[MainActivity]: update {(0,0)(fillxfill) gr=CENTER sim={adjust=resize} ty=APPLICATION fmt=TRANSPARENT wanim=0x7f11012e
01-04 14:44:19.204 11391 11391 D VRI[MainActivity]:   fl=LAYOUT_IN_SCREEN LAYOUT_INSET_DECOR SPLIT_TOUCH HARDWARE_ACCELERATED DRAWS_SYSTEM_BAR_BACKGROUNDS
01-04 14:44:19.204 11391 11391 D VRI[MainActivity]:   pfl=NO_MOVE_ANIMATION FORCE_DRAW_STATUS_BAR_BACKGROUND FIT_INSETS_CONTROLLED
01-04 14:44:19.204 11391 11391 D VRI[MainActivity]:   bhv=DEFAULT
01-04 14:44:19.204 11391 11391 D VRI[MainActivity]:   fitSides=} by setLayoutParams
01-04 14:44:19.205 11391 11391 D VRI[MainActivity]: update {(0,0)(fillxfill) gr=CENTER sim={adjust=resize} ty=APPLICATION fmt=TRANSPARENT wanim=0x7f11012e
01-04 14:44:19.205 11391 11391 D VRI[MainActivity]:   fl=LAYOUT_IN_SCREEN LAYOUT_INSET_DECOR SPLIT_TOUCH HARDWARE_ACCELERATED DRAWS_SYSTEM_BAR_BACKGROUNDS
01-04 14:44:19.205 11391 11391 D VRI[MainActivity]:   pfl=NO_MOVE_ANIMATION FORCE_DRAW_STATUS_BAR_BACKGROUND FIT_INSETS_CONTROLLED
01-04 14:44:19.205 11391 11391 D VRI[MainActivity]:   bhv=DEFAULT
01-04 14:44:19.205 11391 11391 D VRI[MainActivity]:   fitSides=} by setLayoutParams
01-04 14:44:20.969 11391 11391 D ViewRootImpl: update {(0,0)(fillxfill) gr=CENTER sim={adjust=resize forwardNavigation} ty=APPLICATION fmt=TRANSPARENT wanim=0x7f11012e
01-04 14:44:20.969 11391 11391 D ViewRootImpl:   fl=NOT_FOCUSABLE LAYOUT_IN_SCREEN LAYOUT_INSET_DECOR SPLIT_TOUCH HARDWARE_ACCELERATED DRAWS_SYSTEM_BAR_BACKGROUNDS
01-04 14:44:20.969 11391 11391 D ViewRootImpl:   pfl=NO_MOVE_ANIMATION FORCE_DRAW_STATUS_BAR_BACKGROUND FIT_INSETS_CONTROLLED
01-04 14:44:20.969 11391 11391 D ViewRootImpl:   bhv=DEFAULT
01-04 14:44:20.969 11391 11391 D ViewRootImpl:   fitSides=} by setView
01-04 14:44:20.975 11391 11391 D VRI[MainActivity]: update {(0,0)(fillxfill) gr=CENTER sim={adjust=resize} ty=APPLICATION fmt=TRANSPARENT wanim=0x7f11012e
01-04 14:44:20.975 11391 11391 D VRI[MainActivity]:   fl=LAYOUT_IN_SCREEN LAYOUT_INSET_DECOR SPLIT_TOUCH HARDWARE_ACCELERATED DRAWS_SYSTEM_BAR_BACKGROUNDS
01-04 14:44:20.975 11391 11391 D VRI[MainActivity]:   pfl=NO_MOVE_ANIMATION FORCE_DRAW_STATUS_BAR_BACKGROUND FIT_INSETS_CONTROLLED
01-04 14:44:20.975 11391 11391 D VRI[MainActivity]:   bhv=DEFAULT
01-04 14:44:20.975 11391 11391 D VRI[MainActivity]:   fitSides=} by setLayoutParams
01-04 14:44:21.026 11391 11391 D VRI[MainActivity]: update {(0,0)(fillxfill) gr=CENTER sim={adjust=resize} ty=APPLICATION fmt=TRANSPARENT wanim=0x7f11012e
01-04 14:44:21.026 11391 11391 D VRI[MainActivity]:   fl=LAYOUT_IN_SCREEN LAYOUT_INSET_DECOR SPLIT_TOUCH HARDWARE_ACCELERATED DRAWS_SYSTEM_BAR_BACKGROUNDS
01-04 14:44:21.026 11391 11391 D VRI[MainActivity]:   pfl=NO_MOVE_ANIMATION FORCE_DRAW_STATUS_BAR_BACKGROUND FIT_INSETS_CONTROLLED
01-04 14:44:21.026 11391 11391 D VRI[MainActivity]:   bhv=DEFAULT
01-04 14:44:21.026 11391 11391 D VRI[MainActivity]:   fitSides=} by setLayoutParams
01-04 14:44:21.027 11391 11391 D VRI[MainActivity]: update {(0,0)(fillxfill) gr=CENTER sim={adjust=resize} ty=APPLICATION fmt=TRANSPARENT wanim=0x7f11012e
01-04 14:44:21.027 11391 11391 D VRI[MainActivity]:   fl=LAYOUT_IN_SCREEN LAYOUT_INSET_DECOR SPLIT_TOUCH HARDWARE_ACCELERATED DRAWS_SYSTEM_BAR_BACKGROUNDS
01-04 14:44:21.027 11391 11391 D VRI[MainActivity]:   pfl=NO_MOVE_ANIMATION FORCE_DRAW_STATUS_BAR_BACKGROUND FIT_INSETS_CONTROLLED
01-04 14:44:21.027 11391 11391 D VRI[MainActivity]:   bhv=DEFAULT
01-04 14:44:21.027 11391 11391 D VRI[MainActivity]:   fitSides=} by setLayoutParams
01-04 14:44:25.598 11391 11391 D ViewRootImpl: update {(106,779)(wrapxwrap) gr=TOP START CENTER sim={state=unchanged} ty=APPLICATION_SUB_PANEL fmt=TRANSLUCENT wanim=0x1030306 surfaceInsets=Rect(0, 0 - 0, 0) (manual)
01-04 14:44:25.598 11391 11391 D ViewRootImpl:   fl=NOT_FOCUSABLE LAYOUT_NO_LIMITS SPLIT_TOUCH HARDWARE_ACCELERATED FLAG_LAYOUT_ATTACHED_IN_DECOR
01-04 14:44:25.598 11391 11391 D ViewRootImpl:   pfl=WILL_NOT_REPLACE_ON_RELAUNCH LAYOUT_CHILD_WINDOW_IN_PARENT_FRAME
01-04 14:44:25.598 11391 11391 D ViewRootImpl:   bhv=DEFAULT
01-04 14:44:25.598 11391 11391 D ViewRootImpl:   fitTypes=STATUS_BARS NAVIGATION_BARS CAPTION_BAR} by setView
01-04 14:44:25.620 11391 11391 D VRI[PopupWindow:3b21176]: update {(106,320)(wrapxwrap) gr=TOP START CENTER sim={state=unchanged} ty=APPLICATION_SUB_PANEL fmt=TRANSLUCENT wanim=0x1030306 surfaceInsets=Rect(0, 0 - 0, 0) (manual)
01-04 14:44:25.620 11391 11391 D VRI[PopupWindow:3b21176]:   fl=NOT_FOCUSABLE LAYOUT_NO_LIMITS SPLIT_TOUCH HARDWARE_ACCELERATED FLAG_LAYOUT_ATTACHED_IN_DECOR
01-04 14:44:25.620 11391 11391 D VRI[PopupWindow:3b21176]:   pfl=WILL_NOT_REPLACE_ON_RELAUNCH LAYOUT_CHILD_WINDOW_IN_PARENT_FRAME
01-04 14:44:25.620 11391 11391 D VRI[PopupWindow:3b21176]:   bhv=DEFAULT
01-04 14:44:25.620 11391 11391 D VRI[PopupWindow:3b21176]:   fitTypes=STATUS_BARS NAVIGATION_BARS CAPTION_BAR} by setLayoutParams
01-04 14:45:05.327 11391 11391 D ViewRootImpl: update {(0,0)(fillxfill) sim={forwardNavigation} ty=BASE_APPLICATION wanim=0x10302fd
01-04 14:45:05.327 11391 11391 D ViewRootImpl:   fl=KEEP_SCREEN_ON LAYOUT_IN_SCREEN LAYOUT_INSET_DECOR SPLIT_TOUCH HARDWARE_ACCELERATED DRAWS_SYSTEM_BAR_BACKGROUNDS
01-04 14:45:05.327 11391 11391 D ViewRootImpl:   pfl=NO_MOVE_ANIMATION FORCE_DRAW_STATUS_BAR_BACKGROUND FIT_INSETS_CONTROLLED
01-04 14:45:05.327 11391 11391 D ViewRootImpl:   bhv=DEFAULT
01-04 14:45:05.327 11391 11391 D ViewRootImpl:   fitSides=} by setView
01-04 14:45:19.907 11391 11391 D ViewRootImpl: update {(0,0)(fillxfill) sim={forwardNavigation} ty=BASE_APPLICATION wanim=0x10302fd
01-04 14:45:19.907 11391 11391 D ViewRootImpl:   fl=KEEP_SCREEN_ON LAYOUT_IN_SCREEN LAYOUT_INSET_DECOR SPLIT_TOUCH HARDWARE_ACCELERATED DRAWS_SYSTEM_BAR_BACKGROUNDS
01-04 14:45:19.907 11391 11391 D ViewRootImpl:   pfl=NO_MOVE_ANIMATION FORCE_DRAW_STATUS_BAR_BACKGROUND FIT_INSETS_CONTROLLED
01-04 14:45:19.907 11391 11391 D ViewRootImpl:   bhv=DEFAULT
01-04 14:45:19.907 11391 11391 D ViewRootImpl:   fitSides=} by setView
01-04 14:45:26.388 11391 11391 D VRI[MainActivity]: update {(0,0)(fillxfill) sim={adjust=pan forwardNavigation} ty=BASE_APPLICATION wanim=0x10302fd
01-04 14:45:26.388 11391 11391 D VRI[MainActivity]:   fl=LAYOUT_IN_SCREEN FORCE_NOT_FULLSCREEN LAYOUT_INSET_DECOR SPLIT_TOUCH HARDWARE_ACCELERATED DRAWS_SYSTEM_BAR_BACKGROUNDS
01-04 14:45:26.388 11391 11391 D VRI[MainActivity]:   pfl=NO_MOVE_ANIMATION FORCE_DRAW_STATUS_BAR_BACKGROUND USE_BLAST APPEARANCE_CONTROLLED FIT_INSETS_CONTROLLED
01-04 14:45:26.388 11391 11391 D VRI[MainActivity]:   apr=LIGHT_STATUS_BARS
01-04 14:45:26.388 11391 11391 D VRI[MainActivity]:   bhv=DEFAULT
01-04 14:45:26.388 11391 11391 D VRI[MainActivity]:   fitSides=} by setLayoutParams
01-04 14:45:34.618 11391 11391 D ViewRootImpl: update {(0,0)(fillxfill) gr=CENTER sim={adjust=resize forwardNavigation} ty=APPLICATION fmt=TRANSPARENT wanim=0x7f11012e
01-04 14:45:34.618 11391 11391 D ViewRootImpl:   fl=NOT_FOCUSABLE LAYOUT_IN_SCREEN LAYOUT_INSET_DECOR SPLIT_TOUCH HARDWARE_ACCELERATED DRAWS_SYSTEM_BAR_BACKGROUNDS
01-04 14:45:34.618 11391 11391 D ViewRootImpl:   pfl=NO_MOVE_ANIMATION FORCE_DRAW_STATUS_BAR_BACKGROUND FIT_INSETS_CONTROLLED
01-04 14:45:34.618 11391 11391 D ViewRootImpl:   bhv=DEFAULT
01-04 14:45:34.618 11391 11391 D ViewRootImpl:   fitSides=} by setView
01-04 14:45:34.624 11391 11391 D VRI[MainActivity]: update {(0,0)(fillxfill) gr=CENTER sim={adjust=resize} ty=APPLICATION fmt=TRANSPARENT wanim=0x7f11012e
01-04 14:45:34.624 11391 11391 D VRI[MainActivity]:   fl=LAYOUT_IN_SCREEN LAYOUT_INSET_DECOR SPLIT_TOUCH HARDWARE_ACCELERATED DRAWS_SYSTEM_BAR_BACKGROUNDS
01-04 14:45:34.624 11391 11391 D VRI[MainActivity]:   pfl=NO_MOVE_ANIMATION FORCE_DRAW_STATUS_BAR_BACKGROUND FIT_INSETS_CONTROLLED
01-04 14:45:34.624 11391 11391 D VRI[MainActivity]:   bhv=DEFAULT
01-04 14:45:34.624 11391 11391 D VRI[MainActivity]:   fitSides=} by setLayoutParams
01-04 14:45:34.661 11391 11391 D VRI[MainActivity]: update {(0,0)(fillxfill) gr=CENTER sim={adjust=resize} ty=APPLICATION fmt=TRANSPARENT wanim=0x7f11012e
01-04 14:45:34.661 11391 11391 D VRI[MainActivity]:   fl=LAYOUT_IN_SCREEN LAYOUT_INSET_DECOR SPLIT_TOUCH HARDWARE_ACCELERATED DRAWS_SYSTEM_BAR_BACKGROUNDS
01-04 14:45:34.661 11391 11391 D VRI[MainActivity]:   pfl=NO_MOVE_ANIMATION FORCE_DRAW_STATUS_BAR_BACKGROUND FIT_INSETS_CONTROLLED
01-04 14:45:34.661 11391 11391 D VRI[MainActivity]:   bhv=DEFAULT
01-04 14:45:34.661 11391 11391 D VRI[MainActivity]:   fitSides=} by setLayoutParams
01-04 14:45:34.662 11391 11391 D VRI[MainActivity]: update {(0,0)(fillxfill) gr=CENTER sim={adjust=resize} ty=APPLICATION fmt=TRANSPARENT wanim=0x7f11012e
01-04 14:45:34.662 11391 11391 D VRI[MainActivity]:   fl=LAYOUT_IN_SCREEN LAYOUT_INSET_DECOR SPLIT_TOUCH HARDWARE_ACCELERATED DRAWS_SYSTEM_BAR_BACKGROUNDS
01-04 14:45:34.662 11391 11391 D VRI[MainActivity]:   pfl=NO_MOVE_ANIMATION FORCE_DRAW_STATUS_BAR_BACKGROUND FIT_INSETS_CONTROLLED
01-04 14:45:34.662 11391 11391 D VRI[MainActivity]:   bhv=DEFAULT
01-04 14:45:34.662 11391 11391 D VRI[MainActivity]:   fitSides=} by setLayoutParams
--------- beginning of main
01-04 14:45:36.004 11391 11563 D Surface : Surface::disconnect
01-04 14:45:36.004 11391 11563 D BufferQueueProducer: [VRI[MainActivity]#15(BLAST Consumer)15](id:2c7f0000000f,api:1,p:11391,c:11391) disconnect: api 1
01-04 14:45:36.681 11391 11391 D ViewRootImpl: update {(0,0)(fillxfill) gr=CENTER sim={adjust=resize forwardNavigation} ty=APPLICATION fmt=TRANSPARENT wanim=0x7f11012e
01-04 14:45:36.681 11391 11391 D ViewRootImpl:   fl=NOT_FOCUSABLE LAYOUT_IN_SCREEN LAYOUT_INSET_DECOR SPLIT_TOUCH HARDWARE_ACCELERATED DRAWS_SYSTEM_BAR_BACKGROUNDS
01-04 14:45:36.681 11391 11391 D ViewRootImpl:   pfl=NO_MOVE_ANIMATION FORCE_DRAW_STATUS_BAR_BACKGROUND FIT_INSETS_CONTROLLED
01-04 14:45:36.681 11391 11391 D ViewRootImpl:   bhv=DEFAULT
01-04 14:45:36.681 11391 11391 D ViewRootImpl:   fitSides=} by setView
01-04 14:45:36.687 11391 11391 D VRI[MainActivity]: update {(0,0)(fillxfill) gr=CENTER sim={adjust=resize} ty=APPLICATION fmt=TRANSPARENT wanim=0x7f11012e
01-04 14:45:36.687 11391 11391 D VRI[MainActivity]:   fl=LAYOUT_IN_SCREEN LAYOUT_INSET_DECOR SPLIT_TOUCH HARDWARE_ACCELERATED DRAWS_SYSTEM_BAR_BACKGROUNDS
01-04 14:45:36.687 11391 11391 D VRI[MainActivity]:   pfl=NO_MOVE_ANIMATION FORCE_DRAW_STATUS_BAR_BACKGROUND FIT_INSETS_CONTROLLED
01-04 14:45:36.687 11391 11391 D VRI[MainActivity]:   bhv=DEFAULT
01-04 14:45:36.687 11391 11391 D VRI[MainActivity]:   fitSides=} by setLayoutParams
01-04 14:45:36.700 11391 11563 E OpenGLRenderer: Unable to match the desired swap behavior.
01-04 14:45:36.706 11391 11563 W Parcel  : Expecting binder but got null!
01-04 14:45:36.725 11391 11391 D VRI[MainActivity]: update {(0,0)(fillxfill) gr=CENTER sim={adjust=resize} ty=APPLICATION fmt=TRANSPARENT wanim=0x7f11012e
01-04 14:45:36.725 11391 11391 D VRI[MainActivity]:   fl=LAYOUT_IN_SCREEN LAYOUT_INSET_DECOR SPLIT_TOUCH HARDWARE_ACCELERATED DRAWS_SYSTEM_BAR_BACKGROUNDS
01-04 14:45:36.725 11391 11391 D VRI[MainActivity]:   pfl=NO_MOVE_ANIMATION FORCE_DRAW_STATUS_BAR_BACKGROUND FIT_INSETS_CONTROLLED
01-04 14:45:36.725 11391 11391 D VRI[MainActivity]:   bhv=DEFAULT
01-04 14:45:36.725 11391 11391 D VRI[MainActivity]:   fitSides=} by setLayoutParams
01-04 14:45:36.726 11391 11391 D VRI[MainActivity]: update {(0,0)(fillxfill) gr=CENTER sim={adjust=resize} ty=APPLICATION fmt=TRANSPARENT wanim=0x7f11012e
01-04 14:45:36.726 11391 11391 D VRI[MainActivity]:   fl=LAYOUT_IN_SCREEN LAYOUT_INSET_DECOR SPLIT_TOUCH HARDWARE_ACCELERATED DRAWS_SYSTEM_BAR_BACKGROUNDS
01-04 14:45:36.726 11391 11391 D VRI[MainActivity]:   pfl=NO_MOVE_ANIMATION FORCE_DRAW_STATUS_BAR_BACKGROUND FIT_INSETS_CONTROLLED
01-04 14:45:36.726 11391 11391 D VRI[MainActivity]:   bhv=DEFAULT
01-04 14:45:36.726 11391 11391 D VRI[MainActivity]:   fitSides=} by setLayoutParams
01-04 14:45:37.673 11391 11563 D Surface : Surface::disconnect
01-04 14:45:37.673 11391 11563 D BufferQueueProducer: [VRI[MainActivity]#16(BLAST Consumer)16](id:2c7f00000010,api:1,p:11391,c:11391) disconnect: api 1
01-04 14:45:56.397 11391 11915 I ReactNativeJS: [AlarmSync] Checking for completed alarms...
01-04 14:45:56.398 11391 11916 D DoMinderDebug: AlarmModule: Retrieved 1 completed alarms
01-04 14:45:56.400 11391 11915 I ReactNativeJS: '[AlarmSync] Found completed alarms:', 1
01-04 14:45:56.400 11391 11915 I ReactNativeJS: '[AlarmSync] Already processed completion for:', '1767517925302'
01-04 14:45:56.401 11391 11916 D DoMinderDebug: AlarmModule: Retrieved 0 snoozed alarms
01-04 14:45:56.401 11391 11915 I ReactNativeJS: '[ReminderEngine] Processing reminders, count:', 21
01-04 14:45:56.402 11391 11915 I ReactNativeJS: '[AlarmSync] Found snoozed alarms:', 0
01-04 14:45:56.402 11391 11916 D DoMinderDebug: AlarmModule: Retrieved 0 deleted alarms
01-04 14:45:56.402 11391 11915 I ReactNativeJS: '[AlarmSync] Found deleted alarms:', 0
01-04 14:46:05.382 11391 11391 D DoMinderDebug: AlarmReceiver: Received broadcast
01-04 14:46:05.382 11391 11391 D DoMinderDebug: AlarmReceiver: Starting AlarmRingtoneService for high priority
01-04 14:46:05.382 11391 11391 D DoMinderDebug: AlarmRingtoneService: startAlarmRingtone called - priority: high
01-04 14:46:05.385 11391 11391 D DoMinderDebug: AlarmReceiver: Creating full-screen notification for 1767518070938
01-04 14:46:05.399 11391 11391 D DoMinderDebug: AlarmReceiver: Full-screen notification created and shown
01-04 14:46:05.400 11391 11391 D DoMinderDebug: AlarmRingtoneService: onCreate
01-04 14:46:05.400 11391 11391 D DoMinderDebug: AlarmRingtoneService: onStartCommand - action: app.rork.dominder.START_ALARM_RINGTONE
01-04 14:46:05.400 11391 11391 D DoMinderDebug: AlarmRingtoneService: Starting ringtone for priority: high
01-04 14:46:05.400 11391 11391 D DoMinderDebug: AlarmRingtoneService: Starting foreground service
01-04 14:46:05.402 11391 11391 D DoMinderDebug: AlarmRingtoneService: Starting ringtone and vibration
01-04 14:46:05.403 11391 11391 D DoMinderDebug: AlarmRingtoneService: Settings - sound: true, vibration: true
01-04 14:46:05.407 11391 11391 D DoMinderDebug: AlarmRingtoneService: Using default alarm ringtone
01-04 14:46:05.417 11391 11391 D DoMinderDebug: AlarmRingtoneService: Set alarm volume to 1/7 (10%)
01-04 14:46:05.489 11391 11391 D DoMinderDebug: AlarmRingtoneService: MediaPlayer started playing (looping=true)
01-04 14:46:05.495 11391 11391 D DoMinderDebug: AlarmRingtoneService: Vibration started
01-04 14:46:11.284 11391 11391 W unknown:BridgelessReact: ReactHost{0}.onUserLeaveHint(activity)
01-04 14:46:11.294 11391 11391 W unknown:BridgelessReact: ReactHost{0}.onHostPause(activity)
01-04 14:46:11.296 11391 11391 W unknown:BridgelessReact: ReactContext.onHostPause()
01-04 14:46:11.364 11391 11391 D DoMinderDebug: AlarmActivity: onCreate
01-04 14:46:11.378 11391 11391 D DoMinderDebug: AlarmActivity: Wake lock acquired for 10 minutes
01-04 14:46:11.387 11391 11391 D DoMinderDebug: AlarmActivity: Screen will stay on until user action or timeout
01-04 14:46:11.443 11391 11391 D DoMinderDebug: AlarmActivity: Priority = high
01-04 14:46:11.445 11391 11391 D DoMinderDebug: AlarmActivity: 5-minute timeout scheduled
01-04 14:46:11.445 11391 11391 D DoMinderDebug: AlarmActivity: Ringtone service should already be playing
01-04 14:46:11.464 11391 11391 D ViewRootImpl: update {(0,0)(fillxfill) sim={forwardNavigation} ty=BASE_APPLICATION wanim=0x10302fd
01-04 14:46:11.464 11391 11391 D ViewRootImpl:   fl=KEEP_SCREEN_ON LAYOUT_IN_SCREEN LAYOUT_INSET_DECOR SPLIT_TOUCH HARDWARE_ACCELERATED DRAWS_SYSTEM_BAR_BACKGROUNDS
01-04 14:46:11.464 11391 11391 D ViewRootImpl:   pfl=NO_MOVE_ANIMATION FORCE_DRAW_STATUS_BAR_BACKGROUND FIT_INSETS_CONTROLLED
01-04 14:46:11.464 11391 11391 D ViewRootImpl:   bhv=DEFAULT
01-04 14:46:11.464 11391 11391 D ViewRootImpl:   fitSides=} by setView
01-04 14:46:11.486 11391 11563 E OpenGLRenderer: Unable to match the desired swap behavior.
01-04 14:46:11.516 11391 11563 W Parcel  : Expecting binder but got null!
01-04 14:46:11.749 11391 11563 D Surface : Surface::disconnect
01-04 14:46:11.749 11391 11563 D BufferQueueProducer: [VRI[MainActivity]#14(BLAST Consumer)14](id:2c7f0000000e,api:1,p:11391,c:11391) disconnect: api 1
01-04 14:46:13.323 11391 11391 D DoMinderDebug: AlarmActivity: Done clicked for reminderId: 1767518070938
01-04 14:46:13.323 11391 11391 D DoMinderDebug: AlarmRingtoneService: stopAlarmRingtone called
01-04 14:46:13.328 11391 11391 D DoMinderDebug: AlarmActivity: Saved completion to SharedPreferences for 1767518070938
01-04 14:46:13.328 11391 11391 D DoMinderDebug: AlarmActivity: Sending ALARM_DONE broadcast with action: app.rork.dominder.ALARM_DONE, package: app.rork.dominder_android_reminder_app
01-04 14:46:13.329 11391 11391 D DoMinderDebug: AlarmActivity: Broadcast sent successfully
01-04 14:46:13.330 11391 11391 D DoMinderDebug: AlarmRingtoneService: onStartCommand - action: app.rork.dominder.STOP_ALARM_RINGTONE
01-04 14:46:13.330 11391 11391 D DoMinderDebug: AlarmRingtoneService: Stopping ringtone service
01-04 14:46:13.330 11391 11391 D DoMinderDebug: AlarmRingtoneService: Stopping ringtone and vibration
01-04 14:46:13.352 11391 11391 V MediaPlayer: resetDrmState:  mDrmInfo=null mDrmProvisioningThread=null mPrepareDrmInProgress=false mActiveDrmScheme=false
01-04 14:46:13.352 11391 11391 V MediaPlayer: cleanDrmObj: mDrmObj=null mDrmSessionId=null
01-04 14:46:13.359 11391 11391 D DoMinderDebug: AlarmRingtoneService: MediaPlayer stopped and released
01-04 14:46:13.362 11391 11391 D DoMinderDebug: AlarmRingtoneService: Restored original alarm volume to 2
01-04 14:46:13.367 11391 11391 D DoMinderDebug: AlarmRingtoneService: Vibration stopped
01-04 14:46:13.368 11391 11391 D DoMinderDebug: AlarmRingtoneService: Wake lock released
01-04 14:46:13.478 11391 11391 W MediaPlayer: mediaplayer went away with unhandled events
01-04 14:46:13.478 11391 11391 W MediaPlayer: mediaplayer went away with unhandled events
01-04 14:46:13.479 11391 11391 D DoMinderDebug: AlarmRingtoneService: onDestroy
01-04 14:46:13.479 11391 11391 D DoMinderDebug: AlarmRingtoneService: Stopping ringtone and vibration
01-04 14:46:13.479 11391 11391 D DoMinderDebug: AlarmRingtoneService: Vibration stopped
01-04 14:46:13.630 11391 11391 D DoMinderDebug: AlarmActivity: Canceled notification with ID: -1377064630
01-04 14:46:13.630 11391 11391 D DoMinderDebug: AlarmActivity: Finishing alarm activity properly
01-04 14:46:13.674 11391 11391 D DoMinderDebug: AlarmActivity: Keeping process alive for JS events
01-04 14:46:13.674 11391 11391 D DoMinderDebug: AlarmActivity: Finish sequence initiated
01-04 14:46:13.761 11391 11914 I ReactNativeJNI: Memory warning (pressure level: TRIM_MEMORY_UI_HIDDEN) received by JS VM, ignoring because it's non-severe
01-04 14:46:14.701 11391 11563 D Surface : Surface::disconnect
01-04 14:46:14.701 11391 11563 D BufferQueueProducer: [VRI[AlarmActivity]#17(BLAST Consumer)17](id:2c7f00000011,api:1,p:11391,c:11391) disconnect: api 1
01-04 14:46:14.720 11391 11391 D DoMinderDebug: AlarmActivity: Canceled timeout and time update runnables
01-04 14:46:14.720 11391 11391 D DoMinderDebug: AlarmRingtoneService: stopAlarmRingtone called
01-04 14:46:14.727 11391 11391 D DoMinderDebug: AlarmActivity: WakeLock released
01-04 14:46:14.735 11391 11391 D DoMinderDebug: AlarmRingtoneService: onCreate
01-04 14:46:14.738 11391 11391 D DoMinderDebug: AlarmRingtoneService: onStartCommand - action: app.rork.dominder.STOP_ALARM_RINGTONE
01-04 14:46:14.738 11391 11391 D DoMinderDebug: AlarmRingtoneService: Stopping ringtone service
01-04 14:46:14.738 11391 11391 D DoMinderDebug: AlarmRingtoneService: Stopping ringtone and vibration
01-04 14:46:14.738 11391 11391 D DoMinderDebug: AlarmRingtoneService: Vibration stopped
01-04 14:46:14.740 11391 11391 D DoMinderDebug: AlarmRingtoneService: onDestroy
01-04 14:46:14.740 11391 11391 D DoMinderDebug: AlarmRingtoneService: Stopping ringtone and vibration
01-04 14:46:14.741 11391 11391 D DoMinderDebug: AlarmRingtoneService: Vibration stopped
01-04 14:46:16.776 11391 11391 D DoMinderDebug: AlarmReceiver: Received broadcast
01-04 14:46:16.780 11391 11391 D DoMinderDebug: AlarmReceiver: Starting AlarmRingtoneService for high priority
01-04 14:46:16.781 11391 11391 D DoMinderDebug: AlarmRingtoneService: startAlarmRingtone called - priority: high
01-04 14:46:16.790 11391 11391 D DoMinderDebug: AlarmReceiver: Creating full-screen notification for 1767517925302
01-04 14:46:16.802 11391 11391 D DoMinderDebug: AlarmReceiver: Full-screen notification created and shown
01-04 14:46:16.804 11391 11391 D DoMinderDebug: AlarmRingtoneService: onCreate
01-04 14:46:16.805 11391 11391 D DoMinderDebug: AlarmRingtoneService: onStartCommand - action: app.rork.dominder.START_ALARM_RINGTONE
01-04 14:46:16.805 11391 11391 D DoMinderDebug: AlarmRingtoneService: Starting ringtone for priority: high
01-04 14:46:16.805 11391 11391 D DoMinderDebug: AlarmRingtoneService: Starting foreground service
01-04 14:46:16.808 11391 11391 D DoMinderDebug: AlarmRingtoneService: Starting ringtone and vibration
01-04 14:46:16.809 11391 11391 D DoMinderDebug: AlarmRingtoneService: Settings - sound: true, vibration: true
01-04 14:46:16.812 11391 11391 D DoMinderDebug: AlarmRingtoneService: Using default alarm ringtone
01-04 14:46:16.819 11391 11391 D DoMinderDebug: AlarmRingtoneService: Set alarm volume to 1/7 (10%)
01-04 14:46:16.853 11391 11391 D DoMinderDebug: AlarmRingtoneService: MediaPlayer started playing (looping=true)
01-04 14:46:16.864 11391 11391 D DoMinderDebug: AlarmRingtoneService: Vibration started
01-04 14:46:18.828 11391 11391 D DoMinderDebug: AlarmActionBridge: ===== onReceive called! =====
01-04 14:46:18.828 11391 11391 D DoMinderDebug: AlarmActionBridge: Received action: app.rork.dominder.ALARM_DONE
01-04 14:46:18.829 11391 11391 D DoMinderDebug: AlarmActionBridge: Intent extras: Bundle[mParcelledData.dataSize=304]
01-04 14:46:18.829 11391 11391 D DoMinderDebug: AlarmActionBridge: ALARM_DONE - reminderId: 1767518070938
01-04 14:46:18.829 11391 11391 D DoMinderDebug: AlarmActionBridge: About to emit alarmDone event to React Native
01-04 14:46:18.829 11391 11391 D DoMinderDebug: AlarmActionBridge: ===== emitEventToReactNative START =====
01-04 14:46:18.829 11391 11391 D DoMinderDebug: AlarmActionBridge: Event name: alarmDone, reminderId: 1767518070938
01-04 14:46:18.829 11391 11391 D DoMinderDebug: AlarmActionBridge: Got application context: app.rork.dominder_android_reminder_app.MainApplication
01-04 14:46:18.829 11391 11391 D DoMinderDebug: AlarmActionBridge: App is ReactApplication 
01-04 14:46:18.837 11391 11391 D DoMinderDebug: AlarmActionBridge: Got ReactInstanceManager: com.facebook.react.ReactInstanceManager@74a677c
01-04 14:46:18.837 11391 11391 D DoMinderDebug: AlarmActionBridge: ReactContext: null
01-04 14:46:18.837 11391 11391 D DoMinderDebug: AlarmActionBridge:  ERROR - ReactContext is NULL! 
01-04 14:46:18.837 11391 11391 D DoMinderDebug: AlarmActionBridge: This means React Native is not running or was killed
01-04 14:46:18.837 11391 11391 D DoMinderDebug: AlarmActionBridge: emitEventToReactNative call completed
01-04 14:46:18.837 11391 11391 D DoMinderDebug: AlarmActionBridge: Attempting native reschedule (interval=1.0 minutes)
01-04 14:46:18.837 11391 11391 D DoMinderDebug: AlarmActionBridge: Scheduling next recurring alarm for 1767518238837
01-04 14:46:18.842 11391 11391 D DoMinderDebug: AlarmActionBridge: Recurring alarm scheduled successfully
01-04 14:46:19.613 11391 11391 D DoMinderDebug: AlarmActivity: onCreate
01-04 14:46:19.629 11391 11391 D DoMinderDebug: AlarmActivity: Wake lock acquired for 10 minutes
01-04 14:46:19.633 11391 11391 D DoMinderDebug: AlarmActivity: Screen will stay on until user action or timeout
01-04 14:46:19.659 11391 11391 D DoMinderDebug: AlarmActivity: Priority = high
01-04 14:46:19.659 11391 11391 D DoMinderDebug: AlarmActivity: 5-minute timeout scheduled
01-04 14:46:19.659 11391 11391 D DoMinderDebug: AlarmActivity: Ringtone service should already be playing
01-04 14:46:19.665 11391 11391 D ViewRootImpl: update {(0,0)(fillxfill) sim={forwardNavigation} ty=BASE_APPLICATION wanim=0x10302fd
01-04 14:46:19.665 11391 11391 D ViewRootImpl:   fl=KEEP_SCREEN_ON LAYOUT_IN_SCREEN LAYOUT_INSET_DECOR SPLIT_TOUCH HARDWARE_ACCELERATED DRAWS_SYSTEM_BAR_BACKGROUNDS
01-04 14:46:19.665 11391 11391 D ViewRootImpl:   pfl=NO_MOVE_ANIMATION FORCE_DRAW_STATUS_BAR_BACKGROUND FIT_INSETS_CONTROLLED
01-04 14:46:19.665 11391 11391 D ViewRootImpl:   bhv=DEFAULT
01-04 14:46:19.665 11391 11391 D ViewRootImpl:   fitSides=} by setView
01-04 14:46:19.681 11391 11563 E OpenGLRenderer: Unable to match the desired swap behavior.
01-04 14:46:19.703 11391 11563 W Parcel  : Expecting binder but got null!
01-04 14:46:21.510 11391 11391 D DoMinderDebug: AlarmActivity: Done clicked for reminderId: 1767517925302
01-04 14:46:21.510 11391 11391 D DoMinderDebug: AlarmRingtoneService: stopAlarmRingtone called
01-04 14:46:21.513 11391 11391 D DoMinderDebug: AlarmActivity: Saved completion to SharedPreferences for 1767517925302
01-04 14:46:21.513 11391 11391 D DoMinderDebug: AlarmActivity: Sending ALARM_DONE broadcast with action: app.rork.dominder.ALARM_DONE, package: app.rork.dominder_android_reminder_app
01-04 14:46:21.514 11391 11391 D DoMinderDebug: AlarmActivity: Broadcast sent successfully
01-04 14:46:21.514 11391 11391 D DoMinderDebug: AlarmRingtoneService: onStartCommand - action: app.rork.dominder.STOP_ALARM_RINGTONE
01-04 14:46:21.514 11391 11391 D DoMinderDebug: AlarmRingtoneService: Stopping ringtone service
01-04 14:46:21.514 11391 11391 D DoMinderDebug: AlarmRingtoneService: Stopping ringtone and vibration
01-04 14:46:21.534 11391 11391 V MediaPlayer: resetDrmState:  mDrmInfo=null mDrmProvisioningThread=null mPrepareDrmInProgress=false mActiveDrmScheme=false
01-04 14:46:21.534 11391 11391 V MediaPlayer: cleanDrmObj: mDrmObj=null mDrmSessionId=null
01-04 14:46:21.538 11391 11391 D DoMinderDebug: AlarmRingtoneService: MediaPlayer stopped and released
01-04 14:46:21.540 11391 11391 D DoMinderDebug: AlarmRingtoneService: Restored original alarm volume to 2
01-04 14:46:21.541 11391 11391 D DoMinderDebug: AlarmRingtoneService: Vibration stopped
01-04 14:46:21.541 11391 11391 D DoMinderDebug: AlarmRingtoneService: Wake lock released
01-04 14:46:21.551 11391 11391 W MediaPlayer: mediaplayer went away with unhandled events
01-04 14:46:21.552 11391 11391 W MediaPlayer: mediaplayer went away with unhandled events
01-04 14:46:21.552 11391 11391 D DoMinderDebug: AlarmRingtoneService: onDestroy
01-04 14:46:21.552 11391 11391 D DoMinderDebug: AlarmRingtoneService: Stopping ringtone and vibration
01-04 14:46:21.553 11391 11391 D DoMinderDebug: AlarmRingtoneService: Vibration stopped
01-04 14:46:21.815 11391 11391 D DoMinderDebug: AlarmActivity: Canceled notification with ID: -2011380467
01-04 14:46:21.815 11391 11391 D DoMinderDebug: AlarmActivity: Finishing alarm activity properly
01-04 14:46:21.838 11391 11391 D DoMinderDebug: AlarmActivity: Keeping process alive for JS events
01-04 14:46:21.838 11391 11391 D DoMinderDebug: AlarmActivity: Finish sequence initiated
01-04 14:46:21.903 11391 11914 I ReactNativeJNI: Memory warning (pressure level: TRIM_MEMORY_UI_HIDDEN) received by JS VM, ignoring because it's non-severe
01-04 14:46:22.293 11391 11563 D Surface : Surface::disconnect
01-04 14:46:22.293 11391 11563 D BufferQueueProducer: [VRI[AlarmActivity]#18(BLAST Consumer)18](id:2c7f00000012,api:1,p:11391,c:11391) disconnect: api 1
01-04 14:46:22.311 11391 11391 D DoMinderDebug: AlarmActivity: Canceled timeout and time update runnables
01-04 14:46:22.311 11391 11391 D DoMinderDebug: AlarmRingtoneService: stopAlarmRingtone called
01-04 14:46:22.324 11391 11391 D DoMinderDebug: AlarmActivity: WakeLock released
01-04 14:46:22.334 11391 11391 D DoMinderDebug: AlarmRingtoneService: onCreate
01-04 14:46:22.342 11391 11391 D DoMinderDebug: AlarmRingtoneService: onStartCommand - action: app.rork.dominder.STOP_ALARM_RINGTONE
01-04 14:46:22.342 11391 11391 D DoMinderDebug: AlarmRingtoneService: Stopping ringtone service
01-04 14:46:22.342 11391 11391 D DoMinderDebug: AlarmRingtoneService: Stopping ringtone and vibration
01-04 14:46:22.343 11391 11391 D DoMinderDebug: AlarmRingtoneService: Vibration stopped
01-04 14:46:22.348 11391 11391 D DoMinderDebug: AlarmRingtoneService: onDestroy
01-04 14:46:22.348 11391 11391 D DoMinderDebug: AlarmRingtoneService: Stopping ringtone and vibration
01-04 14:46:22.348 11391 11391 D DoMinderDebug: AlarmRingtoneService: Vibration stopped
01-04 14:46:23.803 11391 11391 W unknown:BridgelessReact: ReactHost{0}.onHostResume(activity)
01-04 14:46:23.803 11391 11391 W unknown:BridgelessReact: ReactContext.onHostResume()
01-04 14:46:23.807 11391 11915 I ReactNativeJS: [AlarmSync] App became active, syncing...
01-04 14:46:23.808 11391 11915 I ReactNativeJS: [AlarmSync] Checking for completed alarms...
01-04 14:46:23.813 11391 11391 D VRI[MainActivity]: update {(0,0)(fillxfill) sim={adjust=pan forwardNavigation} ty=BASE_APPLICATION wanim=0x10302fd
01-04 14:46:23.813 11391 11391 D VRI[MainActivity]:   fl=LAYOUT_IN_SCREEN FORCE_NOT_FULLSCREEN LAYOUT_INSET_DECOR SPLIT_TOUCH HARDWARE_ACCELERATED DRAWS_SYSTEM_BAR_BACKGROUNDS
01-04 14:46:23.813 11391 11391 D VRI[MainActivity]:   pfl=NO_MOVE_ANIMATION FORCE_DRAW_STATUS_BAR_BACKGROUND USE_BLAST APPEARANCE_CONTROLLED FIT_INSETS_CONTROLLED
01-04 14:46:23.813 11391 11391 D VRI[MainActivity]:   apr=LIGHT_STATUS_BARS
01-04 14:46:23.813 11391 11391 D VRI[MainActivity]:   bhv=DEFAULT
01-04 14:46:23.813 11391 11391 D VRI[MainActivity]:   fitSides=} by setLayoutParams
01-04 14:46:23.820 11391 11916 D DoMinderDebug: AlarmModule: Retrieved 2 completed alarms
01-04 14:46:23.823 11391 11915 I ReactNativeJS: '[AlarmSync] Found completed alarms:', 2
01-04 14:46:23.823 11391 11915 I ReactNativeJS: '[AlarmSync] Already processed completion for:', '1767518070938'
01-04 14:46:23.823 11391 11915 I ReactNativeJS: '[AlarmSync] Already processed completion for:', '1767517925302'
01-04 14:46:23.826 11391 11916 D DoMinderDebug: AlarmModule: Retrieved 0 snoozed alarms
01-04 14:46:23.828 11391 11915 I ReactNativeJS: '[AlarmSync] Found snoozed alarms:', 0
01-04 14:46:23.831 11391 11916 D DoMinderDebug: AlarmModule: Retrieved 0 deleted alarms
01-04 14:46:23.834 11391 11915 I ReactNativeJS: '[AlarmSync] Found deleted alarms:', 0
01-04 14:46:23.835 11391 11563 E OpenGLRenderer: Unable to match the desired swap behavior.
01-04 14:46:26.409 11391 11915 I ReactNativeJS: [AlarmSync] Checking for completed alarms...
01-04 14:46:26.410 11391 11916 D DoMinderDebug: AlarmModule: Retrieved 2 completed alarms
01-04 14:46:26.410 11391 11915 I ReactNativeJS: '[AlarmSync] Found completed alarms:', 2
01-04 14:46:26.411 11391 11915 I ReactNativeJS: '[AlarmSync] Already processed completion for:', '1767518070938'
01-04 14:46:26.411 11391 11915 I ReactNativeJS: '[AlarmSync] Already processed completion for:', '1767517925302'
01-04 14:46:26.411 11391 11916 D DoMinderDebug: AlarmModule: Retrieved 0 snoozed alarms
01-04 14:46:26.421 11391 11915 I ReactNativeJS: '[AlarmSync] Found snoozed alarms:', 0
01-04 14:46:26.422 11391 11916 D DoMinderDebug: AlarmModule: Retrieved 0 deleted alarms
01-04 14:46:26.422 11391 11915 I ReactNativeJS: '[ReminderEngine] Processing reminders, count:', 21
01-04 14:46:26.423 11391 11915 I ReactNativeJS: '[AlarmSync] Found deleted alarms:', 0
01-04 14:46:26.675 11391 11391 D ViewRootImpl: update {(0,0)(fillxfill) gr=CENTER sim={adjust=resize forwardNavigation} ty=APPLICATION fmt=TRANSPARENT wanim=0x7f11012e
01-04 14:46:26.675 11391 11391 D ViewRootImpl:   fl=NOT_FOCUSABLE LAYOUT_IN_SCREEN LAYOUT_INSET_DECOR SPLIT_TOUCH HARDWARE_ACCELERATED DRAWS_SYSTEM_BAR_BACKGROUNDS
01-04 14:46:26.675 11391 11391 D ViewRootImpl:   pfl=NO_MOVE_ANIMATION FORCE_DRAW_STATUS_BAR_BACKGROUND FIT_INSETS_CONTROLLED
01-04 14:46:26.675 11391 11391 D ViewRootImpl:   bhv=DEFAULT
01-04 14:46:26.675 11391 11391 D ViewRootImpl:   fitSides=} by setView
01-04 14:46:26.679 11391 11391 D VRI[MainActivity]: update {(0,0)(fillxfill) gr=CENTER sim={adjust=resize} ty=APPLICATION fmt=TRANSPARENT wanim=0x7f11012e
01-04 14:46:26.679 11391 11391 D VRI[MainActivity]:   fl=LAYOUT_IN_SCREEN LAYOUT_INSET_DECOR SPLIT_TOUCH HARDWARE_ACCELERATED DRAWS_SYSTEM_BAR_BACKGROUNDS
01-04 14:46:26.679 11391 11391 D VRI[MainActivity]:   pfl=NO_MOVE_ANIMATION FORCE_DRAW_STATUS_BAR_BACKGROUND FIT_INSETS_CONTROLLED
01-04 14:46:26.679 11391 11391 D VRI[MainActivity]:   bhv=DEFAULT
01-04 14:46:26.679 11391 11391 D VRI[MainActivity]:   fitSides=} by setLayoutParams
01-04 14:46:26.689 11391 11563 E OpenGLRenderer: Unable to match the desired swap behavior.
01-04 14:46:26.695 11391 11563 W Parcel  : Expecting binder but got null!
01-04 14:46:26.707 11391 11391 D VRI[MainActivity]: update {(0,0)(fillxfill) gr=CENTER sim={adjust=resize} ty=APPLICATION fmt=TRANSPARENT wanim=0x7f11012e
01-04 14:46:26.707 11391 11391 D VRI[MainActivity]:   fl=LAYOUT_IN_SCREEN LAYOUT_INSET_DECOR SPLIT_TOUCH HARDWARE_ACCELERATED DRAWS_SYSTEM_BAR_BACKGROUNDS
01-04 14:46:26.707 11391 11391 D VRI[MainActivity]:   pfl=NO_MOVE_ANIMATION FORCE_DRAW_STATUS_BAR_BACKGROUND FIT_INSETS_CONTROLLED
01-04 14:46:26.707 11391 11391 D VRI[MainActivity]:   bhv=DEFAULT
