--------- beginning of main
01-09 22:54:50.254  7111  7111 I id_reminder_app: Using CollectorTypeCC GC.
01-09 22:54:50.262  7111  7111 D nativeloader: Load libframework-connectivity-tiramisu-jni.so using APEX ns com_android_tethering for caller /apex/com.android.tethering/javalib/framework-connectivity-t.jar: ok
01-09 22:54:50.273  7111  7111 D CompatibilityChangeReporter: Compat change id reported: 171979766; UID 11052; state: ENABLED
01-09 22:54:50.295  7111  7111 D nativeloader: Configuring clns-4 for other apk /data/app/~~sk2fHWEY-98n1QRNvdi1SQ==/app.rork.dominder_android_reminder_app-IWs3aRE6QZEr6Y0RKHOA1g==/base.apk. target_sdk_version=35, uses_libraries=, library_path=/data/app/~~sk2fHWEY-98n1QRNvdi1SQ==/app.rork.dominder_android_reminder_app-IWs3aRE6QZEr6Y0RKHOA1g==/lib/arm64:/data/app/~~sk2fHWEY-98n1QRNvdi1SQ==/app.rork.dominder_android_reminder_app-IWs3aRE6QZEr6Y0RKHOA1g==/base.apk!/lib/arm64-v8a, permitted_path=/data:/mnt/expand:/data/user/0/app.rork.dominder_android_reminder_app
01-09 22:54:50.305  7111  7111 D nativeloader: Load libframework-connectivity-jni.so using APEX ns com_android_tethering for caller /apex/com.android.tethering/javalib/framework-connectivity.jar: ok
01-09 22:54:50.307  7111  7111 V GraphicsEnvironment: ANGLE Developer option for 'app.rork.dominder_android_reminder_app' set to: 'default'
01-09 22:54:50.307  7111  7111 V GraphicsEnvironment: ANGLE GameManagerService for app.rork.dominder_android_reminder_app: false
01-09 22:54:50.307  7111  7111 V GraphicsEnvironment: Neither updatable production driver nor prerelease driver is supported.
01-09 22:54:50.309  7111  7111 D NetworkSecurityConfig: No Network Security Config specified, using platform default
01-09 22:54:50.309  7111  7111 D NetworkSecurityConfig: No Network Security Config specified, using platform default
01-09 22:54:50.321  7111  7111 D WM-WrkMgrInitializer: Initializing WorkManager with default configuration.
01-09 22:54:50.325  7111  7111 D WM-PackageManagerHelper: Skipping component enablement for androidx.work.impl.background.systemjob.SystemJobService
01-09 22:54:50.325  7111  7111 D WM-Schedulers: Created SystemJobScheduler and enabled SystemJobService
01-09 22:54:50.328  7111  7111 D NOTIFEE : (context): received application context
01-09 22:54:50.330  7111  7111 W SoLoader: Initializing SoLoader: 0
01-09 22:54:50.330  7111  7111 W SoLoader: Recording new base apk path: /data/app/~~sk2fHWEY-98n1QRNvdi1SQ==/app.rork.dominder_android_reminder_app-IWs3aRE6QZEr6Y0RKHOA1g==/base.apk
01-09 22:54:50.330  7111  7111 W SoLoader: Previously recorded 0 base apk paths.
01-09 22:54:50.331  7111  7111 I SoLoader: Preparing SO source: DirectorySoSource[root = /vendor/lib64 flags = 2]
01-09 22:54:50.331  7111  7111 I SoLoader: Preparing SO source: DirectorySoSource[root = /system/lib64 flags = 2]
01-09 22:54:50.331  7111  7111 I SoLoader: Preparing SO source: DirectApkSoSource[root = [/data/app/~~sk2fHWEY-98n1QRNvdi1SQ==/app.rork.dominder_android_reminder_app-IWs3aRE6QZEr6Y0RKHOA1g==/base.apk!/lib/arm64-v8a]]
01-09 22:54:50.334  7111  7111 I SoLoader: Preparing SO source: ApplicationSoSource[DirectorySoSource[root = /data/app/~~sk2fHWEY-98n1QRNvdi1SQ==/app.rork.dominder_android_reminder_app-IWs3aRE6QZEr6Y0RKHOA1g==/lib/arm64 flags = 0]]
01-09 22:54:50.334  7111  7111 I SoLoader: init finish: 4 SO sources prepared
01-09 22:54:50.334  7111  7111 W SoLoader: SoLoader initialized: 8
01-09 22:54:50.339  7111  7127 D CompatibilityChangeReporter: Compat change id reported: 160794467; UID 11052; state: ENABLED
01-09 22:54:50.343  7111  7111 D nativeloader: Load /data/app/~~sk2fHWEY-98n1QRNvdi1SQ==/app.rork.dominder_android_reminder_app-IWs3aRE6QZEr6Y0RKHOA1g==/base.apk!/lib/arm64-v8a/libc++_shared.so using class loader ns clns-4 (caller=/data/app/~~sk2fHWEY-98n1QRNvdi1SQ==/app.rork.dominder_android_reminder_app-IWs3aRE6QZEr6Y0RKHOA1g==/base.apk!classes2.dex): ok
01-09 22:54:50.348  7111  7111 D nativeloader: Load /data/app/~~sk2fHWEY-98n1QRNvdi1SQ==/app.rork.dominder_android_reminder_app-IWs3aRE6QZEr6Y0RKHOA1g==/base.apk!/lib/arm64-v8a/libjsi.so using class loader ns clns-4 (caller=/data/app/~~sk2fHWEY-98n1QRNvdi1SQ==/app.rork.dominder_android_reminder_app-IWs3aRE6QZEr6Y0RKHOA1g==/base.apk!classes2.dex): ok
01-09 22:54:50.353  7111  7111 D nativeloader: Load /data/app/~~sk2fHWEY-98n1QRNvdi1SQ==/app.rork.dominder_android_reminder_app-IWs3aRE6QZEr6Y0RKHOA1g==/base.apk!/lib/arm64-v8a/libfbjni.so using class loader ns clns-4 (caller=/data/app/~~sk2fHWEY-98n1QRNvdi1SQ==/app.rork.dominder_android_reminder_app-IWs3aRE6QZEr6Y0RKHOA1g==/base.apk!classes2.dex): ok
01-09 22:54:50.359  7111  7111 D nativeloader: Load /data/app/~~sk2fHWEY-98n1QRNvdi1SQ==/app.rork.dominder_android_reminder_app-IWs3aRE6QZEr6Y0RKHOA1g==/base.apk!/lib/arm64-v8a/libreactnative.so using class loader ns clns-4 (caller=/data/app/~~sk2fHWEY-98n1QRNvdi1SQ==/app.rork.dominder_android_reminder_app-IWs3aRE6QZEr6Y0RKHOA1g==/base.apk!classes2.dex): ok
01-09 22:54:50.359  7111  7111 D jni_lib_merge: Entering merged library JNI_OnLoad.
01-09 22:54:50.359  7111  7111 D jni_lib_merge: Preparing 11 pre-merged libs (including stub)
01-09 22:54:50.359  7111  7111 D jni_lib_merge: Preparing to register libfabricjni_so.  onload_func: 0x78399c64c4
01-09 22:54:50.359  7111  7111 D jni_lib_merge: Preparing to register libreact_devsupportjni_so.  onload_func: 0x7839a98110
01-09 22:54:50.359  7111  7111 D jni_lib_merge: Preparing to register libreact_featureflagsjni_so.  onload_func: 0x7839aa03ac
01-09 22:54:50.359  7111  7111 D jni_lib_merge: Preparing to register libreact_newarchdefaults_so.  onload_func: 0x7839ac43c8
01-09 22:54:50.359  7111  7111 D jni_lib_merge: Preparing to register libreactnativeblob_so.  onload_func: 0x7839b4b21c
01-09 22:54:50.359  7111  7111 D jni_lib_merge: Preparing to register libreactnativejni_so.  onload_func: 0x7839b69204
01-09 22:54:50.359  7111  7111 D jni_lib_merge: Preparing to register librninstance_so.  onload_func: 0x7839b82990
01-09 22:54:50.359  7111  7111 D jni_lib_merge: Preparing to register libturbomodulejsijni_so.  onload_func: 0x7839bfd87c
01-09 22:54:50.359  7111  7111 D jni_lib_merge: Preparing to register libuimanagerjni_so.  onload_func: 0x7839c04d94
01-09 22:54:50.359  7111  7111 D jni_lib_merge: Preparing to register libyoga_so.  onload_func: 0x7839c0a1e8
01-09 22:54:50.359  7111  7111 D jni_lib_merge: About to register 10 actual methods.
01-09 22:54:50.367  7111  7111 D nativeloader: Load /data/app/~~sk2fHWEY-98n1QRNvdi1SQ==/app.rork.dominder_android_reminder_app-IWs3aRE6QZEr6Y0RKHOA1g==/base.apk!/lib/arm64-v8a/libreact_codegen_rnscreens.so using class loader ns clns-4 (caller=/data/app/~~sk2fHWEY-98n1QRNvdi1SQ==/app.rork.dominder_android_reminder_app-IWs3aRE6QZEr6Y0RKHOA1g==/base.apk!classes2.dex): ok
01-09 22:54:50.367  7111  7111 D jni_lib_merge: Entering merged library JNI_OnLoad.
01-09 22:54:50.367  7111  7111 D jni_lib_merge: Preparing 11 pre-merged libs (including stub)
01-09 22:54:50.367  7111  7111 D jni_lib_merge: Preparing to register libfabricjni_so.  onload_func: 0x78399c64c4
01-09 22:54:50.367  7111  7111 D jni_lib_merge: Preparing to register libreact_devsupportjni_so.  onload_func: 0x7839a98110
01-09 22:54:50.367  7111  7111 D jni_lib_merge: Preparing to register libreact_featureflagsjni_so.  onload_func: 0x7839aa03ac
01-09 22:54:50.367  7111  7111 D jni_lib_merge: Preparing to register libreact_newarchdefaults_so.  onload_func: 0x7839ac43c8
01-09 22:54:50.367  7111  7111 D jni_lib_merge: Preparing to register libreactnativeblob_so.  onload_func: 0x7839b4b21c
01-09 22:54:50.367  7111  7111 D jni_lib_merge: Preparing to register libreactnativejni_so.  onload_func: 0x7839b69204
01-09 22:54:50.367  7111  7111 D jni_lib_merge: Preparing to register librninstance_so.  onload_func: 0x7839b82990
01-09 22:54:50.367  7111  7111 D jni_lib_merge: Preparing to register libturbomodulejsijni_so.  onload_func: 0x7839bfd87c
01-09 22:54:50.367  7111  7111 D jni_lib_merge: Preparing to register libuimanagerjni_so.  onload_func: 0x7839c04d94
01-09 22:54:50.367  7111  7111 D jni_lib_merge: Preparing to register libyoga_so.  onload_func: 0x7839c0a1e8
01-09 22:54:50.367  7111  7111 D jni_lib_merge: About to register 10 actual methods.
01-09 22:54:50.372  7111  7111 D nativeloader: Load /data/app/~~sk2fHWEY-98n1QRNvdi1SQ==/app.rork.dominder_android_reminder_app-IWs3aRE6QZEr6Y0RKHOA1g==/base.apk!/lib/arm64-v8a/libreact_codegen_rnsvg.so using class loader ns clns-4 (caller=/data/app/~~sk2fHWEY-98n1QRNvdi1SQ==/app.rork.dominder_android_reminder_app-IWs3aRE6QZEr6Y0RKHOA1g==/base.apk!classes2.dex): ok
01-09 22:54:50.372  7111  7111 D jni_lib_merge: Entering merged library JNI_OnLoad.
01-09 22:54:50.372  7111  7111 D jni_lib_merge: Preparing 11 pre-merged libs (including stub)
01-09 22:54:50.372  7111  7111 D jni_lib_merge: Preparing to register libfabricjni_so.  onload_func: 0x78399c64c4
01-09 22:54:50.372  7111  7111 D jni_lib_merge: Preparing to register libreact_devsupportjni_so.  onload_func: 0x7839a98110
01-09 22:54:50.372  7111  7111 D jni_lib_merge: Preparing to register libreact_featureflagsjni_so.  onload_func: 0x7839aa03ac
01-09 22:54:50.372  7111  7111 D jni_lib_merge: Preparing to register libreact_newarchdefaults_so.  onload_func: 0x7839ac43c8
01-09 22:54:50.372  7111  7111 D jni_lib_merge: Preparing to register libreactnativeblob_so.  onload_func: 0x7839b4b21c
01-09 22:54:50.372  7111  7111 D jni_lib_merge: Preparing to register libreactnativejni_so.  onload_func: 0x7839b69204
01-09 22:54:50.372  7111  7111 D jni_lib_merge: Preparing to register librninstance_so.  onload_func: 0x7839b82990
01-09 22:54:50.372  7111  7111 D jni_lib_merge: Preparing to register libturbomodulejsijni_so.  onload_func: 0x7839bfd87c
01-09 22:54:50.372  7111  7111 D jni_lib_merge: Preparing to register libuimanagerjni_so.  onload_func: 0x7839c04d94
01-09 22:54:50.372  7111  7111 D jni_lib_merge: Preparing to register libyoga_so.  onload_func: 0x7839c0a1e8
01-09 22:54:50.372  7111  7111 D jni_lib_merge: About to register 10 actual methods.
01-09 22:54:50.376  7111  7111 D nativeloader: Load /data/app/~~sk2fHWEY-98n1QRNvdi1SQ==/app.rork.dominder_android_reminder_app-IWs3aRE6QZEr6Y0RKHOA1g==/base.apk!/lib/arm64-v8a/libreact_codegen_safeareacontext.so using class loader ns clns-4 (caller=/data/app/~~sk2fHWEY-98n1QRNvdi1SQ==/app.rork.dominder_android_reminder_app-IWs3aRE6QZEr6Y0RKHOA1g==/base.apk!classes2.dex): ok
01-09 22:54:50.380  7111  7111 D nativeloader: Load /data/app/~~sk2fHWEY-98n1QRNvdi1SQ==/app.rork.dominder_android_reminder_app-IWs3aRE6QZEr6Y0RKHOA1g==/base.apk!/lib/arm64-v8a/libappmodules.so using class loader ns clns-4 (caller=/data/app/~~sk2fHWEY-98n1QRNvdi1SQ==/app.rork.dominder_android_reminder_app-IWs3aRE6QZEr6Y0RKHOA1g==/base.apk!classes2.dex): ok
01-09 22:54:50.380  7111  7111 I Typeface: updateThemeFont new=Rookery-Regular;old=sans-serif;new=Rookery-Stacked;old=
01-09 22:54:50.387  7111  7111 D AppCompatDelegate: Checking for metadata for AppLocalesMetadataHolderService : Service not found
01-09 22:54:50.408  7111  7111 W unknown:BridgelessReact: ReactHost{0}.startSurface(surfaceId = 0): Schedule
01-09 22:54:50.408  7111  7111 W unknown:BridgelessReact: ReactHost{0}.attachSurface(surfaceId = 0)
01-09 22:54:50.408  7111  7144 W unknown:BridgelessReact: ReactHost{0}.getOrCreateReactInstanceTask()
01-09 22:54:50.408  7111  7144 W unknown:BridgelessReact: ReactHost{0}.getOrCreateReactInstanceTask(): Start
01-09 22:54:50.408  7111  7144 W unknown:BridgelessReact: ReactHost{0}.getJSBundleLoader()
01-09 22:54:50.408  7111  7144 W unknown:BridgelessReact: ReactHost{0}.getOrCreateReactContext(): Creating BridgelessReactContext
01-09 22:54:50.409  7111  7144 W unknown:BridgelessReact: ReactHost{0}.getOrCreateReactInstanceTask(): Creating ReactInstance
01-09 22:54:50.411  7111  7111 W unknown:BridgelessReact: ReactHost{0}.onHostResume(activity)
01-09 22:54:50.411  7111  7111 W unknown:BridgelessReact: ReactContext.onHostResume()
01-09 22:54:50.417  7111  7144 D nativeloader: Load /data/app/~~sk2fHWEY-98n1QRNvdi1SQ==/app.rork.dominder_android_reminder_app-IWs3aRE6QZEr6Y0RKHOA1g==/base.apk!/lib/arm64-v8a/libhermes.so using class loader ns clns-4 (caller=/data/app/~~sk2fHWEY-98n1QRNvdi1SQ==/app.rork.dominder_android_reminder_app-IWs3aRE6QZEr6Y0RKHOA1g==/base.apk!classes2.dex): ok
--------- beginning of system
01-09 22:54:50.417  7111  7111 D ViewRootImpl: update {(0,0)(fillxfill) sim={adjust=pan forwardNavigation} ty=BASE_APPLICATION wanim=0x10302fd
01-09 22:54:50.417  7111  7111 D ViewRootImpl:   fl=LAYOUT_IN_SCREEN LAYOUT_INSET_DECOR SPLIT_TOUCH HARDWARE_ACCELERATED DRAWS_SYSTEM_BAR_BACKGROUNDS
01-09 22:54:50.417  7111  7111 D ViewRootImpl:   pfl=NO_MOVE_ANIMATION FORCE_DRAW_STATUS_BAR_BACKGROUND FIT_INSETS_CONTROLLED
01-09 22:54:50.417  7111  7111 D ViewRootImpl:   bhv=DEFAULT
01-09 22:54:50.417  7111  7111 D ViewRootImpl:   fitSides=} by setView
01-09 22:54:50.419  7111  7144 D nativeloader: Load /data/app/~~sk2fHWEY-98n1QRNvdi1SQ==/app.rork.dominder_android_reminder_app-IWs3aRE6QZEr6Y0RKHOA1g==/base.apk!/lib/arm64-v8a/libhermestooling.so using class loader ns clns-4 (caller=/data/app/~~sk2fHWEY-98n1QRNvdi1SQ==/app.rork.dominder_android_reminder_app-IWs3aRE6QZEr6Y0RKHOA1g==/base.apk!classes2.dex): ok
01-09 22:54:50.419  7111  7144 D jni_lib_merge: Entering merged library JNI_OnLoad.
01-09 22:54:50.419  7111  7144 D jni_lib_merge: Preparing 4 pre-merged libs (including stub)
01-09 22:54:50.419  7111  7144 D jni_lib_merge: Preparing to register libhermes_executor_so.  onload_func: 0x78bf15d11c
01-09 22:54:50.419  7111  7144 D jni_lib_merge: Preparing to register libhermesinstancejni_so.  onload_func: 0x78bf164a58
01-09 22:54:50.419  7111  7144 D jni_lib_merge: Preparing to register libjsijniprofiler_so.  onload_func: 0x78bf165114
01-09 22:54:50.419  7111  7144 D jni_lib_merge: About to register 3 actual methods.
01-09 22:54:50.454  7111  7134 I AdrenoGLES-0: QUALCOMM build                   : 43fc279f3a, I58833f8ed4
01-09 22:54:50.454  7111  7134 I AdrenoGLES-0: Build Date                       : 03/24/23
01-09 22:54:50.454  7111  7134 I AdrenoGLES-0: OpenGL ES Shader Compiler Version: EV031.32.02.17
01-09 22:54:50.454  7111  7134 I AdrenoGLES-0: Local Branch                     : 
01-09 22:54:50.454  7111  7134 I AdrenoGLES-0: Remote Branch                    : 
01-09 22:54:50.454  7111  7134 I AdrenoGLES-0: Remote Branch                    : 
01-09 22:54:50.454  7111  7134 I AdrenoGLES-0: Reconstruct Branch               : 
01-09 22:54:50.454  7111  7134 I AdrenoGLES-0: Build Config                     : S P 10.0.7 AArch64
01-09 22:54:50.454  7111  7134 I AdrenoGLES-0: Driver Path                      : /vendor/lib64/egl/libGLESv2_adreno.so
01-09 22:54:50.463  7111  7134 I AdrenoGLES-0: PFP: 0x016ee197, ME: 0x00000000
01-09 22:54:50.482  7111  7134 I OpenGLRenderer: setGrContext nullptr-->validptr
01-09 22:54:50.488  7111  7134 E OpenGLRenderer: Unable to match the desired swap behavior.
01-09 22:54:50.579  7111  7144 I ExpoModulesCore:  AppContext was initialized
01-09 22:54:50.580  7111  7144 D DoMinderDebug: MissedAlarmReceiver: Registered broadcast receiver
01-09 22:54:50.582  7111  7144 W ReactNativeJNI: Component property map contains multiple entries for 'borderColor'. Ensure all calls to convertRawProp use a consistent prefix, name and suffix.
01-09 22:54:50.582  7111  7144 W ReactNativeJNI: Component property map contains multiple entries for 'borderStyle'. Ensure all calls to convertRawProp use a consistent prefix, name and suffix.
01-09 22:54:50.582  7111  7144 W ReactNativeJNI: Component property map contains multiple entries for 'borderRadius'. Ensure all calls to convertRawProp use a consistent prefix, name and suffix.
01-09 22:54:50.582  7111  7144 W ReactNativeJNI: Component property map contains multiple entries for 'borderEndColor'. Ensure all calls to convertRawProp use a consistent prefix, name and suffix.
01-09 22:54:50.582  7111  7144 W ReactNativeJNI: Component property map contains multiple entries for 'borderTopColor'. Ensure all calls to convertRawProp use a consistent prefix, name and suffix.
01-09 22:54:50.582  7111  7144 W ReactNativeJNI: Component property map contains multiple entries for 'borderLeftColor'. Ensure all calls to convertRawProp use a consistent prefix, name and suffix.
01-09 22:54:50.582  7111  7144 W ReactNativeJNI: Component property map contains multiple entries for 'borderBlockColor'. Ensure all calls to convertRawProp use a consistent prefix, name and suffix.
01-09 22:54:50.582  7111  7144 W ReactNativeJNI: Component property map contains multiple entries for 'borderRightColor'. Ensure all calls to convertRawProp use a consistent prefix, name and suffix.
01-09 22:54:50.582  7111  7144 W ReactNativeJNI: Component property map contains multiple entries for 'borderStartColor'. Ensure all calls to convertRawProp use a consistent prefix, name and suffix.
01-09 22:54:50.582  7111  7144 W ReactNativeJNI: Component property map contains multiple entries for 'borderBottomColor'. Ensure all calls to convertRawProp use a consistent prefix, name and suffix.
01-09 22:54:50.582  7111  7144 W ReactNativeJNI: Component property map contains multiple entries for 'borderEndEndRadius'. Ensure all calls to convertRawProp use a consistent prefix, name and suffix.
01-09 22:54:50.582  7111  7144 W ReactNativeJNI: Component property map contains multiple entries for 'borderTopEndRadius'. Ensure all calls to convertRawProp use a consistent prefix, name and suffix.
01-09 22:54:50.582  7111  7144 W ReactNativeJNI: Component property map contains multiple entries for 'borderBlockEndColor'. Ensure all calls to convertRawProp use a consistent prefix, name and suffix.
01-09 22:54:50.583  7111  7144 W ReactNativeJNI: Component property map contains multiple entries for 'borderTopLeftRadius'. Ensure all calls to convertRawProp use a consistent prefix, name and suffix.
01-09 22:54:50.583  7111  7144 W ReactNativeJNI: Component property map contains multiple entries for 'borderEndStartRadius'. Ensure all calls to convertRawProp use a consistent prefix, name and suffix.
01-09 22:54:50.583  7111  7144 W ReactNativeJNI: Component property map contains multiple entries for 'borderStartEndRadius'. Ensure all calls to convertRawProp use a consistent prefix, name and suffix.
01-09 22:54:50.583  7111  7144 W ReactNativeJNI: Component property map contains multiple entries for 'borderTopRightRadius'. Ensure all calls to convertRawProp use a consistent prefix, name and suffix.
01-09 22:54:50.583  7111  7144 W ReactNativeJNI: Component property map contains multiple entries for 'borderTopStartRadius'. Ensure all calls to convertRawProp use a consistent prefix, name and suffix.
01-09 22:54:50.583  7111  7144 W ReactNativeJNI: Component property map contains multiple entries for 'borderBlockStartColor'. Ensure all calls to convertRawProp use a consistent prefix, name and suffix.
01-09 22:54:50.583  7111  7144 W ReactNativeJNI: Component property map contains multiple entries for 'borderBottomEndRadius'. Ensure all calls to convertRawProp use a consistent prefix, name and suffix.
01-09 22:54:50.583  7111  7144 W ReactNativeJNI: Component property map contains multiple entries for 'borderBottomLeftRadius'. Ensure all calls to convertRawProp use a consistent prefix, name and suffix.
01-09 22:54:50.583  7111  7144 W ReactNativeJNI: Component property map contains multiple entries for 'borderStartStartRadius'. Ensure all calls to convertRawProp use a consistent prefix, name and suffix.
01-09 22:54:50.583  7111  7144 W ReactNativeJNI: Component property map contains multiple entries for 'borderBottomRightRadius'. Ensure all calls to convertRawProp use a consistent prefix, name and suffix.
01-09 22:54:50.583  7111  7144 W ReactNativeJNI: Component property map contains multiple entries for 'borderBottomStartRadius'. Ensure all calls to convertRawProp use a consistent prefix, name and suffix.
01-09 22:54:50.597  7111  7144 W ReactNativeJNI: Component property map contains multiple entries for 'borderColor'. Ensure all calls to convertRawProp use a consistent prefix, name and suffix.
01-09 22:54:50.597  7111  7144 W ReactNativeJNI: Component property map contains multiple entries for 'borderStyle'. Ensure all calls to convertRawProp use a consistent prefix, name and suffix.
01-09 22:54:50.612  7111  7144 W unknown:BridgelessReact: ReactHost{0}.getOrCreateReactInstanceTask(): Loading JS Bundle
01-09 22:54:50.612  7111  7144 W unknown:BridgelessReact: ReactHost{0}.getOrCreateReactInstanceTask(): Calling DevSupportManagerBase.onNewReactContextCreated(reactContext)
01-09 22:54:50.612  7111  7144 W unknown:BridgelessReact: ReactHost{0}.startSurface(surfaceId = 0): Execute
01-09 22:54:50.621  7111  7111 W unknown:BridgelessReact: ReactContext.onHostResume()
01-09 22:54:50.621  7111  7111 W unknown:BridgelessReact: ReactHost{0}.getOrCreateReactInstanceTask(): Executing ReactInstanceEventListeners
01-09 22:54:50.628  7111  7145 D nativeloader: Load /data/app/~~sk2fHWEY-98n1QRNvdi1SQ==/app.rork.dominder_android_reminder_app-IWs3aRE6QZEr6Y0RKHOA1g==/base.apk!/lib/arm64-v8a/libexpo-modules-core.so using class loader ns clns-4 (caller=/data/app/~~sk2fHWEY-98n1QRNvdi1SQ==/app.rork.dominder_android_reminder_app-IWs3aRE6QZEr6Y0RKHOA1g==/base.apk!classes2.dex): ok
01-09 22:54:50.637  7111  7145 D CompatibilityChangeReporter: Compat change id reported: 210923482; UID 11052; state: ENABLED
01-09 22:54:50.640  7111  7145 W unknown:ViewManagerPropertyUpdater: Could not find generated setter for class com.th3rdwave.safeareacontext.SafeAreaProviderManager
01-09 22:54:50.641  7111  7145 W unknown:ViewManagerPropertyUpdater: Could not find generated setter for class com.facebook.react.uimanager.LayoutShadowNode
01-09 22:54:50.643  7111  7145 W unknown:ViewManagerPropertyUpdater: Could not find generated setter for class com.swmansion.rnscreens.SearchBarManager
01-09 22:54:50.644  7111  7145 W unknown:ViewManagerPropertyUpdater: Could not find generated setter for class com.swmansion.rnscreens.ScreenFooterManager
01-09 22:54:50.644  7111  7145 W unknown:ViewManagerPropertyUpdater: Could not find generated setter for class expo.modules.kotlin.views.GroupViewManagerWrapper
01-09 22:54:50.645  7111  7145 W unknown:ViewManagerPropertyUpdater: Could not find generated setter for class com.swmansion.rnscreens.ScreenContainerViewManager
01-09 22:54:50.646  7111  7145 W unknown:ViewManagerPropertyUpdater: Could not find generated setter for class com.swmansion.rnscreens.ModalScreenViewManager
01-09 22:54:50.648  7111  7145 W unknown:ViewManagerPropertyUpdater: Could not find generated setter for class com.swmansion.rnscreens.ScreenStackHeaderConfigViewManager
01-09 22:54:50.648  7111  7145 W unknown:ViewManagerPropertyUpdater: Could not find generated setter for class com.swmansion.rnscreens.ScreenContentWrapperManager
01-09 22:54:50.649  7111  7145 W unknown:ViewManagerPropertyUpdater: Could not find generated setter for class com.th3rdwave.safeareacontext.SafeAreaViewManager
01-09 22:54:50.650  7111  7145 W unknown:ViewManagerPropertyUpdater: Could not find generated setter for class com.th3rdwave.safeareacontext.SafeAreaViewShadowNode
01-09 22:54:50.650  7111  7145 W unknown:ViewManagerPropertyUpdater: Could not find generated setter for class com.shopify.reactnative.flash_list.AutoLayoutViewManager
01-09 22:54:50.650  7111  7145 W unknown:ViewManagerPropertyUpdater: Could not find generated setter for class com.shopify.reactnative.flash_list.CellContainerManager
01-09 22:54:50.651  7111  7145 W unknown:ViewManagerPropertyUpdater: Could not find generated setter for class com.swmansion.rnscreens.ScreenViewManager
01-09 22:54:50.651  7111  7145 W unknown:ViewManagerPropertyUpdater: Could not find generated setter for class expo.modules.kotlin.views.SimpleViewManagerWrapper
01-09 22:54:50.652  7111  7145 W unknown:ViewManagerPropertyUpdater: Could not find generated setter for class com.swmansion.rnscreens.ScreenStackHeaderSubviewManager
01-09 22:54:50.653  7111  7145 W unknown:ViewManagerPropertyUpdater: Could not find generated setter for class com.swmansion.rnscreens.ScreenStackViewManager
01-09 22:54:50.674  7111  7145 W unknown:ViewManagerPropertyUpdater: Could not find generated setter for class com.horcrux.svg.RenderableViewManager$DefsViewManager
01-09 22:54:50.675  7111  7145 W unknown:ViewManagerPropertyUpdater: Could not find generated setter for class com.horcrux.svg.VirtualViewManager$RenderableShadowNode
01-09 22:54:50.676  7111  7145 W unknown:ViewManagerPropertyUpdater: Could not find generated setter for class com.horcrux.svg.RenderableViewManager$FeMergeManager
01-09 22:54:50.678  7111  7145 W unknown:ViewManagerPropertyUpdater: Could not find generated setter for class com.facebook.react.views.safeareaview.ReactSafeAreaViewManager
01-09 22:54:50.678  7111  7145 W unknown:ViewManagerPropertyUpdater: Could not find generated setter for class com.facebook.react.views.safeareaview.ReactSafeAreaViewShadowNode
01-09 22:54:50.679  7111  7145 W unknown:ViewManagerPropertyUpdater: Could not find generated setter for class com.horcrux.svg.RenderableViewManager$LinearGradientManager
01-09 22:54:50.681  7111  7145 W unknown:ViewManagerPropertyUpdater: Could not find generated setter for class com.horcrux.svg.RenderableViewManager$FeGaussianBlurManager
01-09 22:54:50.682  7111  7145 W unknown:ViewManagerPropertyUpdater: Could not find generated setter for class com.facebook.react.views.progressbar.ReactProgressBarViewManager
01-09 22:54:50.682  7111  7145 W unknown:ViewManagerPropertyUpdater: Could not find generated setter for class com.facebook.react.views.progressbar.ProgressBarShadowNode
01-09 22:54:50.684  7111  7145 W unknown:ViewManagerPropertyUpdater: Could not find generated setter for class com.facebook.react.views.scroll.ReactHorizontalScrollViewManager
01-09 22:54:50.686  7111  7145 W unknown:ViewManagerPropertyUpdater: Could not find generated setter for class com.facebook.react.views.text.ReactTextViewManager
01-09 22:54:50.686  7111  7145 W unknown:ViewManagerPropertyUpdater: Could not find generated setter for class com.facebook.react.views.text.ReactTextShadowNode
01-09 22:54:50.688  7111  7145 W unknown:ViewManagerPropertyUpdater: Could not find generated setter for class com.horcrux.svg.RenderableViewManager$FeColorMatrixManager
01-09 22:54:50.689  7111  7145 W unknown:ViewManagerPropertyUpdater: Could not find generated setter for class com.facebook.react.views.scroll.ReactHorizontalScrollContainerViewManager
01-09 22:54:50.691  7111  7145 W unknown:ViewManagerPropertyUpdater: Could not find generated setter for class com.horcrux.svg.RenderableViewManager$ClipPathViewManager
01-09 22:54:50.693  7111  7145 W unknown:ViewManagerPropertyUpdater: Could not find generated setter for class com.horcrux.svg.RenderableViewManager$SymbolManager
01-09 22:54:50.695  7111  7145 W unknown:ViewManagerPropertyUpdater: Could not find generated setter for class com.horcrux.svg.RenderableViewManager$PatternManager
01-09 22:54:50.697  7111  7145 W unknown:ViewManagerPropertyUpdater: Could not find generated setter for class com.horcrux.svg.RenderableViewManager$FeBlendManager
01-09 22:54:50.698  7111  7145 W unknown:ViewManagerPropertyUpdater: Could not find generated setter for class com.facebook.react.views.view.ReactViewManager
01-09 22:54:50.700  7111  7145 W unknown:ViewManagerPropertyUpdater: Could not find generated setter for class com.horcrux.svg.SvgViewManager
01-09 22:54:50.701  7111  7145 W unknown:ViewManagerPropertyUpdater: Could not find generated setter for class com.facebook.react.views.switchview.ReactSwitchManager
01-09 22:54:50.702  7111  7145 W unknown:ViewManagerPropertyUpdater: Could not find generated setter for class com.facebook.react.views.switchview.ReactSwitchShadowNode
01-09 22:54:50.703  7111  7145 W unknown:ViewManagerPropertyUpdater: Could not find generated setter for class com.horcrux.svg.RenderableViewManager$UseViewManager
01-09 22:54:50.704  7111  7145 W unknown:ViewManagerPropertyUpdater: Could not find generated setter for class com.horcrux.svg.RenderableViewManager$CircleViewManager
01-09 22:54:50.706  7111  7145 W unknown:ViewManagerPropertyUpdater: Could not find generated setter for class com.horcrux.svg.RenderableViewManager$TSpanViewManager
01-09 22:54:50.708  7111  7145 W unknown:ViewManagerPropertyUpdater: Could not find generated setter for class com.horcrux.svg.RenderableViewManager$FilterManager
01-09 22:54:50.709  7111  7145 W unknown:ViewManagerPropertyUpdater: Could not find generated setter for class com.horcrux.svg.RenderableViewManager$MarkerManager
01-09 22:54:50.711  7111  7145 W unknown:ViewManagerPropertyUpdater: Could not find generated setter for class com.swmansion.gesturehandler.react.RNGestureHandlerButtonViewManager
01-09 22:54:50.713  7111  7145 W unknown:ViewManagerPropertyUpdater: Could not find generated setter for class com.facebook.react.views.modal.ReactModalHostManager
01-09 22:54:50.714  7111  7145 W unknown:ViewManagerPropertyUpdater: Could not find generated setter for class com.horcrux.svg.RenderableViewManager$ForeignObjectManager
01-09 22:54:50.716  7111  7145 W unknown:ViewManagerPropertyUpdater: Could not find generated setter for class com.horcrux.svg.RenderableViewManager$EllipseViewManager
01-09 22:54:50.717  7111  7145 W unknown:ViewManagerPropertyUpdater: Could not find generated setter for class com.horcrux.svg.RenderableViewManager$LineViewManager
01-09 22:54:50.719  7111  7145 W unknown:ViewManagerPropertyUpdater: Could not find generated setter for class com.facebook.react.views.text.frescosupport.FrescoBasedReactTextInlineImageViewManager
01-09 22:54:50.719  7111  7145 W unknown:ViewManagerPropertyUpdater: Could not find generated setter for class com.facebook.react.views.text.frescosupport.FrescoBasedReactTextInlineImageShadowNode
01-09 22:54:50.720  7111  7145 W unknown:ViewManagerPropertyUpdater: Could not find generated setter for class com.horcrux.svg.RenderableViewManager$FeFloodManager
01-09 22:54:50.722  7111  7145 W unknown:ViewManagerPropertyUpdater: Could not find generated setter for class com.horcrux.svg.RenderableViewManager$GroupViewManager
01-09 22:54:50.723  7111  7145 W unknown:ViewManagerPropertyUpdater: Could not find generated setter for class com.horcrux.svg.RenderableViewManager$TextViewManager
01-09 22:54:50.725  7111  7145 W unknown:ViewManagerPropertyUpdater: Could not find generated setter for class com.horcrux.svg.RenderableViewManager$ImageViewManager
01-09 22:54:50.726  7111  7145 W unknown:ViewManagerPropertyUpdater: Could not find generated setter for class com.horcrux.svg.RenderableViewManager$FeCompositeManager
01-09 22:54:50.728  7111  7145 W unknown:ViewManagerPropertyUpdater: Could not find generated setter for class com.facebook.react.views.image.ReactImageManager
01-09 22:54:50.729  7111  7145 W unknown:ViewManagerPropertyUpdater: Could not find generated setter for class com.horcrux.svg.RenderableViewManager$RadialGradientManager
01-09 22:54:50.731  7111  7145 W unknown:ViewManagerPropertyUpdater: Could not find generated setter for class com.horcrux.svg.RenderableViewManager$MaskManager
01-09 22:54:50.733  7111  7145 W unknown:ViewManagerPropertyUpdater: Could not find generated setter for class com.facebook.react.views.unimplementedview.ReactUnimplementedViewManager
01-09 22:54:50.734  7111  7145 W unknown:ViewManagerPropertyUpdater: Could not find generated setter for class com.horcrux.svg.RenderableViewManager$RectViewManager
01-09 22:54:50.735  7111  7145 W unknown:ViewManagerPropertyUpdater: Could not find generated setter for class com.horcrux.svg.RenderableViewManager$TextPathViewManager
01-09 22:54:50.737  7111  7145 W unknown:ViewManagerPropertyUpdater: Could not find generated setter for class com.facebook.react.views.scroll.ReactScrollViewManager
01-09 22:54:50.739  7111  7145 W unknown:ViewManagerPropertyUpdater: Could not find generated setter for class com.horcrux.svg.RenderableViewManager$FeOffsetManager
01-09 22:54:50.741  7111  7145 W unknown:ViewManagerPropertyUpdater: Could not find generated setter for class com.horcrux.svg.RenderableViewManager$PathViewManager
01-09 22:54:50.742  7111  7145 W unknown:ViewManagerPropertyUpdater: Could not find generated setter for class com.facebook.react.views.drawer.ReactDrawerLayoutManager
01-09 22:54:50.743  7111  7145 W unknown:ViewManagerPropertyUpdater: Could not find generated setter for class com.facebook.react.views.text.ReactVirtualTextViewManager
01-09 22:54:50.744  7111  7145 W unknown:ViewManagerPropertyUpdater: Could not find generated setter for class com.facebook.react.views.text.ReactVirtualTextShadowNode
01-09 22:54:50.745  7111  7145 W unknown:ViewManagerPropertyUpdater: Could not find generated setter for class com.facebook.react.views.swiperefresh.SwipeRefreshLayoutManager
01-09 22:54:50.746  7111  7145 W unknown:ViewManagerPropertyUpdater: Could not find generated setter for class com.facebook.react.views.text.ReactRawTextManager
01-09 22:54:50.746  7111  7145 W unknown:ViewManagerPropertyUpdater: Could not find generated setter for class com.facebook.react.views.text.ReactRawTextShadowNode
01-09 22:54:50.747  7111  7145 W unknown:ViewManagerPropertyUpdater: Could not find generated setter for class com.facebook.react.views.textinput.ReactTextInputManager
01-09 22:54:50.748  7111  7145 W unknown:ViewManagerPropertyUpdater: Could not find generated setter for class com.facebook.react.views.textinput.ReactTextInputShadowNode
01-09 22:54:50.750  7111  7145 W unknown:ViewManagerPropertyUpdater: Could not find generated setter for class com.swmansion.gesturehandler.react.RNGestureHandlerRootViewManager
01-09 22:54:50.754  7111  7145 W BridgelessReactContext: [WARNING] Bridgeless doesn't support CatalystInstance. Accessing an API that's not part of the new architecture is not encouraged usage.
01-09 22:54:50.758  7111  7145 I ExpoModulesCore:  JSI interop was installed
01-09 22:54:50.759  7111  7145 I ExpoModulesCore:  Constants were exported
01-09 22:54:50.770  7111  7145 D nativeloader: Load /data/app/~~sk2fHWEY-98n1QRNvdi1SQ==/app.rork.dominder_android_reminder_app-IWs3aRE6QZEr6Y0RKHOA1g==/base.apk!/lib/arm64-v8a/libworklets.so using class loader ns clns-4 (caller=/data/app/~~sk2fHWEY-98n1QRNvdi1SQ==/app.rork.dominder_android_reminder_app-IWs3aRE6QZEr6Y0RKHOA1g==/base.apk!classes2.dex): ok
01-09 22:54:50.798  7111  7145 D nativeloader: Load /data/app/~~sk2fHWEY-98n1QRNvdi1SQ==/app.rork.dominder_android_reminder_app-IWs3aRE6QZEr6Y0RKHOA1g==/base.apk!/lib/arm64-v8a/libreanimated.so using class loader ns clns-4 (caller=/data/app/~~sk2fHWEY-98n1QRNvdi1SQ==/app.rork.dominder_android_reminder_app-IWs3aRE6QZEr6Y0RKHOA1g==/base.apk!classes2.dex): ok
01-09 22:54:50.920  7111  7145 D nativeloader: Load /data/app/~~sk2fHWEY-98n1QRNvdi1SQ==/app.rork.dominder_android_reminder_app-IWs3aRE6QZEr6Y0RKHOA1g==/base.apk!/lib/arm64-v8a/librnscreens.so using class loader ns clns-4 (caller=/data/app/~~sk2fHWEY-98n1QRNvdi1SQ==/app.rork.dominder_android_reminder_app-IWs3aRE6QZEr6Y0RKHOA1g==/base.apk!classes2.dex): ok
01-09 22:54:50.928  7111  7145 I ReactNativeJS: '[NotificationService] AlarmModule availability:', 'Available'
01-09 22:54:50.928  7111  7145 I ReactNativeJS: '[NotificationService] AlarmModule methods:', [ 'scheduleAlarm' ]
01-09 22:54:50.929  7111  7145 I ReactNativeJS: Running "main"
01-09 22:54:50.983  7111  7145 I ReactNativeJS: [useAlarmListeners] Setting up native alarm event listeners...
01-09 22:54:50.983  7111  7145 I ReactNativeJS: [AlarmSync] Hook initialized
01-09 22:54:50.983  7111  7145 I ReactNativeJS: [AlarmSync] Checking for completed alarms...
01-09 22:54:50.983  7111  7145 I ReactNativeJS: [RootLayout] Setting up notification handlers
01-09 22:54:50.984  7111  7145 I ReactNativeJS: [RootLayout] Initializing missed alarm service
01-09 22:54:50.984  7111  7145 I ReactNativeJS: [MissedAlarmService] Initializing...
01-09 22:54:50.984  7111  7145 I ReactNativeJS: [MissedAlarmService] Initialized successfully
01-09 22:54:50.984  7111  7145 I ReactNativeJS: [AppStartup] Initializing notification services...
01-09 22:54:50.984  7111  7145 I ReactNativeJS: [Dominder-Debug] Ensuring base notification channels
01-09 22:54:50.984  7111  7145 I ReactNativeJS: '[Dominder-Debug] Creating channel:', '{"id":"standard-v2","name":"Standard Notifications","importance":4,"sound":"default","vibration":true}'
01-09 22:54:50.985  7111  7146 D DoMinderDebug: AlarmModule: getAllNativeReminderStates found 1 reminders
01-09 22:54:50.988  7111  7145 I ReactNativeJS: '[AlarmSync] Syncing native states for', 1, 'reminders'
01-09 22:54:50.988  7111  7145 I ReactNativeJS: '[RootLayout] Initial notification:', null
01-09 22:54:50.989  7111  7146 D DoMinderDebug: AlarmModule: Retrieved 0 completed alarms
01-09 22:54:50.990  7111  7145 I ReactNativeJS: '[AlarmSync] Found completed alarms:', 0
01-09 22:54:50.990  7111  7111 D VRI[MainActivity]: update {(0,0)(fillxfill) sim={adjust=pan forwardNavigation} ty=BASE_APPLICATION wanim=0x10302fd
01-09 22:54:50.990  7111  7111 D VRI[MainActivity]:   fl=LAYOUT_IN_SCREEN LAYOUT_INSET_DECOR SPLIT_TOUCH HARDWARE_ACCELERATED DRAWS_SYSTEM_BAR_BACKGROUNDS
01-09 22:54:50.990  7111  7111 D VRI[MainActivity]:   pfl=NO_MOVE_ANIMATION FORCE_DRAW_STATUS_BAR_BACKGROUND FIT_INSETS_CONTROLLED
01-09 22:54:50.990  7111  7111 D VRI[MainActivity]:   bhv=DEFAULT
01-09 22:54:50.990  7111  7111 D VRI[MainActivity]:   fitSides=} by setLayoutParams
01-09 22:54:50.992  7111  7146 D DoMinderDebug: AlarmModule: Saved notification settings - sound: false, vibration: false
01-09 22:54:50.992  7111  7146 D DoMinderDebug: AlarmModule: Retrieved 0 snoozed alarms
01-09 22:54:50.992  7111  7111 D VRI[MainActivity]: update {(0,0)(fillxfill) sim={adjust=pan forwardNavigation} ty=BASE_APPLICATION wanim=0x10302fd
01-09 22:54:50.992  7111  7111 D VRI[MainActivity]:   fl=LAYOUT_IN_SCREEN FORCE_NOT_FULLSCREEN LAYOUT_INSET_DECOR SPLIT_TOUCH HARDWARE_ACCELERATED DRAWS_SYSTEM_BAR_BACKGROUNDS
01-09 22:54:50.992  7111  7111 D VRI[MainActivity]:   pfl=NO_MOVE_ANIMATION FORCE_DRAW_STATUS_BAR_BACKGROUND FIT_INSETS_CONTROLLED
01-09 22:54:50.992  7111  7111 D VRI[MainActivity]:   bhv=DEFAULT
01-09 22:54:50.992  7111  7111 D VRI[MainActivity]:   fitSides=} by setLayoutParams
01-09 22:54:50.992  7111  7145 I ReactNativeJS: [RootLayout] Initialized notification settings in native
01-09 22:54:50.992  7111  7145 I ReactNativeJS: '[AlarmSync] Found snoozed alarms:', 0
01-09 22:54:50.993  7111  7146 D DoMinderDebug: AlarmModule: Retrieved 0 deleted alarms
01-09 22:54:50.993  7111  7145 I ReactNativeJS: '[AlarmSync] Found deleted alarms:', 0
01-09 22:54:50.993  7111  7111 D VRI[MainActivity]: update {(0,0)(fillxfill) sim={adjust=pan forwardNavigation} ty=BASE_APPLICATION wanim=0x10302fd
01-09 22:54:50.993  7111  7111 D VRI[MainActivity]:   fl=LAYOUT_IN_SCREEN FORCE_NOT_FULLSCREEN LAYOUT_INSET_DECOR SPLIT_TOUCH HARDWARE_ACCELERATED DRAWS_SYSTEM_BAR_BACKGROUNDS
01-09 22:54:50.993  7111  7111 D VRI[MainActivity]:   pfl=NO_MOVE_ANIMATION FORCE_DRAW_STATUS_BAR_BACKGROUND FIT_INSETS_CONTROLLED
01-09 22:54:50.993  7111  7111 D VRI[MainActivity]:   bhv=DEFAULT
01-09 22:54:50.993  7111  7111 D VRI[MainActivity]:   fitSides=} by setLayoutParams
01-09 22:54:50.994  7111  7145 I ReactNativeJS: [AlarmSync] App became active, syncing...
01-09 22:54:50.994  7111  7145 I ReactNativeJS: [AlarmSync] Checking for completed alarms...
01-09 22:54:50.994  7111  7145 I ReactNativeJS: '[Dominder-Debug] Creating channel:', '{"id":"silent-v2","name":"Silent Notifications","importance":2,"vibration":false}'
01-09 22:54:50.994  7111  7146 D DoMinderDebug: AlarmModule: getAllNativeReminderStates found 1 reminders
01-09 22:54:50.994  7111  7145 I ReactNativeJS: '[AlarmSync] Syncing native states for', 1, 'reminders'
01-09 22:54:50.995  7111  7146 D DoMinderDebug: AlarmModule: Retrieved 0 completed alarms
01-09 22:54:50.995  7111  7145 I ReactNativeJS: '[AlarmSync] Found completed alarms:', 0
01-09 22:54:50.995  7111  7146 D DoMinderDebug: AlarmModule: Retrieved 0 snoozed alarms
01-09 22:54:50.995  7111  7145 I ReactNativeJS: '[AlarmSync] Found snoozed alarms:', 0
01-09 22:54:50.995  7111  7146 D DoMinderDebug: AlarmModule: Retrieved 0 deleted alarms
01-09 22:54:50.995  7111  7145 I ReactNativeJS: '[AlarmSync] Found deleted alarms:', 0
01-09 22:54:50.996  7111  7145 I ReactNativeJS: '[Dominder-Debug] Creating channel:', '{"id":"alarm-v2","name":"Alarms","importance":4,"sound":"default","vibration":true,"bypassDnd":true}'
01-09 22:54:50.997  7111  7145 I ReactNativeJS: [Dominder-Debug] Base channels ensured
01-09 22:54:51.001  7111  7111 W unknown:ViewManagerPropertyUpdater: Could not find generated setter for class com.facebook.react.uimanager.RootViewManager
01-09 22:54:51.025  7111  7145 I ReactNativeJS: '[Selection] Mode changed:', false, 'Selected count:', 0
01-09 22:54:51.026  7111  7145 I ReactNativeJS: '[ReminderEngine] Processing reminders, count:', 0
01-09 22:54:51.027  7111  7111 W [RNScreens]: backTitleVisible prop is not available on Android
01-09 22:54:51.027  7111  7111 W [RNScreens]: backTitleFontFamily prop is not available on Android
01-09 22:54:51.027  7111  7111 W [RNScreens]: disableBackButtonMenu prop is not available on Android
01-09 22:54:51.027  7111  7111 W [RNScreens]: largeTitleFontFamily prop is not available on Android
01-09 22:54:51.027  7111  7111 W [RNScreens]: largeTitleFontWeight prop is not available on Android
01-09 22:54:51.027  7111  7111 W [RNScreens]: largeTitleHideShadow prop is not available on Android
01-09 22:54:51.035  7111  7145 I ReactNativeJS: '[ReminderEngine] Processing reminders, count:', 0
01-09 22:54:51.036  7111  7145 I ReactNativeJS: [StartupCheck] Checking for pending notifications and rescheduling all active reminders...
01-09 22:54:51.037  7111  7145 I ReactNativeJS: '[RootLayout] Foreground event:', { type: 3, pressAction: undefined }
01-09 22:54:51.039  7111  7146 D DoMinderDebug: AlarmModule: getAllNativeReminderStates found 1 reminders
01-09 22:54:51.045  7111  7111 I ReactNative: [GESTURE HANDLER] Initialize gesture handler for root view com.facebook.react.runtime.ReactSurfaceView{5fe7990 V.E...... ......ID 0,0-1080,2295 #b}
01-09 22:54:51.067  7111  7134 W Parcel  : Expecting binder but got null!
01-09 22:54:51.069  7111  7111 D VRI[MainActivity]: update {(0,0)(fillxfill) sim={adjust=pan forwardNavigation} ty=BASE_APPLICATION wanim=0x10302fd
01-09 22:54:51.069  7111  7111 D VRI[MainActivity]:   fl=LAYOUT_IN_SCREEN FORCE_NOT_FULLSCREEN LAYOUT_INSET_DECOR SPLIT_TOUCH HARDWARE_ACCELERATED DRAWS_SYSTEM_BAR_BACKGROUNDS
01-09 22:54:51.069  7111  7111 D VRI[MainActivity]:   pfl=NO_MOVE_ANIMATION FORCE_DRAW_STATUS_BAR_BACKGROUND FIT_INSETS_CONTROLLED
01-09 22:54:51.069  7111  7111 D VRI[MainActivity]:   bhv=DEFAULT
01-09 22:54:51.069  7111  7111 D VRI[MainActivity]:   fitSides=} by setLayoutParams
01-09 22:54:51.078  7111  7145 I ReactNativeJS: [StartupCheck] Syncing occurrence counts from 1 native states
01-09 22:54:51.083  7111  7145 I ReactNativeJS: '[ReminderEngine] Processing reminders, count:', 5
01-09 22:54:51.083  7111  7145 I ReactNativeJS: [ReminderEngine] Processing reminder 1767979483546, repeatType: every
01-09 22:54:51.083  7111  7145 I ReactNativeJS: [ReminderEngine] Reminder 1767979483546 has nextReminderDate: 2026-01-09T17:25:00.000Z
01-09 22:54:51.083  7111  7145 I ReactNativeJS: [ReminderEngine] Scheduling notification for reminder 1767979483546 at 2026-01-09T17:25:00.000Z
01-09 22:54:51.097  7111  7111 D CompatibilityChangeReporter: Compat change id reported: 171228096; UID 11052; state: ENABLED
01-09 22:54:51.181  7111  7145 I ReactNativeJS: [StartupCheck] Currently displayed notifications count: 1
01-09 22:54:51.181  7111  7145 I ReactNativeJS: [StartupCheck] Displayed IDs: maintenance-notification
01-09 22:54:51.181  7111  7145 I ReactNativeJS: [StartupCheck] Reminder 1767979483546: scheduled=2026-01-09T17:25:00.000Z, diff=-8819ms
01-09 22:54:51.181  7111  7145 I ReactNativeJS: [StartupCheck] -> Classified as FUTURE (Rescheduling): 1767979483546
01-09 22:54:51.181  7111  7145 I ReactNativeJS: [StartupCheck] Rescheduling 1 future reminders
01-09 22:54:51.228  7111  7145 I ReactNativeJS: [NotificationService] SCHEDULE_EXACT_ALARM permission granted - using exact timing
01-09 22:54:51.228  7111  7145 I ReactNativeJS: [NotificationService] Scheduling reminder 1767979483546, priority: high, repeatType: every
01-09 22:54:51.228  7111  7145 I ReactNativeJS: [NotificationService] Skipping sequential delay for 'every' reminder to preserve exact timing
01-09 22:54:51.228  7111  7145 I ReactNativeJS: [NotificationService] Scheduling for 2026-01-09T17:25:00.000Z
01-09 22:54:51.229  7111  7146 D DoMinderDebug: AlarmModule: Stored metadata for 1767979483546 - repeatType=every, everyValue=1, everyUnit=minutes, occurrenceCount=0
01-09 22:54:51.231  7111  7145 I ReactNativeJS: [NotificationService] SCHEDULE_EXACT_ALARM permission granted - using exact timing
01-09 22:54:51.231  7111  7145 I ReactNativeJS: [NotificationService] Scheduling reminder 1767979483546, priority: high, repeatType: every
01-09 22:54:51.231  7111  7145 I ReactNativeJS: [NotificationService] Skipping sequential delay for 'every' reminder to preserve exact timing
01-09 22:54:51.232  7111  7145 I ReactNativeJS: [NotificationService] Scheduling for 2026-01-09T17:25:00.000Z
01-09 22:54:51.232  7111  7145 I ReactNativeJS: [NotificationService] Stored metadata for native alarm 1767979483546
01-09 22:54:51.232  7111  7146 D DoMinderDebug: AlarmModule: Stored metadata for 1767979483546 - repeatType=every, everyValue=1, everyUnit=minutes, occurrenceCount=0
01-09 22:54:51.233  7111  7146 D DoMinderDebug: AlarmModule: Scheduling alarm broadcast for 1767979483546 at 1.7679795E12
01-09 22:54:51.237  7111  7145 I ReactNativeJS: [NotificationService] Stored metadata for native alarm 1767979483546
01-09 22:54:51.238  7111  7146 D DoMinderDebug: AlarmModule: Successfully scheduled alarm broadcast
01-09 22:54:51.239  7111  7146 D DoMinderDebug: AlarmModule: Scheduling alarm broadcast for 1767979483546 at 1.7679795E12
01-09 22:54:51.239  7111  7146 D DoMinderDebug: AlarmModule: Successfully scheduled alarm broadcast
01-09 22:54:51.240  7111  7145 D nativeloader: Load /data/app/~~sk2fHWEY-98n1QRNvdi1SQ==/app.rork.dominder_android_reminder_app-IWs3aRE6QZEr6Y0RKHOA1g==/base.apk!/lib/arm64-v8a/libgesturehandler.so using class loader ns clns-4 (caller=/data/app/~~sk2fHWEY-98n1QRNvdi1SQ==/app.rork.dominder_android_reminder_app-IWs3aRE6QZEr6Y0RKHOA1g==/base.apk!classes2.dex): ok
01-09 22:54:51.240  7111  7145 D jni_lib_merge: Entering merged library JNI_OnLoad.
01-09 22:54:51.240  7111  7145 D jni_lib_merge: Preparing 11 pre-merged libs (including stub)
01-09 22:54:51.240  7111  7145 D jni_lib_merge: Preparing to register libfabricjni_so.  onload_func: 0x78399c64c4
01-09 22:54:51.240  7111  7145 D jni_lib_merge: Preparing to register libreact_devsupportjni_so.  onload_func: 0x7839a98110
01-09 22:54:51.240  7111  7145 D jni_lib_merge: Preparing to register libreact_featureflagsjni_so.  onload_func: 0x7839aa03ac
01-09 22:54:51.240  7111  7145 D jni_lib_merge: Preparing to register libreact_newarchdefaults_so.  onload_func: 0x7839ac43c8
01-09 22:54:51.240  7111  7145 D jni_lib_merge: Preparing to register libreactnativeblob_so.  onload_func: 0x7839b4b21c
01-09 22:54:51.240  7111  7145 D jni_lib_merge: Preparing to register libreactnativejni_so.  onload_func: 0x7839b69204
01-09 22:54:51.240  7111  7145 D jni_lib_merge: Preparing to register librninstance_so.  onload_func: 0x7839b82990
01-09 22:54:51.240  7111  7145 D jni_lib_merge: Preparing to register libturbomodulejsijni_so.  onload_func: 0x7839bfd87c
01-09 22:54:51.240  7111  7145 D jni_lib_merge: Preparing to register libuimanagerjni_so.  onload_func: 0x7839c04d94
01-09 22:54:51.240  7111  7145 D jni_lib_merge: Preparing to register libyoga_so.  onload_func: 0x7839c0a1e8
01-09 22:54:51.240  7111  7145 D jni_lib_merge: About to register 10 actual methods.
01-09 22:54:51.241  7111  7145 I ReactNativeJS: [NotificationService] Scheduled native alarm for rem-1767979483546 with priority high
01-09 22:54:51.241  7111  7145 I ReactNativeJS: [ReminderEngine] Successfully scheduled 1767979483546
01-09 22:54:51.241  7111  7145 I ReactNativeJS: [NotificationService] Scheduled native alarm for rem-1767979483546 with priority high
01-09 22:54:51.241  7111  7145 I ReactNativeJS: [StartupCheck] Rescheduled reminder: 1767979483546
01-09 22:54:51.241  7111  7145 I ReactNativeJS: [StartupCheck] Completed pending notification check and rescheduling
01-09 22:54:51.242  7111  7169 I NOTIFEE : (NotificationManager): Removing notification with id maintenance-notification
01-09 22:54:51.242  7111  7169 I NOTIFEE : (NotificationManager): Removing notification with id maintenance-notification
01-09 22:54:51.253  7111  7145 I ReactNativeJS: [AppStartup] Pending notifications check completed
01-09 22:54:51.253  7111  7145 I ReactNativeJS: [NotificationRefresh] Initializing notification refresh service
01-09 22:54:51.253  7111  7145 I ReactNativeJS: [NotificationRefresh] Scheduling midnight refresh in 65 minutes
01-09 22:54:51.259  7111  7145 I ReactNativeJS: '[NotificationRefresh] Midnight refresh scheduled for:', '2026-01-09T18:30:00.000Z'
01-09 22:54:51.259  7111  7145 I ReactNativeJS: [AppStartup] Notification services initialized
01-09 22:54:51.273  7111  7145 I ReactNativeJS: '[RootLayout] Foreground event:', { type: 7, pressAction: undefined }
01-09 22:54:55.553  7111  7190 D ProfileInstaller: Skipping profile installation for app.rork.dominder_android_reminder_app
