--------- beginning of system
01-10 07:03:05.306 32610 32610 D ViewRootImpl: update {(0,0)(fillxfill) sim={adjust=pan forwardNavigation} ty=BASE_APPLICATION wanim=0x10302fd
01-10 07:03:05.306 32610 32610 D ViewRootImpl:   fl=LAYOUT_IN_SCREEN LAYOUT_INSET_DECOR SPLIT_TOUCH HARDWARE_ACCELERATED DRAWS_SYSTEM_BAR_BACKGROUNDS
01-10 07:03:05.306 32610 32610 D ViewRootImpl:   pfl=NO_MOVE_ANIMATION FORCE_DRAW_STATUS_BAR_BACKGROUND FIT_INSETS_CONTROLLED
01-10 07:03:05.306 32610 32610 D ViewRootImpl:   bhv=DEFAULT
01-10 07:03:05.306 32610 32610 D ViewRootImpl:   fitSides=} by setView
01-10 07:03:05.935 32610 32610 D VRI[MainActivity]: update {(0,0)(fillxfill) sim={adjust=pan forwardNavigation} ty=BASE_APPLICATION wanim=0x10302fd
01-10 07:03:05.935 32610 32610 D VRI[MainActivity]:   fl=LAYOUT_IN_SCREEN LAYOUT_INSET_DECOR SPLIT_TOUCH HARDWARE_ACCELERATED DRAWS_SYSTEM_BAR_BACKGROUNDS
01-10 07:03:05.935 32610 32610 D VRI[MainActivity]:   pfl=NO_MOVE_ANIMATION FORCE_DRAW_STATUS_BAR_BACKGROUND FIT_INSETS_CONTROLLED
01-10 07:03:05.935 32610 32610 D VRI[MainActivity]:   bhv=DEFAULT
01-10 07:03:05.935 32610 32610 D VRI[MainActivity]:   fitSides=} by setLayoutParams
01-10 07:03:05.938 32610 32610 D VRI[MainActivity]: update {(0,0)(fillxfill) sim={adjust=pan forwardNavigation} ty=BASE_APPLICATION wanim=0x10302fd
01-10 07:03:05.938 32610 32610 D VRI[MainActivity]:   fl=LAYOUT_IN_SCREEN FORCE_NOT_FULLSCREEN LAYOUT_INSET_DECOR SPLIT_TOUCH HARDWARE_ACCELERATED DRAWS_SYSTEM_BAR_BACKGROUNDS
01-10 07:03:05.938 32610 32610 D VRI[MainActivity]:   pfl=NO_MOVE_ANIMATION FORCE_DRAW_STATUS_BAR_BACKGROUND FIT_INSETS_CONTROLLED
01-10 07:03:05.938 32610 32610 D VRI[MainActivity]:   bhv=DEFAULT
01-10 07:03:05.938 32610 32610 D VRI[MainActivity]:   fitSides=} by setLayoutParams
01-10 07:03:05.939 32610 32610 D VRI[MainActivity]: update {(0,0)(fillxfill) sim={adjust=pan forwardNavigation} ty=BASE_APPLICATION wanim=0x10302fd
01-10 07:03:05.939 32610 32610 D VRI[MainActivity]:   fl=LAYOUT_IN_SCREEN FORCE_NOT_FULLSCREEN LAYOUT_INSET_DECOR SPLIT_TOUCH HARDWARE_ACCELERATED DRAWS_SYSTEM_BAR_BACKGROUNDS
01-10 07:03:05.939 32610 32610 D VRI[MainActivity]:   pfl=NO_MOVE_ANIMATION FORCE_DRAW_STATUS_BAR_BACKGROUND FIT_INSETS_CONTROLLED
01-10 07:03:05.939 32610 32610 D VRI[MainActivity]:   bhv=DEFAULT
01-10 07:03:05.939 32610 32610 D VRI[MainActivity]:   fitSides=} by setLayoutParams
01-10 07:03:06.020 32610 32610 D VRI[MainActivity]: update {(0,0)(fillxfill) sim={adjust=pan forwardNavigation} ty=BASE_APPLICATION wanim=0x10302fd
01-10 07:03:06.020 32610 32610 D VRI[MainActivity]:   fl=LAYOUT_IN_SCREEN FORCE_NOT_FULLSCREEN LAYOUT_INSET_DECOR SPLIT_TOUCH HARDWARE_ACCELERATED DRAWS_SYSTEM_BAR_BACKGROUNDS
01-10 07:03:06.020 32610 32610 D VRI[MainActivity]:   pfl=NO_MOVE_ANIMATION FORCE_DRAW_STATUS_BAR_BACKGROUND FIT_INSETS_CONTROLLED
01-10 07:03:06.020 32610 32610 D VRI[MainActivity]:   bhv=DEFAULT
01-10 07:03:06.020 32610 32610 D VRI[MainActivity]:   fitSides=} by setLayoutParams
01-10 07:04:04.378 32610 32610 D ViewRootImpl: update {(0,0)(fillxfill) gr=CENTER sim={adjust=resize forwardNavigation} ty=APPLICATION fmt=TRANSPARENT wanim=0x7f11012e
01-10 07:04:04.378 32610 32610 D ViewRootImpl:   fl=NOT_FOCUSABLE LAYOUT_IN_SCREEN LAYOUT_INSET_DECOR SPLIT_TOUCH HARDWARE_ACCELERATED DRAWS_SYSTEM_BAR_BACKGROUNDS
01-10 07:04:04.378 32610 32610 D ViewRootImpl:   pfl=NO_MOVE_ANIMATION FORCE_DRAW_STATUS_BAR_BACKGROUND FIT_INSETS_CONTROLLED
01-10 07:04:04.378 32610 32610 D ViewRootImpl:   bhv=DEFAULT
01-10 07:04:04.378 32610 32610 D ViewRootImpl:   fitSides=} by setView
01-10 07:04:04.385 32610 32610 D VRI[MainActivity]: update {(0,0)(fillxfill) gr=CENTER sim={adjust=resize} ty=APPLICATION fmt=TRANSPARENT wanim=0x7f11012e
01-10 07:04:04.385 32610 32610 D VRI[MainActivity]:   fl=LAYOUT_IN_SCREEN LAYOUT_INSET_DECOR SPLIT_TOUCH HARDWARE_ACCELERATED DRAWS_SYSTEM_BAR_BACKGROUNDS
01-10 07:04:04.385 32610 32610 D VRI[MainActivity]:   pfl=NO_MOVE_ANIMATION FORCE_DRAW_STATUS_BAR_BACKGROUND FIT_INSETS_CONTROLLED
01-10 07:04:04.385 32610 32610 D VRI[MainActivity]:   bhv=DEFAULT
01-10 07:04:04.385 32610 32610 D VRI[MainActivity]:   fitSides=} by setLayoutParams
01-10 07:04:04.412 32610 32610 D VRI[MainActivity]: update {(0,0)(fillxfill) gr=CENTER sim={adjust=resize} ty=APPLICATION fmt=TRANSPARENT wanim=0x7f11012e
01-10 07:04:04.412 32610 32610 D VRI[MainActivity]:   fl=LAYOUT_IN_SCREEN LAYOUT_INSET_DECOR SPLIT_TOUCH HARDWARE_ACCELERATED DRAWS_SYSTEM_BAR_BACKGROUNDS
01-10 07:04:04.412 32610 32610 D VRI[MainActivity]:   pfl=NO_MOVE_ANIMATION FORCE_DRAW_STATUS_BAR_BACKGROUND FIT_INSETS_CONTROLLED
01-10 07:04:04.412 32610 32610 D VRI[MainActivity]:   bhv=DEFAULT
01-10 07:04:04.412 32610 32610 D VRI[MainActivity]:   fitSides=} by setLayoutParams
01-10 07:04:04.414 32610 32610 D VRI[MainActivity]: update {(0,0)(fillxfill) gr=CENTER sim={adjust=resize} ty=APPLICATION fmt=TRANSPARENT wanim=0x7f11012e
01-10 07:04:04.414 32610 32610 D VRI[MainActivity]:   fl=LAYOUT_IN_SCREEN LAYOUT_INSET_DECOR SPLIT_TOUCH HARDWARE_ACCELERATED DRAWS_SYSTEM_BAR_BACKGROUNDS
01-10 07:04:04.414 32610 32610 D VRI[MainActivity]:   pfl=NO_MOVE_ANIMATION FORCE_DRAW_STATUS_BAR_BACKGROUND FIT_INSETS_CONTROLLED
01-10 07:04:04.414 32610 32610 D VRI[MainActivity]:   bhv=DEFAULT
01-10 07:04:04.414 32610 32610 D VRI[MainActivity]:   fitSides=} by setLayoutParams
--------- beginning of main
01-10 07:13:41.006 32610 32610 W unknown:BridgelessReact: ReactHost{0}.onHostResume(activity)
01-10 07:13:41.006 32610 32610 W unknown:BridgelessReact: ReactContext.onHostResume()
01-10 07:13:41.011 32610 32644 I ReactNativeJS: [AlarmSync] App became active, syncing...
01-10 07:13:41.011 32610 32644 I ReactNativeJS: [AlarmSync] Checking for completed alarms...
01-10 07:13:41.013 32610 32645 D DoMinderDebug: AlarmModule: getAllNativeReminderStates found 0 reminders
01-10 07:13:41.015 32610 32645 D DoMinderDebug: AlarmModule: Retrieved 0 completed alarms
01-10 07:13:41.016 32610 32644 I ReactNativeJS: '[AlarmSync] Found completed alarms:', 0
01-10 07:13:41.017 32610 32645 D DoMinderDebug: AlarmModule: Retrieved 0 snoozed alarms
01-10 07:13:41.018 32610 32644 I ReactNativeJS: '[AlarmSync] Found snoozed alarms:', 0
01-10 07:13:41.018 32610 32645 D DoMinderDebug: AlarmModule: Retrieved 0 deleted alarms
01-10 07:13:41.022 32610 32644 I ReactNativeJS: '[AlarmSync] Found deleted alarms:', 0
01-10 07:13:41.025 32610 32610 D VRI[MainActivity]: update {(0,0)(fillxfill) sim={adjust=pan forwardNavigation} ty=BASE_APPLICATION wanim=0x10302fd
01-10 07:13:41.025 32610 32610 D VRI[MainActivity]:   fl=LAYOUT_IN_SCREEN FORCE_NOT_FULLSCREEN LAYOUT_INSET_DECOR SPLIT_TOUCH HARDWARE_ACCELERATED DRAWS_SYSTEM_BAR_BACKGROUNDS
01-10 07:13:41.025 32610 32610 D VRI[MainActivity]:   pfl=NO_MOVE_ANIMATION FORCE_DRAW_STATUS_BAR_BACKGROUND USE_BLAST APPEARANCE_CONTROLLED FIT_INSETS_CONTROLLED
01-10 07:13:41.025 32610 32610 D VRI[MainActivity]:   apr=LIGHT_STATUS_BARS
01-10 07:13:41.025 32610 32610 D VRI[MainActivity]:   bhv=DEFAULT
01-10 07:13:41.025 32610 32610 D VRI[MainActivity]:   fitSides=} by setLayoutParams
01-10 07:13:41.033 32610 32644 I ReactNativeJS: [AlarmSync] Checking for completed alarms...
01-10 07:13:41.035 32610 32645 D DoMinderDebug: AlarmModule: getAllNativeReminderStates found 0 reminders
01-10 07:13:41.038 32610 32645 D DoMinderDebug: AlarmModule: Retrieved 0 completed alarms
01-10 07:13:41.039 32610 32644 I ReactNativeJS: '[ReminderEngine] Processing reminders, count:', 3
01-10 07:13:41.039 32610 32644 I ReactNativeJS: '[AlarmSync] Found completed alarms:', 0
01-10 07:13:41.047 32610 32645 D DoMinderDebug: AlarmModule: Retrieved 0 snoozed alarms
01-10 07:13:41.048 32610 32644 I ReactNativeJS: '[AlarmSync] Found snoozed alarms:', 0
01-10 07:13:41.052 32610 32645 D DoMinderDebug: AlarmModule: Retrieved 0 deleted alarms
01-10 07:13:41.054 32610 32644 I ReactNativeJS: '[AlarmSync] Found deleted alarms:', 0
01-10 07:13:41.061 32610 32638 E OpenGLRenderer: Unable to match the desired swap behavior.
01-10 07:13:42.719 32610 32610 W unknown:BridgelessReact: ReactHost{0}.onUserLeaveHint(activity)
01-10 07:13:42.720 32610 32610 W unknown:BridgelessReact: ReactHost{0}.onHostPause(activity)
01-10 07:13:42.720 32610 32610 W unknown:BridgelessReact: ReactContext.onHostPause()
01-10 07:13:45.437 32610 32610 W unknown:BridgelessReact: ReactHost{0}.onHostResume(activity)
01-10 07:13:45.437 32610 32610 W unknown:BridgelessReact: ReactContext.onHostResume()
01-10 07:13:45.440 32610 32644 I ReactNativeJS: [AlarmSync] App became active, syncing...
01-10 07:13:45.440 32610 32644 I ReactNativeJS: [AlarmSync] Checking for completed alarms...
01-10 07:13:45.441 32610 32645 D DoMinderDebug: AlarmModule: getAllNativeReminderStates found 0 reminders
01-10 07:13:45.451 32610 32645 D DoMinderDebug: AlarmModule: Retrieved 0 completed alarms
01-10 07:13:45.456 32610 32644 I ReactNativeJS: '[AlarmSync] Found completed alarms:', 0
01-10 07:13:45.466 32610 32610 D VRI[MainActivity]: update {(0,0)(fillxfill) sim={adjust=pan forwardNavigation} ty=BASE_APPLICATION wanim=0x10302fd
01-10 07:13:45.466 32610 32610 D VRI[MainActivity]:   fl=LAYOUT_IN_SCREEN FORCE_NOT_FULLSCREEN LAYOUT_INSET_DECOR SPLIT_TOUCH HARDWARE_ACCELERATED DRAWS_SYSTEM_BAR_BACKGROUNDS
01-10 07:13:45.466 32610 32610 D VRI[MainActivity]:   pfl=NO_MOVE_ANIMATION FORCE_DRAW_STATUS_BAR_BACKGROUND USE_BLAST APPEARANCE_CONTROLLED FIT_INSETS_CONTROLLED
01-10 07:13:45.466 32610 32610 D VRI[MainActivity]:   apr=LIGHT_STATUS_BARS
01-10 07:13:45.466 32610 32610 D VRI[MainActivity]:   bhv=DEFAULT
01-10 07:13:45.466 32610 32610 D VRI[MainActivity]:   fitSides=} by setLayoutParams
01-10 07:13:45.476 32610 32645 D DoMinderDebug: AlarmModule: Retrieved 0 snoozed alarms
01-10 07:13:45.486 32610 32644 I ReactNativeJS: '[AlarmSync] Found snoozed alarms:', 0
01-10 07:13:45.488 32610 32645 D DoMinderDebug: AlarmModule: Retrieved 0 deleted alarms
01-10 07:13:45.489 32610 32644 I ReactNativeJS: '[AlarmSync] Found deleted alarms:', 0
01-10 07:13:48.480 32610 32610 D ViewRootImpl: update {(0,0)(fillxfill) gr=CENTER sim={adjust=resize forwardNavigation} ty=APPLICATION fmt=TRANSPARENT wanim=0x7f11012e
01-10 07:13:48.480 32610 32610 D ViewRootImpl:   fl=NOT_FOCUSABLE LAYOUT_IN_SCREEN LAYOUT_INSET_DECOR SPLIT_TOUCH HARDWARE_ACCELERATED DRAWS_SYSTEM_BAR_BACKGROUNDS
01-10 07:13:48.480 32610 32610 D ViewRootImpl:   pfl=NO_MOVE_ANIMATION FORCE_DRAW_STATUS_BAR_BACKGROUND FIT_INSETS_CONTROLLED
01-10 07:13:48.480 32610 32610 D ViewRootImpl:   bhv=DEFAULT
01-10 07:13:48.480 32610 32610 D ViewRootImpl:   fitSides=} by setView
01-10 07:13:48.486 32610 32610 D VRI[MainActivity]: update {(0,0)(fillxfill) gr=CENTER sim={adjust=resize} ty=APPLICATION fmt=TRANSPARENT wanim=0x7f11012e
01-10 07:13:48.486 32610 32610 D VRI[MainActivity]:   fl=LAYOUT_IN_SCREEN LAYOUT_INSET_DECOR SPLIT_TOUCH HARDWARE_ACCELERATED DRAWS_SYSTEM_BAR_BACKGROUNDS
01-10 07:13:48.486 32610 32610 D VRI[MainActivity]:   pfl=NO_MOVE_ANIMATION FORCE_DRAW_STATUS_BAR_BACKGROUND FIT_INSETS_CONTROLLED
01-10 07:13:48.486 32610 32610 D VRI[MainActivity]:   bhv=DEFAULT
01-10 07:13:48.486 32610 32610 D VRI[MainActivity]:   fitSides=} by setLayoutParams
01-10 07:13:48.505 32610 32638 E OpenGLRenderer: Unable to match the desired swap behavior.
01-10 07:13:48.516 32610 32638 W Parcel  : Expecting binder but got null!
01-10 07:13:48.522 32610 32610 D VRI[MainActivity]: update {(0,0)(fillxfill) gr=CENTER sim={adjust=resize} ty=APPLICATION fmt=TRANSPARENT wanim=0x7f11012e
01-10 07:13:48.522 32610 32610 D VRI[MainActivity]:   fl=LAYOUT_IN_SCREEN LAYOUT_INSET_DECOR SPLIT_TOUCH HARDWARE_ACCELERATED DRAWS_SYSTEM_BAR_BACKGROUNDS
01-10 07:13:48.522 32610 32610 D VRI[MainActivity]:   pfl=NO_MOVE_ANIMATION FORCE_DRAW_STATUS_BAR_BACKGROUND FIT_INSETS_CONTROLLED
01-10 07:13:48.522 32610 32610 D VRI[MainActivity]:   bhv=DEFAULT
01-10 07:13:48.522 32610 32610 D VRI[MainActivity]:   fitSides=} by setLayoutParams
01-10 07:13:48.524 32610 32610 D VRI[MainActivity]: update {(0,0)(fillxfill) gr=CENTER sim={adjust=resize} ty=APPLICATION fmt=TRANSPARENT wanim=0x7f11012e
01-10 07:13:48.524 32610 32610 D VRI[MainActivity]:   fl=LAYOUT_IN_SCREEN LAYOUT_INSET_DECOR SPLIT_TOUCH HARDWARE_ACCELERATED DRAWS_SYSTEM_BAR_BACKGROUNDS
01-10 07:13:48.524 32610 32610 D VRI[MainActivity]:   pfl=NO_MOVE_ANIMATION FORCE_DRAW_STATUS_BAR_BACKGROUND FIT_INSETS_CONTROLLED
01-10 07:13:48.524 32610 32610 D VRI[MainActivity]:   bhv=DEFAULT
01-10 07:13:48.524 32610 32610 D VRI[MainActivity]:   fitSides=} by setLayoutParams
01-10 07:13:59.173 32610 32610 D ViewRootImpl: update {(0,0)(fillxfill) gr=CENTER sim={adjust=resize forwardNavigation} ty=APPLICATION fmt=TRANSPARENT wanim=0x7f11012e
01-10 07:13:59.173 32610 32610 D ViewRootImpl:   fl=NOT_FOCUSABLE LAYOUT_IN_SCREEN LAYOUT_INSET_DECOR SPLIT_TOUCH HARDWARE_ACCELERATED DRAWS_SYSTEM_BAR_BACKGROUNDS
01-10 07:13:59.173 32610 32610 D ViewRootImpl:   pfl=NO_MOVE_ANIMATION FORCE_DRAW_STATUS_BAR_BACKGROUND FIT_INSETS_CONTROLLED
01-10 07:13:59.173 32610 32610 D ViewRootImpl:   bhv=DEFAULT
01-10 07:13:59.173 32610 32610 D ViewRootImpl:   fitSides=} by setView
01-10 07:13:59.180 32610 32610 D VRI[MainActivity]: update {(0,0)(fillxfill) gr=CENTER sim={adjust=resize} ty=APPLICATION fmt=TRANSPARENT wanim=0x7f11012e
01-10 07:13:59.180 32610 32610 D VRI[MainActivity]:   fl=LAYOUT_IN_SCREEN LAYOUT_INSET_DECOR SPLIT_TOUCH HARDWARE_ACCELERATED DRAWS_SYSTEM_BAR_BACKGROUNDS
01-10 07:13:59.180 32610 32610 D VRI[MainActivity]:   pfl=NO_MOVE_ANIMATION FORCE_DRAW_STATUS_BAR_BACKGROUND FIT_INSETS_CONTROLLED
01-10 07:13:59.180 32610 32610 D VRI[MainActivity]:   bhv=DEFAULT
01-10 07:13:59.180 32610 32610 D VRI[MainActivity]:   fitSides=} by setLayoutParams
01-10 07:13:59.192 32610 32638 E OpenGLRenderer: Unable to match the desired swap behavior.
01-10 07:13:59.201 32610 32638 W Parcel  : Expecting binder but got null!
01-10 07:13:59.212 32610 32610 D VRI[MainActivity]: update {(0,0)(fillxfill) gr=CENTER sim={adjust=resize} ty=APPLICATION fmt=TRANSPARENT wanim=0x7f11012e
01-10 07:13:59.212 32610 32610 D VRI[MainActivity]:   fl=LAYOUT_IN_SCREEN LAYOUT_INSET_DECOR SPLIT_TOUCH HARDWARE_ACCELERATED DRAWS_SYSTEM_BAR_BACKGROUNDS
01-10 07:13:59.212 32610 32610 D VRI[MainActivity]:   pfl=NO_MOVE_ANIMATION FORCE_DRAW_STATUS_BAR_BACKGROUND FIT_INSETS_CONTROLLED
01-10 07:13:59.212 32610 32610 D VRI[MainActivity]:   bhv=DEFAULT
01-10 07:13:59.212 32610 32610 D VRI[MainActivity]:   fitSides=} by setLayoutParams
01-10 07:13:59.213 32610 32610 D VRI[MainActivity]: update {(0,0)(fillxfill) gr=CENTER sim={adjust=resize} ty=APPLICATION fmt=TRANSPARENT wanim=0x7f11012e
01-10 07:13:59.213 32610 32610 D VRI[MainActivity]:   fl=LAYOUT_IN_SCREEN LAYOUT_INSET_DECOR SPLIT_TOUCH HARDWARE_ACCELERATED DRAWS_SYSTEM_BAR_BACKGROUNDS
01-10 07:13:59.213 32610 32610 D VRI[MainActivity]:   pfl=NO_MOVE_ANIMATION FORCE_DRAW_STATUS_BAR_BACKGROUND FIT_INSETS_CONTROLLED
01-10 07:13:59.213 32610 32610 D VRI[MainActivity]:   bhv=DEFAULT
01-10 07:13:59.213 32610 32610 D VRI[MainActivity]:   fitSides=} by setLayoutParams
01-10 07:14:05.221 32610 32638 D Surface : Surface::disconnect
01-10 07:14:05.221 32610 32638 D BufferQueueProducer: [VRI[MainActivity]#4(BLAST Consumer)4](id:7f6200000004,api:1,p:32610,c:32610) disconnect: api 1
01-10 07:14:11.035 32610 32644 I ReactNativeJS: [AlarmSync] Checking for completed alarms...
01-10 07:14:11.036 32610 32645 D DoMinderDebug: AlarmModule: getAllNativeReminderStates found 0 reminders
01-10 07:14:11.038 32610 32645 D DoMinderDebug: AlarmModule: Retrieved 0 completed alarms
01-10 07:14:11.038 32610 32644 I ReactNativeJS: '[ReminderEngine] Processing reminders, count:', 3
01-10 07:14:11.038 32610 32644 I ReactNativeJS: '[AlarmSync] Found completed alarms:', 0
01-10 07:14:11.039 32610 32645 D DoMinderDebug: AlarmModule: Retrieved 0 snoozed alarms
01-10 07:14:11.039 32610 32644 I ReactNativeJS: '[AlarmSync] Found snoozed alarms:', 0
01-10 07:14:11.039 32610 32645 D DoMinderDebug: AlarmModule: Retrieved 0 deleted alarms
01-10 07:14:11.040 32610 32644 I ReactNativeJS: '[AlarmSync] Found deleted alarms:', 0
01-10 07:14:11.406 32610 32610 D ViewRootImpl: update {(0,0)(fillxfill) gr=CENTER sim={adjust=resize forwardNavigation} ty=APPLICATION fmt=TRANSPARENT wanim=0x7f11012e
01-10 07:14:11.406 32610 32610 D ViewRootImpl:   fl=NOT_FOCUSABLE LAYOUT_IN_SCREEN LAYOUT_INSET_DECOR SPLIT_TOUCH HARDWARE_ACCELERATED DRAWS_SYSTEM_BAR_BACKGROUNDS
01-10 07:14:11.406 32610 32610 D ViewRootImpl:   pfl=NO_MOVE_ANIMATION FORCE_DRAW_STATUS_BAR_BACKGROUND FIT_INSETS_CONTROLLED
01-10 07:14:11.406 32610 32610 D ViewRootImpl:   bhv=DEFAULT
01-10 07:14:11.406 32610 32610 D ViewRootImpl:   fitSides=} by setView
01-10 07:14:11.413 32610 32610 D VRI[MainActivity]: update {(0,0)(fillxfill) gr=CENTER sim={adjust=resize} ty=APPLICATION fmt=TRANSPARENT wanim=0x7f11012e
01-10 07:14:11.413 32610 32610 D VRI[MainActivity]:   fl=LAYOUT_IN_SCREEN LAYOUT_INSET_DECOR SPLIT_TOUCH HARDWARE_ACCELERATED DRAWS_SYSTEM_BAR_BACKGROUNDS
01-10 07:14:11.413 32610 32610 D VRI[MainActivity]:   pfl=NO_MOVE_ANIMATION FORCE_DRAW_STATUS_BAR_BACKGROUND FIT_INSETS_CONTROLLED
01-10 07:14:11.413 32610 32610 D VRI[MainActivity]:   bhv=DEFAULT
01-10 07:14:11.413 32610 32610 D VRI[MainActivity]:   fitSides=} by setLayoutParams
01-10 07:14:11.419 32610 32638 E OpenGLRenderer: Unable to match the desired swap behavior.
01-10 07:14:11.424 32610 32638 W Parcel  : Expecting binder but got null!
01-10 07:14:11.479 32610 32610 D VRI[MainActivity]: update {(0,0)(fillxfill) gr=CENTER sim={adjust=resize} ty=APPLICATION fmt=TRANSPARENT wanim=0x7f11012e
01-10 07:14:11.479 32610 32610 D VRI[MainActivity]:   fl=LAYOUT_IN_SCREEN LAYOUT_INSET_DECOR SPLIT_TOUCH HARDWARE_ACCELERATED DRAWS_SYSTEM_BAR_BACKGROUNDS
01-10 07:14:11.479 32610 32610 D VRI[MainActivity]:   pfl=NO_MOVE_ANIMATION FORCE_DRAW_STATUS_BAR_BACKGROUND FIT_INSETS_CONTROLLED
01-10 07:14:11.479 32610 32610 D VRI[MainActivity]:   bhv=DEFAULT
01-10 07:14:11.479 32610 32610 D VRI[MainActivity]:   fitSides=} by setLayoutParams
01-10 07:14:11.481 32610 32610 D VRI[MainActivity]: update {(0,0)(fillxfill) gr=CENTER sim={adjust=resize} ty=APPLICATION fmt=TRANSPARENT wanim=0x7f11012e
01-10 07:14:11.481 32610 32610 D VRI[MainActivity]:   fl=LAYOUT_IN_SCREEN LAYOUT_INSET_DECOR SPLIT_TOUCH HARDWARE_ACCELERATED DRAWS_SYSTEM_BAR_BACKGROUNDS
01-10 07:14:11.481 32610 32610 D VRI[MainActivity]:   pfl=NO_MOVE_ANIMATION FORCE_DRAW_STATUS_BAR_BACKGROUND FIT_INSETS_CONTROLLED
01-10 07:14:11.481 32610 32610 D VRI[MainActivity]:   bhv=DEFAULT
01-10 07:14:11.481 32610 32610 D VRI[MainActivity]:   fitSides=} by setLayoutParams
01-10 07:14:12.867 32610 32610 D ViewRootImpl: update {(0,0)(fillxfill) gr=CENTER sim={adjust=resize forwardNavigation} ty=APPLICATION fmt=TRANSPARENT wanim=0x7f11012e
01-10 07:14:12.867 32610 32610 D ViewRootImpl:   fl=NOT_FOCUSABLE LAYOUT_IN_SCREEN LAYOUT_INSET_DECOR SPLIT_TOUCH HARDWARE_ACCELERATED DRAWS_SYSTEM_BAR_BACKGROUNDS
01-10 07:14:12.867 32610 32610 D ViewRootImpl:   pfl=NO_MOVE_ANIMATION FORCE_DRAW_STATUS_BAR_BACKGROUND FIT_INSETS_CONTROLLED
01-10 07:14:12.867 32610 32610 D ViewRootImpl:   bhv=DEFAULT
01-10 07:14:12.867 32610 32610 D ViewRootImpl:   fitSides=} by setView
01-10 07:14:12.873 32610 32610 D VRI[MainActivity]: update {(0,0)(fillxfill) gr=CENTER sim={adjust=resize} ty=APPLICATION fmt=TRANSPARENT wanim=0x7f11012e
01-10 07:14:12.873 32610 32610 D VRI[MainActivity]:   fl=LAYOUT_IN_SCREEN LAYOUT_INSET_DECOR SPLIT_TOUCH HARDWARE_ACCELERATED DRAWS_SYSTEM_BAR_BACKGROUNDS
01-10 07:14:12.873 32610 32610 D VRI[MainActivity]:   pfl=NO_MOVE_ANIMATION FORCE_DRAW_STATUS_BAR_BACKGROUND FIT_INSETS_CONTROLLED
01-10 07:14:12.873 32610 32610 D VRI[MainActivity]:   bhv=DEFAULT
01-10 07:14:12.873 32610 32610 D VRI[MainActivity]:   fitSides=} by setLayoutParams
01-10 07:14:12.876 32610 32638 D Surface : Surface::disconnect
01-10 07:14:12.876 32610 32638 D BufferQueueProducer: [VRI[MainActivity]#5(BLAST Consumer)5](id:7f6200000005,api:1,p:32610,c:32610) disconnect: api 1
01-10 07:14:12.899 32610 32638 E OpenGLRenderer: Unable to match the desired swap behavior.
01-10 07:14:12.911 32610 32638 W Parcel  : Expecting binder but got null!
01-10 07:14:12.928 32610 32610 D VRI[MainActivity]: update {(0,0)(fillxfill) gr=CENTER sim={adjust=resize} ty=APPLICATION fmt=TRANSPARENT wanim=0x7f11012e
01-10 07:14:12.928 32610 32610 D VRI[MainActivity]:   fl=LAYOUT_IN_SCREEN LAYOUT_INSET_DECOR SPLIT_TOUCH HARDWARE_ACCELERATED DRAWS_SYSTEM_BAR_BACKGROUNDS
01-10 07:14:12.928 32610 32610 D VRI[MainActivity]:   pfl=NO_MOVE_ANIMATION FORCE_DRAW_STATUS_BAR_BACKGROUND FIT_INSETS_CONTROLLED
01-10 07:14:12.928 32610 32610 D VRI[MainActivity]:   bhv=DEFAULT
01-10 07:14:12.928 32610 32610 D VRI[MainActivity]:   fitSides=} by setLayoutParams
01-10 07:14:12.929 32610 32610 D VRI[MainActivity]: update {(0,0)(fillxfill) gr=CENTER sim={adjust=resize} ty=APPLICATION fmt=TRANSPARENT wanim=0x7f11012e
01-10 07:14:12.929 32610 32610 D VRI[MainActivity]:   fl=LAYOUT_IN_SCREEN LAYOUT_INSET_DECOR SPLIT_TOUCH HARDWARE_ACCELERATED DRAWS_SYSTEM_BAR_BACKGROUNDS
01-10 07:14:12.929 32610 32610 D VRI[MainActivity]:   pfl=NO_MOVE_ANIMATION FORCE_DRAW_STATUS_BAR_BACKGROUND FIT_INSETS_CONTROLLED
01-10 07:14:12.929 32610 32610 D VRI[MainActivity]:   bhv=DEFAULT
01-10 07:14:12.929 32610 32610 D VRI[MainActivity]:   fitSides=} by setLayoutParams
01-10 07:14:15.338 32610 32638 D Surface : Surface::disconnect
01-10 07:14:15.338 32610 32638 D BufferQueueProducer: [VRI[MainActivity]#6(BLAST Consumer)6](id:7f6200000006,api:1,p:32610,c:32610) disconnect: api 1
01-10 07:14:17.722 32610 32610 D CompatibilityChangeReporter: Compat change id reported: 163400105; UID 11053; state: ENABLED
01-10 07:14:17.723 32610 32610 D InputMethodManager: showSoftInput() view=com.facebook.react.views.textinput.ReactEditText{5d56c46 VFED..CL. .F.P..ID 0,0-920,99 #2ba aid=1073741825} flags=0 reason=SHOW_SOFT_INPUT
01-10 07:14:17.737 32610 32610 D InputMethodManager: showSoftInput() view=com.facebook.react.views.textinput.ReactEditText{5d56c46 VFED..CL. .F.P.... 0,0-920,99 #2ba aid=1073741825} flags=0 reason=SHOW_SOFT_INPUT
01-10 07:14:17.928 32610 32610 W OnBackInvokedCallback: OnBackInvokedCallback is not enabled for the application.
01-10 07:14:17.928 32610 32610 W OnBackInvokedCallback: Set 'android:enableOnBackInvokedCallback="true"' in the application manifest.
01-10 07:14:17.971 32610 32610 D InsetsController: show(ime(), fromIme=true)
01-10 07:14:19.121 32610 32610 I AssistStructure: Flattened final assist data: 7432 bytes, containing 2 windows, 42 views
01-10 07:14:22.222 32610 32644 I ReactNativeJS: [ReminderService] Adding reminder 1768009462211: isActive=true, isCompleted=false, repeatType=every
01-10 07:14:22.249 32610 32644 I ReactNativeJS: [calculateNextReminderDate] for reminder: 1768009462211, fromDate: 2026-01-10T01:44:22.248Z, repeatType: every, date: 2026-01-10, time: 07:15
01-10 07:14:22.249 32610 32644 I ReactNativeJS: [calculateNextReminderDate] First occurrence at start boundary: 2026-01-10T01:45:00.000Z
01-10 07:14:22.249 32610 32644 I ReactNativeJS: [calculateNextReminderDate] Every 1 minutes, next occurrence: 2026-01-10T01:45:00.000Z
01-10 07:14:22.320 32610 32644 I ReactNativeJS: '[ReminderEngine] Processing reminders, count:', 4
01-10 07:14:22.320 32610 32644 I ReactNativeJS: [ReminderEngine] Processing reminder 1768009462211, repeatType: every
01-10 07:14:22.320 32610 32644 I ReactNativeJS: [calculateNextReminderDate] for reminder: 1768009462211, fromDate: 2026-01-10T01:44:22.320Z, repeatType: every, date: 2026-01-10, time: 07:15
01-10 07:14:22.321 32610 32644 I ReactNativeJS: [calculateNextReminderDate] First occurrence at start boundary: 2026-01-10T01:45:00.000Z
01-10 07:14:22.321 32610 32644 I ReactNativeJS: [calculateNextReminderDate] Every 1 minutes, next occurrence: 2026-01-10T01:45:00.000Z
01-10 07:14:22.321 32610 32644 I ReactNativeJS: [ReminderEngine] Calculated next fire time for 1768009462211: 2026-01-10T01:45:00.000Z, updating reminder
01-10 07:14:22.321 32610 32644 I ReactNativeJS: [ReminderEngine] Skipping JS scheduling for high priority reminder 1768009462211 - native AlarmManager handles it
01-10 07:14:22.386 32610 32644 I ReactNativeJS: [RootLayout] remindersChanged event received, invalidating queries.
01-10 07:14:22.408 32610 32644 I ReactNativeJS: [ReminderService] Updating reminder 1768009462211: isActive=true, isCompleted=false, repeatType=every
01-10 07:14:22.414 32610 32644 I ReactNativeJS: [RootLayout] remindersChanged event received, invalidating queries.
01-10 07:14:22.432 32610 32638 D Surface : Surface::disconnect
01-10 07:14:22.432 32610 32638 D BufferQueueProducer: [VRI[MainActivity]#3(BLAST Consumer)3](id:7f6200000003,api:1,p:32610,c:32610) disconnect: api 1
01-10 07:14:22.458 32610 32610 W RemoteInputConnectionImpl: requestCursorAnchorInfo on inactive InputConnection
01-10 07:14:22.513 32610 32644 I ReactNativeJS: '[ReminderEngine] Processing reminders, count:', 4
01-10 07:14:22.530 32610 32644 I ReactNativeJNI: instanceHandle is null, event of type topBlur will be dropped
01-10 07:14:23.788 32610 32610 W unknown:BridgelessReact: ReactHost{0}.onUserLeaveHint(activity)
01-10 07:14:23.789 32610 32610 W unknown:BridgelessReact: ReactHost{0}.onHostPause(activity)
01-10 07:14:23.790 32610 32610 W unknown:BridgelessReact: ReactContext.onHostPause()
01-10 07:14:25.390 32610 32610 W unknown:BridgelessReact: ReactHost{0}.onHostResume(activity)
01-10 07:14:25.390 32610 32610 W unknown:BridgelessReact: ReactContext.onHostResume()
01-10 07:14:25.391 32610 32644 I ReactNativeJS: [AlarmSync] App became active, syncing...
01-10 07:14:25.391 32610 32644 I ReactNativeJS: [AlarmSync] Checking for completed alarms...
01-10 07:14:25.392 32610 32645 D DoMinderDebug: AlarmModule: getAllNativeReminderStates found 0 reminders
01-10 07:14:25.392 32610 32645 D DoMinderDebug: AlarmModule: Retrieved 0 completed alarms
01-10 07:14:25.392 32610 32644 I ReactNativeJS: '[AlarmSync] Found completed alarms:', 0
01-10 07:14:25.393 32610 32645 D DoMinderDebug: AlarmModule: Retrieved 0 snoozed alarms
01-10 07:14:25.393 32610 32644 I ReactNativeJS: '[AlarmSync] Found snoozed alarms:', 0
01-10 07:14:25.393 32610 32645 D DoMinderDebug: AlarmModule: Retrieved 0 deleted alarms
01-10 07:14:25.394 32610 32644 I ReactNativeJS: '[AlarmSync] Found deleted alarms:', 0
01-10 07:14:25.398 32610 32610 D VRI[MainActivity]: update {(0,0)(fillxfill) sim={adjust=pan forwardNavigation} ty=BASE_APPLICATION wanim=0x10302fd
01-10 07:14:25.398 32610 32610 D VRI[MainActivity]:   fl=LAYOUT_IN_SCREEN FORCE_NOT_FULLSCREEN LAYOUT_INSET_DECOR SPLIT_TOUCH HARDWARE_ACCELERATED DRAWS_SYSTEM_BAR_BACKGROUNDS
01-10 07:14:25.398 32610 32610 D VRI[MainActivity]:   pfl=NO_MOVE_ANIMATION FORCE_DRAW_STATUS_BAR_BACKGROUND USE_BLAST APPEARANCE_CONTROLLED FIT_INSETS_CONTROLLED
01-10 07:14:25.398 32610 32610 D VRI[MainActivity]:   apr=LIGHT_STATUS_BARS
01-10 07:14:25.398 32610 32610 D VRI[MainActivity]:   bhv=DEFAULT
01-10 07:14:25.398 32610 32610 D VRI[MainActivity]:   fitSides=} by setLayoutParams
01-10 07:14:32.415 32610 32610 W unknown:ReactNative: Can't cancel already finished gesture. Is a child View trying to start a gesture from an UP/CANCEL event?
01-10 07:14:33.266 32610 32610 W unknown:BridgelessReact: ReactHost{0}.onHostPause(activity)
01-10 07:14:33.266 32610 32610 W unknown:BridgelessReact: ReactContext.onHostPause()
01-10 07:14:33.289 32610 32638 D Surface : Surface::disconnect
01-10 07:14:33.289 32610 32638 D BufferQueueProducer: [VRI[MainActivity]#2(BLAST Consumer)2](id:7f6200000002,api:1,p:32610,c:32610) disconnect: api 1
01-10 07:14:33.301 32610 32643 I ReactNativeJNI: Memory warning (pressure level: TRIM_MEMORY_UI_HIDDEN) received by JS VM, ignoring because it's non-severe
