--------- beginning of main
11-03 23:01:34.080 30953 30953 I id_reminder_app: Using CollectorTypeCC GC.
11-03 23:01:34.084 30953 30953 E id_reminder_app: Not starting debugger since process cannot load the jdwp agent.
11-03 23:01:34.087 30953 30953 D nativeloader: Load libframework-connectivity-tiramisu-jni.so using APEX ns com_android_tethering for caller /apex/com.android.tethering/javalib/framework-connectivity-t.jar: ok
11-03 23:01:34.099 30953 30953 D CompatibilityChangeReporter: Compat change id reported: 171979766; UID 10878; state: ENABLED
11-03 23:01:34.158 30953 30953 D nativeloader: Configuring clns-4 for other apk /data/app/~~eRm6Y_ywwMO0SGlRXXS-Mw==/app.rork.dominder_android_reminder_app-F8nJkjdp9bQH6VRJ7sagBQ==/base.apk. target_sdk_version=35, uses_libraries=, library_path=/data/app/~~eRm6Y_ywwMO0SGlRXXS-Mw==/app.rork.dominder_android_reminder_app-F8nJkjdp9bQH6VRJ7sagBQ==/lib/arm64:/data/app/~~eRm6Y_ywwMO0SGlRXXS-Mw==/app.rork.dominder_android_reminder_app-F8nJkjdp9bQH6VRJ7sagBQ==/base.apk!/lib/arm64-v8a, permitted_path=/data:/mnt/expand:/data/user/0/app.rork.dominder_android_reminder_app
11-03 23:01:34.166 30953 30953 D nativeloader: Load libframework-connectivity-jni.so using APEX ns com_android_tethering for caller /apex/com.android.tethering/javalib/framework-connectivity.jar: ok
11-03 23:01:34.169 30953 30953 V GraphicsEnvironment: ANGLE Developer option for 'app.rork.dominder_android_reminder_app' set to: 'default'
11-03 23:01:34.169 30953 30953 V GraphicsEnvironment: ANGLE GameManagerService for app.rork.dominder_android_reminder_app: false
11-03 23:01:34.169 30953 30953 V GraphicsEnvironment: Neither updatable production driver nor prerelease driver is supported.
11-03 23:01:34.171 30953 30953 D NetworkSecurityConfig: No Network Security Config specified, using platform default
11-03 23:01:34.171 30953 30953 D NetworkSecurityConfig: No Network Security Config specified, using platform default
11-03 23:01:34.180 30953 30953 D WM-WrkMgrInitializer: Initializing WorkManager with default configuration.
11-03 23:01:34.186 30953 30953 D NOTIFEE : (context): received application context
11-03 23:01:34.189 30953 30953 W SoLoader: Initializing SoLoader: 0
11-03 23:01:34.190 30953 30953 W SoLoader: Recording new base apk path: /data/app/~~eRm6Y_ywwMO0SGlRXXS-Mw==/app.rork.dominder_android_reminder_app-F8nJkjdp9bQH6VRJ7sagBQ==/base.apk
11-03 23:01:34.190 30953 30953 W SoLoader: Previously recorded 0 base apk paths.
11-03 23:01:34.191 30953 30953 I SoLoader: Preparing SO source: DirectorySoSource[root = /vendor/lib64 flags = 2]
11-03 23:01:34.191 30953 30953 I SoLoader: Preparing SO source: DirectorySoSource[root = /system/lib64 flags = 2]
11-03 23:01:34.191 30953 30953 I SoLoader: Preparing SO source: DirectApkSoSource[root = [/data/app/~~eRm6Y_ywwMO0SGlRXXS-Mw==/app.rork.dominder_android_reminder_app-F8nJkjdp9bQH6VRJ7sagBQ==/base.apk!/lib/arm64-v8a]]
11-03 23:01:34.194 30953 30953 I SoLoader: Preparing SO source: ApplicationSoSource[DirectorySoSource[root = /data/app/~~eRm6Y_ywwMO0SGlRXXS-Mw==/app.rork.dominder_android_reminder_app-F8nJkjdp9bQH6VRJ7sagBQ==/lib/arm64 flags = 0]]
11-03 23:01:34.194 30953 30953 I SoLoader: init finish: 4 SO sources prepared
11-03 23:01:34.194 30953 30953 W SoLoader: SoLoader initialized: 8
11-03 23:01:34.209 30953 30975 D CompatibilityChangeReporter: Compat change id reported: 160794467; UID 10878; state: ENABLED
11-03 23:01:34.214 30953 30953 D nativeloader: Load /data/app/~~eRm6Y_ywwMO0SGlRXXS-Mw==/app.rork.dominder_android_reminder_app-F8nJkjdp9bQH6VRJ7sagBQ==/base.apk!/lib/arm64-v8a/libc++_shared.so using class loader ns clns-4 (caller=/data/app/~~eRm6Y_ywwMO0SGlRXXS-Mw==/app.rork.dominder_android_reminder_app-F8nJkjdp9bQH6VRJ7sagBQ==/base.apk!classes2.dex): ok
11-03 23:01:34.222 30953 30953 D nativeloader: Load /data/app/~~eRm6Y_ywwMO0SGlRXXS-Mw==/app.rork.dominder_android_reminder_app-F8nJkjdp9bQH6VRJ7sagBQ==/base.apk!/lib/arm64-v8a/libjsi.so using class loader ns clns-4 (caller=/data/app/~~eRm6Y_ywwMO0SGlRXXS-Mw==/app.rork.dominder_android_reminder_app-F8nJkjdp9bQH6VRJ7sagBQ==/base.apk!classes2.dex): ok
11-03 23:01:34.231 30953 30953 D nativeloader: Load /data/app/~~eRm6Y_ywwMO0SGlRXXS-Mw==/app.rork.dominder_android_reminder_app-F8nJkjdp9bQH6VRJ7sagBQ==/base.apk!/lib/arm64-v8a/libfbjni.so using class loader ns clns-4 (caller=/data/app/~~eRm6Y_ywwMO0SGlRXXS-Mw==/app.rork.dominder_android_reminder_app-F8nJkjdp9bQH6VRJ7sagBQ==/base.apk!classes2.dex): ok
11-03 23:01:34.249 30953 30953 D nativeloader: Load /data/app/~~eRm6Y_ywwMO0SGlRXXS-Mw==/app.rork.dominder_android_reminder_app-F8nJkjdp9bQH6VRJ7sagBQ==/base.apk!/lib/arm64-v8a/libreactnative.so using class loader ns clns-4 (caller=/data/app/~~eRm6Y_ywwMO0SGlRXXS-Mw==/app.rork.dominder_android_reminder_app-F8nJkjdp9bQH6VRJ7sagBQ==/base.apk!classes2.dex): ok
11-03 23:01:34.249 30953 30953 D jni_lib_merge: Entering merged library JNI_OnLoad.
11-03 23:01:34.250 30953 30953 D jni_lib_merge: Preparing 11 pre-merged libs (including stub)
11-03 23:01:34.250 30953 30953 D jni_lib_merge: Preparing to register libfabricjni_so.  onload_func: 0x767208c4c4
11-03 23:01:34.250 30953 30953 D jni_lib_merge: Preparing to register libreact_devsupportjni_so.  onload_func: 0x767215e110
11-03 23:01:34.250 30953 30953 D jni_lib_merge: Preparing to register libreact_featureflagsjni_so.  onload_func: 0x76721663ac
11-03 23:01:34.250 30953 30953 D jni_lib_merge: Preparing to register libreact_newarchdefaults_so.  onload_func: 0x767218a3c8
11-03 23:01:34.250 30953 30953 D jni_lib_merge: Preparing to register libreactnativeblob_so.  onload_func: 0x767221121c
11-03 23:01:34.250 30953 30953 D jni_lib_merge: Preparing to register libreactnativejni_so.  onload_func: 0x767222f204
11-03 23:01:34.250 30953 30953 D jni_lib_merge: Preparing to register librninstance_so.  onload_func: 0x7672248990
11-03 23:01:34.250 30953 30953 D jni_lib_merge: Preparing to register libturbomodulejsijni_so.  onload_func: 0x76722c387c
11-03 23:01:34.250 30953 30953 D jni_lib_merge: Preparing to register libuimanagerjni_so.  onload_func: 0x76722cad94
11-03 23:01:34.250 30953 30953 D jni_lib_merge: Preparing to register libyoga_so.  onload_func: 0x76722d01e8
11-03 23:01:34.250 30953 30953 D jni_lib_merge: About to register 10 actual methods.
11-03 23:01:34.268 30953 30953 D nativeloader: Load /data/app/~~eRm6Y_ywwMO0SGlRXXS-Mw==/app.rork.dominder_android_reminder_app-F8nJkjdp9bQH6VRJ7sagBQ==/base.apk!/lib/arm64-v8a/libreact_codegen_rnscreens.so using class loader ns clns-4 (caller=/data/app/~~eRm6Y_ywwMO0SGlRXXS-Mw==/app.rork.dominder_android_reminder_app-F8nJkjdp9bQH6VRJ7sagBQ==/base.apk!classes2.dex): ok
11-03 23:01:34.268 30953 30953 D jni_lib_merge: Entering merged library JNI_OnLoad.
11-03 23:01:34.268 30953 30953 D jni_lib_merge: Preparing 11 pre-merged libs (including stub)
11-03 23:01:34.268 30953 30953 D jni_lib_merge: Preparing to register libfabricjni_so.  onload_func: 0x767208c4c4
11-03 23:01:34.268 30953 30953 D jni_lib_merge: Preparing to register libreact_devsupportjni_so.  onload_func: 0x767215e110
11-03 23:01:34.268 30953 30953 D jni_lib_merge: Preparing to register libreact_featureflagsjni_so.  onload_func: 0x76721663ac
11-03 23:01:34.268 30953 30953 D jni_lib_merge: Preparing to register libreact_newarchdefaults_so.  onload_func: 0x767218a3c8
11-03 23:01:34.268 30953 30953 D jni_lib_merge: Preparing to register libreactnativeblob_so.  onload_func: 0x767221121c
11-03 23:01:34.268 30953 30953 D jni_lib_merge: Preparing to register libreactnativejni_so.  onload_func: 0x767222f204
11-03 23:01:34.268 30953 30953 D jni_lib_merge: Preparing to register librninstance_so.  onload_func: 0x7672248990
11-03 23:01:34.268 30953 30953 D jni_lib_merge: Preparing to register libturbomodulejsijni_so.  onload_func: 0x76722c387c
11-03 23:01:34.268 30953 30953 D jni_lib_merge: Preparing to register libuimanagerjni_so.  onload_func: 0x76722cad94
11-03 23:01:34.268 30953 30953 D jni_lib_merge: Preparing to register libyoga_so.  onload_func: 0x76722d01e8
11-03 23:01:34.268 30953 30953 D jni_lib_merge: About to register 10 actual methods.
11-03 23:01:34.275 30953 30953 D nativeloader: Load /data/app/~~eRm6Y_ywwMO0SGlRXXS-Mw==/app.rork.dominder_android_reminder_app-F8nJkjdp9bQH6VRJ7sagBQ==/base.apk!/lib/arm64-v8a/libreact_codegen_rnsvg.so using class loader ns clns-4 (caller=/data/app/~~eRm6Y_ywwMO0SGlRXXS-Mw==/app.rork.dominder_android_reminder_app-F8nJkjdp9bQH6VRJ7sagBQ==/base.apk!classes2.dex): ok
11-03 23:01:34.275 30953 30953 D jni_lib_merge: Entering merged library JNI_OnLoad.
11-03 23:01:34.275 30953 30953 D jni_lib_merge: Preparing 11 pre-merged libs (including stub)
11-03 23:01:34.275 30953 30953 D jni_lib_merge: Preparing to register libfabricjni_so.  onload_func: 0x767208c4c4
11-03 23:01:34.275 30953 30953 D jni_lib_merge: Preparing to register libreact_devsupportjni_so.  onload_func: 0x767215e110
11-03 23:01:34.275 30953 30953 D jni_lib_merge: Preparing to register libreact_featureflagsjni_so.  onload_func: 0x76721663ac
11-03 23:01:34.275 30953 30953 D jni_lib_merge: Preparing to register libreact_newarchdefaults_so.  onload_func: 0x767218a3c8
11-03 23:01:34.275 30953 30953 D jni_lib_merge: Preparing to register libreactnativeblob_so.  onload_func: 0x767221121c
11-03 23:01:34.275 30953 30953 D jni_lib_merge: Preparing to register libreactnativejni_so.  onload_func: 0x767222f204
11-03 23:01:34.275 30953 30953 D jni_lib_merge: Preparing to register librninstance_so.  onload_func: 0x7672248990
11-03 23:01:34.275 30953 30953 D jni_lib_merge: Preparing to register libturbomodulejsijni_so.  onload_func: 0x76722c387c
11-03 23:01:34.275 30953 30953 D jni_lib_merge: Preparing to register libuimanagerjni_so.  onload_func: 0x76722cad94
11-03 23:01:34.275 30953 30953 D jni_lib_merge: Preparing to register libyoga_so.  onload_func: 0x76722d01e8
11-03 23:01:34.275 30953 30953 D jni_lib_merge: About to register 10 actual methods.
11-03 23:01:34.280 30953 30953 D nativeloader: Load /data/app/~~eRm6Y_ywwMO0SGlRXXS-Mw==/app.rork.dominder_android_reminder_app-F8nJkjdp9bQH6VRJ7sagBQ==/base.apk!/lib/arm64-v8a/libreact_codegen_safeareacontext.so using class loader ns clns-4 (caller=/data/app/~~eRm6Y_ywwMO0SGlRXXS-Mw==/app.rork.dominder_android_reminder_app-F8nJkjdp9bQH6VRJ7sagBQ==/base.apk!classes2.dex): ok
11-03 23:01:34.289 30953 30953 D nativeloader: Load /data/app/~~eRm6Y_ywwMO0SGlRXXS-Mw==/app.rork.dominder_android_reminder_app-F8nJkjdp9bQH6VRJ7sagBQ==/base.apk!/lib/arm64-v8a/libappmodules.so using class loader ns clns-4 (caller=/data/app/~~eRm6Y_ywwMO0SGlRXXS-Mw==/app.rork.dominder_android_reminder_app-F8nJkjdp9bQH6VRJ7sagBQ==/base.apk!classes2.dex): ok
11-03 23:01:34.289 30953 30953 I Typeface: updateThemeFont new=Rookery-Regular;old=sans-serif;new=Rookery-Stacked;old=
11-03 23:01:34.297 30953 30953 D AppCompatDelegate: Checking for metadata for AppLocalesMetadataHolderService : Service not found
11-03 23:01:34.324 30953 30953 W unknown:BridgelessReact: ReactHost{0}.startSurface(surfaceId = 0): Schedule
11-03 23:01:34.324 30953 30953 W unknown:BridgelessReact: ReactHost{0}.attachSurface(surfaceId = 0)
11-03 23:01:34.325 30953 30990 W unknown:BridgelessReact: ReactHost{0}.getOrCreateReactInstanceTask()
11-03 23:01:34.326 30953 30990 W unknown:BridgelessReact: ReactHost{0}.getOrCreateReactInstanceTask(): Start
11-03 23:01:34.326 30953 30990 W unknown:BridgelessReact: ReactHost{0}.getJSBundleLoader()
11-03 23:01:34.326 30953 30990 W unknown:BridgelessReact: ReactHost{0}.getOrCreateReactContext(): Creating BridgelessReactContext
11-03 23:01:34.326 30953 30990 W unknown:BridgelessReact: ReactHost{0}.getOrCreateReactInstanceTask(): Creating ReactInstance
11-03 23:01:34.327 30953 30953 W unknown:BridgelessReact: ReactHost{0}.onHostResume(activity)
11-03 23:01:34.327 30953 30953 W unknown:BridgelessReact: ReactContext.onHostResume()
--------- beginning of system
11-03 23:01:34.336 30953 30953 D ViewRootImpl: update {(0,0)(fillxfill) sim={adjust=resize forwardNavigation} ty=BASE_APPLICATION wanim=0x10302fd
11-03 23:01:34.336 30953 30953 D ViewRootImpl:   fl=LAYOUT_IN_SCREEN LAYOUT_INSET_DECOR SPLIT_TOUCH HARDWARE_ACCELERATED DRAWS_SYSTEM_BAR_BACKGROUNDS
11-03 23:01:34.336 30953 30953 D ViewRootImpl:   pfl=NO_MOVE_ANIMATION FORCE_DRAW_STATUS_BAR_BACKGROUND FIT_INSETS_CONTROLLED
11-03 23:01:34.336 30953 30953 D ViewRootImpl:   bhv=DEFAULT
11-03 23:01:34.336 30953 30953 D ViewRootImpl:   fitSides=} by setView
11-03 23:01:34.342 30953 30990 D nativeloader: Load /data/app/~~eRm6Y_ywwMO0SGlRXXS-Mw==/app.rork.dominder_android_reminder_app-F8nJkjdp9bQH6VRJ7sagBQ==/base.apk!/lib/arm64-v8a/libhermes.so using class loader ns clns-4 (caller=/data/app/~~eRm6Y_ywwMO0SGlRXXS-Mw==/app.rork.dominder_android_reminder_app-F8nJkjdp9bQH6VRJ7sagBQ==/base.apk!classes2.dex): ok
11-03 23:01:34.343 30953 30990 D nativeloader: Load /data/app/~~eRm6Y_ywwMO0SGlRXXS-Mw==/app.rork.dominder_android_reminder_app-F8nJkjdp9bQH6VRJ7sagBQ==/base.apk!/lib/arm64-v8a/libhermestooling.so using class loader ns clns-4 (caller=/data/app/~~eRm6Y_ywwMO0SGlRXXS-Mw==/app.rork.dominder_android_reminder_app-F8nJkjdp9bQH6VRJ7sagBQ==/base.apk!classes2.dex): ok
11-03 23:01:34.344 30953 30990 D jni_lib_merge: Entering merged library JNI_OnLoad.
11-03 23:01:34.344 30953 30990 D jni_lib_merge: Preparing 4 pre-merged libs (including stub)
11-03 23:01:34.344 30953 30990 D jni_lib_merge: Preparing to register libhermes_executor_so.  onload_func: 0x76f3ce411c
11-03 23:01:34.344 30953 30990 D jni_lib_merge: Preparing to register libhermesinstancejni_so.  onload_func: 0x76f3ceba58
11-03 23:01:34.344 30953 30990 D jni_lib_merge: Preparing to register libjsijniprofiler_so.  onload_func: 0x76f3cec114
11-03 23:01:34.344 30953 30990 D jni_lib_merge: About to register 3 actual methods.
11-03 23:01:34.382 30953 30985 I AdrenoGLES-0: QUALCOMM build                   : 43fc279f3a, I58833f8ed4
11-03 23:01:34.382 30953 30985 I AdrenoGLES-0: Build Date                       : 03/24/23
11-03 23:01:34.382 30953 30985 I AdrenoGLES-0: OpenGL ES Shader Compiler Version: EV031.32.02.17
11-03 23:01:34.382 30953 30985 I AdrenoGLES-0: Local Branch                     : 
11-03 23:01:34.382 30953 30985 I AdrenoGLES-0: Remote Branch                    : 
11-03 23:01:34.382 30953 30985 I AdrenoGLES-0: Remote Branch                    : 
11-03 23:01:34.382 30953 30985 I AdrenoGLES-0: Reconstruct Branch               : 
11-03 23:01:34.382 30953 30985 I AdrenoGLES-0: Build Config                     : S P 10.0.7 AArch64
11-03 23:01:34.382 30953 30985 I AdrenoGLES-0: Driver Path                      : /vendor/lib64/egl/libGLESv2_adreno.so
11-03 23:01:34.388 30953 30985 I AdrenoGLES-0: PFP: 0x016ee197, ME: 0x00000000
11-03 23:01:34.406 30953 30985 I OpenGLRenderer: setGrContext nullptr-->validptr
11-03 23:01:34.407 30953 30985 E OpenGLRenderer: Unable to match the desired swap behavior.
11-03 23:01:34.533 30953 30990 I ExpoModulesCore:  AppContext was initialized
11-03 23:01:34.540 30953 30990 W ReactNativeJNI: Component property map contains multiple entries for 'borderColor'. Ensure all calls to convertRawProp use a consistent prefix, name and suffix.
11-03 23:01:34.540 30953 30990 W ReactNativeJNI: Component property map contains multiple entries for 'borderStyle'. Ensure all calls to convertRawProp use a consistent prefix, name and suffix.
11-03 23:01:34.540 30953 30990 W ReactNativeJNI: Component property map contains multiple entries for 'borderRadius'. Ensure all calls to convertRawProp use a consistent prefix, name and suffix.
11-03 23:01:34.540 30953 30990 W ReactNativeJNI: Component property map contains multiple entries for 'borderEndColor'. Ensure all calls to convertRawProp use a consistent prefix, name and suffix.
11-03 23:01:34.540 30953 30990 W ReactNativeJNI: Component property map contains multiple entries for 'borderTopColor'. Ensure all calls to convertRawProp use a consistent prefix, name and suffix.
11-03 23:01:34.540 30953 30990 W ReactNativeJNI: Component property map contains multiple entries for 'borderLeftColor'. Ensure all calls to convertRawProp use a consistent prefix, name and suffix.
11-03 23:01:34.540 30953 30990 W ReactNativeJNI: Component property map contains multiple entries for 'borderBlockColor'. Ensure all calls to convertRawProp use a consistent prefix, name and suffix.
11-03 23:01:34.540 30953 30990 W ReactNativeJNI: Component property map contains multiple entries for 'borderRightColor'. Ensure all calls to convertRawProp use a consistent prefix, name and suffix.
11-03 23:01:34.540 30953 30990 W ReactNativeJNI: Component property map contains multiple entries for 'borderStartColor'. Ensure all calls to convertRawProp use a consistent prefix, name and suffix.
11-03 23:01:34.540 30953 30990 W ReactNativeJNI: Component property map contains multiple entries for 'borderBottomColor'. Ensure all calls to convertRawProp use a consistent prefix, name and suffix.
11-03 23:01:34.540 30953 30990 W ReactNativeJNI: Component property map contains multiple entries for 'borderEndEndRadius'. Ensure all calls to convertRawProp use a consistent prefix, name and suffix.
11-03 23:01:34.540 30953 30990 W ReactNativeJNI: Component property map contains multiple entries for 'borderTopEndRadius'. Ensure all calls to convertRawProp use a consistent prefix, name and suffix.
11-03 23:01:34.540 30953 30990 W ReactNativeJNI: Component property map contains multiple entries for 'borderBlockEndColor'. Ensure all calls to convertRawProp use a consistent prefix, name and suffix.
11-03 23:01:34.540 30953 30990 W ReactNativeJNI: Component property map contains multiple entries for 'borderTopLeftRadius'. Ensure all calls to convertRawProp use a consistent prefix, name and suffix.
11-03 23:01:34.540 30953 30990 W ReactNativeJNI: Component property map contains multiple entries for 'borderEndStartRadius'. Ensure all calls to convertRawProp use a consistent prefix, name and suffix.
11-03 23:01:34.540 30953 30990 W ReactNativeJNI: Component property map contains multiple entries for 'borderStartEndRadius'. Ensure all calls to convertRawProp use a consistent prefix, name and suffix.
11-03 23:01:34.540 30953 30990 W ReactNativeJNI: Component property map contains multiple entries for 'borderTopRightRadius'. Ensure all calls to convertRawProp use a consistent prefix, name and suffix.
11-03 23:01:34.540 30953 30990 W ReactNativeJNI: Component property map contains multiple entries for 'borderTopStartRadius'. Ensure all calls to convertRawProp use a consistent prefix, name and suffix.
11-03 23:01:34.541 30953 30990 W ReactNativeJNI: Component property map contains multiple entries for 'borderBlockStartColor'. Ensure all calls to convertRawProp use a consistent prefix, name and suffix.
11-03 23:01:34.541 30953 30990 W ReactNativeJNI: Component property map contains multiple entries for 'borderBottomEndRadius'. Ensure all calls to convertRawProp use a consistent prefix, name and suffix.
11-03 23:01:34.541 30953 30990 W ReactNativeJNI: Component property map contains multiple entries for 'borderBottomLeftRadius'. Ensure all calls to convertRawProp use a consistent prefix, name and suffix.
11-03 23:01:34.541 30953 30990 W ReactNativeJNI: Component property map contains multiple entries for 'borderStartStartRadius'. Ensure all calls to convertRawProp use a consistent prefix, name and suffix.
11-03 23:01:34.541 30953 30990 W ReactNativeJNI: Component property map contains multiple entries for 'borderBottomRightRadius'. Ensure all calls to convertRawProp use a consistent prefix, name and suffix.
11-03 23:01:34.541 30953 30990 W ReactNativeJNI: Component property map contains multiple entries for 'borderBottomStartRadius'. Ensure all calls to convertRawProp use a consistent prefix, name and suffix.
11-03 23:01:34.557 30953 30990 W ReactNativeJNI: Component property map contains multiple entries for 'borderColor'. Ensure all calls to convertRawProp use a consistent prefix, name and suffix.
11-03 23:01:34.557 30953 30990 W ReactNativeJNI: Component property map contains multiple entries for 'borderStyle'. Ensure all calls to convertRawProp use a consistent prefix, name and suffix.
11-03 23:01:34.574 30953 30990 W unknown:BridgelessReact: ReactHost{0}.getOrCreateReactInstanceTask(): Loading JS Bundle
11-03 23:01:34.574 30953 30990 W unknown:BridgelessReact: ReactHost{0}.getOrCreateReactInstanceTask(): Calling DevSupportManagerBase.onNewReactContextCreated(reactContext)
11-03 23:01:34.574 30953 30990 W unknown:BridgelessReact: ReactHost{0}.startSurface(surfaceId = 0): Execute
11-03 23:01:34.581 30953 30953 W unknown:BridgelessReact: ReactContext.onHostResume()
11-03 23:01:34.581 30953 30953 W unknown:BridgelessReact: ReactHost{0}.getOrCreateReactInstanceTask(): Executing ReactInstanceEventListeners
11-03 23:01:34.608 30953 30991 D nativeloader: Load /data/app/~~eRm6Y_ywwMO0SGlRXXS-Mw==/app.rork.dominder_android_reminder_app-F8nJkjdp9bQH6VRJ7sagBQ==/base.apk!/lib/arm64-v8a/libexpo-modules-core.so using class loader ns clns-4 (caller=/data/app/~~eRm6Y_ywwMO0SGlRXXS-Mw==/app.rork.dominder_android_reminder_app-F8nJkjdp9bQH6VRJ7sagBQ==/base.apk!classes2.dex): ok
11-03 23:01:34.616 30953 30991 D CompatibilityChangeReporter: Compat change id reported: 210923482; UID 10878; state: ENABLED
11-03 23:01:34.619 30953 30991 W unknown:ViewManagerPropertyUpdater: Could not find generated setter for class com.th3rdwave.safeareacontext.SafeAreaProviderManager
11-03 23:01:34.620 30953 30991 W unknown:ViewManagerPropertyUpdater: Could not find generated setter for class com.facebook.react.uimanager.LayoutShadowNode
11-03 23:01:34.622 30953 30991 W unknown:ViewManagerPropertyUpdater: Could not find generated setter for class com.swmansion.rnscreens.SearchBarManager
11-03 23:01:34.622 30953 30991 W unknown:ViewManagerPropertyUpdater: Could not find generated setter for class com.swmansion.rnscreens.ScreenFooterManager
11-03 23:01:34.622 30953 30991 W unknown:ViewManagerPropertyUpdater: Could not find generated setter for class expo.modules.kotlin.views.GroupViewManagerWrapper
11-03 23:01:34.623 30953 30991 W unknown:ViewManagerPropertyUpdater: Could not find generated setter for class com.swmansion.rnscreens.ScreenContainerViewManager
11-03 23:01:34.624 30953 30991 W unknown:ViewManagerPropertyUpdater: Could not find generated setter for class com.swmansion.rnscreens.ModalScreenViewManager
11-03 23:01:34.625 30953 30991 W unknown:ViewManagerPropertyUpdater: Could not find generated setter for class com.swmansion.rnscreens.ScreenStackHeaderConfigViewManager
11-03 23:01:34.626 30953 30991 W unknown:ViewManagerPropertyUpdater: Could not find generated setter for class com.swmansion.rnscreens.ScreenContentWrapperManager
11-03 23:01:34.626 30953 30991 W unknown:ViewManagerPropertyUpdater: Could not find generated setter for class com.th3rdwave.safeareacontext.SafeAreaViewManager
11-03 23:01:34.627 30953 30991 W unknown:ViewManagerPropertyUpdater: Could not find generated setter for class com.th3rdwave.safeareacontext.SafeAreaViewShadowNode
11-03 23:01:34.627 30953 30991 W unknown:ViewManagerPropertyUpdater: Could not find generated setter for class com.shopify.reactnative.flash_list.AutoLayoutViewManager
11-03 23:01:34.627 30953 30991 W unknown:ViewManagerPropertyUpdater: Could not find generated setter for class com.shopify.reactnative.flash_list.CellContainerManager
11-03 23:01:34.628 30953 30991 W unknown:ViewManagerPropertyUpdater: Could not find generated setter for class com.swmansion.rnscreens.ScreenViewManager
11-03 23:01:34.628 30953 30991 W unknown:ViewManagerPropertyUpdater: Could not find generated setter for class expo.modules.kotlin.views.SimpleViewManagerWrapper
11-03 23:01:34.629 30953 30991 W unknown:ViewManagerPropertyUpdater: Could not find generated setter for class com.swmansion.rnscreens.ScreenStackHeaderSubviewManager
11-03 23:01:34.630 30953 30991 W unknown:ViewManagerPropertyUpdater: Could not find generated setter for class com.swmansion.rnscreens.ScreenStackViewManager
11-03 23:01:34.649 30953 30991 W unknown:ViewManagerPropertyUpdater: Could not find generated setter for class com.horcrux.svg.RenderableViewManager$DefsViewManager
11-03 23:01:34.650 30953 30991 W unknown:ViewManagerPropertyUpdater: Could not find generated setter for class com.horcrux.svg.VirtualViewManager$RenderableShadowNode
11-03 23:01:34.652 30953 30991 W unknown:ViewManagerPropertyUpdater: Could not find generated setter for class com.horcrux.svg.RenderableViewManager$FeMergeManager
11-03 23:01:34.653 30953 30991 W unknown:ViewManagerPropertyUpdater: Could not find generated setter for class com.facebook.react.views.safeareaview.ReactSafeAreaViewManager
11-03 23:01:34.653 30953 30991 W unknown:ViewManagerPropertyUpdater: Could not find generated setter for class com.facebook.react.views.safeareaview.ReactSafeAreaViewShadowNode
11-03 23:01:34.654 30953 30991 W unknown:ViewManagerPropertyUpdater: Could not find generated setter for class com.horcrux.svg.RenderableViewManager$LinearGradientManager
11-03 23:01:34.656 30953 30991 W unknown:ViewManagerPropertyUpdater: Could not find generated setter for class com.horcrux.svg.RenderableViewManager$FeGaussianBlurManager
11-03 23:01:34.657 30953 30991 W unknown:ViewManagerPropertyUpdater: Could not find generated setter for class com.facebook.react.views.progressbar.ReactProgressBarViewManager
11-03 23:01:34.657 30953 30991 W unknown:ViewManagerPropertyUpdater: Could not find generated setter for class com.facebook.react.views.progressbar.ProgressBarShadowNode
11-03 23:01:34.658 30953 30991 W unknown:ViewManagerPropertyUpdater: Could not find generated setter for class com.facebook.react.views.scroll.ReactHorizontalScrollViewManager
11-03 23:01:34.660 30953 30991 W unknown:ViewManagerPropertyUpdater: Could not find generated setter for class com.facebook.react.views.text.ReactTextViewManager
11-03 23:01:34.661 30953 30991 W unknown:ViewManagerPropertyUpdater: Could not find generated setter for class com.facebook.react.views.text.ReactTextShadowNode
11-03 23:01:34.663 30953 30991 W unknown:ViewManagerPropertyUpdater: Could not find generated setter for class com.horcrux.svg.RenderableViewManager$FeColorMatrixManager
11-03 23:01:34.664 30953 30991 W unknown:ViewManagerPropertyUpdater: Could not find generated setter for class com.facebook.react.views.scroll.ReactHorizontalScrollContainerViewManager
11-03 23:01:34.666 30953 30991 W unknown:ViewManagerPropertyUpdater: Could not find generated setter for class com.horcrux.svg.RenderableViewManager$ClipPathViewManager
11-03 23:01:34.668 30953 30991 W unknown:ViewManagerPropertyUpdater: Could not find generated setter for class com.horcrux.svg.RenderableViewManager$SymbolManager
11-03 23:01:34.669 30953 30991 W unknown:ViewManagerPropertyUpdater: Could not find generated setter for class com.horcrux.svg.RenderableViewManager$PatternManager
11-03 23:01:34.671 30953 30991 W unknown:ViewManagerPropertyUpdater: Could not find generated setter for class com.horcrux.svg.RenderableViewManager$FeBlendManager
11-03 23:01:34.673 30953 30991 W unknown:ViewManagerPropertyUpdater: Could not find generated setter for class com.facebook.react.views.view.ReactViewManager
11-03 23:01:34.674 30953 30991 W unknown:ViewManagerPropertyUpdater: Could not find generated setter for class com.horcrux.svg.SvgViewManager
11-03 23:01:34.675 30953 30991 W unknown:ViewManagerPropertyUpdater: Could not find generated setter for class com.facebook.react.views.switchview.ReactSwitchManager
11-03 23:01:34.676 30953 30991 W unknown:ViewManagerPropertyUpdater: Could not find generated setter for class com.facebook.react.views.switchview.ReactSwitchShadowNode
11-03 23:01:34.677 30953 30991 W unknown:ViewManagerPropertyUpdater: Could not find generated setter for class com.horcrux.svg.RenderableViewManager$UseViewManager
11-03 23:01:34.679 30953 30991 W unknown:ViewManagerPropertyUpdater: Could not find generated setter for class com.horcrux.svg.RenderableViewManager$CircleViewManager
11-03 23:01:34.680 30953 30991 W unknown:ViewManagerPropertyUpdater: Could not find generated setter for class com.horcrux.svg.RenderableViewManager$TSpanViewManager
11-03 23:01:34.682 30953 30991 W unknown:ViewManagerPropertyUpdater: Could not find generated setter for class com.horcrux.svg.RenderableViewManager$FilterManager
11-03 23:01:34.684 30953 30991 W unknown:ViewManagerPropertyUpdater: Could not find generated setter for class com.horcrux.svg.RenderableViewManager$MarkerManager
11-03 23:01:34.686 30953 30991 W unknown:ViewManagerPropertyUpdater: Could not find generated setter for class com.swmansion.gesturehandler.react.RNGestureHandlerButtonViewManager
11-03 23:01:34.687 30953 30991 W unknown:ViewManagerPropertyUpdater: Could not find generated setter for class com.facebook.react.views.modal.ReactModalHostManager
11-03 23:01:34.688 30953 30991 W unknown:ViewManagerPropertyUpdater: Could not find generated setter for class com.horcrux.svg.RenderableViewManager$ForeignObjectManager
11-03 23:01:34.690 30953 30991 W unknown:ViewManagerPropertyUpdater: Could not find generated setter for class com.horcrux.svg.RenderableViewManager$EllipseViewManager
11-03 23:01:34.692 30953 30991 W unknown:ViewManagerPropertyUpdater: Could not find generated setter for class com.horcrux.svg.RenderableViewManager$LineViewManager
11-03 23:01:34.693 30953 30991 W unknown:ViewManagerPropertyUpdater: Could not find generated setter for class com.facebook.react.views.text.frescosupport.FrescoBasedReactTextInlineImageViewManager
11-03 23:01:34.693 30953 30991 W unknown:ViewManagerPropertyUpdater: Could not find generated setter for class com.facebook.react.views.text.frescosupport.FrescoBasedReactTextInlineImageShadowNode
11-03 23:01:34.694 30953 30991 W unknown:ViewManagerPropertyUpdater: Could not find generated setter for class com.horcrux.svg.RenderableViewManager$FeFloodManager
11-03 23:01:34.696 30953 30991 W unknown:ViewManagerPropertyUpdater: Could not find generated setter for class com.horcrux.svg.RenderableViewManager$GroupViewManager
11-03 23:01:34.697 30953 30991 W unknown:ViewManagerPropertyUpdater: Could not find generated setter for class com.horcrux.svg.RenderableViewManager$TextViewManager
11-03 23:01:34.699 30953 30991 W unknown:ViewManagerPropertyUpdater: Could not find generated setter for class com.horcrux.svg.RenderableViewManager$ImageViewManager
11-03 23:01:34.700 30953 30991 W unknown:ViewManagerPropertyUpdater: Could not find generated setter for class com.horcrux.svg.RenderableViewManager$FeCompositeManager
11-03 23:01:34.702 30953 30991 W unknown:ViewManagerPropertyUpdater: Could not find generated setter for class com.facebook.react.views.image.ReactImageManager
11-03 23:01:34.703 30953 30991 W unknown:ViewManagerPropertyUpdater: Could not find generated setter for class com.horcrux.svg.RenderableViewManager$RadialGradientManager
11-03 23:01:34.705 30953 30991 W unknown:ViewManagerPropertyUpdater: Could not find generated setter for class com.horcrux.svg.RenderableViewManager$MaskManager
11-03 23:01:34.707 30953 30991 W unknown:ViewManagerPropertyUpdater: Could not find generated setter for class com.facebook.react.views.unimplementedview.ReactUnimplementedViewManager
11-03 23:01:34.708 30953 30991 W unknown:ViewManagerPropertyUpdater: Could not find generated setter for class com.horcrux.svg.RenderableViewManager$RectViewManager
11-03 23:01:34.709 30953 30991 W unknown:ViewManagerPropertyUpdater: Could not find generated setter for class com.horcrux.svg.RenderableViewManager$TextPathViewManager
11-03 23:01:34.711 30953 30991 W unknown:ViewManagerPropertyUpdater: Could not find generated setter for class com.facebook.react.views.scroll.ReactScrollViewManager
11-03 23:01:34.713 30953 30991 W unknown:ViewManagerPropertyUpdater: Could not find generated setter for class com.horcrux.svg.RenderableViewManager$FeOffsetManager
11-03 23:01:34.714 30953 30991 W unknown:ViewManagerPropertyUpdater: Could not find generated setter for class com.horcrux.svg.RenderableViewManager$PathViewManager
11-03 23:01:34.716 30953 30991 W unknown:ViewManagerPropertyUpdater: Could not find generated setter for class com.facebook.react.views.drawer.ReactDrawerLayoutManager
11-03 23:01:34.717 30953 30991 W unknown:ViewManagerPropertyUpdater: Could not find generated setter for class com.facebook.react.views.text.ReactVirtualTextViewManager
11-03 23:01:34.717 30953 30991 W unknown:ViewManagerPropertyUpdater: Could not find generated setter for class com.facebook.react.views.text.ReactVirtualTextShadowNode
11-03 23:01:34.718 30953 30991 W unknown:ViewManagerPropertyUpdater: Could not find generated setter for class com.facebook.react.views.swiperefresh.SwipeRefreshLayoutManager
11-03 23:01:34.719 30953 30991 W unknown:ViewManagerPropertyUpdater: Could not find generated setter for class com.facebook.react.views.text.ReactRawTextManager
11-03 23:01:34.720 30953 30991 W unknown:ViewManagerPropertyUpdater: Could not find generated setter for class com.facebook.react.views.text.ReactRawTextShadowNode
11-03 23:01:34.720 30953 30991 W unknown:ViewManagerPropertyUpdater: Could not find generated setter for class com.facebook.react.views.textinput.ReactTextInputManager
11-03 23:01:34.721 30953 30991 W unknown:ViewManagerPropertyUpdater: Could not find generated setter for class com.facebook.react.views.textinput.ReactTextInputShadowNode
11-03 23:01:34.723 30953 30991 W unknown:ViewManagerPropertyUpdater: Could not find generated setter for class com.swmansion.gesturehandler.react.RNGestureHandlerRootViewManager
11-03 23:01:34.728 30953 30991 W BridgelessReactContext: [WARNING] Bridgeless doesn't support CatalystInstance. Accessing an API that's not part of the new architecture is not encouraged usage.
11-03 23:01:34.732 30953 30991 I ExpoModulesCore:  JSI interop was installed
11-03 23:01:34.740 30953 30991 I ExpoModulesCore:  Constants were exported
11-03 23:01:34.782 30953 30991 D nativeloader: Load /data/app/~~eRm6Y_ywwMO0SGlRXXS-Mw==/app.rork.dominder_android_reminder_app-F8nJkjdp9bQH6VRJ7sagBQ==/base.apk!/lib/arm64-v8a/librnscreens.so using class loader ns clns-4 (caller=/data/app/~~eRm6Y_ywwMO0SGlRXXS-Mw==/app.rork.dominder_android_reminder_app-F8nJkjdp9bQH6VRJ7sagBQ==/base.apk!classes3.dex): ok
11-03 23:01:34.789 30953 30991 I ReactNativeJS: '[NotificationService] AlarmModule availability:', 'Available'
11-03 23:01:34.789 30953 30991 I ReactNativeJS: '[NotificationService] AlarmModule methods:', [ 'scheduleAlarm' ]
11-03 23:01:34.790 30953 30991 I ReactNativeJS: Running "main"
11-03 23:01:34.814 30953 30991 D nativeloader: Load /data/app/~~eRm6Y_ywwMO0SGlRXXS-Mw==/app.rork.dominder_android_reminder_app-F8nJkjdp9bQH6VRJ7sagBQ==/base.apk!/lib/arm64-v8a/libworklets.so using class loader ns clns-4 (caller=/data/app/~~eRm6Y_ywwMO0SGlRXXS-Mw==/app.rork.dominder_android_reminder_app-F8nJkjdp9bQH6VRJ7sagBQ==/base.apk!classes2.dex): ok
11-03 23:01:34.821 30953 30991 D nativeloader: Load /data/app/~~eRm6Y_ywwMO0SGlRXXS-Mw==/app.rork.dominder_android_reminder_app-F8nJkjdp9bQH6VRJ7sagBQ==/base.apk!/lib/arm64-v8a/libreanimated.so using class loader ns clns-4 (caller=/data/app/~~eRm6Y_ywwMO0SGlRXXS-Mw==/app.rork.dominder_android_reminder_app-F8nJkjdp9bQH6VRJ7sagBQ==/base.apk!classes2.dex): ok
11-03 23:01:34.824 30953 30991 W System.err: java.lang.NoSuchFieldException: No field mIsFinished in class Lcom/facebook/react/bridge/queue/MessageQueueThreadImpl; (declaration of 'com.facebook.react.bridge.queue.MessageQueueThreadImpl' appears in /data/app/~~eRm6Y_ywwMO0SGlRXXS-Mw==/app.rork.dominder_android_reminder_app-F8nJkjdp9bQH6VRJ7sagBQ==/base.apk!classes2.dex)
11-03 23:01:34.824 30953 30991 W System.err: 	at java.lang.Class.getDeclaredField(Native Method)
11-03 23:01:34.825 30953 30991 W System.err: 	at com.swmansion.worklets.WorkletsMessageQueueThreadBase.quitSynchronous(WorkletsMessageQueueThreadBase.java:54)
11-03 23:01:34.825 30953 30991 W System.err: 	at com.swmansion.reanimated.NativeProxy.initHybrid(Native Method)
11-03 23:01:34.825 30953 30991 W System.err: 	at com.swmansion.reanimated.NativeProxy.<init>(NativeProxy.java:47)
11-03 23:01:34.825 30953 30991 W System.err: 	at com.swmansion.reanimated.NodesManager.initWithContext(NodesManager.java:148)
11-03 23:01:34.825 30953 30991 W System.err: 	at com.swmansion.reanimated.ReanimatedModule.installTurboModule(ReanimatedModule.java:159)
11-03 23:01:34.825 30953 30991 W System.err: 	at com.facebook.jni.NativeRunnable.run(Native Method)
11-03 23:01:34.825 30953 30991 W System.err: 	at android.os.Handler.handleCallback(Handler.java:984)
11-03 23:01:34.825 30953 30991 W System.err: 	at android.os.Handler.dispatchMessage(Handler.java:104)
11-03 23:01:34.825 30953 30991 W System.err: 	at com.facebook.react.bridge.queue.MessageQueueThreadHandler.dispatchMessage(MessageQueueThreadHandler.kt:20)
11-03 23:01:34.825 30953 30991 W System.err: 	at android.os.Looper.loopOnce(Looper.java:238)
11-03 23:01:34.825 30953 30991 W System.err: 	at android.os.Looper.loop(Looper.java:357)
11-03 23:01:34.825 30953 30991 W System.err: 	at com.facebook.react.bridge.queue.MessageQueueThreadImpl$Companion.startNewBackgroundThread$lambda$1(MessageQueueThreadImpl.kt:175)
11-03 23:01:34.825 30953 30991 W System.err: 	at com.facebook.react.bridge.queue.MessageQueueThreadImpl$Companion.$r8$lambda$ldnZnqelhYFctGaUKkOKYj5rxo4(Unknown Source:0)
11-03 23:01:34.825 30953 30991 W System.err: 	at com.facebook.react.bridge.queue.MessageQueueThreadImpl$Companion$$ExternalSyntheticLambda0.run(D8$$SyntheticClass:0)
11-03 23:01:34.825 30953 30991 W System.err: 	at java.lang.Thread.run(Thread.java:1119)
11-03 23:01:34.919 30953 30991 I ReactNativeJS: [useAlarmListeners] Setting up native alarm event listeners...
11-03 23:01:34.919 30953 30991 I ReactNativeJS: [AlarmSync] Hook initialized
11-03 23:01:34.920 30953 30991 I ReactNativeJS: [AlarmSync] Checking for completed alarms...
11-03 23:01:34.920 30953 30991 I ReactNativeJS: [RootLayout] Setting up notification handlers
11-03 23:01:34.921 30953 30991 I ReactNativeJS: [Dominder-Debug] Ensuring base notification channels
11-03 23:01:34.921 30953 30991 I ReactNativeJS: '[Dominder-Debug] Creating channel:', '{"id":"standard-v2","name":"Standard Notifications","importance":4,"sound":"default","vibration":true}'
11-03 23:01:34.925 30953 30992 D DoMinderDebug: AlarmModule: Retrieved 0 completed alarms
11-03 23:01:34.926 30953 30991 I ReactNativeJS: '[AlarmSync] Found completed alarms:', 0
11-03 23:01:34.927 30953 30991 I ReactNativeJS: '[RootLayout] Initial notification:', null
11-03 23:01:34.927 30953 30953 D VRI[MainActivity]: update {(0,0)(fillxfill) sim={adjust=resize forwardNavigation} ty=BASE_APPLICATION wanim=0x10302fd
11-03 23:01:34.927 30953 30953 D VRI[MainActivity]:   fl=LAYOUT_IN_SCREEN LAYOUT_INSET_DECOR SPLIT_TOUCH HARDWARE_ACCELERATED DRAWS_SYSTEM_BAR_BACKGROUNDS
11-03 23:01:34.927 30953 30953 D VRI[MainActivity]:   pfl=NO_MOVE_ANIMATION FORCE_DRAW_STATUS_BAR_BACKGROUND FIT_INSETS_CONTROLLED
11-03 23:01:34.927 30953 30953 D VRI[MainActivity]:   bhv=DEFAULT
11-03 23:01:34.927 30953 30953 D VRI[MainActivity]:   fitSides=} by setLayoutParams
11-03 23:01:34.928 30953 30992 D DoMinderDebug: AlarmModule: Retrieved 0 snoozed alarms
11-03 23:01:34.928 30953 30991 I ReactNativeJS: '[AlarmSync] Found snoozed alarms:', 0
11-03 23:01:34.929 30953 30953 D VRI[MainActivity]: update {(0,0)(fillxfill) sim={adjust=resize forwardNavigation} ty=BASE_APPLICATION wanim=0x10302fd
11-03 23:01:34.929 30953 30953 D VRI[MainActivity]:   fl=LAYOUT_IN_SCREEN FORCE_NOT_FULLSCREEN LAYOUT_INSET_DECOR SPLIT_TOUCH HARDWARE_ACCELERATED DRAWS_SYSTEM_BAR_BACKGROUNDS
11-03 23:01:34.929 30953 30953 D VRI[MainActivity]:   pfl=NO_MOVE_ANIMATION FORCE_DRAW_STATUS_BAR_BACKGROUND FIT_INSETS_CONTROLLED
11-03 23:01:34.929 30953 30953 D VRI[MainActivity]:   bhv=DEFAULT
11-03 23:01:34.929 30953 30953 D VRI[MainActivity]:   fitSides=} by setLayoutParams
11-03 23:01:34.930 30953 30953 D VRI[MainActivity]: update {(0,0)(fillxfill) sim={adjust=resize forwardNavigation} ty=BASE_APPLICATION wanim=0x10302fd
11-03 23:01:34.930 30953 30953 D VRI[MainActivity]:   fl=LAYOUT_IN_SCREEN FORCE_NOT_FULLSCREEN LAYOUT_INSET_DECOR SPLIT_TOUCH HARDWARE_ACCELERATED DRAWS_SYSTEM_BAR_BACKGROUNDS
11-03 23:01:34.930 30953 30953 D VRI[MainActivity]:   pfl=NO_MOVE_ANIMATION FORCE_DRAW_STATUS_BAR_BACKGROUND FIT_INSETS_CONTROLLED
11-03 23:01:34.930 30953 30953 D VRI[MainActivity]:   bhv=DEFAULT
11-03 23:01:34.930 30953 30953 D VRI[MainActivity]:   fitSides=} by setLayoutParams
11-03 23:01:34.930 30953 30991 I ReactNativeJS: '[Dominder-Debug] Creating channel:', '{"id":"silent-v2","name":"Silent Notifications","importance":2,"vibration":false}'
11-03 23:01:34.931 30953 30991 I ReactNativeJS: [AlarmSync] App became active, syncing...
11-03 23:01:34.931 30953 30991 I ReactNativeJS: [AlarmSync] Checking for completed alarms...
11-03 23:01:34.931 30953 30992 D DoMinderDebug: AlarmModule: Retrieved 0 completed alarms
11-03 23:01:34.932 30953 30991 I ReactNativeJS: '[AlarmSync] Found completed alarms:', 0
11-03 23:01:34.932 30953 30992 D DoMinderDebug: AlarmModule: Retrieved 0 snoozed alarms
11-03 23:01:34.932 30953 30991 I ReactNativeJS: '[AlarmSync] Found snoozed alarms:', 0
11-03 23:01:34.932 30953 30991 I ReactNativeJS: '[Dominder-Debug] Creating channel:', '{"id":"alarm-v2","name":"Alarms","importance":4,"sound":"default","vibration":true,"bypassDnd":true}'
11-03 23:01:34.934 30953 30991 I ReactNativeJS: [Dominder-Debug] Base channels ensured
11-03 23:01:34.962 30953 30953 W [RNScreens]: backTitle prop is not available on Android
11-03 23:01:34.963 30953 30953 W [RNScreens]: backTitleFontFamily prop is not available on Android
11-03 23:01:34.963 30953 30953 W [RNScreens]: disableBackButtonMenu prop is not available on Android
11-03 23:01:34.963 30953 30953 W [RNScreens]: backTitleVisible prop is not available on Android
11-03 23:01:34.963 30953 30953 W [RNScreens]: largeTitleHideShadow prop is not available on Android
11-03 23:01:34.963 30953 30953 W [RNScreens]: largeTitleFontWeight prop is not available on Android
11-03 23:01:34.963 30953 30953 W [RNScreens]: largeTitleFontFamily prop is not available on Android
11-03 23:01:34.968 30953 30991 I ReactNativeJS: '[ReminderEngine] Processing reminders, count:', 0
11-03 23:01:35.020 30953 30953 D CompatibilityChangeReporter: Compat change id reported: 171228096; UID 10878; state: ENABLED
11-03 23:01:35.057 30953 30991 E ReactNativeJS: Error: Rendered fewer hooks than expected. This may be caused by an accidental early return statement.
11-03 23:01:35.057 30953 30991 E ReactNativeJS: 
11-03 23:01:35.057 30953 30991 E ReactNativeJS: This error is located at:
11-03 23:01:35.057 30953 30991 E ReactNativeJS:     at SceneView (address at index.android.bundle:1:946046)
11-03 23:01:35.057 30953 30991 E ReactNativeJS:     at RNSScreenContentWrapper (<anonymous>)
11-03 23:01:35.057 30953 30991 E ReactNativeJS:     at ScreenContentWrapper (<anonymous>)
11-03 23:01:35.057 30953 30991 E ReactNativeJS:     at DebugContainer (<anonymous>)
11-03 23:01:35.057 30953 30991 E ReactNativeJS:     at RNSScreen (<anonymous>)
11-03 23:01:35.057 30953 30991 E ReactNativeJS:     at anonymous (address at index.android.bundle:1:586528)
11-03 23:01:35.057 30953 30991 E ReactNativeJS:     at Suspender (address at index.android.bundle:1:1044549)
11-03 23:01:35.057 30953 30991 E ReactNativeJS:     at Suspense (<anonymous>)
11-03 23:01:35.057 30953 30991 E ReactNativeJS:     at Freeze (address at index.android.bundle:1:1044610)
11-03 23:01:35.057 30953 30991 E ReactNativeJS:     at DelayedFreeze (address at index.android.bundle:1:1043804)
11-03 23:01:35.057 30953 30991 E ReactNativeJS:     at InnerScreen (address at index.android.bundle:1:1041415)
11-03 23:01:35.057 30953 30991 E ReactNativeJS:     at anonymous (address at index.android.bundle:1:1043082)
11-03 23:01:35.057 30953 30991 E ReactNativeJS:     at ScreenStackItem (address at index.android.bundle:1:1053327)
11-03 23:01:35.057 30953 30991 E ReactNativeJS:     at SceneView (address at index.android.bundle:1:984745)
11-03 23:01:35.057 30953 30991 E ReactNativeJS:     at RNSScreenStack (<anonymous>)
11-03 23:01:35.057 30953 30991 E ReactNativeJS:     at anonymous (address at index.android.bundle:1:1052304)
11-03 23:01:35.057 30953 30991 E ReactNativeJS:     at ScreenStack (address at index.android.bundle:1:1051583)
11-03 23:01:35.057 30953 30991 E ReactNativeJS:     at FrameSizeProviderInner (address at index.android.bundle:1:1023590)
11-03 23:01:35.057 30953 30991 E ReactNativeJS:     at FrameSizeProvider (address at index.android.bundle:1:1023511)
11-03 23:01:35.057 30953 30991 E ReactNativeJS:     at RCTView (<anonymous>)
11-03 23:01:35.057 30953 30991 E ReactNativeJS:     at anonymous (address at index.android.bundle:1:406356)
11-03 23:01:35.057 30953 30991 E ReactNativeJS:     at SafeAreaProviderCompat (address at index.android.bundle:1:1036597)
11-03 23:01:35.057 30953 30991 E ReactNativeJS:     at NativeStackView (address at index.android.bundle:1:983326)
11-03 23:01:35.057 30953 30991 E ReactNativeJS:     at PreventRemoveProvider (address at index.android.bundle:1:925545)
11-03 23:01:35.057 30953 30991 E ReactNativeJS:     at NavigationStateListenerProvider (address at index.android.bundle:1:955106)
11-03 23:01:35.057 30953 30991 E ReactNativeJS:     at NavigationContent (address at index.android.bundle:1:942415)
11-03 23:01:35.057 30953 30991 E ReactNativeJS:     at anonymous (address at index.android.bundle:1:942318)
11-03 23:01:35.057 30953 30991 E ReactNativeJS:     at NativeStackNavigator (address at index.android.bundle:1:981935)
11-03 23:01:35.057 30953 30991 E ReactNativeJS:     at anonymous (address at index.android.bundle:1:1061912)
11-03 23:01:35.057 30953 30991 E ReactNativeJS:     at RootLayoutNav (<anonymous>)
11-03 23:01:35.057 30953 30991 E ReactNativeJS:     at anonymous (address at index.android.bundle:1:1654765)
11-03 23:01:35.057 30953 30991 E ReactNativeJS:     at RNGestureHandlerRootView (<anonymous>)
11-03 23:01:35.057 30953 30991 E ReactNativeJS:     at GestureHandlerRootView (address at index.android.bundle:1:1580465)
11-03 23:01:35.057 30953 30991 E ReactNativeJS:     at ErrorBoundaryImpl (address at index.android.bundle:1:1675110)
11-03 23:01:35.057 30953 30991 E ReactNativeJS:     at ErrorBoundary (<anonymous>)
11-03 23:01:35.057 30953 30991 E ReactNativeJS:     at anonymous (address at index.android.bundle:1:1654765)
11-03 23:01:35.057 30953 30991 E ReactNativeJS:     at AppContent (address at index.android.bundle:1:1178302)
11-03 23:01:35.057 30953 30991 E ReactNativeJS:     at QueryClientProvider (address at index.android.bundle:1:1248057)
11-03 23:01:35.057 30953 30991 E ReactNativeJS:     at RootLayout (<anonymous>)
11-03 23:01:35.057 30953 30991 E ReactNativeJS:     at Suspense (<anonymous>)
11-03 23:01:35.057 30953 30991 E ReactNativeJS:     at Route (address at index.android.bundle:1:1062986)
11-03 23:01:35.057 30953 30991 E ReactNativeJS:     at BaseRoute (address at index.android.bundle:1:1066863)
11-03 23:01:35.057 30953 30991 E ReactNativeJS:     at StaticContainer (address at index.android.bundle:1:948510)
11-03 23:01:35.057 30953 30991 E ReactNativeJS:     at EnsureSingleNavigator (address at index.android.bundle:1:889884)
11-03 23:01:35.057 30953 30991 E ReactNativeJS:     at SceneView (address at index.android.bundle:1:946046)
11-03 23:01:35.057 30953 30991 E ReactNativeJS:     at PreventRemoveProvider (address at index.android.bundle:1:925545)
11-03 23:01:35.057 30953 30991 E ReactNativeJS:     at NavigationStateListenerProvider (address at index.android.bundle:1:955106)
11-03 23:01:35.057 30953 30991 E ReactNativeJS:     at NavigationContent (address at index.android.bundle:1:942415)
11-03 23:01:35.057 30953 30991 E ReactNativeJS:     at anonymous (address at index.android.bundle:1:942318)
11-03 23:01:35.057 30953 30991 E ReactNativeJS:     at Content (address at index.android.bundle:1:1169698)
11-03 23:01:35.057 30953 30991 E ReactNativeJS:     at RNCSafeAreaProvider (<anonymous>)
11-03 23:01:35.057 30953 30991 E ReactNativeJS:     at SafeAreaProvider (address at index.android.bundle:1:1020065)
11-03 23:01:35.057 30953 30991 E ReactNativeJS:     at wrapper (address at index.android.bundle:1:1168761)
11-03 23:01:35.057 30953 30991 E ReactNativeJS:     at ThemeProvider (address at index.android.bundle:1:893114)
11-03 23:01:35.057 30953 30991 E ReactNativeJS:     at EnsureSingleNavigator (address at index.android.bundle:1:889884)
11-03 23:01:35.057 30953 30991 E ReactNativeJS:     at BaseNavigationContainer (address at index.android.bundle:1:868360)
11-03 23:01:35.057 30953 30991 E ReactNativeJS:     at NavigationContainerInner (address at index.android.bundle:1:1171503)
11-03 23:01:35.057 30953 30991 E ReactNativeJS:     at ContextNavigator (address at index.android.bundle:1:1168959)
11-03 23:01:35.057 30953 30991 E ReactNativeJS:     at ExpoRoot (address at index.android.bundle:1:1168668)
11-03 23:01:35.057 30953 30991 E ReactNativeJS:     at App (<anonymous>)
11-03 23:01:35.057 30953 30991 E ReactNativeJS:     at RCTView (<anonymous>)
11-03 23:01:35.057 30953 30991 E ReactNativeJS:     at anonymous (address at index.android.bundle:1:406356)
11-03 23:01:35.057 30953 30991 E ReactNativeJS:     at AppContainer (address at index.android.bundle:1:405556), js engine: hermes
11-03 23:01:35.058 30953 30991 E ReactNativeJS: '[ErrorBoundary] caught', { [Error: Rendered fewer hooks than expected. This may be caused by an accidental early return statement.]
