--------- beginning of main
11-04 21:05:03.248  6478  6478 I id_reminder_app: Using CollectorTypeCC GC.
11-04 21:05:03.251  6478  6478 E id_reminder_app: Not starting debugger since process cannot load the jdwp agent.
11-04 21:05:03.254  6478  6478 D nativeloader: Load libframework-connectivity-tiramisu-jni.so using APEX ns com_android_tethering for caller /apex/com.android.tethering/javalib/framework-connectivity-t.jar: ok
11-04 21:05:03.267  6478  6478 D CompatibilityChangeReporter: Compat change id reported: 171979766; UID 10880; state: ENABLED
11-04 21:05:03.373  6478  6478 D nativeloader: Configuring clns-4 for other apk /data/app/~~G5dqOmVV3i5d9znVWDVIcA==/app.rork.dominder_android_reminder_app-Huz9sd2D5OT8pIpbS2z4Sg==/base.apk. target_sdk_version=35, uses_libraries=, library_path=/data/app/~~G5dqOmVV3i5d9znVWDVIcA==/app.rork.dominder_android_reminder_app-Huz9sd2D5OT8pIpbS2z4Sg==/lib/arm64:/data/app/~~G5dqOmVV3i5d9znVWDVIcA==/app.rork.dominder_android_reminder_app-Huz9sd2D5OT8pIpbS2z4Sg==/base.apk!/lib/arm64-v8a, permitted_path=/data:/mnt/expand:/data/user/0/app.rork.dominder_android_reminder_app
11-04 21:05:03.379  6478  6478 D nativeloader: Load libframework-connectivity-jni.so using APEX ns com_android_tethering for caller /apex/com.android.tethering/javalib/framework-connectivity.jar: ok
11-04 21:05:03.382  6478  6478 V GraphicsEnvironment: ANGLE Developer option for 'app.rork.dominder_android_reminder_app' set to: 'default'
11-04 21:05:03.382  6478  6478 V GraphicsEnvironment: ANGLE GameManagerService for app.rork.dominder_android_reminder_app: false
11-04 21:05:03.382  6478  6478 V GraphicsEnvironment: Neither updatable production driver nor prerelease driver is supported.
11-04 21:05:03.384  6478  6478 D NetworkSecurityConfig: No Network Security Config specified, using platform default
11-04 21:05:03.385  6478  6478 D NetworkSecurityConfig: No Network Security Config specified, using platform default
11-04 21:05:03.393  6478  6478 D WM-WrkMgrInitializer: Initializing WorkManager with default configuration.
11-04 21:05:03.398  6478  6478 D NOTIFEE : (context): received application context
11-04 21:05:03.401  6478  6478 W SoLoader: Initializing SoLoader: 0
11-04 21:05:03.401  6478  6478 W SoLoader: Recording new base apk path: /data/app/~~G5dqOmVV3i5d9znVWDVIcA==/app.rork.dominder_android_reminder_app-Huz9sd2D5OT8pIpbS2z4Sg==/base.apk
11-04 21:05:03.401  6478  6478 W SoLoader: Previously recorded 0 base apk paths.
11-04 21:05:03.402  6478  6478 I SoLoader: Preparing SO source: DirectorySoSource[root = /vendor/lib64 flags = 2]
11-04 21:05:03.402  6478  6478 I SoLoader: Preparing SO source: DirectorySoSource[root = /system/lib64 flags = 2]
11-04 21:05:03.402  6478  6478 I SoLoader: Preparing SO source: DirectApkSoSource[root = [/data/app/~~G5dqOmVV3i5d9znVWDVIcA==/app.rork.dominder_android_reminder_app-Huz9sd2D5OT8pIpbS2z4Sg==/base.apk!/lib/arm64-v8a]]
11-04 21:05:03.405  6478  6478 I SoLoader: Preparing SO source: ApplicationSoSource[DirectorySoSource[root = /data/app/~~G5dqOmVV3i5d9znVWDVIcA==/app.rork.dominder_android_reminder_app-Huz9sd2D5OT8pIpbS2z4Sg==/lib/arm64 flags = 0]]
11-04 21:05:03.405  6478  6478 I SoLoader: init finish: 4 SO sources prepared
11-04 21:05:03.405  6478  6478 W SoLoader: SoLoader initialized: 8
11-04 21:05:03.414  6478  6502 D CompatibilityChangeReporter: Compat change id reported: 160794467; UID 10880; state: ENABLED
11-04 21:05:03.423  6478  6478 D nativeloader: Load /data/app/~~G5dqOmVV3i5d9znVWDVIcA==/app.rork.dominder_android_reminder_app-Huz9sd2D5OT8pIpbS2z4Sg==/base.apk!/lib/arm64-v8a/libc++_shared.so using class loader ns clns-4 (caller=/data/app/~~G5dqOmVV3i5d9znVWDVIcA==/app.rork.dominder_android_reminder_app-Huz9sd2D5OT8pIpbS2z4Sg==/base.apk!classes2.dex): ok
11-04 21:05:03.433  6478  6478 D nativeloader: Load /data/app/~~G5dqOmVV3i5d9znVWDVIcA==/app.rork.dominder_android_reminder_app-Huz9sd2D5OT8pIpbS2z4Sg==/base.apk!/lib/arm64-v8a/libjsi.so using class loader ns clns-4 (caller=/data/app/~~G5dqOmVV3i5d9znVWDVIcA==/app.rork.dominder_android_reminder_app-Huz9sd2D5OT8pIpbS2z4Sg==/base.apk!classes2.dex): ok
11-04 21:05:03.444  6478  6478 D nativeloader: Load /data/app/~~G5dqOmVV3i5d9znVWDVIcA==/app.rork.dominder_android_reminder_app-Huz9sd2D5OT8pIpbS2z4Sg==/base.apk!/lib/arm64-v8a/libfbjni.so using class loader ns clns-4 (caller=/data/app/~~G5dqOmVV3i5d9znVWDVIcA==/app.rork.dominder_android_reminder_app-Huz9sd2D5OT8pIpbS2z4Sg==/base.apk!classes2.dex): ok
11-04 21:05:03.471  6478  6478 D nativeloader: Load /data/app/~~G5dqOmVV3i5d9znVWDVIcA==/app.rork.dominder_android_reminder_app-Huz9sd2D5OT8pIpbS2z4Sg==/base.apk!/lib/arm64-v8a/libreactnative.so using class loader ns clns-4 (caller=/data/app/~~G5dqOmVV3i5d9znVWDVIcA==/app.rork.dominder_android_reminder_app-Huz9sd2D5OT8pIpbS2z4Sg==/base.apk!classes2.dex): ok
11-04 21:05:03.473  6478  6478 D jni_lib_merge: Entering merged library JNI_OnLoad.
11-04 21:05:03.473  6478  6478 D jni_lib_merge: Preparing 11 pre-merged libs (including stub)
11-04 21:05:03.473  6478  6478 D jni_lib_merge: Preparing to register libfabricjni_so.  onload_func: 0x7673c634c4
11-04 21:05:03.473  6478  6478 D jni_lib_merge: Preparing to register libreact_devsupportjni_so.  onload_func: 0x7673d35110
11-04 21:05:03.473  6478  6478 D jni_lib_merge: Preparing to register libreact_featureflagsjni_so.  onload_func: 0x7673d3d3ac
11-04 21:05:03.473  6478  6478 D jni_lib_merge: Preparing to register libreact_newarchdefaults_so.  onload_func: 0x7673d613c8
11-04 21:05:03.473  6478  6478 D jni_lib_merge: Preparing to register libreactnativeblob_so.  onload_func: 0x7673de821c
11-04 21:05:03.473  6478  6478 D jni_lib_merge: Preparing to register libreactnativejni_so.  onload_func: 0x7673e06204
11-04 21:05:03.473  6478  6478 D jni_lib_merge: Preparing to register librninstance_so.  onload_func: 0x7673e1f990
11-04 21:05:03.473  6478  6478 D jni_lib_merge: Preparing to register libturbomodulejsijni_so.  onload_func: 0x7673e9a87c
11-04 21:05:03.473  6478  6478 D jni_lib_merge: Preparing to register libuimanagerjni_so.  onload_func: 0x7673ea1d94
11-04 21:05:03.473  6478  6478 D jni_lib_merge: Preparing to register libyoga_so.  onload_func: 0x7673ea71e8
11-04 21:05:03.473  6478  6478 D jni_lib_merge: About to register 10 actual methods.
11-04 21:05:03.488  6478  6478 D nativeloader: Load /data/app/~~G5dqOmVV3i5d9znVWDVIcA==/app.rork.dominder_android_reminder_app-Huz9sd2D5OT8pIpbS2z4Sg==/base.apk!/lib/arm64-v8a/libreact_codegen_rnscreens.so using class loader ns clns-4 (caller=/data/app/~~G5dqOmVV3i5d9znVWDVIcA==/app.rork.dominder_android_reminder_app-Huz9sd2D5OT8pIpbS2z4Sg==/base.apk!classes2.dex): ok
11-04 21:05:03.488  6478  6478 D jni_lib_merge: Entering merged library JNI_OnLoad.
11-04 21:05:03.488  6478  6478 D jni_lib_merge: Preparing 11 pre-merged libs (including stub)
11-04 21:05:03.488  6478  6478 D jni_lib_merge: Preparing to register libfabricjni_so.  onload_func: 0x7673c634c4
11-04 21:05:03.488  6478  6478 D jni_lib_merge: Preparing to register libreact_devsupportjni_so.  onload_func: 0x7673d35110
11-04 21:05:03.488  6478  6478 D jni_lib_merge: Preparing to register libreact_featureflagsjni_so.  onload_func: 0x7673d3d3ac
11-04 21:05:03.488  6478  6478 D jni_lib_merge: Preparing to register libreact_newarchdefaults_so.  onload_func: 0x7673d613c8
11-04 21:05:03.488  6478  6478 D jni_lib_merge: Preparing to register libreactnativeblob_so.  onload_func: 0x7673de821c
11-04 21:05:03.488  6478  6478 D jni_lib_merge: Preparing to register libreactnativejni_so.  onload_func: 0x7673e06204
11-04 21:05:03.488  6478  6478 D jni_lib_merge: Preparing to register librninstance_so.  onload_func: 0x7673e1f990
11-04 21:05:03.488  6478  6478 D jni_lib_merge: Preparing to register libturbomodulejsijni_so.  onload_func: 0x7673e9a87c
11-04 21:05:03.488  6478  6478 D jni_lib_merge: Preparing to register libuimanagerjni_so.  onload_func: 0x7673ea1d94
11-04 21:05:03.488  6478  6478 D jni_lib_merge: Preparing to register libyoga_so.  onload_func: 0x7673ea71e8
11-04 21:05:03.488  6478  6478 D jni_lib_merge: About to register 10 actual methods.
11-04 21:05:03.493  6478  6478 D nativeloader: Load /data/app/~~G5dqOmVV3i5d9znVWDVIcA==/app.rork.dominder_android_reminder_app-Huz9sd2D5OT8pIpbS2z4Sg==/base.apk!/lib/arm64-v8a/libreact_codegen_rnsvg.so using class loader ns clns-4 (caller=/data/app/~~G5dqOmVV3i5d9znVWDVIcA==/app.rork.dominder_android_reminder_app-Huz9sd2D5OT8pIpbS2z4Sg==/base.apk!classes2.dex): ok
11-04 21:05:03.493  6478  6478 D jni_lib_merge: Entering merged library JNI_OnLoad.
11-04 21:05:03.493  6478  6478 D jni_lib_merge: Preparing 11 pre-merged libs (including stub)
11-04 21:05:03.494  6478  6478 D jni_lib_merge: Preparing to register libfabricjni_so.  onload_func: 0x7673c634c4
11-04 21:05:03.494  6478  6478 D jni_lib_merge: Preparing to register libreact_devsupportjni_so.  onload_func: 0x7673d35110
11-04 21:05:03.494  6478  6478 D jni_lib_merge: Preparing to register libreact_featureflagsjni_so.  onload_func: 0x7673d3d3ac
11-04 21:05:03.494  6478  6478 D jni_lib_merge: Preparing to register libreact_newarchdefaults_so.  onload_func: 0x7673d613c8
11-04 21:05:03.494  6478  6478 D jni_lib_merge: Preparing to register libreactnativeblob_so.  onload_func: 0x7673de821c
11-04 21:05:03.494  6478  6478 D jni_lib_merge: Preparing to register libreactnativejni_so.  onload_func: 0x7673e06204
11-04 21:05:03.494  6478  6478 D jni_lib_merge: Preparing to register librninstance_so.  onload_func: 0x7673e1f990
11-04 21:05:03.494  6478  6478 D jni_lib_merge: Preparing to register libturbomodulejsijni_so.  onload_func: 0x7673e9a87c
11-04 21:05:03.494  6478  6478 D jni_lib_merge: Preparing to register libuimanagerjni_so.  onload_func: 0x7673ea1d94
11-04 21:05:03.494  6478  6478 D jni_lib_merge: Preparing to register libyoga_so.  onload_func: 0x7673ea71e8
11-04 21:05:03.494  6478  6478 D jni_lib_merge: About to register 10 actual methods.
11-04 21:05:03.498  6478  6478 D nativeloader: Load /data/app/~~G5dqOmVV3i5d9znVWDVIcA==/app.rork.dominder_android_reminder_app-Huz9sd2D5OT8pIpbS2z4Sg==/base.apk!/lib/arm64-v8a/libreact_codegen_safeareacontext.so using class loader ns clns-4 (caller=/data/app/~~G5dqOmVV3i5d9znVWDVIcA==/app.rork.dominder_android_reminder_app-Huz9sd2D5OT8pIpbS2z4Sg==/base.apk!classes2.dex): ok
11-04 21:05:03.507  6478  6478 D nativeloader: Load /data/app/~~G5dqOmVV3i5d9znVWDVIcA==/app.rork.dominder_android_reminder_app-Huz9sd2D5OT8pIpbS2z4Sg==/base.apk!/lib/arm64-v8a/libappmodules.so using class loader ns clns-4 (caller=/data/app/~~G5dqOmVV3i5d9znVWDVIcA==/app.rork.dominder_android_reminder_app-Huz9sd2D5OT8pIpbS2z4Sg==/base.apk!classes2.dex): ok
11-04 21:05:03.508  6478  6478 I Typeface: updateThemeFont new=Rookery-Regular;old=sans-serif;new=Rookery-Stacked;old=
11-04 21:05:03.513  6478  6478 D AppCompatDelegate: Checking for metadata for AppLocalesMetadataHolderService : Service not found
11-04 21:05:03.536  6478  6478 W unknown:BridgelessReact: ReactHost{0}.startSurface(surfaceId = 0): Schedule
11-04 21:05:03.536  6478  6478 W unknown:BridgelessReact: ReactHost{0}.attachSurface(surfaceId = 0)
11-04 21:05:03.537  6478  6517 W unknown:BridgelessReact: ReactHost{0}.getOrCreateReactInstanceTask()
11-04 21:05:03.537  6478  6517 W unknown:BridgelessReact: ReactHost{0}.getOrCreateReactInstanceTask(): Start
11-04 21:05:03.537  6478  6517 W unknown:BridgelessReact: ReactHost{0}.getJSBundleLoader()
11-04 21:05:03.537  6478  6517 W unknown:BridgelessReact: ReactHost{0}.getOrCreateReactContext(): Creating BridgelessReactContext
11-04 21:05:03.537  6478  6517 W unknown:BridgelessReact: ReactHost{0}.getOrCreateReactInstanceTask(): Creating ReactInstance
11-04 21:05:03.539  6478  6478 W unknown:BridgelessReact: ReactHost{0}.onHostResume(activity)
11-04 21:05:03.539  6478  6478 W unknown:BridgelessReact: ReactContext.onHostResume()
--------- beginning of system
11-04 21:05:03.545  6478  6478 D ViewRootImpl: update {(0,0)(fillxfill) sim={adjust=resize forwardNavigation} ty=BASE_APPLICATION wanim=0x10302fd
11-04 21:05:03.545  6478  6478 D ViewRootImpl:   fl=LAYOUT_IN_SCREEN LAYOUT_INSET_DECOR SPLIT_TOUCH HARDWARE_ACCELERATED DRAWS_SYSTEM_BAR_BACKGROUNDS
11-04 21:05:03.545  6478  6478 D ViewRootImpl:   pfl=NO_MOVE_ANIMATION FORCE_DRAW_STATUS_BAR_BACKGROUND FIT_INSETS_CONTROLLED
11-04 21:05:03.545  6478  6478 D ViewRootImpl:   bhv=DEFAULT
11-04 21:05:03.545  6478  6478 D ViewRootImpl:   fitSides=} by setView
11-04 21:05:03.550  6478  6517 D nativeloader: Load /data/app/~~G5dqOmVV3i5d9znVWDVIcA==/app.rork.dominder_android_reminder_app-Huz9sd2D5OT8pIpbS2z4Sg==/base.apk!/lib/arm64-v8a/libhermes.so using class loader ns clns-4 (caller=/data/app/~~G5dqOmVV3i5d9znVWDVIcA==/app.rork.dominder_android_reminder_app-Huz9sd2D5OT8pIpbS2z4Sg==/base.apk!classes2.dex): ok
11-04 21:05:03.552  6478  6517 D nativeloader: Load /data/app/~~G5dqOmVV3i5d9znVWDVIcA==/app.rork.dominder_android_reminder_app-Huz9sd2D5OT8pIpbS2z4Sg==/base.apk!/lib/arm64-v8a/libhermestooling.so using class loader ns clns-4 (caller=/data/app/~~G5dqOmVV3i5d9znVWDVIcA==/app.rork.dominder_android_reminder_app-Huz9sd2D5OT8pIpbS2z4Sg==/base.apk!classes2.dex): ok
11-04 21:05:03.552  6478  6517 D jni_lib_merge: Entering merged library JNI_OnLoad.
11-04 21:05:03.552  6478  6517 D jni_lib_merge: Preparing 4 pre-merged libs (including stub)
11-04 21:05:03.552  6478  6517 D jni_lib_merge: Preparing to register libhermes_executor_so.  onload_func: 0x76f402311c
11-04 21:05:03.552  6478  6517 D jni_lib_merge: Preparing to register libhermesinstancejni_so.  onload_func: 0x76f402aa58
11-04 21:05:03.552  6478  6517 D jni_lib_merge: Preparing to register libjsijniprofiler_so.  onload_func: 0x76f402b114
11-04 21:05:03.552  6478  6517 D jni_lib_merge: About to register 3 actual methods.
11-04 21:05:03.567  6478  6512 I AdrenoGLES-0: QUALCOMM build                   : 43fc279f3a, I58833f8ed4
11-04 21:05:03.567  6478  6512 I AdrenoGLES-0: Build Date                       : 03/24/23
11-04 21:05:03.567  6478  6512 I AdrenoGLES-0: OpenGL ES Shader Compiler Version: EV031.32.02.17
11-04 21:05:03.567  6478  6512 I AdrenoGLES-0: Local Branch                     : 
11-04 21:05:03.567  6478  6512 I AdrenoGLES-0: Remote Branch                    : 
11-04 21:05:03.567  6478  6512 I AdrenoGLES-0: Remote Branch                    : 
11-04 21:05:03.567  6478  6512 I AdrenoGLES-0: Reconstruct Branch               : 
11-04 21:05:03.567  6478  6512 I AdrenoGLES-0: Build Config                     : S P 10.0.7 AArch64
11-04 21:05:03.567  6478  6512 I AdrenoGLES-0: Driver Path                      : /vendor/lib64/egl/libGLESv2_adreno.so
11-04 21:05:03.572  6478  6512 I AdrenoGLES-0: PFP: 0x016ee197, ME: 0x00000000
11-04 21:05:03.587  6478  6512 I OpenGLRenderer: setGrContext nullptr-->validptr
11-04 21:05:03.591  6478  6512 E OpenGLRenderer: Unable to match the desired swap behavior.
11-04 21:05:03.741  6478  6517 I ExpoModulesCore:  AppContext was initialized
11-04 21:05:03.759  6478  6517 W ReactNativeJNI: Component property map contains multiple entries for 'borderColor'. Ensure all calls to convertRawProp use a consistent prefix, name and suffix.
11-04 21:05:03.759  6478  6517 W ReactNativeJNI: Component property map contains multiple entries for 'borderStyle'. Ensure all calls to convertRawProp use a consistent prefix, name and suffix.
11-04 21:05:03.763  6478  6517 W ReactNativeJNI: Component property map contains multiple entries for 'borderColor'. Ensure all calls to convertRawProp use a consistent prefix, name and suffix.
11-04 21:05:03.763  6478  6517 W ReactNativeJNI: Component property map contains multiple entries for 'borderStyle'. Ensure all calls to convertRawProp use a consistent prefix, name and suffix.
11-04 21:05:03.763  6478  6517 W ReactNativeJNI: Component property map contains multiple entries for 'borderRadius'. Ensure all calls to convertRawProp use a consistent prefix, name and suffix.
11-04 21:05:03.763  6478  6517 W ReactNativeJNI: Component property map contains multiple entries for 'borderEndColor'. Ensure all calls to convertRawProp use a consistent prefix, name and suffix.
11-04 21:05:03.763  6478  6517 W ReactNativeJNI: Component property map contains multiple entries for 'borderTopColor'. Ensure all calls to convertRawProp use a consistent prefix, name and suffix.
11-04 21:05:03.763  6478  6517 W ReactNativeJNI: Component property map contains multiple entries for 'borderLeftColor'. Ensure all calls to convertRawProp use a consistent prefix, name and suffix.
11-04 21:05:03.763  6478  6517 W ReactNativeJNI: Component property map contains multiple entries for 'borderBlockColor'. Ensure all calls to convertRawProp use a consistent prefix, name and suffix.
11-04 21:05:03.763  6478  6517 W ReactNativeJNI: Component property map contains multiple entries for 'borderRightColor'. Ensure all calls to convertRawProp use a consistent prefix, name and suffix.
11-04 21:05:03.763  6478  6517 W ReactNativeJNI: Component property map contains multiple entries for 'borderStartColor'. Ensure all calls to convertRawProp use a consistent prefix, name and suffix.
11-04 21:05:03.763  6478  6517 W ReactNativeJNI: Component property map contains multiple entries for 'borderBottomColor'. Ensure all calls to convertRawProp use a consistent prefix, name and suffix.
11-04 21:05:03.763  6478  6517 W ReactNativeJNI: Component property map contains multiple entries for 'borderEndEndRadius'. Ensure all calls to convertRawProp use a consistent prefix, name and suffix.
11-04 21:05:03.763  6478  6517 W ReactNativeJNI: Component property map contains multiple entries for 'borderTopEndRadius'. Ensure all calls to convertRawProp use a consistent prefix, name and suffix.
11-04 21:05:03.763  6478  6517 W ReactNativeJNI: Component property map contains multiple entries for 'borderBlockEndColor'. Ensure all calls to convertRawProp use a consistent prefix, name and suffix.
11-04 21:05:03.763  6478  6517 W ReactNativeJNI: Component property map contains multiple entries for 'borderTopLeftRadius'. Ensure all calls to convertRawProp use a consistent prefix, name and suffix.
11-04 21:05:03.763  6478  6517 W ReactNativeJNI: Component property map contains multiple entries for 'borderEndStartRadius'. Ensure all calls to convertRawProp use a consistent prefix, name and suffix.
11-04 21:05:03.763  6478  6517 W ReactNativeJNI: Component property map contains multiple entries for 'borderStartEndRadius'. Ensure all calls to convertRawProp use a consistent prefix, name and suffix.
11-04 21:05:03.763  6478  6517 W ReactNativeJNI: Component property map contains multiple entries for 'borderTopRightRadius'. Ensure all calls to convertRawProp use a consistent prefix, name and suffix.
11-04 21:05:03.763  6478  6517 W ReactNativeJNI: Component property map contains multiple entries for 'borderTopStartRadius'. Ensure all calls to convertRawProp use a consistent prefix, name and suffix.
11-04 21:05:03.763  6478  6517 W ReactNativeJNI: Component property map contains multiple entries for 'borderBlockStartColor'. Ensure all calls to convertRawProp use a consistent prefix, name and suffix.
11-04 21:05:03.763  6478  6517 W ReactNativeJNI: Component property map contains multiple entries for 'borderBottomEndRadius'. Ensure all calls to convertRawProp use a consistent prefix, name and suffix.
11-04 21:05:03.763  6478  6517 W ReactNativeJNI: Component property map contains multiple entries for 'borderBottomLeftRadius'. Ensure all calls to convertRawProp use a consistent prefix, name and suffix.
11-04 21:05:03.763  6478  6517 W ReactNativeJNI: Component property map contains multiple entries for 'borderStartStartRadius'. Ensure all calls to convertRawProp use a consistent prefix, name and suffix.
11-04 21:05:03.763  6478  6517 W ReactNativeJNI: Component property map contains multiple entries for 'borderBottomRightRadius'. Ensure all calls to convertRawProp use a consistent prefix, name and suffix.
11-04 21:05:03.763  6478  6517 W ReactNativeJNI: Component property map contains multiple entries for 'borderBottomStartRadius'. Ensure all calls to convertRawProp use a consistent prefix, name and suffix.
11-04 21:05:03.776  6478  6517 W unknown:BridgelessReact: ReactHost{0}.getOrCreateReactInstanceTask(): Loading JS Bundle
11-04 21:05:03.780  6478  6517 W unknown:BridgelessReact: ReactHost{0}.getOrCreateReactInstanceTask(): Calling DevSupportManagerBase.onNewReactContextCreated(reactContext)
11-04 21:05:03.780  6478  6517 W unknown:BridgelessReact: ReactHost{0}.startSurface(surfaceId = 0): Execute
11-04 21:05:03.783  6478  6478 W unknown:BridgelessReact: ReactContext.onHostResume()
11-04 21:05:03.783  6478  6478 W unknown:BridgelessReact: ReactHost{0}.getOrCreateReactInstanceTask(): Executing ReactInstanceEventListeners
11-04 21:05:03.812  6478  6518 D nativeloader: Load /data/app/~~G5dqOmVV3i5d9znVWDVIcA==/app.rork.dominder_android_reminder_app-Huz9sd2D5OT8pIpbS2z4Sg==/base.apk!/lib/arm64-v8a/libexpo-modules-core.so using class loader ns clns-4 (caller=/data/app/~~G5dqOmVV3i5d9znVWDVIcA==/app.rork.dominder_android_reminder_app-Huz9sd2D5OT8pIpbS2z4Sg==/base.apk!classes2.dex): ok
11-04 21:05:03.820  6478  6518 D CompatibilityChangeReporter: Compat change id reported: 210923482; UID 10880; state: ENABLED
11-04 21:05:03.822  6478  6518 W unknown:ViewManagerPropertyUpdater: Could not find generated setter for class com.th3rdwave.safeareacontext.SafeAreaProviderManager
11-04 21:05:03.824  6478  6518 W unknown:ViewManagerPropertyUpdater: Could not find generated setter for class com.facebook.react.uimanager.LayoutShadowNode
11-04 21:05:03.825  6478  6518 W unknown:ViewManagerPropertyUpdater: Could not find generated setter for class com.swmansion.rnscreens.SearchBarManager
11-04 21:05:03.826  6478  6518 W unknown:ViewManagerPropertyUpdater: Could not find generated setter for class com.swmansion.rnscreens.ScreenFooterManager
11-04 21:05:03.826  6478  6518 W unknown:ViewManagerPropertyUpdater: Could not find generated setter for class expo.modules.kotlin.views.GroupViewManagerWrapper
11-04 21:05:03.827  6478  6518 W unknown:ViewManagerPropertyUpdater: Could not find generated setter for class com.swmansion.rnscreens.ScreenContainerViewManager
11-04 21:05:03.828  6478  6518 W unknown:ViewManagerPropertyUpdater: Could not find generated setter for class com.swmansion.rnscreens.ModalScreenViewManager
11-04 21:05:03.830  6478  6518 W unknown:ViewManagerPropertyUpdater: Could not find generated setter for class com.swmansion.rnscreens.ScreenStackHeaderConfigViewManager
11-04 21:05:03.830  6478  6518 W unknown:ViewManagerPropertyUpdater: Could not find generated setter for class com.swmansion.rnscreens.ScreenContentWrapperManager
11-04 21:05:03.831  6478  6518 W unknown:ViewManagerPropertyUpdater: Could not find generated setter for class com.th3rdwave.safeareacontext.SafeAreaViewManager
11-04 21:05:03.831  6478  6518 W unknown:ViewManagerPropertyUpdater: Could not find generated setter for class com.th3rdwave.safeareacontext.SafeAreaViewShadowNode
11-04 21:05:03.832  6478  6518 W unknown:ViewManagerPropertyUpdater: Could not find generated setter for class com.shopify.reactnative.flash_list.AutoLayoutViewManager
11-04 21:05:03.832  6478  6518 W unknown:ViewManagerPropertyUpdater: Could not find generated setter for class com.shopify.reactnative.flash_list.CellContainerManager
11-04 21:05:03.832  6478  6518 W unknown:ViewManagerPropertyUpdater: Could not find generated setter for class com.swmansion.rnscreens.ScreenViewManager
11-04 21:05:03.833  6478  6518 W unknown:ViewManagerPropertyUpdater: Could not find generated setter for class expo.modules.kotlin.views.SimpleViewManagerWrapper
11-04 21:05:03.834  6478  6518 W unknown:ViewManagerPropertyUpdater: Could not find generated setter for class com.swmansion.rnscreens.ScreenStackHeaderSubviewManager
11-04 21:05:03.834  6478  6518 W unknown:ViewManagerPropertyUpdater: Could not find generated setter for class com.swmansion.rnscreens.ScreenStackViewManager
11-04 21:05:03.855  6478  6518 W unknown:ViewManagerPropertyUpdater: Could not find generated setter for class com.horcrux.svg.RenderableViewManager$DefsViewManager
11-04 21:05:03.856  6478  6518 W unknown:ViewManagerPropertyUpdater: Could not find generated setter for class com.horcrux.svg.VirtualViewManager$RenderableShadowNode
11-04 21:05:03.858  6478  6518 W unknown:ViewManagerPropertyUpdater: Could not find generated setter for class com.horcrux.svg.RenderableViewManager$FeMergeManager
11-04 21:05:03.859  6478  6518 W unknown:ViewManagerPropertyUpdater: Could not find generated setter for class com.facebook.react.views.safeareaview.ReactSafeAreaViewManager
11-04 21:05:03.859  6478  6518 W unknown:ViewManagerPropertyUpdater: Could not find generated setter for class com.facebook.react.views.safeareaview.ReactSafeAreaViewShadowNode
11-04 21:05:03.861  6478  6518 W unknown:ViewManagerPropertyUpdater: Could not find generated setter for class com.horcrux.svg.RenderableViewManager$LinearGradientManager
11-04 21:05:03.863  6478  6518 W unknown:ViewManagerPropertyUpdater: Could not find generated setter for class com.horcrux.svg.RenderableViewManager$FeGaussianBlurManager
11-04 21:05:03.865  6478  6518 W unknown:ViewManagerPropertyUpdater: Could not find generated setter for class com.facebook.react.views.progressbar.ReactProgressBarViewManager
11-04 21:05:03.865  6478  6518 W unknown:ViewManagerPropertyUpdater: Could not find generated setter for class com.facebook.react.views.progressbar.ProgressBarShadowNode
11-04 21:05:03.867  6478  6518 W unknown:ViewManagerPropertyUpdater: Could not find generated setter for class com.facebook.react.views.scroll.ReactHorizontalScrollViewManager
11-04 21:05:03.869  6478  6518 W unknown:ViewManagerPropertyUpdater: Could not find generated setter for class com.facebook.react.views.text.ReactTextViewManager
11-04 21:05:03.870  6478  6518 W unknown:ViewManagerPropertyUpdater: Could not find generated setter for class com.facebook.react.views.text.ReactTextShadowNode
11-04 21:05:03.872  6478  6518 W unknown:ViewManagerPropertyUpdater: Could not find generated setter for class com.horcrux.svg.RenderableViewManager$FeColorMatrixManager
11-04 21:05:03.873  6478  6518 W unknown:ViewManagerPropertyUpdater: Could not find generated setter for class com.facebook.react.views.scroll.ReactHorizontalScrollContainerViewManager
11-04 21:05:03.875  6478  6518 W unknown:ViewManagerPropertyUpdater: Could not find generated setter for class com.horcrux.svg.RenderableViewManager$ClipPathViewManager
11-04 21:05:03.877  6478  6518 W unknown:ViewManagerPropertyUpdater: Could not find generated setter for class com.horcrux.svg.RenderableViewManager$SymbolManager
11-04 21:05:03.879  6478  6518 W unknown:ViewManagerPropertyUpdater: Could not find generated setter for class com.horcrux.svg.RenderableViewManager$PatternManager
11-04 21:05:03.881  6478  6518 W unknown:ViewManagerPropertyUpdater: Could not find generated setter for class com.horcrux.svg.RenderableViewManager$FeBlendManager
11-04 21:05:03.883  6478  6518 W unknown:ViewManagerPropertyUpdater: Could not find generated setter for class com.facebook.react.views.view.ReactViewManager
11-04 21:05:03.885  6478  6518 W unknown:ViewManagerPropertyUpdater: Could not find generated setter for class com.horcrux.svg.SvgViewManager
11-04 21:05:03.887  6478  6518 W unknown:ViewManagerPropertyUpdater: Could not find generated setter for class com.facebook.react.views.switchview.ReactSwitchManager
11-04 21:05:03.887  6478  6518 W unknown:ViewManagerPropertyUpdater: Could not find generated setter for class com.facebook.react.views.switchview.ReactSwitchShadowNode
11-04 21:05:03.888  6478  6518 W unknown:ViewManagerPropertyUpdater: Could not find generated setter for class com.horcrux.svg.RenderableViewManager$UseViewManager
11-04 21:05:03.890  6478  6518 W unknown:ViewManagerPropertyUpdater: Could not find generated setter for class com.horcrux.svg.RenderableViewManager$CircleViewManager
11-04 21:05:03.891  6478  6518 W unknown:ViewManagerPropertyUpdater: Could not find generated setter for class com.horcrux.svg.RenderableViewManager$TSpanViewManager
11-04 21:05:03.893  6478  6518 W unknown:ViewManagerPropertyUpdater: Could not find generated setter for class com.horcrux.svg.RenderableViewManager$FilterManager
11-04 21:05:03.894  6478  6518 W unknown:ViewManagerPropertyUpdater: Could not find generated setter for class com.horcrux.svg.RenderableViewManager$MarkerManager
11-04 21:05:03.896  6478  6518 W unknown:ViewManagerPropertyUpdater: Could not find generated setter for class com.swmansion.gesturehandler.react.RNGestureHandlerButtonViewManager
11-04 21:05:03.898  6478  6518 W unknown:ViewManagerPropertyUpdater: Could not find generated setter for class com.facebook.react.views.modal.ReactModalHostManager
11-04 21:05:03.899  6478  6518 W unknown:ViewManagerPropertyUpdater: Could not find generated setter for class com.horcrux.svg.RenderableViewManager$ForeignObjectManager
11-04 21:05:03.900  6478  6518 W unknown:ViewManagerPropertyUpdater: Could not find generated setter for class com.horcrux.svg.RenderableViewManager$EllipseViewManager
11-04 21:05:03.902  6478  6518 W unknown:ViewManagerPropertyUpdater: Could not find generated setter for class com.horcrux.svg.RenderableViewManager$LineViewManager
11-04 21:05:03.903  6478  6518 W unknown:ViewManagerPropertyUpdater: Could not find generated setter for class com.facebook.react.views.text.frescosupport.FrescoBasedReactTextInlineImageViewManager
11-04 21:05:03.904  6478  6518 W unknown:ViewManagerPropertyUpdater: Could not find generated setter for class com.facebook.react.views.text.frescosupport.FrescoBasedReactTextInlineImageShadowNode
11-04 21:05:03.905  6478  6518 W unknown:ViewManagerPropertyUpdater: Could not find generated setter for class com.horcrux.svg.RenderableViewManager$FeFloodManager
11-04 21:05:03.906  6478  6518 W unknown:ViewManagerPropertyUpdater: Could not find generated setter for class com.horcrux.svg.RenderableViewManager$GroupViewManager
11-04 21:05:03.907  6478  6518 W unknown:ViewManagerPropertyUpdater: Could not find generated setter for class com.horcrux.svg.RenderableViewManager$TextViewManager
11-04 21:05:03.909  6478  6518 W unknown:ViewManagerPropertyUpdater: Could not find generated setter for class com.horcrux.svg.RenderableViewManager$ImageViewManager
11-04 21:05:03.911  6478  6518 W unknown:ViewManagerPropertyUpdater: Could not find generated setter for class com.horcrux.svg.RenderableViewManager$FeCompositeManager
11-04 21:05:03.912  6478  6518 W unknown:ViewManagerPropertyUpdater: Could not find generated setter for class com.facebook.react.views.image.ReactImageManager
11-04 21:05:03.914  6478  6518 W unknown:ViewManagerPropertyUpdater: Could not find generated setter for class com.horcrux.svg.RenderableViewManager$RadialGradientManager
11-04 21:05:03.915  6478  6518 W unknown:ViewManagerPropertyUpdater: Could not find generated setter for class com.horcrux.svg.RenderableViewManager$MaskManager
11-04 21:05:03.917  6478  6518 W unknown:ViewManagerPropertyUpdater: Could not find generated setter for class com.facebook.react.views.unimplementedview.ReactUnimplementedViewManager
11-04 21:05:03.918  6478  6518 W unknown:ViewManagerPropertyUpdater: Could not find generated setter for class com.horcrux.svg.RenderableViewManager$RectViewManager
11-04 21:05:03.919  6478  6518 W unknown:ViewManagerPropertyUpdater: Could not find generated setter for class com.horcrux.svg.RenderableViewManager$TextPathViewManager
11-04 21:05:03.921  6478  6518 W unknown:ViewManagerPropertyUpdater: Could not find generated setter for class com.facebook.react.views.scroll.ReactScrollViewManager
11-04 21:05:03.923  6478  6518 W unknown:ViewManagerPropertyUpdater: Could not find generated setter for class com.horcrux.svg.RenderableViewManager$FeOffsetManager
11-04 21:05:03.924  6478  6518 W unknown:ViewManagerPropertyUpdater: Could not find generated setter for class com.horcrux.svg.RenderableViewManager$PathViewManager
11-04 21:05:03.926  6478  6518 W unknown:ViewManagerPropertyUpdater: Could not find generated setter for class com.facebook.react.views.drawer.ReactDrawerLayoutManager
11-04 21:05:03.927  6478  6518 W unknown:ViewManagerPropertyUpdater: Could not find generated setter for class com.facebook.react.views.text.ReactVirtualTextViewManager
11-04 21:05:03.927  6478  6518 W unknown:ViewManagerPropertyUpdater: Could not find generated setter for class com.facebook.react.views.text.ReactVirtualTextShadowNode
11-04 21:05:03.928  6478  6518 W unknown:ViewManagerPropertyUpdater: Could not find generated setter for class com.facebook.react.views.swiperefresh.SwipeRefreshLayoutManager
11-04 21:05:03.929  6478  6518 W unknown:ViewManagerPropertyUpdater: Could not find generated setter for class com.facebook.react.views.text.ReactRawTextManager
11-04 21:05:03.930  6478  6518 W unknown:ViewManagerPropertyUpdater: Could not find generated setter for class com.facebook.react.views.text.ReactRawTextShadowNode
11-04 21:05:03.930  6478  6518 W unknown:ViewManagerPropertyUpdater: Could not find generated setter for class com.facebook.react.views.textinput.ReactTextInputManager
11-04 21:05:03.931  6478  6518 W unknown:ViewManagerPropertyUpdater: Could not find generated setter for class com.facebook.react.views.textinput.ReactTextInputShadowNode
11-04 21:05:03.933  6478  6518 W unknown:ViewManagerPropertyUpdater: Could not find generated setter for class com.swmansion.gesturehandler.react.RNGestureHandlerRootViewManager
11-04 21:05:03.942  6478  6518 W BridgelessReactContext: [WARNING] Bridgeless doesn't support CatalystInstance. Accessing an API that's not part of the new architecture is not encouraged usage.
11-04 21:05:03.946  6478  6518 I ExpoModulesCore:  JSI interop was installed
11-04 21:05:03.955  6478  6518 I ExpoModulesCore:  Constants were exported
11-04 21:05:03.999  6478  6518 D nativeloader: Load /data/app/~~G5dqOmVV3i5d9znVWDVIcA==/app.rork.dominder_android_reminder_app-Huz9sd2D5OT8pIpbS2z4Sg==/base.apk!/lib/arm64-v8a/librnscreens.so using class loader ns clns-4 (caller=/data/app/~~G5dqOmVV3i5d9znVWDVIcA==/app.rork.dominder_android_reminder_app-Huz9sd2D5OT8pIpbS2z4Sg==/base.apk!classes3.dex): ok
11-04 21:05:04.009  6478  6518 I ReactNativeJS: '[NotificationService] AlarmModule availability:', 'Available'
11-04 21:05:04.009  6478  6518 I ReactNativeJS: '[NotificationService] AlarmModule methods:', [ 'scheduleAlarm' ]
11-04 21:05:04.009  6478  6518 I ReactNativeJS: Running "main"
11-04 21:05:04.038  6478  6518 D nativeloader: Load /data/app/~~G5dqOmVV3i5d9znVWDVIcA==/app.rork.dominder_android_reminder_app-Huz9sd2D5OT8pIpbS2z4Sg==/base.apk!/lib/arm64-v8a/libworklets.so using class loader ns clns-4 (caller=/data/app/~~G5dqOmVV3i5d9znVWDVIcA==/app.rork.dominder_android_reminder_app-Huz9sd2D5OT8pIpbS2z4Sg==/base.apk!classes2.dex): ok
11-04 21:05:04.077  6478  6518 D nativeloader: Load /data/app/~~G5dqOmVV3i5d9znVWDVIcA==/app.rork.dominder_android_reminder_app-Huz9sd2D5OT8pIpbS2z4Sg==/base.apk!/lib/arm64-v8a/libreanimated.so using class loader ns clns-4 (caller=/data/app/~~G5dqOmVV3i5d9znVWDVIcA==/app.rork.dominder_android_reminder_app-Huz9sd2D5OT8pIpbS2z4Sg==/base.apk!classes2.dex): ok
11-04 21:05:04.211  6478  6518 I ReactNativeJS: [useAlarmListeners] Setting up native alarm event listeners...
11-04 21:05:04.211  6478  6518 I ReactNativeJS: [AlarmSync] Hook initialized
11-04 21:05:04.211  6478  6518 I ReactNativeJS: [AlarmSync] Checking for completed alarms...
11-04 21:05:04.212  6478  6518 I ReactNativeJS: [RootLayout] Setting up notification handlers
11-04 21:05:04.212  6478  6518 I ReactNativeJS: [Dominder-Debug] Ensuring base notification channels
11-04 21:05:04.212  6478  6518 I ReactNativeJS: '[Dominder-Debug] Creating channel:', '{"id":"standard-v2","name":"Standard Notifications","importance":4,"sound":"default","vibration":true}'
11-04 21:05:04.216  6478  6519 D DoMinderDebug: AlarmModule: Retrieved 1 completed alarms
11-04 21:05:04.217  6478  6518 I ReactNativeJS: '[AlarmSync] Found completed alarms:', 1
11-04 21:05:04.217  6478  6518 I ReactNativeJS: '[AlarmSync] Processing completed alarm:', '1762242909823', 'at', '1762264534596'
11-04 21:05:04.217  6478  6518 I ReactNativeJS: [Scheduler] Marking reminder 1762242909823 as done
11-04 21:05:04.218  6478  6518 I ReactNativeJS: '[RootLayout] Initial notification:', null
11-04 21:05:04.218  6478  6478 D VRI[MainActivity]: update {(0,0)(fillxfill) sim={adjust=resize forwardNavigation} ty=BASE_APPLICATION wanim=0x10302fd
11-04 21:05:04.218  6478  6478 D VRI[MainActivity]:   fl=LAYOUT_IN_SCREEN LAYOUT_INSET_DECOR SPLIT_TOUCH HARDWARE_ACCELERATED DRAWS_SYSTEM_BAR_BACKGROUNDS
11-04 21:05:04.218  6478  6478 D VRI[MainActivity]:   pfl=NO_MOVE_ANIMATION FORCE_DRAW_STATUS_BAR_BACKGROUND FIT_INSETS_CONTROLLED
11-04 21:05:04.218  6478  6478 D VRI[MainActivity]:   bhv=DEFAULT
11-04 21:05:04.218  6478  6478 D VRI[MainActivity]:   fitSides=} by setLayoutParams
11-04 21:05:04.220  6478  6518 I ReactNativeJS: '[Dominder-Debug] Creating channel:', '{"id":"silent-v2","name":"Silent Notifications","importance":2,"vibration":false}'
11-04 21:05:04.220  6478  6478 D VRI[MainActivity]: update {(0,0)(fillxfill) sim={adjust=resize forwardNavigation} ty=BASE_APPLICATION wanim=0x10302fd
11-04 21:05:04.220  6478  6478 D VRI[MainActivity]:   fl=LAYOUT_IN_SCREEN FORCE_NOT_FULLSCREEN LAYOUT_INSET_DECOR SPLIT_TOUCH HARDWARE_ACCELERATED DRAWS_SYSTEM_BAR_BACKGROUNDS
11-04 21:05:04.220  6478  6478 D VRI[MainActivity]:   pfl=NO_MOVE_ANIMATION FORCE_DRAW_STATUS_BAR_BACKGROUND FIT_INSETS_CONTROLLED
11-04 21:05:04.220  6478  6478 D VRI[MainActivity]:   bhv=DEFAULT
11-04 21:05:04.220  6478  6478 D VRI[MainActivity]:   fitSides=} by setLayoutParams
11-04 21:05:04.221  6478  6478 D VRI[MainActivity]: update {(0,0)(fillxfill) sim={adjust=resize forwardNavigation} ty=BASE_APPLICATION wanim=0x10302fd
11-04 21:05:04.221  6478  6478 D VRI[MainActivity]:   fl=LAYOUT_IN_SCREEN FORCE_NOT_FULLSCREEN LAYOUT_INSET_DECOR SPLIT_TOUCH HARDWARE_ACCELERATED DRAWS_SYSTEM_BAR_BACKGROUNDS
11-04 21:05:04.221  6478  6478 D VRI[MainActivity]:   pfl=NO_MOVE_ANIMATION FORCE_DRAW_STATUS_BAR_BACKGROUND FIT_INSETS_CONTROLLED
11-04 21:05:04.221  6478  6478 D VRI[MainActivity]:   bhv=DEFAULT
11-04 21:05:04.221  6478  6478 D VRI[MainActivity]:   fitSides=} by setLayoutParams
11-04 21:05:04.221  6478  6549 I NOTIFEE : (NotificationManager): Removing notification with id rem-1762242909823
11-04 21:05:04.222  6478  6549 I NOTIFEE : (NotificationManager): Removing notification with id rem-1762242909823
11-04 21:05:04.222  6478  6518 I ReactNativeJS: '[Dominder-Debug] Creating channel:', '{"id":"alarm-v2","name":"Alarms","importance":4,"sound":"default","vibration":true,"bypassDnd":true}'
11-04 21:05:04.222  6478  6518 I ReactNativeJS: [AlarmSync] App became active, syncing...
11-04 21:05:04.222  6478  6518 I ReactNativeJS: [AlarmSync] Checking for completed alarms...
11-04 21:05:04.222  6478  6519 D DoMinderDebug: AlarmModule: Retrieved 1 completed alarms
11-04 21:05:04.223  6478  6518 I ReactNativeJS: '[AlarmSync] Found completed alarms:', 1
11-04 21:05:04.223  6478  6518 I ReactNativeJS: '[AlarmSync] Processing completed alarm:', '1762242909823', 'at', '1762264534596'
11-04 21:05:04.223  6478  6518 I ReactNativeJS: [Scheduler] Marking reminder 1762242909823 as done
11-04 21:05:04.223  6478  6518 I ReactNativeJS: [Dominder-Debug] Base channels ensured
11-04 21:05:04.224  6478  6552 I NOTIFEE : (NotificationManager): Removing notification with id rem-1762242909823
11-04 21:05:04.224  6478  6552 I NOTIFEE : (NotificationManager): Removing notification with id rem-1762242909823
11-04 21:05:04.226  6478  6553 I NOTIFEE : (NotificationManager): Removing notification with id rem-1762242909823
11-04 21:05:04.226  6478  6549 I NOTIFEE : (NotificationManager): Removing notification with id rem-1762242909823
11-04 21:05:04.227  6478  6518 I ReactNativeJS: [NotificationService] Cancelled all notifications (scheduled + displayed) for reminder 1762242909823
11-04 21:05:04.227  6478  6518 I ReactNativeJS: [Scheduler] Snoozed 'once' reminder 1762242909823 marked as done - completing it
11-04 21:05:04.227  6478  6518 I ReactNativeJS: [NotificationService] Cancelled all notifications (scheduled + displayed) for reminder 1762242909823
11-04 21:05:04.227  6478  6518 I ReactNativeJS: [Scheduler] Snoozed 'once' reminder 1762242909823 marked as done - completing it
11-04 21:05:04.229  6478  6518 I ReactNativeJS: Cancelling notifications for reminder 1762242909823 (completed: true, paused: false)
11-04 21:05:04.229  6478  6557 I NOTIFEE : (NotificationManager): Removing notification with id rem-1762242909823
11-04 21:05:04.229  6478  6557 I NOTIFEE : (NotificationManager): Removing notification with id rem-1762242909823
11-04 21:05:04.254  6478  6478 W [RNScreens]: backTitleVisible prop is not available on Android
11-04 21:05:04.254  6478  6478 W [RNScreens]: backTitleFontFamily prop is not available on Android
11-04 21:05:04.254  6478  6478 W [RNScreens]: disableBackButtonMenu prop is not available on Android
11-04 21:05:04.254  6478  6478 W [RNScreens]: largeTitleFontFamily prop is not available on Android
11-04 21:05:04.254  6478  6518 I ReactNativeJS: '[ReminderEngine] Processing reminders, count:', 0
11-04 21:05:04.254  6478  6478 W [RNScreens]: largeTitleFontWeight prop is not available on Android
11-04 21:05:04.254  6478  6478 W [RNScreens]: largeTitleHideShadow prop is not available on Android
11-04 21:05:04.310  6478  6478 D CompatibilityChangeReporter: Compat change id reported: 171228096; UID 10880; state: ENABLED
11-04 21:05:04.351  6478  6518 E ReactNativeJS: Error: Rendered fewer hooks than expected. This may be caused by an accidental early return statement.
11-04 21:05:04.351  6478  6518 E ReactNativeJS: 
11-04 21:05:04.351  6478  6518 E ReactNativeJS: This error is located at:
11-04 21:05:04.351  6478  6518 E ReactNativeJS:     at SceneView (address at index.android.bundle:1:950165)
11-04 21:05:04.351  6478  6518 E ReactNativeJS:     at RNSScreenContentWrapper (<anonymous>)
11-04 21:05:04.351  6478  6518 E ReactNativeJS:     at ScreenContentWrapper (<anonymous>)
11-04 21:05:04.351  6478  6518 E ReactNativeJS:     at DebugContainer (<anonymous>)
11-04 21:05:04.351  6478  6518 E ReactNativeJS:     at RNSScreen (<anonymous>)
11-04 21:05:04.351  6478  6518 E ReactNativeJS:     at anonymous (address at index.android.bundle:1:590551)
11-04 21:05:04.351  6478  6518 E ReactNativeJS:     at Suspender (address at index.android.bundle:1:1048671)
11-04 21:05:04.351  6478  6518 E ReactNativeJS:     at Suspense (<anonymous>)
11-04 21:05:04.351  6478  6518 E ReactNativeJS:     at Freeze (address at index.android.bundle:1:1048732)
11-04 21:05:04.351  6478  6518 E ReactNativeJS:     at DelayedFreeze (address at index.android.bundle:1:1047926)
11-04 21:05:04.351  6478  6518 E ReactNativeJS:     at InnerScreen (address at index.android.bundle:1:1045537)
11-04 21:05:04.351  6478  6518 E ReactNativeJS:     at anonymous (address at index.android.bundle:1:1047204)
11-04 21:05:04.351  6478  6518 E ReactNativeJS:     at ScreenStackItem (address at index.android.bundle:1:1057457)
11-04 21:05:04.351  6478  6518 E ReactNativeJS:     at SceneView (address at index.android.bundle:1:988866)
11-04 21:05:04.351  6478  6518 E ReactNativeJS:     at RNSScreenStack (<anonymous>)
11-04 21:05:04.351  6478  6518 E ReactNativeJS:     at anonymous (address at index.android.bundle:1:1056433)
11-04 21:05:04.351  6478  6518 E ReactNativeJS:     at ScreenStack (address at index.android.bundle:1:1055712)
11-04 21:05:04.351  6478  6518 E ReactNativeJS:     at FrameSizeProviderInner (address at index.android.bundle:1:1027712)
11-04 21:05:04.351  6478  6518 E ReactNativeJS:     at FrameSizeProvider (address at index.android.bundle:1:1027633)
11-04 21:05:04.351  6478  6518 E ReactNativeJS:     at RCTView (<anonymous>)
11-04 21:05:04.351  6478  6518 E ReactNativeJS:     at anonymous (address at index.android.bundle:1:410365)
11-04 21:05:04.351  6478  6518 E ReactNativeJS:     at SafeAreaProviderCompat (address at index.android.bundle:1:1040719)
11-04 21:05:04.351  6478  6518 E ReactNativeJS:     at NativeStackView (address at index.android.bundle:1:987447)
11-04 21:05:04.351  6478  6518 E ReactNativeJS:     at PreventRemoveProvider (address at index.android.bundle:1:929664)
11-04 21:05:04.351  6478  6518 E ReactNativeJS:     at NavigationStateListenerProvider (address at index.android.bundle:1:959225)
11-04 21:05:04.351  6478  6518 E ReactNativeJS:     at NavigationContent (address at index.android.bundle:1:946534)
11-04 21:05:04.351  6478  6518 E ReactNativeJS:     at anonymous (address at index.android.bundle:1:946437)
11-04 21:05:04.351  6478  6518 E ReactNativeJS:     at NativeStackNavigator (address at index.android.bundle:1:986056)
11-04 21:05:04.351  6478  6518 E ReactNativeJS:     at anonymous (address at index.android.bundle:1:1066045)
11-04 21:05:04.351  6478  6518 E ReactNativeJS:     at RootLayoutNav (<anonymous>)
11-04 21:05:04.351  6478  6518 E ReactNativeJS:     at anonymous (address at index.android.bundle:1:1741682)
11-04 21:05:04.351  6478  6518 E ReactNativeJS:     at RNGestureHandlerRootView (<anonymous>)
11-04 21:05:04.351  6478  6518 E ReactNativeJS:     at GestureHandlerRootView (address at index.android.bundle:1:1666768)
11-04 21:05:04.351  6478  6518 E ReactNativeJS:     at ErrorBoundaryImpl (address at index.android.bundle:1:1762027)
11-04 21:05:04.351  6478  6518 E ReactNativeJS:     at ErrorBoundary (<anonymous>)
11-04 21:05:04.351  6478  6518 E ReactNativeJS:     at anonymous (address at index.android.bundle:1:1741682)
11-04 21:05:04.351  6478  6518 E ReactNativeJS:     at AppContent (address at index.android.bundle:1:1182435)
11-04 21:05:04.351  6478  6518 E ReactNativeJS:     at QueryClientProvider (address at index.android.bundle:1:1252219)
11-04 21:05:04.351  6478  6518 E ReactNativeJS:     at RootLayout (<anonymous>)
11-04 21:05:04.351  6478  6518 E ReactNativeJS:     at Suspense (<anonymous>)
11-04 21:05:04.351  6478  6518 E ReactNativeJS:     at Route (address at index.android.bundle:1:1067119)
11-04 21:05:04.351  6478  6518 E ReactNativeJS:     at BaseRoute (address at index.android.bundle:1:1070996)
11-04 21:05:04.351  6478  6518 E ReactNativeJS:     at StaticContainer (address at index.android.bundle:1:952629)
11-04 21:05:04.351  6478  6518 E ReactNativeJS:     at EnsureSingleNavigator (address at index.android.bundle:1:893997)
11-04 21:05:04.351  6478  6518 E ReactNativeJS:     at SceneView (address at index.android.bundle:1:950165)
11-04 21:05:04.351  6478  6518 E ReactNativeJS:     at PreventRemoveProvider (address at index.android.bundle:1:929664)
11-04 21:05:04.351  6478  6518 E ReactNativeJS:     at NavigationStateListenerProvider (address at index.android.bundle:1:959225)
11-04 21:05:04.351  6478  6518 E ReactNativeJS:     at NavigationContent (address at index.android.bundle:1:946534)
11-04 21:05:04.351  6478  6518 E ReactNativeJS:     at anonymous (address at index.android.bundle:1:946437)
11-04 21:05:04.351  6478  6518 E ReactNativeJS:     at Content (address at index.android.bundle:1:1173831)
11-04 21:05:04.351  6478  6518 E ReactNativeJS:     at RNCSafeAreaProvider (<anonymous>)
11-04 21:05:04.351  6478  6518 E ReactNativeJS:     at SafeAreaProvider (address at index.android.bundle:1:1024185)
11-04 21:05:04.351  6478  6518 E ReactNativeJS:     at wrapper (address at index.android.bundle:1:1172894)
11-04 21:05:04.351  6478  6518 E ReactNativeJS:     at ThemeProvider (address at index.android.bundle:1:897227)
11-04 21:05:04.351  6478  6518 E ReactNativeJS:     at EnsureSingleNavigator (address at index.android.bundle:1:893997)
11-04 21:05:04.351  6478  6518 E ReactNativeJS:     at BaseNavigationContainer (address at index.android.bundle:1:872473)
11-04 21:05:04.351  6478  6518 E ReactNativeJS:     at NavigationContainerInner (address at index.android.bundle:1:1175636)
11-04 21:05:04.351  6478  6518 E ReactNativeJS:     at ContextNavigator (address at index.android.bundle:1:1173092)
11-04 21:05:04.351  6478  6518 E ReactNativeJS:     at ExpoRoot (address at index.android.bundle:1:1172801)
11-04 21:05:04.351  6478  6518 E ReactNativeJS:     at App (<anonymous>)
11-04 21:05:04.351  6478  6518 E ReactNativeJS:     at RCTView (<anonymous>)
11-04 21:05:04.351  6478  6518 E ReactNativeJS:     at anonymous (address at index.android.bundle:1:410365)
11-04 21:05:04.351  6478  6518 E ReactNativeJS:     at AppContainer (address at index.android.bundle:1:409565), js engine: hermes
11-04 21:05:04.353  6478  6518 E ReactNativeJS: '[ErrorBoundary] caught', { [Error: Rendered fewer hooks than expected. This may be caused by an accidental early return statement.]
