--------- beginning of main
01-22 19:52:29.964 28770 28770 I id_reminder_app: Using CollectorTypeCC GC.
01-22 19:52:29.970 28770 28770 D nativeloader: Load libframework-connectivity-tiramisu-jni.so using APEX ns com_android_tethering for caller /apex/com.android.tethering/javalib/framework-connectivity-t.jar: ok
01-22 19:52:29.982 28770 28770 D CompatibilityChangeReporter: Compat change id reported: 171979766; UID 11076; state: ENABLED
01-22 19:52:30.006 28770 28770 W id_reminder_app: Failed to find entry 'classes.dex': Entry not found
01-22 19:52:30.007 28770 28770 W id_reminder_app: Failed to find entry 'classes.dex': Entry not found
01-22 19:52:30.008 28770 28770 W id_reminder_app: Failed to find entry 'classes.dex': Entry not found
01-22 19:52:30.009 28770 28770 W id_reminder_app: Failed to find entry 'classes.dex': Entry not found
01-22 19:52:30.009 28770 28770 W id_reminder_app: Failed to find entry 'classes.dex': Entry not found
01-22 19:52:30.010 28770 28770 W id_reminder_app: Failed to find entry 'classes.dex': Entry not found
01-22 19:52:30.010 28770 28770 W id_reminder_app: Failed to find entry 'classes.dex': Entry not found
01-22 19:52:30.011 28770 28770 W id_reminder_app: Failed to find entry 'classes.dex': Entry not found
01-22 19:52:30.011 28770 28770 W id_reminder_app: Failed to find entry 'classes.dex': Entry not found
01-22 19:52:30.012 28770 28770 W id_reminder_app: Failed to find entry 'classes.dex': Entry not found
01-22 19:52:30.013 28770 28770 D nativeloader: Configuring clns-4 for other apk /data/app/~~P1zaIZyzig6lQZUt1GLwuQ==/app.rork.dominder_android_reminder_app-Ctia7enX4-G-cWr4S5kQzw==/base.apk:/data/app/~~P1zaIZyzig6lQZUt1GLwuQ==/app.rork.dominder_android_reminder_app-Ctia7enX4-G-cWr4S5kQzw==/split_config.arm64_v8a.apk:/data/app/~~P1zaIZyzig6lQZUt1GLwuQ==/app.rork.dominder_android_reminder_app-Ctia7enX4-G-cWr4S5kQzw==/split_config.bn.apk:/data/app/~~P1zaIZyzig6lQZUt1GLwuQ==/app.rork.dominder_android_reminder_app-Ctia7enX4-G-cWr4S5kQzw==/split_config.en.apk:/data/app/~~P1zaIZyzig6lQZUt1GLwuQ==/app.rork.dominder_android_reminder_app-Ctia7enX4-G-cWr4S5kQzw==/split_config.gu.apk:/data/app/~~P1zaIZyzig6lQZUt1GLwuQ==/app.rork.dominder_android_reminder_app-Ctia7enX4-G-cWr4S5kQzw==/split_config.hi.apk:/data/app/~~P1zaIZyzig6lQZUt1GLwuQ==/app.rork.dominder_android_reminder_app-Ctia7enX4-G-cWr4S5kQzw==/split_config.kn.apk:/data/app/~~P1zaIZyzig6lQZUt1GLwuQ==/app.rork.dominder_android_reminder_app-Ctia7enX4-G-cWr4S5kQzw==/split_config.mr.apk:/data/app/~~P1zaIZyzig6lQZ
01-22 19:52:30.024 28770 28770 D nativeloader: Load libframework-connectivity-jni.so using APEX ns com_android_tethering for caller /apex/com.android.tethering/javalib/framework-connectivity.jar: ok
01-22 19:52:30.026 28770 28770 V GraphicsEnvironment: ANGLE Developer option for 'app.rork.dominder_android_reminder_app' set to: 'default'
01-22 19:52:30.026 28770 28770 V GraphicsEnvironment: ANGLE GameManagerService for app.rork.dominder_android_reminder_app: false
01-22 19:52:30.026 28770 28770 V GraphicsEnvironment: Neither updatable production driver nor prerelease driver is supported.
01-22 19:52:30.028 28770 28770 D NetworkSecurityConfig: No Network Security Config specified, using platform default
01-22 19:52:30.029 28770 28770 D NetworkSecurityConfig: No Network Security Config specified, using platform default
01-22 19:52:30.040 28770 28770 D WM-WrkMgrInitializer: Initializing WorkManager with default configuration.
01-22 19:52:30.042 28770 28770 D WM-PackageManagerHelper: Skipping component enablement for androidx.work.impl.background.systemjob.SystemJobService
01-22 19:52:30.042 28770 28770 D WM-Schedulers: Created SystemJobScheduler and enabled SystemJobService
01-22 19:52:30.045 28770 28770 D NOTIFEE : (context): received application context
01-22 19:52:30.048 28770 28770 W SoLoader: Initializing SoLoader: 0
01-22 19:52:30.049 28770 28770 W SoLoader: Recording new base apk path: /data/app/~~P1zaIZyzig6lQZUt1GLwuQ==/app.rork.dominder_android_reminder_app-Ctia7enX4-G-cWr4S5kQzw==/base.apk
01-22 19:52:30.049 28770 28770 W SoLoader: Previously recorded 0 base apk paths.
01-22 19:52:30.049 28770 28770 I SoLoader: Preparing SO source: DirectorySoSource[root = /vendor/lib64 flags = 2]
01-22 19:52:30.049 28770 28770 I SoLoader: Preparing SO source: DirectorySoSource[root = /system/lib64 flags = 2]
01-22 19:52:30.049 28770 28770 I SoLoader: Preparing SO source: DirectApkSoSource[root = [/data/app/~~P1zaIZyzig6lQZUt1GLwuQ==/app.rork.dominder_android_reminder_app-Ctia7enX4-G-cWr4S5kQzw==/split_config.ta.apk!/lib/arm64-v8a, /data/app/~~P1zaIZyzig6lQZUt1GLwuQ==/app.rork.dominder_android_reminder_app-Ctia7enX4-G-cWr4S5kQzw==/split_config.gu.apk!/lib/arm64-v8a, /data/app/~~P1zaIZyzig6lQZUt1GLwuQ==/app.rork.dominder_android_reminder_app-Ctia7enX4-G-cWr4S5kQzw==/split_config.en.apk!/lib/arm64-v8a, /data/app/~~P1zaIZyzig6lQZUt1GLwuQ==/app.rork.dominder_android_reminder_app-Ctia7enX4-G-cWr4S5kQzw==/split_config.bn.apk!/lib/arm64-v8a, /data/app/~~P1zaIZyzig6lQZUt1GLwuQ==/app.rork.dominder_android_reminder_app-Ctia7enX4-G-cWr4S5kQzw==/base.apk!/lib/arm64-v8a, /data/app/~~P1zaIZyzig6lQZUt1GLwuQ==/app.rork.dominder_android_reminder_app-Ctia7enX4-G-cWr4S5kQzw==/split_config.xxhdpi.apk!/lib/arm64-v8a, /data/app/~~P1zaIZyzig6lQZUt1GLwuQ==/app.rork.dominder_android_reminder_app-Ctia7enX4-G-cWr4S5kQzw==/split_config.mr.apk!/lib/arm64-v8a, /data/app/~~P1zaIZyzig6lQZUt1GLwuQ==/app.rork.dominder_android_reminder_app-Ctia7enX4-G-cWr4S5kQzw==/split_config.hi.apk!/lib/arm64-v8a, /data/app/~~P1zaIZyzig6lQZUt1GLwuQ==/app.rork.dominder_android_reminder_app-Ctia7enX4-G-cWr4S5kQzw==/split_config.te.apk!/lib/arm64-v8a, /data/app/~~P1zaIZyzig6lQZUt1GLwuQ==/app.rork.dominder_android_reminder_app-Ctia7enX4-G-cWr4S5kQzw==/split_config.arm64_v8a.apk!/lib/arm64-v8a, /data/app/~~P1zaIZyzig6lQZUt1GLwuQ==/app.rork.dominder_android_reminder_app-Ctia7enX4-G-cWr4S5kQzw==/split_config.kn.apk!/lib/arm64-v8a]]
01-22 19:52:30.054 28770 28770 I SoLoader: Preparing SO source: ApplicationSoSource[DirectorySoSource[root = /data/app/~~P1zaIZyzig6lQZUt1GLwuQ==/app.rork.dominder_android_reminder_app-Ctia7enX4-G-cWr4S5kQzw==/lib/arm64 flags = 0]]
01-22 19:52:30.054 28770 28770 I SoLoader: init finish: 4 SO sources prepared
01-22 19:52:30.054 28770 28770 W SoLoader: SoLoader initialized: 8
01-22 19:52:30.055 28770 28788 D CompatibilityChangeReporter: Compat change id reported: 160794467; UID 11076; state: ENABLED
01-22 19:52:30.061 28770 28770 D nativeloader: Load /data/app/~~P1zaIZyzig6lQZUt1GLwuQ==/app.rork.dominder_android_reminder_app-Ctia7enX4-G-cWr4S5kQzw==/split_config.arm64_v8a.apk!/lib/arm64-v8a/libc++_shared.so using class loader ns clns-4 (caller=/data/app/~~P1zaIZyzig6lQZUt1GLwuQ==/app.rork.dominder_android_reminder_app-Ctia7enX4-G-cWr4S5kQzw==/base.apk!classes2.dex): ok
01-22 19:52:30.064 28770 28770 D nativeloader: Load /data/app/~~P1zaIZyzig6lQZUt1GLwuQ==/app.rork.dominder_android_reminder_app-Ctia7enX4-G-cWr4S5kQzw==/split_config.arm64_v8a.apk!/lib/arm64-v8a/libjsi.so using class loader ns clns-4 (caller=/data/app/~~P1zaIZyzig6lQZUt1GLwuQ==/app.rork.dominder_android_reminder_app-Ctia7enX4-G-cWr4S5kQzw==/base.apk!classes2.dex): ok
01-22 19:52:30.067 28770 28770 D nativeloader: Load /data/app/~~P1zaIZyzig6lQZUt1GLwuQ==/app.rork.dominder_android_reminder_app-Ctia7enX4-G-cWr4S5kQzw==/split_config.arm64_v8a.apk!/lib/arm64-v8a/libfbjni.so using class loader ns clns-4 (caller=/data/app/~~P1zaIZyzig6lQZUt1GLwuQ==/app.rork.dominder_android_reminder_app-Ctia7enX4-G-cWr4S5kQzw==/base.apk!classes2.dex): ok
01-22 19:52:30.073 28770 28770 D nativeloader: Load /data/app/~~P1zaIZyzig6lQZUt1GLwuQ==/app.rork.dominder_android_reminder_app-Ctia7enX4-G-cWr4S5kQzw==/split_config.arm64_v8a.apk!/lib/arm64-v8a/libreactnative.so using class loader ns clns-4 (caller=/data/app/~~P1zaIZyzig6lQZUt1GLwuQ==/app.rork.dominder_android_reminder_app-Ctia7enX4-G-cWr4S5kQzw==/base.apk!classes2.dex): ok
01-22 19:52:30.074 28770 28770 D jni_lib_merge: Entering merged library JNI_OnLoad.
01-22 19:52:30.074 28770 28770 D jni_lib_merge: Preparing 11 pre-merged libs (including stub)
01-22 19:52:30.074 28770 28770 D jni_lib_merge: Preparing to register libfabricjni_so.  onload_func: 0x73737b54c4
01-22 19:52:30.074 28770 28770 D jni_lib_merge: Preparing to register libreact_devsupportjni_so.  onload_func: 0x7373887110
01-22 19:52:30.074 28770 28770 D jni_lib_merge: Preparing to register libreact_featureflagsjni_so.  onload_func: 0x737388f3ac
01-22 19:52:30.074 28770 28770 D jni_lib_merge: Preparing to register libreact_newarchdefaults_so.  onload_func: 0x73738b33c8
01-22 19:52:30.074 28770 28770 D jni_lib_merge: Preparing to register libreactnativeblob_so.  onload_func: 0x737393a21c
01-22 19:52:30.074 28770 28770 D jni_lib_merge: Preparing to register libreactnativejni_so.  onload_func: 0x7373958204
01-22 19:52:30.074 28770 28770 D jni_lib_merge: Preparing to register librninstance_so.  onload_func: 0x7373971990
01-22 19:52:30.074 28770 28770 D jni_lib_merge: Preparing to register libturbomodulejsijni_so.  onload_func: 0x73739ec87c
01-22 19:52:30.074 28770 28770 D jni_lib_merge: Preparing to register libuimanagerjni_so.  onload_func: 0x73739f3d94
01-22 19:52:30.074 28770 28770 D jni_lib_merge: Preparing to register libyoga_so.  onload_func: 0x73739f91e8
01-22 19:52:30.074 28770 28770 D jni_lib_merge: About to register 10 actual methods.
01-22 19:52:30.081 28770 28770 D nativeloader: Load /data/app/~~P1zaIZyzig6lQZUt1GLwuQ==/app.rork.dominder_android_reminder_app-Ctia7enX4-G-cWr4S5kQzw==/split_config.arm64_v8a.apk!/lib/arm64-v8a/libreact_codegen_rnscreens.so using class loader ns clns-4 (caller=/data/app/~~P1zaIZyzig6lQZUt1GLwuQ==/app.rork.dominder_android_reminder_app-Ctia7enX4-G-cWr4S5kQzw==/base.apk!classes2.dex): ok
01-22 19:52:30.081 28770 28770 D jni_lib_merge: Entering merged library JNI_OnLoad.
01-22 19:52:30.081 28770 28770 D jni_lib_merge: Preparing 11 pre-merged libs (including stub)
01-22 19:52:30.081 28770 28770 D jni_lib_merge: Preparing to register libfabricjni_so.  onload_func: 0x73737b54c4
01-22 19:52:30.081 28770 28770 D jni_lib_merge: Preparing to register libreact_devsupportjni_so.  onload_func: 0x7373887110
01-22 19:52:30.081 28770 28770 D jni_lib_merge: Preparing to register libreact_featureflagsjni_so.  onload_func: 0x737388f3ac
01-22 19:52:30.081 28770 28770 D jni_lib_merge: Preparing to register libreact_newarchdefaults_so.  onload_func: 0x73738b33c8
01-22 19:52:30.081 28770 28770 D jni_lib_merge: Preparing to register libreactnativeblob_so.  onload_func: 0x737393a21c
01-22 19:52:30.081 28770 28770 D jni_lib_merge: Preparing to register libreactnativejni_so.  onload_func: 0x7373958204
01-22 19:52:30.081 28770 28770 D jni_lib_merge: Preparing to register librninstance_so.  onload_func: 0x7373971990
01-22 19:52:30.081 28770 28770 D jni_lib_merge: Preparing to register libturbomodulejsijni_so.  onload_func: 0x73739ec87c
01-22 19:52:30.081 28770 28770 D jni_lib_merge: Preparing to register libuimanagerjni_so.  onload_func: 0x73739f3d94
01-22 19:52:30.081 28770 28770 D jni_lib_merge: Preparing to register libyoga_so.  onload_func: 0x73739f91e8
01-22 19:52:30.081 28770 28770 D jni_lib_merge: About to register 10 actual methods.
01-22 19:52:30.084 28770 28770 D nativeloader: Load /data/app/~~P1zaIZyzig6lQZUt1GLwuQ==/app.rork.dominder_android_reminder_app-Ctia7enX4-G-cWr4S5kQzw==/split_config.arm64_v8a.apk!/lib/arm64-v8a/libreact_codegen_RNCSlider.so using class loader ns clns-4 (caller=/data/app/~~P1zaIZyzig6lQZUt1GLwuQ==/app.rork.dominder_android_reminder_app-Ctia7enX4-G-cWr4S5kQzw==/base.apk!classes2.dex): ok
01-22 19:52:30.088 28770 28770 D nativeloader: Load /data/app/~~P1zaIZyzig6lQZUt1GLwuQ==/app.rork.dominder_android_reminder_app-Ctia7enX4-G-cWr4S5kQzw==/split_config.arm64_v8a.apk!/lib/arm64-v8a/libreact_codegen_rnsvg.so using class loader ns clns-4 (caller=/data/app/~~P1zaIZyzig6lQZUt1GLwuQ==/app.rork.dominder_android_reminder_app-Ctia7enX4-G-cWr4S5kQzw==/base.apk!classes2.dex): ok
01-22 19:52:30.088 28770 28770 D jni_lib_merge: Entering merged library JNI_OnLoad.
01-22 19:52:30.088 28770 28770 D jni_lib_merge: Preparing 11 pre-merged libs (including stub)
01-22 19:52:30.088 28770 28770 D jni_lib_merge: Preparing to register libfabricjni_so.  onload_func: 0x73737b54c4
01-22 19:52:30.088 28770 28770 D jni_lib_merge: Preparing to register libreact_devsupportjni_so.  onload_func: 0x7373887110
01-22 19:52:30.088 28770 28770 D jni_lib_merge: Preparing to register libreact_featureflagsjni_so.  onload_func: 0x737388f3ac
01-22 19:52:30.088 28770 28770 D jni_lib_merge: Preparing to register libreact_newarchdefaults_so.  onload_func: 0x73738b33c8
01-22 19:52:30.088 28770 28770 D jni_lib_merge: Preparing to register libreactnativeblob_so.  onload_func: 0x737393a21c
01-22 19:52:30.088 28770 28770 D jni_lib_merge: Preparing to register libreactnativejni_so.  onload_func: 0x7373958204
01-22 19:52:30.088 28770 28770 D jni_lib_merge: Preparing to register librninstance_so.  onload_func: 0x7373971990
01-22 19:52:30.088 28770 28770 D jni_lib_merge: Preparing to register libturbomodulejsijni_so.  onload_func: 0x73739ec87c
01-22 19:52:30.088 28770 28770 D jni_lib_merge: Preparing to register libuimanagerjni_so.  onload_func: 0x73739f3d94
01-22 19:52:30.088 28770 28770 D jni_lib_merge: Preparing to register libyoga_so.  onload_func: 0x73739f91e8
01-22 19:52:30.088 28770 28770 D jni_lib_merge: About to register 10 actual methods.
01-22 19:52:30.091 28770 28770 D nativeloader: Load /data/app/~~P1zaIZyzig6lQZUt1GLwuQ==/app.rork.dominder_android_reminder_app-Ctia7enX4-G-cWr4S5kQzw==/split_config.arm64_v8a.apk!/lib/arm64-v8a/libreact_codegen_safeareacontext.so using class loader ns clns-4 (caller=/data/app/~~P1zaIZyzig6lQZUt1GLwuQ==/app.rork.dominder_android_reminder_app-Ctia7enX4-G-cWr4S5kQzw==/base.apk!classes2.dex): ok
01-22 19:52:30.094 28770 28770 D nativeloader: Load /data/app/~~P1zaIZyzig6lQZUt1GLwuQ==/app.rork.dominder_android_reminder_app-Ctia7enX4-G-cWr4S5kQzw==/split_config.arm64_v8a.apk!/lib/arm64-v8a/libappmodules.so using class loader ns clns-4 (caller=/data/app/~~P1zaIZyzig6lQZUt1GLwuQ==/app.rork.dominder_android_reminder_app-Ctia7enX4-G-cWr4S5kQzw==/base.apk!classes2.dex): ok
01-22 19:52:30.095 28770 28770 I Typeface: updateThemeFont new=Rookery-Regular;old=sans-serif;new=Rookery-Stacked;old=
01-22 19:52:30.102 28770 28770 D AppCompatDelegate: Checking for metadata for AppLocalesMetadataHolderService : Service not found
01-22 19:52:30.123 28770 28770 W unknown:BridgelessReact: ReactHost{0}.startSurface(surfaceId = 0): Schedule
01-22 19:52:30.124 28770 28770 W unknown:BridgelessReact: ReactHost{0}.attachSurface(surfaceId = 0)
01-22 19:52:30.125 28770 28803 W unknown:BridgelessReact: ReactHost{0}.getOrCreateReactInstanceTask()
01-22 19:52:30.125 28770 28803 W unknown:BridgelessReact: ReactHost{0}.getOrCreateReactInstanceTask(): Start
01-22 19:52:30.125 28770 28803 W unknown:BridgelessReact: ReactHost{0}.getJSBundleLoader()
01-22 19:52:30.126 28770 28803 W unknown:BridgelessReact: ReactHost{0}.getOrCreateReactContext(): Creating BridgelessReactContext
01-22 19:52:30.126 28770 28803 W unknown:BridgelessReact: ReactHost{0}.getOrCreateReactInstanceTask(): Creating ReactInstance
01-22 19:52:30.127 28770 28770 W unknown:BridgelessReact: ReactHost{0}.onHostResume(activity)
01-22 19:52:30.127 28770 28770 W unknown:BridgelessReact: ReactContext.onHostResume()
--------- beginning of system
01-22 19:52:30.139 28770 28770 D ViewRootImpl: update {(0,0)(fillxfill) sim={adjust=pan forwardNavigation} ty=BASE_APPLICATION wanim=0x10302fd
01-22 19:52:30.139 28770 28770 D ViewRootImpl:   fl=LAYOUT_IN_SCREEN LAYOUT_INSET_DECOR SPLIT_TOUCH HARDWARE_ACCELERATED DRAWS_SYSTEM_BAR_BACKGROUNDS
01-22 19:52:30.139 28770 28770 D ViewRootImpl:   pfl=NO_MOVE_ANIMATION FORCE_DRAW_STATUS_BAR_BACKGROUND FIT_INSETS_CONTROLLED
01-22 19:52:30.139 28770 28770 D ViewRootImpl:   bhv=DEFAULT
01-22 19:52:30.139 28770 28770 D ViewRootImpl:   fitSides=} by setView
01-22 19:52:30.142 28770 28803 D nativeloader: Load /data/app/~~P1zaIZyzig6lQZUt1GLwuQ==/app.rork.dominder_android_reminder_app-Ctia7enX4-G-cWr4S5kQzw==/split_config.arm64_v8a.apk!/lib/arm64-v8a/libhermes.so using class loader ns clns-4 (caller=/data/app/~~P1zaIZyzig6lQZUt1GLwuQ==/app.rork.dominder_android_reminder_app-Ctia7enX4-G-cWr4S5kQzw==/base.apk!classes2.dex): ok
01-22 19:52:30.144 28770 28803 D nativeloader: Load /data/app/~~P1zaIZyzig6lQZUt1GLwuQ==/app.rork.dominder_android_reminder_app-Ctia7enX4-G-cWr4S5kQzw==/split_config.arm64_v8a.apk!/lib/arm64-v8a/libhermestooling.so using class loader ns clns-4 (caller=/data/app/~~P1zaIZyzig6lQZUt1GLwuQ==/app.rork.dominder_android_reminder_app-Ctia7enX4-G-cWr4S5kQzw==/base.apk!classes2.dex): ok
01-22 19:52:30.144 28770 28803 D jni_lib_merge: Entering merged library JNI_OnLoad.
01-22 19:52:30.144 28770 28803 D jni_lib_merge: Preparing 4 pre-merged libs (including stub)
01-22 19:52:30.144 28770 28803 D jni_lib_merge: Preparing to register libhermes_executor_so.  onload_func: 0x73f166811c
01-22 19:52:30.144 28770 28803 D jni_lib_merge: Preparing to register libhermesinstancejni_so.  onload_func: 0x73f166fa58
01-22 19:52:30.144 28770 28803 D jni_lib_merge: Preparing to register libjsijniprofiler_so.  onload_func: 0x73f1670114
01-22 19:52:30.144 28770 28803 D jni_lib_merge: About to register 3 actual methods.
01-22 19:52:30.159 28770 28770 D LicenseClient: Connecting to the licensing service...
01-22 19:52:30.182 28770 28795 I AdrenoGLES-0: QUALCOMM build                   : 43fc279f3a, I58833f8ed4
01-22 19:52:30.182 28770 28795 I AdrenoGLES-0: Build Date                       : 03/24/23
01-22 19:52:30.182 28770 28795 I AdrenoGLES-0: OpenGL ES Shader Compiler Version: EV031.32.02.17
01-22 19:52:30.182 28770 28795 I AdrenoGLES-0: Local Branch                     : 
01-22 19:52:30.182 28770 28795 I AdrenoGLES-0: Remote Branch                    : 
01-22 19:52:30.182 28770 28795 I AdrenoGLES-0: Remote Branch                    : 
01-22 19:52:30.182 28770 28795 I AdrenoGLES-0: Reconstruct Branch               : 
01-22 19:52:30.182 28770 28795 I AdrenoGLES-0: Build Config                     : S P 10.0.7 AArch64
01-22 19:52:30.182 28770 28795 I AdrenoGLES-0: Driver Path                      : /vendor/lib64/egl/libGLESv2_adreno.so
01-22 19:52:30.188 28770 28795 I AdrenoGLES-0: PFP: 0x016ee197, ME: 0x00000000
01-22 19:52:30.201 28770 28795 I OpenGLRenderer: setGrContext nullptr-->validptr
01-22 19:52:30.204 28770 28795 E OpenGLRenderer: Unable to match the desired swap behavior.
01-22 19:52:30.206 28770 28770 D LicenseClient: Connected to the licensing service.
01-22 19:52:30.207 28770 28815 D LicenseClient: Sending request to license reporting service...
01-22 19:52:30.217 28770 28815 D LicenseClient: Request to licensing reporting service sent.
01-22 19:52:30.309 28770 28803 I ExpoModulesCore:  AppContext was initialized
01-22 19:52:30.311 28770 28803 D DoMinderDebug: MissedAlarmReceiver: Registered broadcast receiver
01-22 19:52:30.313 28770 28803 W ReactNativeJNI: Component property map contains multiple entries for 'borderColor'. Ensure all calls to convertRawProp use a consistent prefix, name and suffix.
01-22 19:52:30.313 28770 28803 W ReactNativeJNI: Component property map contains multiple entries for 'borderStyle'. Ensure all calls to convertRawProp use a consistent prefix, name and suffix.
01-22 19:52:30.313 28770 28803 W ReactNativeJNI: Component property map contains multiple entries for 'borderRadius'. Ensure all calls to convertRawProp use a consistent prefix, name and suffix.
01-22 19:52:30.313 28770 28803 W ReactNativeJNI: Component property map contains multiple entries for 'borderEndColor'. Ensure all calls to convertRawProp use a consistent prefix, name and suffix.
01-22 19:52:30.313 28770 28803 W ReactNativeJNI: Component property map contains multiple entries for 'borderTopColor'. Ensure all calls to convertRawProp use a consistent prefix, name and suffix.
01-22 19:52:30.313 28770 28803 W ReactNativeJNI: Component property map contains multiple entries for 'borderLeftColor'. Ensure all calls to convertRawProp use a consistent prefix, name and suffix.
01-22 19:52:30.313 28770 28803 W ReactNativeJNI: Component property map contains multiple entries for 'borderBlockColor'. Ensure all calls to convertRawProp use a consistent prefix, name and suffix.
01-22 19:52:30.314 28770 28803 W ReactNativeJNI: Component property map contains multiple entries for 'borderRightColor'. Ensure all calls to convertRawProp use a consistent prefix, name and suffix.
01-22 19:52:30.314 28770 28803 W ReactNativeJNI: Component property map contains multiple entries for 'borderStartColor'. Ensure all calls to convertRawProp use a consistent prefix, name and suffix.
01-22 19:52:30.314 28770 28803 W ReactNativeJNI: Component property map contains multiple entries for 'borderBottomColor'. Ensure all calls to convertRawProp use a consistent prefix, name and suffix.
01-22 19:52:30.314 28770 28803 W ReactNativeJNI: Component property map contains multiple entries for 'borderEndEndRadius'. Ensure all calls to convertRawProp use a consistent prefix, name and suffix.
01-22 19:52:30.314 28770 28803 W ReactNativeJNI: Component property map contains multiple entries for 'borderTopEndRadius'. Ensure all calls to convertRawProp use a consistent prefix, name and suffix.
01-22 19:52:30.314 28770 28803 W ReactNativeJNI: Component property map contains multiple entries for 'borderBlockEndColor'. Ensure all calls to convertRawProp use a consistent prefix, name and suffix.
01-22 19:52:30.314 28770 28803 W ReactNativeJNI: Component property map contains multiple entries for 'borderTopLeftRadius'. Ensure all calls to convertRawProp use a consistent prefix, name and suffix.
01-22 19:52:30.314 28770 28803 W ReactNativeJNI: Component property map contains multiple entries for 'borderEndStartRadius'. Ensure all calls to convertRawProp use a consistent prefix, name and suffix.
01-22 19:52:30.314 28770 28803 W ReactNativeJNI: Component property map contains multiple entries for 'borderStartEndRadius'. Ensure all calls to convertRawProp use a consistent prefix, name and suffix.
01-22 19:52:30.314 28770 28803 W ReactNativeJNI: Component property map contains multiple entries for 'borderTopRightRadius'. Ensure all calls to convertRawProp use a consistent prefix, name and suffix.
01-22 19:52:30.314 28770 28803 W ReactNativeJNI: Component property map contains multiple entries for 'borderTopStartRadius'. Ensure all calls to convertRawProp use a consistent prefix, name and suffix.
01-22 19:52:30.314 28770 28803 W ReactNativeJNI: Component property map contains multiple entries for 'borderBlockStartColor'. Ensure all calls to convertRawProp use a consistent prefix, name and suffix.
01-22 19:52:30.314 28770 28803 W ReactNativeJNI: Component property map contains multiple entries for 'borderBottomEndRadius'. Ensure all calls to convertRawProp use a consistent prefix, name and suffix.
01-22 19:52:30.314 28770 28803 W ReactNativeJNI: Component property map contains multiple entries for 'borderBottomLeftRadius'. Ensure all calls to convertRawProp use a consistent prefix, name and suffix.
01-22 19:52:30.314 28770 28803 W ReactNativeJNI: Component property map contains multiple entries for 'borderStartStartRadius'. Ensure all calls to convertRawProp use a consistent prefix, name and suffix.
01-22 19:52:30.314 28770 28803 W ReactNativeJNI: Component property map contains multiple entries for 'borderBottomRightRadius'. Ensure all calls to convertRawProp use a consistent prefix, name and suffix.
01-22 19:52:30.314 28770 28803 W ReactNativeJNI: Component property map contains multiple entries for 'borderBottomStartRadius'. Ensure all calls to convertRawProp use a consistent prefix, name and suffix.
01-22 19:52:30.333 28770 28803 W ReactNativeJNI: Component property map contains multiple entries for 'borderColor'. Ensure all calls to convertRawProp use a consistent prefix, name and suffix.
01-22 19:52:30.333 28770 28803 W ReactNativeJNI: Component property map contains multiple entries for 'borderStyle'. Ensure all calls to convertRawProp use a consistent prefix, name and suffix.
01-22 19:52:30.344 28770 28803 W unknown:BridgelessReact: ReactHost{0}.getOrCreateReactInstanceTask(): Loading JS Bundle
01-22 19:52:30.344 28770 28803 W unknown:BridgelessReact: ReactHost{0}.getOrCreateReactInstanceTask(): Calling DevSupportManagerBase.onNewReactContextCreated(reactContext)
01-22 19:52:30.344 28770 28803 W unknown:BridgelessReact: ReactHost{0}.startSurface(surfaceId = 0): Execute
01-22 19:52:30.347 28770 28770 W unknown:BridgelessReact: ReactContext.onHostResume()
01-22 19:52:30.347 28770 28770 W unknown:BridgelessReact: ReactHost{0}.getOrCreateReactInstanceTask(): Executing ReactInstanceEventListeners
01-22 19:52:30.365 28770 28804 D nativeloader: Load /data/app/~~P1zaIZyzig6lQZUt1GLwuQ==/app.rork.dominder_android_reminder_app-Ctia7enX4-G-cWr4S5kQzw==/split_config.arm64_v8a.apk!/lib/arm64-v8a/libexpo-modules-core.so using class loader ns clns-4 (caller=/data/app/~~P1zaIZyzig6lQZUt1GLwuQ==/app.rork.dominder_android_reminder_app-Ctia7enX4-G-cWr4S5kQzw==/base.apk!classes2.dex): ok
01-22 19:52:30.373 28770 28804 D CompatibilityChangeReporter: Compat change id reported: 210923482; UID 11076; state: ENABLED
01-22 19:52:30.376 28770 28804 W unknown:ViewManagerPropertyUpdater: Could not find generated setter for class com.th3rdwave.safeareacontext.SafeAreaProviderManager
01-22 19:52:30.377 28770 28804 W unknown:ViewManagerPropertyUpdater: Could not find generated setter for class com.facebook.react.uimanager.LayoutShadowNode
01-22 19:52:30.378 28770 28804 W unknown:ViewManagerPropertyUpdater: Could not find generated setter for class com.swmansion.rnscreens.SearchBarManager
01-22 19:52:30.379 28770 28804 W unknown:ViewManagerPropertyUpdater: Could not find generated setter for class com.swmansion.rnscreens.ScreenFooterManager
01-22 19:52:30.379 28770 28804 W unknown:ViewManagerPropertyUpdater: Could not find generated setter for class expo.modules.kotlin.views.GroupViewManagerWrapper
01-22 19:52:30.380 28770 28804 W unknown:ViewManagerPropertyUpdater: Could not find generated setter for class com.swmansion.rnscreens.ScreenContainerViewManager
01-22 19:52:30.380 28770 28804 W unknown:ViewManagerPropertyUpdater: Could not find generated setter for class com.reactnativecommunity.slider.ReactSliderManager
01-22 19:52:30.382 28770 28804 W unknown:ViewManagerPropertyUpdater: Could not find generated setter for class com.swmansion.rnscreens.ModalScreenViewManager
01-22 19:52:30.383 28770 28804 W unknown:ViewManagerPropertyUpdater: Could not find generated setter for class com.swmansion.rnscreens.ScreenStackHeaderConfigViewManager
01-22 19:52:30.384 28770 28804 W unknown:ViewManagerPropertyUpdater: Could not find generated setter for class com.swmansion.rnscreens.ScreenContentWrapperManager
01-22 19:52:30.384 28770 28804 W unknown:ViewManagerPropertyUpdater: Could not find generated setter for class com.th3rdwave.safeareacontext.SafeAreaViewManager
01-22 19:52:30.385 28770 28804 W unknown:ViewManagerPropertyUpdater: Could not find generated setter for class com.th3rdwave.safeareacontext.SafeAreaViewShadowNode
01-22 19:52:30.385 28770 28804 W unknown:ViewManagerPropertyUpdater: Could not find generated setter for class com.shopify.reactnative.flash_list.AutoLayoutViewManager
01-22 19:52:30.385 28770 28804 W unknown:ViewManagerPropertyUpdater: Could not find generated setter for class com.shopify.reactnative.flash_list.CellContainerManager
01-22 19:52:30.386 28770 28804 W unknown:ViewManagerPropertyUpdater: Could not find generated setter for class com.swmansion.rnscreens.ScreenViewManager
01-22 19:52:30.386 28770 28804 W unknown:ViewManagerPropertyUpdater: Could not find generated setter for class expo.modules.kotlin.views.SimpleViewManagerWrapper
01-22 19:52:30.387 28770 28804 W unknown:ViewManagerPropertyUpdater: Could not find generated setter for class com.swmansion.rnscreens.ScreenStackHeaderSubviewManager
01-22 19:52:30.388 28770 28804 W unknown:ViewManagerPropertyUpdater: Could not find generated setter for class com.swmansion.rnscreens.ScreenStackViewManager
01-22 19:52:30.410 28770 28804 W unknown:ViewManagerPropertyUpdater: Could not find generated setter for class com.horcrux.svg.RenderableViewManager$DefsViewManager
01-22 19:52:30.410 28770 28804 W unknown:ViewManagerPropertyUpdater: Could not find generated setter for class com.horcrux.svg.VirtualViewManager$RenderableShadowNode
01-22 19:52:30.412 28770 28804 W unknown:ViewManagerPropertyUpdater: Could not find generated setter for class com.horcrux.svg.RenderableViewManager$FeMergeManager
01-22 19:52:30.413 28770 28804 W unknown:ViewManagerPropertyUpdater: Could not find generated setter for class com.facebook.react.views.safeareaview.ReactSafeAreaViewManager
01-22 19:52:30.414 28770 28804 W unknown:ViewManagerPropertyUpdater: Could not find generated setter for class com.facebook.react.views.safeareaview.ReactSafeAreaViewShadowNode
01-22 19:52:30.415 28770 28804 W unknown:ViewManagerPropertyUpdater: Could not find generated setter for class com.horcrux.svg.RenderableViewManager$LinearGradientManager
01-22 19:52:30.416 28770 28804 W unknown:ViewManagerPropertyUpdater: Could not find generated setter for class com.horcrux.svg.RenderableViewManager$FeGaussianBlurManager
01-22 19:52:30.418 28770 28804 W unknown:ViewManagerPropertyUpdater: Could not find generated setter for class com.facebook.react.views.progressbar.ReactProgressBarViewManager
01-22 19:52:30.418 28770 28804 W unknown:ViewManagerPropertyUpdater: Could not find generated setter for class com.facebook.react.views.progressbar.ProgressBarShadowNode
01-22 19:52:30.419 28770 28804 W unknown:ViewManagerPropertyUpdater: Could not find generated setter for class com.facebook.react.views.scroll.ReactHorizontalScrollViewManager
01-22 19:52:30.421 28770 28804 W unknown:ViewManagerPropertyUpdater: Could not find generated setter for class com.facebook.react.views.text.ReactTextViewManager
01-22 19:52:30.422 28770 28804 W unknown:ViewManagerPropertyUpdater: Could not find generated setter for class com.facebook.react.views.text.ReactTextShadowNode
01-22 19:52:30.424 28770 28804 W unknown:ViewManagerPropertyUpdater: Could not find generated setter for class com.horcrux.svg.RenderableViewManager$FeColorMatrixManager
01-22 19:52:30.425 28770 28804 W unknown:ViewManagerPropertyUpdater: Could not find generated setter for class com.facebook.react.views.scroll.ReactHorizontalScrollContainerViewManager
01-22 19:52:30.427 28770 28804 W unknown:ViewManagerPropertyUpdater: Could not find generated setter for class com.horcrux.svg.RenderableViewManager$ClipPathViewManager
01-22 19:52:30.429 28770 28804 W unknown:ViewManagerPropertyUpdater: Could not find generated setter for class com.horcrux.svg.RenderableViewManager$SymbolManager
01-22 19:52:30.431 28770 28804 W unknown:ViewManagerPropertyUpdater: Could not find generated setter for class com.horcrux.svg.RenderableViewManager$PatternManager
01-22 19:52:30.433 28770 28804 W unknown:ViewManagerPropertyUpdater: Could not find generated setter for class com.horcrux.svg.RenderableViewManager$FeBlendManager
01-22 19:52:30.434 28770 28804 W unknown:ViewManagerPropertyUpdater: Could not find generated setter for class com.facebook.react.views.view.ReactViewManager
01-22 19:52:30.436 28770 28804 W unknown:ViewManagerPropertyUpdater: Could not find generated setter for class com.horcrux.svg.SvgViewManager
01-22 19:52:30.438 28770 28804 W unknown:ViewManagerPropertyUpdater: Could not find generated setter for class com.facebook.react.views.switchview.ReactSwitchManager
01-22 19:52:30.438 28770 28804 W unknown:ViewManagerPropertyUpdater: Could not find generated setter for class com.facebook.react.views.switchview.ReactSwitchShadowNode
01-22 19:52:30.439 28770 28804 W unknown:ViewManagerPropertyUpdater: Could not find generated setter for class com.horcrux.svg.RenderableViewManager$UseViewManager
01-22 19:52:30.441 28770 28804 W unknown:ViewManagerPropertyUpdater: Could not find generated setter for class com.horcrux.svg.RenderableViewManager$CircleViewManager
01-22 19:52:30.443 28770 28804 W unknown:ViewManagerPropertyUpdater: Could not find generated setter for class com.horcrux.svg.RenderableViewManager$TSpanViewManager
01-22 19:52:30.445 28770 28804 W unknown:ViewManagerPropertyUpdater: Could not find generated setter for class com.horcrux.svg.RenderableViewManager$FilterManager
01-22 19:52:30.446 28770 28804 W unknown:ViewManagerPropertyUpdater: Could not find generated setter for class com.horcrux.svg.RenderableViewManager$MarkerManager
01-22 19:52:30.448 28770 28804 W unknown:ViewManagerPropertyUpdater: Could not find generated setter for class com.swmansion.gesturehandler.react.RNGestureHandlerButtonViewManager
01-22 19:52:30.450 28770 28804 W unknown:ViewManagerPropertyUpdater: Could not find generated setter for class com.facebook.react.views.modal.ReactModalHostManager
01-22 19:52:30.451 28770 28804 W unknown:ViewManagerPropertyUpdater: Could not find generated setter for class com.horcrux.svg.RenderableViewManager$ForeignObjectManager
01-22 19:52:30.453 28770 28804 W unknown:ViewManagerPropertyUpdater: Could not find generated setter for class com.horcrux.svg.RenderableViewManager$EllipseViewManager
01-22 19:52:30.455 28770 28804 W unknown:ViewManagerPropertyUpdater: Could not find generated setter for class com.horcrux.svg.RenderableViewManager$LineViewManager
01-22 19:52:30.456 28770 28804 W unknown:ViewManagerPropertyUpdater: Could not find generated setter for class com.facebook.react.views.text.frescosupport.FrescoBasedReactTextInlineImageViewManager
01-22 19:52:30.457 28770 28804 W unknown:ViewManagerPropertyUpdater: Could not find generated setter for class com.facebook.react.views.text.frescosupport.FrescoBasedReactTextInlineImageShadowNode
01-22 19:52:30.458 28770 28804 W unknown:ViewManagerPropertyUpdater: Could not find generated setter for class com.horcrux.svg.RenderableViewManager$FeFloodManager
01-22 19:52:30.459 28770 28804 W unknown:ViewManagerPropertyUpdater: Could not find generated setter for class com.horcrux.svg.RenderableViewManager$GroupViewManager
01-22 19:52:30.461 28770 28804 W unknown:ViewManagerPropertyUpdater: Could not find generated setter for class com.horcrux.svg.RenderableViewManager$TextViewManager
01-22 19:52:30.462 28770 28804 W unknown:ViewManagerPropertyUpdater: Could not find generated setter for class com.horcrux.svg.RenderableViewManager$ImageViewManager
01-22 19:52:30.464 28770 28804 W unknown:ViewManagerPropertyUpdater: Could not find generated setter for class com.horcrux.svg.RenderableViewManager$FeCompositeManager
01-22 19:52:30.466 28770 28804 W unknown:ViewManagerPropertyUpdater: Could not find generated setter for class com.facebook.react.views.image.ReactImageManager
01-22 19:52:30.467 28770 28804 W unknown:ViewManagerPropertyUpdater: Could not find generated setter for class com.horcrux.svg.RenderableViewManager$RadialGradientManager
01-22 19:52:30.469 28770 28804 W unknown:ViewManagerPropertyUpdater: Could not find generated setter for class com.horcrux.svg.RenderableViewManager$MaskManager
01-22 19:52:30.471 28770 28804 W unknown:ViewManagerPropertyUpdater: Could not find generated setter for class com.facebook.react.views.unimplementedview.ReactUnimplementedViewManager
01-22 19:52:30.472 28770 28804 W unknown:ViewManagerPropertyUpdater: Could not find generated setter for class com.horcrux.svg.RenderableViewManager$RectViewManager
01-22 19:52:30.473 28770 28804 W unknown:ViewManagerPropertyUpdater: Could not find generated setter for class com.horcrux.svg.RenderableViewManager$TextPathViewManager
01-22 19:52:30.475 28770 28804 W unknown:ViewManagerPropertyUpdater: Could not find generated setter for class com.facebook.react.views.scroll.ReactScrollViewManager
01-22 19:52:30.477 28770 28804 W unknown:ViewManagerPropertyUpdater: Could not find generated setter for class com.horcrux.svg.RenderableViewManager$FeOffsetManager
01-22 19:52:30.478 28770 28804 W unknown:ViewManagerPropertyUpdater: Could not find generated setter for class com.horcrux.svg.RenderableViewManager$PathViewManager
01-22 19:52:30.480 28770 28804 W unknown:ViewManagerPropertyUpdater: Could not find generated setter for class com.facebook.react.views.drawer.ReactDrawerLayoutManager
01-22 19:52:30.482 28770 28804 W unknown:ViewManagerPropertyUpdater: Could not find generated setter for class com.facebook.react.views.text.ReactVirtualTextViewManager
01-22 19:52:30.482 28770 28804 W unknown:ViewManagerPropertyUpdater: Could not find generated setter for class com.facebook.react.views.text.ReactVirtualTextShadowNode
01-22 19:52:30.483 28770 28804 W unknown:ViewManagerPropertyUpdater: Could not find generated setter for class com.facebook.react.views.swiperefresh.SwipeRefreshLayoutManager
01-22 19:52:30.484 28770 28804 W unknown:ViewManagerPropertyUpdater: Could not find generated setter for class com.facebook.react.views.text.ReactRawTextManager
01-22 19:52:30.484 28770 28804 W unknown:ViewManagerPropertyUpdater: Could not find generated setter for class com.facebook.react.views.text.ReactRawTextShadowNode
01-22 19:52:30.485 28770 28804 W unknown:ViewManagerPropertyUpdater: Could not find generated setter for class com.facebook.react.views.textinput.ReactTextInputManager
01-22 19:52:30.486 28770 28804 W unknown:ViewManagerPropertyUpdater: Could not find generated setter for class com.facebook.react.views.textinput.ReactTextInputShadowNode
01-22 19:52:30.488 28770 28804 W unknown:ViewManagerPropertyUpdater: Could not find generated setter for class com.swmansion.gesturehandler.react.RNGestureHandlerRootViewManager
01-22 19:52:30.493 28770 28804 W BridgelessReactContext: [WARNING] Bridgeless doesn't support CatalystInstance. Accessing an API that's not part of the new architecture is not encouraged usage.
01-22 19:52:30.498 28770 28804 I ExpoModulesCore:  JSI interop was installed
01-22 19:52:30.499 28770 28804 I ExpoModulesCore:  Constants were exported
01-22 19:52:30.510 28770 28804 D nativeloader: Load /data/app/~~P1zaIZyzig6lQZUt1GLwuQ==/app.rork.dominder_android_reminder_app-Ctia7enX4-G-cWr4S5kQzw==/split_config.arm64_v8a.apk!/lib/arm64-v8a/libworklets.so using class loader ns clns-4 (caller=/data/app/~~P1zaIZyzig6lQZUt1GLwuQ==/app.rork.dominder_android_reminder_app-Ctia7enX4-G-cWr4S5kQzw==/base.apk!classes2.dex): ok
01-22 19:52:30.539 28770 28804 D nativeloader: Load /data/app/~~P1zaIZyzig6lQZUt1GLwuQ==/app.rork.dominder_android_reminder_app-Ctia7enX4-G-cWr4S5kQzw==/split_config.arm64_v8a.apk!/lib/arm64-v8a/libreanimated.so using class loader ns clns-4 (caller=/data/app/~~P1zaIZyzig6lQZUt1GLwuQ==/app.rork.dominder_android_reminder_app-Ctia7enX4-G-cWr4S5kQzw==/base.apk!classes2.dex): ok
01-22 19:52:30.662 28770 28804 D nativeloader: Load /data/app/~~P1zaIZyzig6lQZUt1GLwuQ==/app.rork.dominder_android_reminder_app-Ctia7enX4-G-cWr4S5kQzw==/split_config.arm64_v8a.apk!/lib/arm64-v8a/librnscreens.so using class loader ns clns-4 (caller=/data/app/~~P1zaIZyzig6lQZUt1GLwuQ==/app.rork.dominder_android_reminder_app-Ctia7enX4-G-cWr4S5kQzw==/base.apk!classes2.dex): ok
01-22 19:52:30.670 28770 28804 I ReactNativeJS: '[NotificationService] AlarmModule availability:', 'Available'
01-22 19:52:30.670 28770 28804 I ReactNativeJS: '[NotificationService] AlarmModule methods:', [ 'scheduleAlarm' ]
01-22 19:52:30.671 28770 28804 I ReactNativeJS: Running "main"
01-22 19:52:30.720 28770 28804 I ReactNativeJS: polyfilling structuredClone
01-22 19:52:30.785 28770 28804 I ReactNativeJS: [useAlarmListeners] Setting up native alarm event listeners...
01-22 19:52:30.785 28770 28804 I ReactNativeJS: [AlarmSync] Hook initialized
01-22 19:52:30.785 28770 28804 I ReactNativeJS: [AlarmSync] Checking for completed alarms...
01-22 19:52:30.786 28770 28804 I ReactNativeJS: [RootLayout] Setting up notification handlers
01-22 19:52:30.786 28770 28804 I ReactNativeJS: [RootLayout] Initializing missed alarm service
01-22 19:52:30.786 28770 28804 I ReactNativeJS: [MissedAlarmService] Initializing...
01-22 19:52:30.786 28770 28804 I ReactNativeJS: [MissedAlarmService] Initialized successfully
01-22 19:52:30.786 28770 28804 I ReactNativeJS: [AppStartup] Initializing notification services...
01-22 19:52:30.786 28770 28804 I ReactNativeJS: [Dominder-Debug] Ensuring base notification channels
01-22 19:52:30.786 28770 28804 I ReactNativeJS: '[Dominder-Debug] Creating channel:', '{"id":"standard-v2","name":"Standard Notifications","importance":4,"sound":"default","vibration":true}'
01-22 19:52:30.787 28770 28805 D DoMinderDebug: AlarmModule: getAllNativeReminderStates found 2 reminders
01-22 19:52:30.790 28770 28804 I ReactNativeJS: '[AlarmSync] Syncing native states for', 2, 'reminders'
01-22 19:52:30.790 28770 28804 I ReactNativeJS: '[RootLayout] Initial notification:', null
01-22 19:52:30.790 28770 28804 I ReactNativeJS: '[Dominder-Debug] Creating channel:', '{"id":"silent-v2","name":"Silent Notifications","importance":2,"vibration":false}'
01-22 19:52:30.793 28770 28770 D VRI[MainActivity]: update {(0,0)(fillxfill) sim={adjust=pan forwardNavigation} ty=BASE_APPLICATION wanim=0x10302fd
01-22 19:52:30.793 28770 28770 D VRI[MainActivity]:   fl=LAYOUT_IN_SCREEN LAYOUT_INSET_DECOR SPLIT_TOUCH HARDWARE_ACCELERATED DRAWS_SYSTEM_BAR_BACKGROUNDS
01-22 19:52:30.793 28770 28770 D VRI[MainActivity]:   pfl=NO_MOVE_ANIMATION FORCE_DRAW_STATUS_BAR_BACKGROUND FIT_INSETS_CONTROLLED
01-22 19:52:30.793 28770 28770 D VRI[MainActivity]:   bhv=DEFAULT
01-22 19:52:30.793 28770 28770 D VRI[MainActivity]:   fitSides=} by setLayoutParams
01-22 19:52:30.795 28770 28770 D VRI[MainActivity]: update {(0,0)(fillxfill) sim={adjust=pan forwardNavigation} ty=BASE_APPLICATION wanim=0x10302fd
01-22 19:52:30.795 28770 28770 D VRI[MainActivity]:   fl=LAYOUT_IN_SCREEN FORCE_NOT_FULLSCREEN LAYOUT_INSET_DECOR SPLIT_TOUCH HARDWARE_ACCELERATED DRAWS_SYSTEM_BAR_BACKGROUNDS
01-22 19:52:30.795 28770 28770 D VRI[MainActivity]:   pfl=NO_MOVE_ANIMATION FORCE_DRAW_STATUS_BAR_BACKGROUND FIT_INSETS_CONTROLLED
01-22 19:52:30.795 28770 28770 D VRI[MainActivity]:   bhv=DEFAULT
01-22 19:52:30.795 28770 28770 D VRI[MainActivity]:   fitSides=} by setLayoutParams
01-22 19:52:30.797 28770 28770 D VRI[MainActivity]: update {(0,0)(fillxfill) sim={adjust=pan forwardNavigation} ty=BASE_APPLICATION wanim=0x10302fd
01-22 19:52:30.797 28770 28770 D VRI[MainActivity]:   fl=LAYOUT_IN_SCREEN FORCE_NOT_FULLSCREEN LAYOUT_INSET_DECOR SPLIT_TOUCH HARDWARE_ACCELERATED DRAWS_SYSTEM_BAR_BACKGROUNDS
01-22 19:52:30.797 28770 28770 D VRI[MainActivity]:   pfl=NO_MOVE_ANIMATION FORCE_DRAW_STATUS_BAR_BACKGROUND FIT_INSETS_CONTROLLED
01-22 19:52:30.797 28770 28770 D VRI[MainActivity]:   bhv=DEFAULT
01-22 19:52:30.797 28770 28770 D VRI[MainActivity]:   fitSides=} by setLayoutParams
01-22 19:52:30.804 28770 28770 W unknown:ViewManagerPropertyUpdater: Could not find generated setter for class com.facebook.react.uimanager.RootViewManager
01-22 19:52:30.817 28770 28770 W [RNScreens]: backTitleVisible prop is not available on Android
01-22 19:52:30.817 28770 28770 W [RNScreens]: backTitleFontFamily prop is not available on Android
01-22 19:52:30.817 28770 28770 W [RNScreens]: disableBackButtonMenu prop is not available on Android
01-22 19:52:30.818 28770 28770 W [RNScreens]: largeTitleFontFamily prop is not available on Android
01-22 19:52:30.818 28770 28770 W [RNScreens]: largeTitleFontWeight prop is not available on Android
01-22 19:52:30.818 28770 28770 W [RNScreens]: largeTitleHideShadow prop is not available on Android
01-22 19:52:30.818 28770 28804 I ReactNativeJS: '[Selection] Mode changed:', false, 'Selected count:', 0
01-22 19:52:30.819 28770 28804 I ReactNativeJS: '[ReminderEngine] Processing reminders, count:', 0
01-22 19:52:30.828 28770 28804 I ReactNativeJS: '[ReminderEngine] Processing reminders, count:', 0
01-22 19:52:30.831 28770 28804 I ReactNativeJS: '[Dominder-Debug] Creating channel:', '{"id":"alarm-v2","name":"Alarms","importance":4,"sound":"default","vibration":true,"bypassDnd":true}'
01-22 19:52:30.833 28770 28804 I ReactNativeJS: [Dominder-Debug] Base channels ensured
01-22 19:52:30.834 28770 28805 D DoMinderDebug: AlarmModule: Retrieved 0 completed alarms
01-22 19:52:30.837 28770 28770 I ReactNative: [GESTURE HANDLER] Initialize gesture handler for root view com.facebook.react.runtime.ReactSurfaceView{8f5f477 V.E...... ......ID 0,0-1080,2295 #b}
01-22 19:52:30.858 28770 28795 W Parcel  : Expecting binder but got null!
01-22 19:52:30.860 28770 28770 D VRI[MainActivity]: update {(0,0)(fillxfill) sim={adjust=pan forwardNavigation} ty=BASE_APPLICATION wanim=0x10302fd
01-22 19:52:30.860 28770 28770 D VRI[MainActivity]:   fl=LAYOUT_IN_SCREEN FORCE_NOT_FULLSCREEN LAYOUT_INSET_DECOR SPLIT_TOUCH HARDWARE_ACCELERATED DRAWS_SYSTEM_BAR_BACKGROUNDS
01-22 19:52:30.860 28770 28770 D VRI[MainActivity]:   pfl=NO_MOVE_ANIMATION FORCE_DRAW_STATUS_BAR_BACKGROUND FIT_INSETS_CONTROLLED
01-22 19:52:30.860 28770 28770 D VRI[MainActivity]:   bhv=DEFAULT
01-22 19:52:30.860 28770 28770 D VRI[MainActivity]:   fitSides=} by setLayoutParams
01-22 19:52:30.875 28770 28804 I ReactNativeJS: '[AlarmSync] Found completed alarms:', 0
01-22 19:52:30.876 28770 28805 D DoMinderDebug: AlarmModule: Retrieved 0 snoozed alarms
01-22 19:52:30.881 28770 28804 I ReactNativeJS: '[ReminderEngine] Processing reminders, count:', 19
01-22 19:52:30.881 28770 28804 I ReactNativeJS: [ReminderEngine] Reminder 1769006679279 is paused until 2026-01-28
01-22 19:52:30.881 28770 28804 I ReactNativeJS: [ReminderEngine] Processing reminder 1769011039633, repeatType: monthly
01-22 19:52:30.881 28770 28804 I ReactNativeJS: [ReminderEngine] Reminder 1769011039633 has nextReminderDate: 2026-03-21T16:10:00.000Z
01-22 19:52:30.881 28770 28804 I ReactNativeJS: [ReminderEngine] Scheduling notification for reminder 1769011039633 at 2026-03-21T16:10:00.000Z
01-22 19:52:30.881 28770 28804 I ReactNativeJS: [ReminderEngine] Processing reminder 1769013677262, repeatType: monthly
01-22 19:52:30.881 28770 28804 I ReactNativeJS: [ReminderEngine] Reminder 1769013677262 has nextReminderDate: 2026-02-21T05:00:00.000Z
01-22 19:52:30.881 28770 28804 I ReactNativeJS: [ReminderEngine] Scheduling notification for reminder 1769013677262 at 2026-02-21T05:00:00.000Z
01-22 19:52:30.882 28770 28804 I ReactNativeJS: [ReminderEngine] Processing reminder 1769091723986, repeatType: none
01-22 19:52:30.882 28770 28804 I ReactNativeJS: [calculateNextReminderDate] for reminder: 1769091723986, fromDate: 2026-01-22T14:22:30.881Z, repeatType: none, date: 2026-01-22, time: 19:53
01-22 19:52:30.882 28770 28804 I ReactNativeJS: [calculateNextReminderDate] One-time reminder scheduled for: 2026-01-22T14:23:00.000Z, isInFuture: true
01-22 19:52:30.882 28770 28804 I ReactNativeJS: [ReminderEngine] Scheduling notification for reminder 1769091723986 at 2026-01-22T14:23:00.000Z
01-22 19:52:30.892 28770 28770 D CompatibilityChangeReporter: Compat change id reported: 171228096; UID 11076; state: ENABLED
01-22 19:52:31.083 28770 28804 I ReactNativeJS: '[AlarmSync] Found snoozed alarms:', 0
01-22 19:52:31.083 28770 28805 D DoMinderDebug: AlarmModule: Retrieved 0 deleted alarms
01-22 19:52:31.083 28770 28804 I ReactNativeJS: [StartupCheck] Checking for pending notifications and rescheduling all active reminders...
01-22 19:52:31.183 28770 28804 I ReactNativeJS: '[RootLayout] Foreground event:', { type: 3, pressAction: undefined }
01-22 19:52:31.183 28770 28804 I ReactNativeJS: '[AlarmSync] Found deleted alarms:', 0
01-22 19:52:31.183 28770 28804 I ReactNativeJS: [NotificationService] SCHEDULE_EXACT_ALARM permission granted - using exact timing
01-22 19:52:31.183 28770 28804 I ReactNativeJS: [NotificationService] Scheduling reminder 1769011039633, priority: medium, repeatType: monthly
01-22 19:52:31.183 28770 28804 I ReactNativeJS: [NotificationService] Scheduling for 2026-03-21T16:10:00.000Z
01-22 19:52:31.196 28770 28804 I ReactNativeJS: [NotificationService] SCHEDULE_EXACT_ALARM permission granted - using exact timing
01-22 19:52:31.196 28770 28804 I ReactNativeJS: [NotificationService] Scheduling reminder 1769013677262, priority: medium, repeatType: monthly
01-22 19:52:31.196 28770 28804 I ReactNativeJS: [NotificationService] Scheduling for 2026-02-21T05:00:00.000Z
01-22 19:52:31.209 28770 28804 I ReactNativeJS: [NotificationService] SCHEDULE_EXACT_ALARM permission granted - using exact timing
01-22 19:52:31.209 28770 28804 I ReactNativeJS: [NotificationService] Scheduling reminder 1769091723986, priority: high, repeatType: none
01-22 19:52:31.209 28770 28804 I ReactNativeJS: [NotificationService] Scheduling for 2026-01-22T14:23:00.000Z
01-22 19:52:31.211 28770 28805 D DoMinderDebug: AlarmModule: Stored metadata for 1769091723986 - repeatType=none, everyValue=1, multiSelect=false
01-22 19:52:31.212 28770 28805 D DoMinderDebug: AlarmModule: getAllNativeReminderStates found 2 reminders
01-22 19:52:31.256 28770 28804 I ReactNativeJS: [NotificationService] Successfully scheduled notification rem-1769011039633
01-22 19:52:31.256 28770 28804 I ReactNativeJS: [ReminderEngine] Successfully scheduled 1769011039633
01-22 19:52:31.257 28770 28804 I ReactNativeJS: '[RootLayout] Foreground event:', { type: 7, pressAction: undefined }
01-22 19:52:31.257 28770 28804 I ReactNativeJS: [NotificationService] Stored metadata for native alarm 1769091723986
01-22 19:52:31.257 28770 28804 I ReactNativeJS: [StartupCheck] Syncing occurrence counts from 2 native states
01-22 19:52:31.257 28770 28804 I ReactNativeJS: [NotificationService] Successfully scheduled notification rem-1769013677262
01-22 19:52:31.257 28770 28804 I ReactNativeJS: [ReminderEngine] Successfully scheduled 1769013677262
