01-02 21:17:05.508  3347  3407 I ReactNativeJS: [NotificationService] Scheduling reminder 1767114118579, priority: medium, repeatType: daily
01-02 21:17:05.508  3347  3407 I ReactNativeJS: [NotificationService] Scheduling for 2026-01-03T17:10:00.000Z
01-02 21:17:05.520  3347  3407 I ReactNativeJS: [NotificationService] SCHEDULE_EXACT_ALARM permission granted - using exact timing
01-02 21:17:05.520  3347  3407 I ReactNativeJS: [NotificationService] Scheduling reminder 1767368272184, priority: high, repeatType: every
01-02 21:17:05.520  3347  3407 I ReactNativeJS: [NotificationService] Skipping sequential delay for 'every' reminder to preserve exact timing
01-02 21:17:05.520  3347  3407 I ReactNativeJS: [NotificationService] Scheduling for 2026-01-02T15:48:00.000Z
01-02 21:17:05.520  3347  3407 I ReactNativeJS: [StartupCheck] Syncing native state: 1 completed, 0 snoozed
01-02 21:17:05.520  3347  3407 I ReactNativeJS: [StartupCheck] Syncing: Marking 1767368272184 as completed from native state
01-02 21:17:05.520  3347  3407 I ReactNativeJS: [calculateNextReminderDate] for reminder: 1767368272184, fromDate: 2026-01-02T15:47:05.520Z, repeatType: every, date: 2026-01-02, time: 21:08
01-02 21:17:05.520  3347  3407 I ReactNativeJS: [calculateNextReminderDate] Next occurrence after baseline: 2026-01-02T15:50:00.000Z
01-02 21:17:05.520  3347  3407 I ReactNativeJS: [calculateNextReminderDate] Every 2 minutes, next occurrence: 2026-01-02T15:50:00.000Z
01-02 21:17:05.520  3347  3407 I ReactNativeJS: [StartupCheck] Syncing: Rescheduling repeating reminder 1767368272184 to 2026-01-02 21:20
01-02 21:17:05.521  3347  3407 I ReactNativeJS: [NotificationService] SCHEDULE_EXACT_ALARM permission granted - using exact timing
01-02 21:17:05.521  3347  3407 I ReactNativeJS: [NotificationService] Scheduling reminder 1767368272184, priority: high, repeatType: every
01-02 21:17:05.521  3347  3407 I ReactNativeJS: [NotificationService] Skipping sequential delay for 'every' reminder to preserve exact timing
01-02 21:17:05.521  3347  3407 I ReactNativeJS: [NotificationService] Scheduling for 2026-01-02T15:48:00.000Z
01-02 21:17:05.521  3347  3407 I ReactNativeJS: [RootLayout] remindersChanged event received, invalidating queries.
01-02 21:17:05.521  3347  3408 D DoMinderDebug: AlarmModule: Scheduling alarm broadcast for 1767368272184 at 1.76736888E12
01-02 21:17:05.522  3347  3407 I ReactNativeJS: [Scheduler] Created history item 1767368272184_1767368825330_hist for occurrence
01-02 21:17:05.522  3347  3408 D DoMinderDebug: AlarmModule: Successfully scheduled alarm broadcast
01-02 21:17:05.522  3347  3408 D DoMinderDebug: AlarmModule: Cleared completed alarm 1767368272184
01-02 21:17:05.523  3347  3408 D DoMinderDebug: AlarmModule: Scheduling alarm broadcast for 1767368272184 at 1.76736888E12
01-02 21:17:05.523  3347  3408 D DoMinderDebug: AlarmModule: Successfully scheduled alarm broadcast
01-02 21:17:05.609  3347  3407 I ReactNativeJS: '[ReminderEngine] Processing reminders, count:', 17
01-02 21:17:05.609  3347  3407 I ReactNativeJS: [ReminderEngine] Skipping 1767114118579 - scheduling already in progress
01-02 21:17:05.609  3347  3407 I ReactNativeJS: [ReminderEngine] Skipping 1767368272184 - scheduling already in progress
01-02 21:17:05.612  3347  3407 I ReactNativeJS: [NotificationService] Successfully scheduled notification rem-1767114118579
01-02 21:17:05.612  3347  3407 I ReactNativeJS: [ReminderEngine] Successfully scheduled 1767114118579
01-02 21:17:05.612  3347  3407 I ReactNativeJS: [NotificationService] Scheduled native alarm for rem-1767368272184 with priority high
01-02 21:17:05.612  3347  3407 I ReactNativeJS: [ReminderEngine] Auto-rescheduled 1767368272184
01-02 21:17:05.613  3347  3407 I ReactNativeJS: '[RootLayout] Foreground event:', { type: 7, pressAction: undefined }
01-02 21:17:05.613  3347  3407 I ReactNativeJS: [NotificationService] Scheduled native alarm for rem-1767368272184 with priority high
01-02 21:17:05.613  3347  3407 I ReactNativeJS: [Scheduler] Updated state for reminder 1767368272184
01-02 21:17:05.613  3347  3407 I ReactNativeJS: [RootLayout] remindersChanged event received, invalidating queries.
01-02 21:17:05.614  3347  3408 D DoMinderDebug: AlarmModule: Cleared completed alarm 1767368272184
01-02 21:17:05.614  3347  3407 I ReactNativeJS: [ReminderService] Updating reminder 1767368272184: isActive=true, isCompleted=false, repeatType=every
01-02 21:17:05.651  3347  3407 I ReactNativeJS: '[AlarmSync]  Successfully processed completion for:', '1767368272184'
01-02 21:17:05.651  3347  3408 D DoMinderDebug: AlarmModule: Retrieved 0 snoozed alarms
01-02 21:17:05.651  3347  3407 I ReactNativeJS: [RootLayout] remindersChanged event received, invalidating queries.
01-02 21:17:05.652  3347  3407 I ReactNativeJS: [ReminderService] Saving all 17 reminders
01-02 21:17:05.654  3347  3407 I ReactNativeJS: '[AlarmSync] Found snoozed alarms:', 0
01-02 21:17:05.655  3347  3408 D DoMinderDebug: AlarmModule: Retrieved 0 deleted alarms
01-02 21:17:05.656  3347  3407 I ReactNativeJS: [RootLayout] remindersChanged event received, invalidating queries.
01-02 21:17:05.656  3347  3407 I ReactNativeJS: [StartupCheck] Persisted synced state to storage
01-02 21:17:05.657  3347  3407 I ReactNativeJS: '[AlarmSync] Found deleted alarms:', 0
01-02 21:17:05.659  3347  3407 D nativeloader: Load /data/app/~~czzrseekyCsTslJFvpM4-A==/app.rork.dominder_android_reminder_app-taQEDCtj_tZYIcWwt-tSag==/split_config.arm64_v8a.apk!/lib/arm64-v8a/libgesturehandler.so using class loader ns clns-4 (caller=/data/app/~~czzrseekyCsTslJFvpM4-A==/app.rork.dominder_android_reminder_app-taQEDCtj_tZYIcWwt-tSag==/base.apk!classes2.dex): ok
01-02 21:17:05.659  3347  3407 D jni_lib_merge: Entering merged library JNI_OnLoad.
01-02 21:17:05.659  3347  3407 D jni_lib_merge: Preparing 11 pre-merged libs (including stub)
01-02 21:17:05.659  3347  3407 D jni_lib_merge: Preparing to register libfabricjni_so.  onload_func: 0x783a8524c4
01-02 21:17:05.659  3347  3407 D jni_lib_merge: Preparing to register libreact_devsupportjni_so.  onload_func: 0x783a924110
01-02 21:17:05.659  3347  3407 D jni_lib_merge: Preparing to register libreact_featureflagsjni_so.  onload_func: 0x783a92c3ac
01-02 21:17:05.659  3347  3407 D jni_lib_merge: Preparing to register libreact_newarchdefaults_so.  onload_func: 0x783a9503c8
01-02 21:17:05.659  3347  3407 D jni_lib_merge: Preparing to register libreactnativeblob_so.  onload_func: 0x783a9d721c
01-02 21:17:05.659  3347  3407 D jni_lib_merge: Preparing to register libreactnativejni_so.  onload_func: 0x783a9f5204
01-02 21:17:05.659  3347  3407 D jni_lib_merge: Preparing to register librninstance_so.  onload_func: 0x783aa0e990
01-02 21:17:05.659  3347  3407 D jni_lib_merge: Preparing to register libturbomodulejsijni_so.  onload_func: 0x783aa8987c
01-02 21:17:05.659  3347  3407 D jni_lib_merge: Preparing to register libuimanagerjni_so.  onload_func: 0x783aa90d94
01-02 21:17:05.659  3347  3407 D jni_lib_merge: Preparing to register libyoga_so.  onload_func: 0x783aa961e8
01-02 21:17:05.659  3347  3407 D jni_lib_merge: About to register 10 actual methods.
01-02 21:17:05.661  3347  3407 I ReactNativeJS: Cancelling notifications for reminder 1767368272184 (completed: false, paused: false)
01-02 21:17:05.662  3347  3436 I NOTIFEE : (NotificationManager): Removing notification with id rem-1767368272184
01-02 21:17:05.662  3347  3407 I ReactNativeJS: [StartupCheck] Currently displayed notifications count: 1
01-02 21:17:05.662  3347  3407 I ReactNativeJS: [StartupCheck] Displayed IDs: maintenance-notification
01-02 21:17:05.662  3347  3407 I ReactNativeJS: [StartupCheck] Reminder 1767114118579: scheduled=2026-01-03T17:10:00.000Z, diff=-91374338ms
01-02 21:17:05.662  3347  3407 I ReactNativeJS: [StartupCheck] -> Classified as FUTURE (Rescheduling): 1767114118579
01-02 21:17:05.662  3347  3407 I ReactNativeJS: [StartupCheck] Reminder 1767368272184: scheduled=2026-01-02T15:50:00.000Z, diff=-174338ms
01-02 21:17:05.662  3347  3407 I ReactNativeJS: [StartupCheck] -> Classified as FUTURE (Rescheduling): 1767368272184
01-02 21:17:05.662  3347  3407 I ReactNativeJS: [StartupCheck] Rescheduling 2 future reminders
01-02 21:17:05.662  3347  3436 I NOTIFEE : (NotificationManager): Removing notification with id rem-1767368272184
01-02 21:17:05.742  3347  3407 I ReactNativeJS: '[ReminderEngine] Processing reminders, count:', 17
01-02 21:17:05.742  3347  3407 I ReactNativeJS: [ReminderEngine] Processing reminder 1767368272184, repeatType: every
01-02 21:17:05.742  3347  3407 I ReactNativeJS: [ReminderEngine] Reminder 1767368272184 has nextReminderDate: 2026-01-02T15:50:00.000Z
01-02 21:17:05.742  3347  3407 I ReactNativeJS: [ReminderEngine] Scheduling notification for reminder 1767368272184 at 2026-01-02T15:50:00.000Z
01-02 21:17:05.746  3347  3437 I NOTIFEE : (NotificationManager): Removing notification with id rem-1767368272184
01-02 21:17:05.780  3347  3407 I ReactNativeJS: [NotificationService] SCHEDULE_EXACT_ALARM permission granted - using exact timing
01-02 21:17:05.780  3347  3407 I ReactNativeJS: [NotificationService] Scheduling reminder 1767114118579, priority: medium, repeatType: daily
01-02 21:17:05.780  3347  3407 I ReactNativeJS: [NotificationService] Scheduling for 2026-01-03T17:10:00.000Z
01-02 21:17:05.792  3347  3437 I NOTIFEE : (NotificationManager): Removing notification with id missed-1767368272184
01-02 21:17:05.793  3347  3437 I NOTIFEE : (NotificationManager): Removing notification with id missed-1767368272184
01-02 21:17:05.796  3347  3407 I ReactNativeJS: [NotificationService] SCHEDULE_EXACT_ALARM permission granted - using exact timing
01-02 21:17:05.796  3347  3407 I ReactNativeJS: [NotificationService] Scheduling reminder 1767368272184, priority: high, repeatType: every
01-02 21:17:05.796  3347  3407 I ReactNativeJS: [NotificationService] Skipping sequential delay for 'every' reminder to preserve exact timing
01-02 21:17:05.796  3347  3407 I ReactNativeJS: [NotificationService] Scheduling for 2026-01-02T15:50:00.000Z
01-02 21:17:05.796  3347  3407 I ReactNativeJS: [NotificationService] Successfully scheduled notification rem-1767114118579
01-02 21:17:05.796  3347  3407 I ReactNativeJS: [StartupCheck] Rescheduled reminder: 1767114118579
01-02 21:17:05.797  3347  3407 I ReactNativeJS: '[RootLayout] Foreground event:', { type: 7, pressAction: undefined }
01-02 21:17:05.797  3347  3408 D DoMinderDebug: AlarmModule: Scheduling alarm broadcast for 1767368272184 at 1.767369E12
01-02 21:17:05.797  3347  3408 D DoMinderDebug: AlarmModule: Successfully scheduled alarm broadcast
01-02 21:17:05.798  3347  3407 I ReactNativeJS: [NotificationService] Scheduled native alarm for rem-1767368272184 with priority high
01-02 21:17:05.798  3347  3407 I ReactNativeJS: [ReminderEngine] Successfully scheduled 1767368272184
01-02 21:17:05.798  3347  3436 I NOTIFEE : (NotificationManager): Removing notification with id missed-1767368272184
01-02 21:17:05.799  3347  3407 I ReactNativeJS: [NotificationService] Cancelled all notifications (scheduled + displayed) for reminder 1767368272184
01-02 21:17:05.799  3347  3407 I ReactNativeJS: [ReminderService] Updating reminder 1767368272184: isActive=true, isCompleted=false, repeatType=every
01-02 21:17:05.799  3347  3407 I ReactNativeJS: [NotificationService] SCHEDULE_EXACT_ALARM permission granted - using exact timing
01-02 21:17:05.799  3347  3407 I ReactNativeJS: [NotificationService] Scheduling reminder 1767368272184, priority: high, repeatType: every
01-02 21:17:05.799  3347  3407 I ReactNativeJS: [NotificationService] Skipping sequential delay for 'every' reminder to preserve exact timing
01-02 21:17:05.799  3347  3407 I ReactNativeJS: [NotificationService] Scheduling for 2026-01-02T15:50:00.000Z
01-02 21:17:05.800  3347  3408 D DoMinderDebug: AlarmModule: Scheduling alarm broadcast for 1767368272184 at 1.767369E12
01-02 21:17:05.801  3347  3408 D DoMinderDebug: AlarmModule: Successfully scheduled alarm broadcast
01-02 21:17:05.801  3347  3407 I ReactNativeJS: [NotificationService] Scheduled native alarm for rem-1767368272184 with priority high
01-02 21:17:05.801  3347  3407 I ReactNativeJS: [StartupCheck] Rescheduled reminder: 1767368272184
01-02 21:17:05.801  3347  3407 I ReactNativeJS: [StartupCheck] Completed pending notification check and rescheduling
01-02 21:17:05.801  3347  3437 I NOTIFEE : (NotificationManager): Removing notification with id maintenance-notification
01-02 21:17:05.802  3347  3407 I ReactNativeJS: [RootLayout] remindersChanged event received, invalidating queries.
01-02 21:17:05.802  3347  3437 I NOTIFEE : (NotificationManager): Removing notification with id maintenance-notification
01-02 21:17:05.803  3347  3407 I ReactNativeJS: [AppStartup] Pending notifications check completed
01-02 21:17:05.803  3347  3407 I ReactNativeJS: [NotificationRefresh] Initializing notification refresh service
01-02 21:17:05.803  3347  3407 I ReactNativeJS: [NotificationRefresh] Scheduling midnight refresh in 163 minutes
01-02 21:17:05.808  3347  3407 I ReactNativeJS: '[NotificationRefresh] Midnight refresh scheduled for:', '2026-01-02T18:30:00.000Z'
01-02 21:17:05.808  3347  3407 I ReactNativeJS: [AppStartup] Notification services initialized
01-02 21:17:05.809  3347  3407 I ReactNativeJS: [NotificationService] SCHEDULE_EXACT_ALARM permission granted - using exact timing
01-02 21:17:05.809  3347  3407 I ReactNativeJS: [NotificationService] Scheduling reminder 1767368272184, priority: high, repeatType: every
01-02 21:17:05.809  3347  3407 I ReactNativeJS: [NotificationService] Skipping sequential delay for 'every' reminder to preserve exact timing
01-02 21:17:05.809  3347  3407 I ReactNativeJS: [NotificationService] Scheduling for 2026-01-02T15:48:00.000Z
01-02 21:17:05.810  3347  3408 D DoMinderDebug: AlarmModule: Scheduling alarm broadcast for 1767368272184 at 1.76736888E12
01-02 21:17:05.810  3347  3408 D DoMinderDebug: AlarmModule: Successfully scheduled alarm broadcast
01-02 21:17:05.810  3347  3407 I ReactNativeJS: [NotificationService] Scheduled native alarm for rem-1767368272184 with priority high
01-02 21:17:05.810  3347  3407 I ReactNativeJS: [Scheduler] Updated state for reminder 1767368272184
01-02 21:17:05.810  3347  3407 I ReactNativeJS: [RootLayout] remindersChanged event received, invalidating queries.
01-02 21:17:05.811  3347  3408 D DoMinderDebug: AlarmModule: Cleared completed alarm 1767368272184
01-02 21:17:05.811  3347  3407 I ReactNativeJS: '[AlarmSync]  Successfully processed completion for:', '1767368272184'
01-02 21:17:05.811  3347  3408 D DoMinderDebug: AlarmModule: Retrieved 0 snoozed alarms
01-02 21:17:05.812  3347  3407 I ReactNativeJS: '[AlarmSync] Found snoozed alarms:', 0
01-02 21:17:05.812  3347  3408 D DoMinderDebug: AlarmModule: Retrieved 0 deleted alarms
01-02 21:17:05.813  3347  3407 I ReactNativeJS: '[AlarmSync] Found deleted alarms:', 0
01-02 21:17:05.896  3347  3407 I ReactNativeJS: '[ReminderEngine] Processing reminders, count:', 17
01-02 21:17:05.897  3347  3407 I ReactNativeJS: [ReminderEngine] Processing reminder 1767368272184, repeatType: every
01-02 21:17:05.897  3347  3407 I ReactNativeJS: [ReminderEngine] Reminder 1767368272184 has nextReminderDate: 2026-01-02T15:48:00.000Z
01-02 21:17:05.897  3347  3407 I ReactNativeJS: [ReminderEngine] Scheduling notification for reminder 1767368272184 at 2026-01-02T15:48:00.000Z
01-02 21:17:05.898  3347  3407 I ReactNativeJS: '[RootLayout] Foreground event:', { type: 7, pressAction: undefined }
01-02 21:17:05.940  3347  3407 I ReactNativeJS: [NotificationService] SCHEDULE_EXACT_ALARM permission granted - using exact timing
01-02 21:17:05.940  3347  3407 I ReactNativeJS: [NotificationService] Scheduling reminder 1767368272184, priority: high, repeatType: every
01-02 21:17:05.940  3347  3407 I ReactNativeJS: [NotificationService] Skipping sequential delay for 'every' reminder to preserve exact timing
01-02 21:17:05.940  3347  3407 I ReactNativeJS: [NotificationService] Scheduling for 2026-01-02T15:48:00.000Z
01-02 21:17:05.940  3347  3408 D DoMinderDebug: AlarmModule: Scheduling alarm broadcast for 1767368272184 at 1.76736888E12
01-02 21:17:05.941  3347  3408 D DoMinderDebug: AlarmModule: Successfully scheduled alarm broadcast
01-02 21:17:05.941  3347  3407 I ReactNativeJS: [NotificationService] Scheduled native alarm for rem-1767368272184 with priority high
01-02 21:17:05.941  3347  3407 I ReactNativeJS: [ReminderEngine] Successfully scheduled 1767368272184
01-02 21:17:10.013  3347  3468 D ProfileInstaller: Skipping profile installation for app.rork.dominder_android_reminder_app
01-02 21:17:14.372  3347  3353 W System  : A resource failed to call release. 
01-02 21:17:24.294  3347  3347 W unknown:BridgelessReact: ReactHost{0}.onUserLeaveHint(activity)
01-02 21:17:24.301  3347  3347 W unknown:BridgelessReact: ReactHost{0}.onHostPause(activity)
01-02 21:17:24.301  3347  3347 W unknown:BridgelessReact: ReactContext.onHostPause()
01-02 21:17:24.316  3347  3387 D Surface : Surface::disconnect
01-02 21:17:24.316  3347  3387 D BufferQueueProducer: [VRI[MainActivity]#0(BLAST Consumer)0](id:d1300000000,api:1,p:3347,c:3347) disconnect: api 1
01-02 21:17:24.390  3347  3406 I ReactNativeJNI: Memory warning (pressure level: TRIM_MEMORY_UI_HIDDEN) received by JS VM, ignoring because it's non-severe
01-02 21:17:37.161  3347  3347 W unknown:BridgelessReact: ReactHost{0}.onHostResume(activity)
01-02 21:17:37.161  3347  3347 W unknown:BridgelessReact: ReactContext.onHostResume()
01-02 21:17:37.161  3347  3407 I ReactNativeJS: [AlarmSync] App became active, syncing...
01-02 21:17:37.161  3347  3407 I ReactNativeJS: [AlarmSync] Checking for completed alarms...
01-02 21:17:37.162  3347  3408 D DoMinderDebug: AlarmModule: Retrieved 0 completed alarms
01-02 21:17:37.162  3347  3407 I ReactNativeJS: '[AlarmSync] Found completed alarms:', 0
01-02 21:17:37.164  3347  3408 D DoMinderDebug: AlarmModule: Retrieved 0 snoozed alarms
01-02 21:17:37.165  3347  3407 I ReactNativeJS: '[AlarmSync] Found snoozed alarms:', 0
01-02 21:17:37.165  3347  3408 D DoMinderDebug: AlarmModule: Retrieved 0 deleted alarms
01-02 21:17:37.166  3347  3407 I ReactNativeJS: '[AlarmSync] Found deleted alarms:', 0
01-02 21:17:37.168  3347  3347 D VRI[MainActivity]: update {(0,0)(fillxfill) sim={adjust=pan forwardNavigation} ty=BASE_APPLICATION wanim=0x10302fd
01-02 21:17:37.168  3347  3347 D VRI[MainActivity]:   fl=LAYOUT_IN_SCREEN FORCE_NOT_FULLSCREEN LAYOUT_INSET_DECOR SPLIT_TOUCH HARDWARE_ACCELERATED DRAWS_SYSTEM_BAR_BACKGROUNDS
01-02 21:17:37.168  3347  3347 D VRI[MainActivity]:   pfl=NO_MOVE_ANIMATION FORCE_DRAW_STATUS_BAR_BACKGROUND USE_BLAST APPEARANCE_CONTROLLED FIT_INSETS_CONTROLLED
01-02 21:17:37.168  3347  3347 D VRI[MainActivity]:   apr=LIGHT_STATUS_BARS
01-02 21:17:37.168  3347  3347 D VRI[MainActivity]:   bhv=DEFAULT
01-02 21:17:37.168  3347  3347 D VRI[MainActivity]:   fitSides=} by setLayoutParams
01-02 21:17:37.169  3347  3407 I ReactNativeJS: [AlarmSync] Checking for completed alarms...
01-02 21:17:37.170  3347  3408 D DoMinderDebug: AlarmModule: Retrieved 0 completed alarms
01-02 21:17:37.171  3347  3407 I ReactNativeJS: '[AlarmSync] Found completed alarms:', 0
01-02 21:17:37.172  3347  3407 I ReactNativeJS: '[ReminderEngine] Processing reminders, count:', 17
01-02 21:17:37.172  3347  3408 D DoMinderDebug: AlarmModule: Retrieved 0 snoozed alarms
01-02 21:17:37.173  3347  3407 I ReactNativeJS: '[AlarmSync] Found snoozed alarms:', 0
01-02 21:17:37.174  3347  3408 D DoMinderDebug: AlarmModule: Retrieved 0 deleted alarms
01-02 21:17:37.175  3347  3407 I ReactNativeJS: '[AlarmSync] Found deleted alarms:', 0
01-02 21:17:37.185  3347  3387 E OpenGLRenderer: Unable to match the desired swap behavior.
01-02 21:17:47.562  3347  3347 W unknown:ReactNative: Can't cancel already finished gesture. Is a child View trying to start a gesture from an UP/CANCEL event?
01-02 21:17:48.330  3347  3347 W unknown:BridgelessReact: ReactHost{0}.onHostPause(activity)
01-02 21:17:48.330  3347  3347 W unknown:BridgelessReact: ReactContext.onHostPause()
01-02 21:17:48.346  3347  3387 D Surface : Surface::disconnect
01-02 21:17:48.346  3347  3387 D BufferQueueProducer: [VRI[MainActivity]#1(BLAST Consumer)1](id:d1300000001,api:1,p:3347,c:3347) disconnect: api 1
01-02 21:17:48.411  3347  3406 I ReactNativeJNI: Memory warning (pressure level: TRIM_MEMORY_UI_HIDDEN) received by JS VM, ignoring because it's non-severe
