--------- beginning of system
01-11 19:50:34.795 27472 27472 D ViewRootImpl: update {(0,0)(fillxfill) sim={adjust=pan forwardNavigation} ty=BASE_APPLICATION wanim=0x10302fd
01-11 19:50:34.795 27472 27472 D ViewRootImpl:   fl=LAYOUT_IN_SCREEN LAYOUT_INSET_DECOR SPLIT_TOUCH HARDWARE_ACCELERATED DRAWS_SYSTEM_BAR_BACKGROUNDS
01-11 19:50:34.795 27472 27472 D ViewRootImpl:   pfl=NO_MOVE_ANIMATION FORCE_DRAW_STATUS_BAR_BACKGROUND FIT_INSETS_CONTROLLED
01-11 19:50:34.795 27472 27472 D ViewRootImpl:   bhv=DEFAULT
01-11 19:50:34.795 27472 27472 D ViewRootImpl:   fitSides=} by setView
01-11 19:50:35.784 27472 27472 D VRI[MainActivity]: update {(0,0)(fillxfill) sim={adjust=pan forwardNavigation} ty=BASE_APPLICATION wanim=0x10302fd
01-11 19:50:35.784 27472 27472 D VRI[MainActivity]:   fl=LAYOUT_IN_SCREEN LAYOUT_INSET_DECOR SPLIT_TOUCH HARDWARE_ACCELERATED DRAWS_SYSTEM_BAR_BACKGROUNDS
01-11 19:50:35.784 27472 27472 D VRI[MainActivity]:   pfl=NO_MOVE_ANIMATION FORCE_DRAW_STATUS_BAR_BACKGROUND FIT_INSETS_CONTROLLED
01-11 19:50:35.784 27472 27472 D VRI[MainActivity]:   bhv=DEFAULT
01-11 19:50:35.784 27472 27472 D VRI[MainActivity]:   fitSides=} by setLayoutParams
01-11 19:50:35.787 27472 27472 D VRI[MainActivity]: update {(0,0)(fillxfill) sim={adjust=pan forwardNavigation} ty=BASE_APPLICATION wanim=0x10302fd
01-11 19:50:35.787 27472 27472 D VRI[MainActivity]:   fl=LAYOUT_IN_SCREEN FORCE_NOT_FULLSCREEN LAYOUT_INSET_DECOR SPLIT_TOUCH HARDWARE_ACCELERATED DRAWS_SYSTEM_BAR_BACKGROUNDS
01-11 19:50:35.787 27472 27472 D VRI[MainActivity]:   pfl=NO_MOVE_ANIMATION FORCE_DRAW_STATUS_BAR_BACKGROUND FIT_INSETS_CONTROLLED
01-11 19:50:35.787 27472 27472 D VRI[MainActivity]:   bhv=DEFAULT
01-11 19:50:35.787 27472 27472 D VRI[MainActivity]:   fitSides=} by setLayoutParams
01-11 19:50:35.788 27472 27472 D VRI[MainActivity]: update {(0,0)(fillxfill) sim={adjust=pan forwardNavigation} ty=BASE_APPLICATION wanim=0x10302fd
01-11 19:50:35.788 27472 27472 D VRI[MainActivity]:   fl=LAYOUT_IN_SCREEN FORCE_NOT_FULLSCREEN LAYOUT_INSET_DECOR SPLIT_TOUCH HARDWARE_ACCELERATED DRAWS_SYSTEM_BAR_BACKGROUNDS
01-11 19:50:35.788 27472 27472 D VRI[MainActivity]:   pfl=NO_MOVE_ANIMATION FORCE_DRAW_STATUS_BAR_BACKGROUND FIT_INSETS_CONTROLLED
01-11 19:50:35.788 27472 27472 D VRI[MainActivity]:   bhv=DEFAULT
01-11 19:50:35.788 27472 27472 D VRI[MainActivity]:   fitSides=} by setLayoutParams
01-11 19:50:36.078 27472 27472 D VRI[MainActivity]: update {(0,0)(fillxfill) sim={adjust=pan forwardNavigation} ty=BASE_APPLICATION wanim=0x10302fd
01-11 19:50:36.078 27472 27472 D VRI[MainActivity]:   fl=LAYOUT_IN_SCREEN FORCE_NOT_FULLSCREEN LAYOUT_INSET_DECOR SPLIT_TOUCH HARDWARE_ACCELERATED DRAWS_SYSTEM_BAR_BACKGROUNDS
01-11 19:50:36.078 27472 27472 D VRI[MainActivity]:   pfl=NO_MOVE_ANIMATION FORCE_DRAW_STATUS_BAR_BACKGROUND FIT_INSETS_CONTROLLED
01-11 19:50:36.078 27472 27472 D VRI[MainActivity]:   bhv=DEFAULT
01-11 19:50:36.078 27472 27472 D VRI[MainActivity]:   fitSides=} by setLayoutParams
01-11 19:50:36.122 27472 27472 D ViewRootImpl: update {(0,0)(fillxfill) gr=CENTER sim={adjust=resize forwardNavigation} ty=APPLICATION fmt=TRANSPARENT wanim=0x7f11012e
01-11 19:50:36.122 27472 27472 D ViewRootImpl:   fl=DIM_BEHIND NOT_FOCUSABLE LAYOUT_IN_SCREEN LAYOUT_INSET_DECOR SPLIT_TOUCH HARDWARE_ACCELERATED DRAWS_SYSTEM_BAR_BACKGROUNDS
01-11 19:50:36.122 27472 27472 D ViewRootImpl:   pfl=NO_MOVE_ANIMATION FORCE_DRAW_STATUS_BAR_BACKGROUND FIT_INSETS_CONTROLLED
01-11 19:50:36.122 27472 27472 D ViewRootImpl:   bhv=DEFAULT
01-11 19:50:36.122 27472 27472 D ViewRootImpl:   fitSides=} by setView
01-11 19:50:36.138 27472 27472 D VRI[MainActivity]: update {(0,0)(fillxfill) gr=CENTER sim={adjust=resize} ty=APPLICATION fmt=TRANSPARENT wanim=0x7f11012e
01-11 19:50:36.138 27472 27472 D VRI[MainActivity]:   fl=DIM_BEHIND LAYOUT_IN_SCREEN LAYOUT_INSET_DECOR SPLIT_TOUCH HARDWARE_ACCELERATED DRAWS_SYSTEM_BAR_BACKGROUNDS
01-11 19:50:36.138 27472 27472 D VRI[MainActivity]:   pfl=NO_MOVE_ANIMATION FORCE_DRAW_STATUS_BAR_BACKGROUND FIT_INSETS_CONTROLLED
01-11 19:50:36.138 27472 27472 D VRI[MainActivity]:   bhv=DEFAULT
01-11 19:50:36.138 27472 27472 D VRI[MainActivity]:   fitSides=} by setLayoutParams
01-11 19:50:36.441 27472 27472 D VRI[MainActivity]: update {(0,0)(fillxfill) gr=CENTER sim={adjust=resize} ty=APPLICATION fmt=TRANSPARENT wanim=0x7f11012e
01-11 19:50:36.441 27472 27472 D VRI[MainActivity]:   fl=DIM_BEHIND LAYOUT_IN_SCREEN LAYOUT_INSET_DECOR SPLIT_TOUCH HARDWARE_ACCELERATED DRAWS_SYSTEM_BAR_BACKGROUNDS
01-11 19:50:36.441 27472 27472 D VRI[MainActivity]:   pfl=NO_MOVE_ANIMATION FORCE_DRAW_STATUS_BAR_BACKGROUND FIT_INSETS_CONTROLLED
01-11 19:50:36.441 27472 27472 D VRI[MainActivity]:   bhv=DEFAULT
01-11 19:50:36.441 27472 27472 D VRI[MainActivity]:   fitSides=} by setLayoutParams
01-11 19:50:36.443 27472 27472 D VRI[MainActivity]: update {(0,0)(fillxfill) gr=CENTER sim={adjust=resize} ty=APPLICATION fmt=TRANSPARENT wanim=0x7f11012e
01-11 19:50:36.443 27472 27472 D VRI[MainActivity]:   fl=DIM_BEHIND LAYOUT_IN_SCREEN LAYOUT_INSET_DECOR SPLIT_TOUCH HARDWARE_ACCELERATED DRAWS_SYSTEM_BAR_BACKGROUNDS
01-11 19:50:36.443 27472 27472 D VRI[MainActivity]:   pfl=NO_MOVE_ANIMATION FORCE_DRAW_STATUS_BAR_BACKGROUND FIT_INSETS_CONTROLLED
01-11 19:50:36.443 27472 27472 D VRI[MainActivity]:   bhv=DEFAULT
01-11 19:50:36.443 27472 27472 D VRI[MainActivity]:   fitSides=} by setLayoutParams
01-11 19:50:36.444 27472 27472 D VRI[MainActivity]: update {(0,0)(fillxfill) gr=CENTER sim={adjust=resize} ty=APPLICATION fmt=TRANSPARENT wanim=0x7f11012e
01-11 19:50:36.444 27472 27472 D VRI[MainActivity]:   fl=DIM_BEHIND LAYOUT_IN_SCREEN LAYOUT_INSET_DECOR SPLIT_TOUCH HARDWARE_ACCELERATED DRAWS_SYSTEM_BAR_BACKGROUNDS
01-11 19:50:36.444 27472 27472 D VRI[MainActivity]:   pfl=NO_MOVE_ANIMATION FORCE_DRAW_STATUS_BAR_BACKGROUND FIT_INSETS_CONTROLLED
01-11 19:50:36.444 27472 27472 D VRI[MainActivity]:   bhv=DEFAULT
01-11 19:50:36.444 27472 27472 D VRI[MainActivity]:   fitSides=} by setLayoutParams
01-11 19:50:38.606 27472 27472 D ViewRootImpl: update {(0,0)(fillxfill) gr=CENTER sim={adjust=resize forwardNavigation} ty=APPLICATION fmt=TRANSPARENT wanim=0x7f11012e
01-11 19:50:38.606 27472 27472 D ViewRootImpl:   fl=NOT_FOCUSABLE LAYOUT_IN_SCREEN LAYOUT_INSET_DECOR SPLIT_TOUCH HARDWARE_ACCELERATED DRAWS_SYSTEM_BAR_BACKGROUNDS
01-11 19:50:38.606 27472 27472 D ViewRootImpl:   pfl=NO_MOVE_ANIMATION FORCE_DRAW_STATUS_BAR_BACKGROUND FIT_INSETS_CONTROLLED
01-11 19:50:38.606 27472 27472 D ViewRootImpl:   bhv=DEFAULT
01-11 19:50:38.606 27472 27472 D ViewRootImpl:   fitSides=} by setView
01-11 19:50:38.614 27472 27472 D VRI[MainActivity]: update {(0,0)(fillxfill) gr=CENTER sim={adjust=resize} ty=APPLICATION fmt=TRANSPARENT wanim=0x7f11012e
01-11 19:50:38.614 27472 27472 D VRI[MainActivity]:   fl=LAYOUT_IN_SCREEN LAYOUT_INSET_DECOR SPLIT_TOUCH HARDWARE_ACCELERATED DRAWS_SYSTEM_BAR_BACKGROUNDS
01-11 19:50:38.614 27472 27472 D VRI[MainActivity]:   pfl=NO_MOVE_ANIMATION FORCE_DRAW_STATUS_BAR_BACKGROUND FIT_INSETS_CONTROLLED
01-11 19:50:38.614 27472 27472 D VRI[MainActivity]:   bhv=DEFAULT
01-11 19:50:38.614 27472 27472 D VRI[MainActivity]:   fitSides=} by setLayoutParams
01-11 19:50:38.683 27472 27472 D VRI[MainActivity]: update {(0,0)(fillxfill) gr=CENTER sim={adjust=resize} ty=APPLICATION fmt=TRANSPARENT wanim=0x7f11012e
01-11 19:50:38.683 27472 27472 D VRI[MainActivity]:   fl=LAYOUT_IN_SCREEN LAYOUT_INSET_DECOR SPLIT_TOUCH HARDWARE_ACCELERATED DRAWS_SYSTEM_BAR_BACKGROUNDS
01-11 19:50:38.683 27472 27472 D VRI[MainActivity]:   pfl=NO_MOVE_ANIMATION FORCE_DRAW_STATUS_BAR_BACKGROUND FIT_INSETS_CONTROLLED
01-11 19:50:38.683 27472 27472 D VRI[MainActivity]:   bhv=DEFAULT
01-11 19:50:38.683 27472 27472 D VRI[MainActivity]:   fitSides=} by setLayoutParams
01-11 19:50:38.685 27472 27472 D VRI[MainActivity]: update {(0,0)(fillxfill) gr=CENTER sim={adjust=resize} ty=APPLICATION fmt=TRANSPARENT wanim=0x7f11012e
01-11 19:50:38.685 27472 27472 D VRI[MainActivity]:   fl=LAYOUT_IN_SCREEN LAYOUT_INSET_DECOR SPLIT_TOUCH HARDWARE_ACCELERATED DRAWS_SYSTEM_BAR_BACKGROUNDS
01-11 19:50:38.685 27472 27472 D VRI[MainActivity]:   pfl=NO_MOVE_ANIMATION FORCE_DRAW_STATUS_BAR_BACKGROUND FIT_INSETS_CONTROLLED
01-11 19:50:38.685 27472 27472 D VRI[MainActivity]:   bhv=DEFAULT
01-11 19:50:38.685 27472 27472 D VRI[MainActivity]:   fitSides=} by setLayoutParams
01-11 19:50:48.537 27472 27472 D ViewRootImpl: update {(0,0)(fillxfill) gr=CENTER sim={adjust=resize forwardNavigation} ty=APPLICATION fmt=TRANSPARENT wanim=0x7f11012e
01-11 19:50:48.537 27472 27472 D ViewRootImpl:   fl=NOT_FOCUSABLE LAYOUT_IN_SCREEN LAYOUT_INSET_DECOR SPLIT_TOUCH HARDWARE_ACCELERATED DRAWS_SYSTEM_BAR_BACKGROUNDS
01-11 19:50:48.537 27472 27472 D ViewRootImpl:   pfl=NO_MOVE_ANIMATION FORCE_DRAW_STATUS_BAR_BACKGROUND FIT_INSETS_CONTROLLED
01-11 19:50:48.537 27472 27472 D ViewRootImpl:   bhv=DEFAULT
01-11 19:50:48.537 27472 27472 D ViewRootImpl:   fitSides=} by setView
01-11 19:50:48.707 27472 27472 D VRI[MainActivity]: update {(0,0)(fillxfill) gr=CENTER sim={adjust=resize} ty=APPLICATION fmt=TRANSPARENT wanim=0x7f11012e
01-11 19:50:48.707 27472 27472 D VRI[MainActivity]:   fl=LAYOUT_IN_SCREEN LAYOUT_INSET_DECOR SPLIT_TOUCH HARDWARE_ACCELERATED DRAWS_SYSTEM_BAR_BACKGROUNDS
01-11 19:50:48.707 27472 27472 D VRI[MainActivity]:   pfl=NO_MOVE_ANIMATION FORCE_DRAW_STATUS_BAR_BACKGROUND FIT_INSETS_CONTROLLED
01-11 19:50:48.707 27472 27472 D VRI[MainActivity]:   bhv=DEFAULT
01-11 19:50:48.707 27472 27472 D VRI[MainActivity]:   fitSides=} by setLayoutParams
--------- beginning of main
01-11 19:50:48.828 27472 27500 E OpenGLRenderer: Unable to match the desired swap behavior.
01-11 19:50:48.925 27472 27500 W Parcel  : Expecting binder but got null!
01-11 19:50:48.933 27472 27507 I ReactNativeJNI: Memory warning (pressure level: TRIM_MEMORY_RUNNING_MODERATE) received by JS VM, ignoring because it's non-severe
01-11 19:50:48.938 27472 27472 D VRI[MainActivity]: update {(0,0)(fillxfill) gr=CENTER sim={adjust=resize} ty=APPLICATION fmt=TRANSPARENT wanim=0x7f11012e
01-11 19:50:48.938 27472 27472 D VRI[MainActivity]:   fl=LAYOUT_IN_SCREEN LAYOUT_INSET_DECOR SPLIT_TOUCH HARDWARE_ACCELERATED DRAWS_SYSTEM_BAR_BACKGROUNDS
01-11 19:50:48.938 27472 27472 D VRI[MainActivity]:   pfl=NO_MOVE_ANIMATION FORCE_DRAW_STATUS_BAR_BACKGROUND FIT_INSETS_CONTROLLED
01-11 19:50:48.938 27472 27472 D VRI[MainActivity]:   bhv=DEFAULT
01-11 19:50:48.938 27472 27472 D VRI[MainActivity]:   fitSides=} by setLayoutParams
01-11 19:50:48.939 27472 27472 D VRI[MainActivity]: update {(0,0)(fillxfill) gr=CENTER sim={adjust=resize} ty=APPLICATION fmt=TRANSPARENT wanim=0x7f11012e
01-11 19:50:48.939 27472 27472 D VRI[MainActivity]:   fl=LAYOUT_IN_SCREEN LAYOUT_INSET_DECOR SPLIT_TOUCH HARDWARE_ACCELERATED DRAWS_SYSTEM_BAR_BACKGROUNDS
01-11 19:50:48.939 27472 27472 D VRI[MainActivity]:   pfl=NO_MOVE_ANIMATION FORCE_DRAW_STATUS_BAR_BACKGROUND FIT_INSETS_CONTROLLED
01-11 19:50:48.939 27472 27472 D VRI[MainActivity]:   bhv=DEFAULT
01-11 19:50:48.939 27472 27472 D VRI[MainActivity]:   fitSides=} by setLayoutParams
01-11 19:50:49.072 27472 27472 W OnBackInvokedCallback: OnBackInvokedCallback is not enabled for the application.
01-11 19:50:49.072 27472 27472 W OnBackInvokedCallback: Set 'android:enableOnBackInvokedCallback="true"' in the application manifest.
01-11 19:50:49.222 27472 27472 W RemoteInputConnectionImpl: requestCursorAnchorInfo on inactive InputConnection
01-11 19:50:56.846 27472 27472 D ViewRootImpl: update {(0,0)(fillxfill) gr=CENTER sim={adjust=resize forwardNavigation} ty=APPLICATION fmt=TRANSPARENT wanim=0x7f11012e
01-11 19:50:56.846 27472 27472 D ViewRootImpl:   fl=NOT_FOCUSABLE LAYOUT_IN_SCREEN LAYOUT_INSET_DECOR SPLIT_TOUCH HARDWARE_ACCELERATED DRAWS_SYSTEM_BAR_BACKGROUNDS
01-11 19:50:56.846 27472 27472 D ViewRootImpl:   pfl=NO_MOVE_ANIMATION FORCE_DRAW_STATUS_BAR_BACKGROUND FIT_INSETS_CONTROLLED
01-11 19:50:56.846 27472 27472 D ViewRootImpl:   bhv=DEFAULT
01-11 19:50:56.846 27472 27472 D ViewRootImpl:   fitSides=} by setView
01-11 19:50:56.876 27472 27472 D VRI[MainActivity]: update {(0,0)(fillxfill) gr=CENTER sim={adjust=resize} ty=APPLICATION fmt=TRANSPARENT wanim=0x7f11012e
01-11 19:50:56.876 27472 27472 D VRI[MainActivity]:   fl=LAYOUT_IN_SCREEN LAYOUT_INSET_DECOR SPLIT_TOUCH HARDWARE_ACCELERATED DRAWS_SYSTEM_BAR_BACKGROUNDS
01-11 19:50:56.876 27472 27472 D VRI[MainActivity]:   pfl=NO_MOVE_ANIMATION FORCE_DRAW_STATUS_BAR_BACKGROUND FIT_INSETS_CONTROLLED
01-11 19:50:56.876 27472 27472 D VRI[MainActivity]:   bhv=DEFAULT
01-11 19:50:56.876 27472 27472 D VRI[MainActivity]:   fitSides=} by setLayoutParams
01-11 19:50:56.888 27472 27500 D Surface : Surface::disconnect
01-11 19:50:56.888 27472 27500 D BufferQueueProducer: [VRI[MainActivity]#3(BLAST Consumer)3](id:6b5000000003,api:1,p:27472,c:27472) disconnect: api 1
01-11 19:50:56.947 27472 27500 E OpenGLRenderer: Unable to match the desired swap behavior.
01-11 19:50:56.987 27472 27500 W Parcel  : Expecting binder but got null!
01-11 19:50:57.036 27472 27472 D VRI[MainActivity]: update {(0,0)(fillxfill) gr=CENTER sim={adjust=resize} ty=APPLICATION fmt=TRANSPARENT wanim=0x7f11012e
01-11 19:50:57.036 27472 27472 D VRI[MainActivity]:   fl=LAYOUT_IN_SCREEN LAYOUT_INSET_DECOR SPLIT_TOUCH HARDWARE_ACCELERATED DRAWS_SYSTEM_BAR_BACKGROUNDS
01-11 19:50:57.036 27472 27472 D VRI[MainActivity]:   pfl=NO_MOVE_ANIMATION FORCE_DRAW_STATUS_BAR_BACKGROUND FIT_INSETS_CONTROLLED
01-11 19:50:57.036 27472 27472 D VRI[MainActivity]:   bhv=DEFAULT
01-11 19:50:57.036 27472 27472 D VRI[MainActivity]:   fitSides=} by setLayoutParams
01-11 19:50:57.039 27472 27472 D VRI[MainActivity]: update {(0,0)(fillxfill) gr=CENTER sim={adjust=resize} ty=APPLICATION fmt=TRANSPARENT wanim=0x7f11012e
01-11 19:50:57.039 27472 27472 D VRI[MainActivity]:   fl=LAYOUT_IN_SCREEN LAYOUT_INSET_DECOR SPLIT_TOUCH HARDWARE_ACCELERATED DRAWS_SYSTEM_BAR_BACKGROUNDS
01-11 19:50:57.039 27472 27472 D VRI[MainActivity]:   pfl=NO_MOVE_ANIMATION FORCE_DRAW_STATUS_BAR_BACKGROUND FIT_INSETS_CONTROLLED
01-11 19:50:57.039 27472 27472 D VRI[MainActivity]:   bhv=DEFAULT
01-11 19:50:57.039 27472 27472 D VRI[MainActivity]:   fitSides=} by setLayoutParams
01-11 19:51:02.508 27472 27500 D Surface : Surface::disconnect
01-11 19:51:02.508 27472 27500 D BufferQueueProducer: [VRI[MainActivity]#4(BLAST Consumer)4](id:6b5000000004,api:1,p:27472,c:27472) disconnect: api 1
01-11 19:51:04.240 27472 27507 I ReactNativeJNI: Memory warning (pressure level: TRIM_MEMORY_RUNNING_MODERATE) received by JS VM, ignoring because it's non-severe
01-11 19:51:05.788 27472 27508 I ReactNativeJS: [AlarmSync] Checking for completed alarms...
01-11 19:51:05.802 27472 27509 D DoMinderDebug: AlarmModule: getAllNativeReminderStates found 0 reminders
01-11 19:51:05.806 27472 27509 D DoMinderDebug: AlarmModule: Retrieved 0 completed alarms
01-11 19:51:05.808 27472 27508 I ReactNativeJS: '[AlarmSync] Found completed alarms:', 0
01-11 19:51:05.808 27472 27509 D DoMinderDebug: AlarmModule: Retrieved 0 snoozed alarms
01-11 19:51:05.809 27472 27508 I ReactNativeJS: '[AlarmSync] Found snoozed alarms:', 0
01-11 19:51:05.809 27472 27509 D DoMinderDebug: AlarmModule: Retrieved 0 deleted alarms
01-11 19:51:05.809 27472 27508 I ReactNativeJS: '[AlarmSync] Found deleted alarms:', 0
01-11 19:51:05.900 27472 27508 I ReactNativeJS: '[ReminderEngine] Processing reminders, count:', 0
01-11 19:51:06.009 27472 27507 I ReactNativeJNI: Memory warning (pressure level: TRIM_MEMORY_RUNNING_MODERATE) received by JS VM, ignoring because it's non-severe
01-11 19:51:06.671 27472 27507 I ReactNativeJNI: Memory warning (pressure level: TRIM_MEMORY_RUNNING_MODERATE) received by JS VM, ignoring because it's non-severe
01-11 19:51:07.886 27472 27472 D ViewRootImpl: update {(0,0)(fillxfill) gr=CENTER sim={adjust=resize forwardNavigation} ty=APPLICATION fmt=TRANSPARENT wanim=0x7f11012e
01-11 19:51:07.886 27472 27472 D ViewRootImpl:   fl=NOT_FOCUSABLE LAYOUT_IN_SCREEN LAYOUT_INSET_DECOR SPLIT_TOUCH HARDWARE_ACCELERATED DRAWS_SYSTEM_BAR_BACKGROUNDS
01-11 19:51:07.886 27472 27472 D ViewRootImpl:   pfl=NO_MOVE_ANIMATION FORCE_DRAW_STATUS_BAR_BACKGROUND FIT_INSETS_CONTROLLED
01-11 19:51:07.886 27472 27472 D ViewRootImpl:   bhv=DEFAULT
01-11 19:51:07.886 27472 27472 D ViewRootImpl:   fitSides=} by setView
01-11 19:51:07.923 27472 27472 D VRI[MainActivity]: update {(0,0)(fillxfill) gr=CENTER sim={adjust=resize} ty=APPLICATION fmt=TRANSPARENT wanim=0x7f11012e
01-11 19:51:07.923 27472 27472 D VRI[MainActivity]:   fl=LAYOUT_IN_SCREEN LAYOUT_INSET_DECOR SPLIT_TOUCH HARDWARE_ACCELERATED DRAWS_SYSTEM_BAR_BACKGROUNDS
01-11 19:51:07.923 27472 27472 D VRI[MainActivity]:   pfl=NO_MOVE_ANIMATION FORCE_DRAW_STATUS_BAR_BACKGROUND FIT_INSETS_CONTROLLED
01-11 19:51:07.923 27472 27472 D VRI[MainActivity]:   bhv=DEFAULT
01-11 19:51:07.923 27472 27472 D VRI[MainActivity]:   fitSides=} by setLayoutParams
01-11 19:51:07.999 27472 27500 E OpenGLRenderer: Unable to match the desired swap behavior.
01-11 19:51:08.042 27472 27500 W Parcel  : Expecting binder but got null!
01-11 19:51:08.074 27472 27472 D VRI[MainActivity]: update {(0,0)(fillxfill) gr=CENTER sim={adjust=resize} ty=APPLICATION fmt=TRANSPARENT wanim=0x7f11012e
01-11 19:51:08.074 27472 27472 D VRI[MainActivity]:   fl=LAYOUT_IN_SCREEN LAYOUT_INSET_DECOR SPLIT_TOUCH HARDWARE_ACCELERATED DRAWS_SYSTEM_BAR_BACKGROUNDS
01-11 19:51:08.074 27472 27472 D VRI[MainActivity]:   pfl=NO_MOVE_ANIMATION FORCE_DRAW_STATUS_BAR_BACKGROUND FIT_INSETS_CONTROLLED
01-11 19:51:08.074 27472 27472 D VRI[MainActivity]:   bhv=DEFAULT
01-11 19:51:08.074 27472 27472 D VRI[MainActivity]:   fitSides=} by setLayoutParams
01-11 19:51:08.076 27472 27472 D VRI[MainActivity]: update {(0,0)(fillxfill) gr=CENTER sim={adjust=resize} ty=APPLICATION fmt=TRANSPARENT wanim=0x7f11012e
01-11 19:51:08.076 27472 27472 D VRI[MainActivity]:   fl=LAYOUT_IN_SCREEN LAYOUT_INSET_DECOR SPLIT_TOUCH HARDWARE_ACCELERATED DRAWS_SYSTEM_BAR_BACKGROUNDS
01-11 19:51:08.076 27472 27472 D VRI[MainActivity]:   pfl=NO_MOVE_ANIMATION FORCE_DRAW_STATUS_BAR_BACKGROUND FIT_INSETS_CONTROLLED
01-11 19:51:08.076 27472 27472 D VRI[MainActivity]:   bhv=DEFAULT
01-11 19:51:08.076 27472 27472 D VRI[MainActivity]:   fitSides=} by setLayoutParams
01-11 19:51:11.140 27472 27472 D ViewRootImpl: update {(0,0)(fillxfill) gr=CENTER sim={adjust=resize forwardNavigation} ty=APPLICATION fmt=TRANSPARENT wanim=0x7f11012e
01-11 19:51:11.140 27472 27472 D ViewRootImpl:   fl=NOT_FOCUSABLE LAYOUT_IN_SCREEN LAYOUT_INSET_DECOR SPLIT_TOUCH HARDWARE_ACCELERATED DRAWS_SYSTEM_BAR_BACKGROUNDS
01-11 19:51:11.140 27472 27472 D ViewRootImpl:   pfl=NO_MOVE_ANIMATION FORCE_DRAW_STATUS_BAR_BACKGROUND FIT_INSETS_CONTROLLED
01-11 19:51:11.140 27472 27472 D ViewRootImpl:   bhv=DEFAULT
01-11 19:51:11.140 27472 27472 D ViewRootImpl:   fitSides=} by setView
01-11 19:51:11.152 27472 27472 D VRI[MainActivity]: update {(0,0)(fillxfill) gr=CENTER sim={adjust=resize} ty=APPLICATION fmt=TRANSPARENT wanim=0x7f11012e
01-11 19:51:11.152 27472 27472 D VRI[MainActivity]:   fl=LAYOUT_IN_SCREEN LAYOUT_INSET_DECOR SPLIT_TOUCH HARDWARE_ACCELERATED DRAWS_SYSTEM_BAR_BACKGROUNDS
01-11 19:51:11.152 27472 27472 D VRI[MainActivity]:   pfl=NO_MOVE_ANIMATION FORCE_DRAW_STATUS_BAR_BACKGROUND FIT_INSETS_CONTROLLED
01-11 19:51:11.152 27472 27472 D VRI[MainActivity]:   bhv=DEFAULT
01-11 19:51:11.152 27472 27472 D VRI[MainActivity]:   fitSides=} by setLayoutParams
01-11 19:51:11.165 27472 27500 D Surface : Surface::disconnect
01-11 19:51:11.165 27472 27500 D BufferQueueProducer: [VRI[MainActivity]#5(BLAST Consumer)5](id:6b5000000005,api:1,p:27472,c:27472) disconnect: api 1
01-11 19:51:11.199 27472 27500 E OpenGLRenderer: Unable to match the desired swap behavior.
01-11 19:51:11.217 27472 27500 W Parcel  : Expecting binder but got null!
01-11 19:51:11.243 27472 27472 D VRI[MainActivity]: update {(0,0)(fillxfill) gr=CENTER sim={adjust=resize} ty=APPLICATION fmt=TRANSPARENT wanim=0x7f11012e
01-11 19:51:11.243 27472 27472 D VRI[MainActivity]:   fl=LAYOUT_IN_SCREEN LAYOUT_INSET_DECOR SPLIT_TOUCH HARDWARE_ACCELERATED DRAWS_SYSTEM_BAR_BACKGROUNDS
01-11 19:51:11.243 27472 27472 D VRI[MainActivity]:   pfl=NO_MOVE_ANIMATION FORCE_DRAW_STATUS_BAR_BACKGROUND FIT_INSETS_CONTROLLED
01-11 19:51:11.243 27472 27472 D VRI[MainActivity]:   bhv=DEFAULT
01-11 19:51:11.243 27472 27472 D VRI[MainActivity]:   fitSides=} by setLayoutParams
01-11 19:51:11.244 27472 27472 D VRI[MainActivity]: update {(0,0)(fillxfill) gr=CENTER sim={adjust=resize} ty=APPLICATION fmt=TRANSPARENT wanim=0x7f11012e
01-11 19:51:11.244 27472 27472 D VRI[MainActivity]:   fl=LAYOUT_IN_SCREEN LAYOUT_INSET_DECOR SPLIT_TOUCH HARDWARE_ACCELERATED DRAWS_SYSTEM_BAR_BACKGROUNDS
01-11 19:51:11.244 27472 27472 D VRI[MainActivity]:   pfl=NO_MOVE_ANIMATION FORCE_DRAW_STATUS_BAR_BACKGROUND FIT_INSETS_CONTROLLED
01-11 19:51:11.244 27472 27472 D VRI[MainActivity]:   bhv=DEFAULT
01-11 19:51:11.244 27472 27472 D VRI[MainActivity]:   fitSides=} by setLayoutParams
01-11 19:51:13.737 27472 27507 I ReactNativeJNI: Memory warning (pressure level: TRIM_MEMORY_RUNNING_MODERATE) received by JS VM, ignoring because it's non-severe
01-11 19:51:23.887 27472 27500 D Surface : Surface::disconnect
01-11 19:51:23.888 27472 27500 D BufferQueueProducer: [VRI[MainActivity]#6(BLAST Consumer)6](id:6b5000000006,api:1,p:27472,c:27472) disconnect: api 1
01-11 19:51:28.902 27472 27508 I ReactNativeJS: [ReminderService] Adding reminder 1768141288886: isActive=true, isCompleted=false, repeatType=every
01-11 19:51:29.035 27472 27508 I ReactNativeJS: [calculateNextReminderDate] for reminder: 1768141288886, fromDate: 2026-01-11T14:21:29.035Z, repeatType: every, date: 2026-01-13, time: 19:52
01-11 19:51:29.121 27472 27508 I ReactNativeJS: '[ReminderEngine] Processing reminders, count:', 1
01-11 19:51:29.121 27472 27508 I ReactNativeJS: [ReminderEngine] Processing reminder 1768141288886, repeatType: every
01-11 19:51:29.121 27472 27508 I ReactNativeJS: [calculateNextReminderDate] for reminder: 1768141288886, fromDate: 2026-01-11T14:21:29.121Z, repeatType: every, date: 2026-01-13, time: 19:52
01-11 19:51:29.121 27472 27508 I ReactNativeJS: [ReminderEngine] Calculated next fire time for 1768141288886: 2026-01-11T14:22:00.000Z, updating reminder
01-11 19:51:29.122 27472 27508 I ReactNativeJS: [ReminderEngine] Scheduling notification for reminder 1768141288886 at 2026-01-11T14:22:00.000Z
01-11 19:51:29.216 27472 27508 I ReactNativeJS: [RootLayout] remindersChanged event received, invalidating queries.
01-11 19:51:29.243 27472 27508 I ReactNativeJS: [NotificationService] Requesting notification permission...
01-11 19:51:29.246 27472 27508 I ReactNativeJS: [ReminderService] Updating reminder 1768141288886: isActive=true, isCompleted=false, repeatType=every
01-11 19:51:29.251 27472 27508 I ReactNativeJS: [RootLayout] remindersChanged event received, invalidating queries.
01-11 19:51:29.370 27472 27500 D Surface : Surface::disconnect
01-11 19:51:29.370 27472 27500 D BufferQueueProducer: [VRI[MainActivity]#2(BLAST Consumer)2](id:6b5000000002,api:1,p:27472,c:27472) disconnect: api 1
01-11 19:51:29.391 27472 27472 W unknown:BridgelessReact: ReactHost{0}.onUserLeaveHint(activity)
01-11 19:51:29.396 27472 27472 W unknown:BridgelessReact: ReactHost{0}.onHostPause(activity)
01-11 19:51:29.396 27472 27472 W unknown:BridgelessReact: ReactContext.onHostPause()
01-11 19:51:29.484 27472 27508 I ReactNativeJS: '[ReminderEngine] Processing reminders, count:', 1
01-11 19:51:29.484 27472 27508 I ReactNativeJS: [ReminderEngine] Skipping 1768141288886 - scheduling already in progress
01-11 19:51:29.489 27472 27508 I ReactNativeJNI: instanceHandle is null, event of type topBlur will be dropped
01-11 19:51:30.534 27472 27472 D CompatibilityChangeReporter: Compat change id reported: 78294732; UID 11065; state: ENABLED
01-11 19:51:30.546 27472 27472 W unknown:BridgelessReact: ReactHost{0}.onHostResume(activity)
01-11 19:51:30.546 27472 27472 W unknown:BridgelessReact: ReactContext.onHostResume()
01-11 19:51:30.565 27472 27508 I ReactNativeJS: [AlarmSync] App became active, syncing...
01-11 19:51:30.565 27472 27508 I ReactNativeJS: [AlarmSync] Checking for completed alarms...
01-11 19:51:30.567 27472 27509 D DoMinderDebug: AlarmModule: getAllNativeReminderStates found 0 reminders
01-11 19:51:30.574 27472 27509 D DoMinderDebug: AlarmModule: Retrieved 0 completed alarms
01-11 19:51:30.578 27472 27508 I ReactNativeJS: '[AlarmSync] Found completed alarms:', 0
01-11 19:51:30.588 27472 27509 D DoMinderDebug: AlarmModule: Retrieved 0 snoozed alarms
01-11 19:51:30.590 27472 27508 I ReactNativeJS: '[AlarmSync] Found snoozed alarms:', 0
01-11 19:51:30.591 27472 27472 D VRI[MainActivity]: update {(0,0)(fillxfill) sim={adjust=pan forwardNavigation} ty=BASE_APPLICATION wanim=0x10302fd
01-11 19:51:30.591 27472 27472 D VRI[MainActivity]:   fl=LAYOUT_IN_SCREEN FORCE_NOT_FULLSCREEN LAYOUT_INSET_DECOR SPLIT_TOUCH HARDWARE_ACCELERATED DRAWS_SYSTEM_BAR_BACKGROUNDS
01-11 19:51:30.591 27472 27472 D VRI[MainActivity]:   pfl=NO_MOVE_ANIMATION FORCE_DRAW_STATUS_BAR_BACKGROUND USE_BLAST APPEARANCE_CONTROLLED FIT_INSETS_CONTROLLED
01-11 19:51:30.591 27472 27472 D VRI[MainActivity]:   apr=LIGHT_STATUS_BARS
01-11 19:51:30.591 27472 27472 D VRI[MainActivity]:   bhv=DEFAULT
01-11 19:51:30.591 27472 27472 D VRI[MainActivity]:   fitSides=} by setLayoutParams
01-11 19:51:30.596 27472 27509 D DoMinderDebug: AlarmModule: Retrieved 0 deleted alarms
01-11 19:51:30.596 27472 27508 I ReactNativeJS: [NotificationService] SCHEDULE_EXACT_ALARM permission granted - using exact timing
01-11 19:51:30.596 27472 27508 I ReactNativeJS: [NotificationService] Scheduling reminder 1768141288886, priority: high, repeatType: every
01-11 19:51:30.596 27472 27508 I ReactNativeJS: [NotificationService] Skipping sequential delay for 'every' reminder to preserve exact timing
01-11 19:51:30.597 27472 27508 I ReactNativeJS: [NotificationService] Scheduling for 2026-01-11T14:22:00.000Z
01-11 19:51:30.598 27472 27508 I ReactNativeJS: '[AlarmSync] Found deleted alarms:', 0
01-11 19:51:30.601 27472 27509 D DoMinderDebug: AlarmModule: Stored metadata for 1768141288886 - repeatType=every, everyValue=1, multiSelect=true
01-11 19:51:30.603 27472 27508 I ReactNativeJS: [NotificationService] Stored metadata for native alarm 1768141288886
01-11 19:51:30.606 27472 27509 D DoMinderDebug: AlarmModule: Scheduling alarm broadcast for 1768141288886 at 1.76814132E12
01-11 19:51:30.607 27472 27509 D DoMinderDebug: AlarmModule: Successfully scheduled alarm broadcast
01-11 19:51:30.608 27472 27508 I ReactNativeJS: [NotificationService] Scheduled native alarm for rem-1768141288886 with priority high
01-11 19:51:30.608 27472 27508 I ReactNativeJS: [ReminderEngine] Successfully scheduled 1768141288886
01-11 19:51:35.797 27472 27508 I ReactNativeJS: [AlarmSync] Checking for completed alarms...
01-11 19:51:35.798 27472 27509 D DoMinderDebug: AlarmModule: getAllNativeReminderStates found 1 reminders
01-11 19:51:35.799 27472 27508 I ReactNativeJS: '[AlarmSync] Syncing native states for', 1, 'reminders'
01-11 19:51:35.799 27472 27509 D DoMinderDebug: AlarmModule: Retrieved 0 completed alarms
01-11 19:51:35.800 27472 27508 I ReactNativeJS: '[AlarmSync] Found completed alarms:', 0
01-11 19:51:35.800 27472 27509 D DoMinderDebug: AlarmModule: Retrieved 0 snoozed alarms
01-11 19:51:35.800 27472 27508 I ReactNativeJS: '[AlarmSync] Found snoozed alarms:', 0
01-11 19:51:35.801 27472 27509 D DoMinderDebug: AlarmModule: Retrieved 0 deleted alarms
01-11 19:51:35.801 27472 27508 I ReactNativeJS: '[AlarmSync] Found deleted alarms:', 0
01-11 19:51:35.910 27472 27508 I ReactNativeJS: '[ReminderEngine] Processing reminders, count:', 1
01-11 19:51:39.335 27472 27472 W unknown:BridgelessReact: ReactHost{0}.onUserLeaveHint(activity)
01-11 19:51:39.336 27472 27472 W unknown:BridgelessReact: ReactHost{0}.onHostPause(activity)
01-11 19:51:39.336 27472 27472 W unknown:BridgelessReact: ReactContext.onHostPause()
01-11 19:51:41.445 27472 27472 W unknown:BridgelessReact: ReactHost{0}.onHostResume(activity)
01-11 19:51:41.445 27472 27472 W unknown:BridgelessReact: ReactContext.onHostResume()
01-11 19:51:41.447 27472 27508 I ReactNativeJS: [AlarmSync] App became active, syncing...
01-11 19:51:41.447 27472 27508 I ReactNativeJS: [AlarmSync] Checking for completed alarms...
01-11 19:51:41.449 27472 27509 D DoMinderDebug: AlarmModule: getAllNativeReminderStates found 1 reminders
01-11 19:51:41.449 27472 27508 I ReactNativeJS: '[AlarmSync] Syncing native states for', 1, 'reminders'
01-11 19:51:41.450 27472 27509 D DoMinderDebug: AlarmModule: Retrieved 0 completed alarms
01-11 19:51:41.450 27472 27508 I ReactNativeJS: '[AlarmSync] Found completed alarms:', 0
01-11 19:51:41.451 27472 27509 D DoMinderDebug: AlarmModule: Retrieved 0 snoozed alarms
01-11 19:51:41.451 27472 27508 I ReactNativeJS: '[AlarmSync] Found snoozed alarms:', 0
01-11 19:51:41.453 27472 27509 D DoMinderDebug: AlarmModule: Retrieved 0 deleted alarms
01-11 19:51:41.454 27472 27508 I ReactNativeJS: '[AlarmSync] Found deleted alarms:', 0
01-11 19:51:41.457 27472 27472 D VRI[MainActivity]: update {(0,0)(fillxfill) sim={adjust=pan forwardNavigation} ty=BASE_APPLICATION wanim=0x10302fd
01-11 19:51:41.457 27472 27472 D VRI[MainActivity]:   fl=LAYOUT_IN_SCREEN FORCE_NOT_FULLSCREEN LAYOUT_INSET_DECOR SPLIT_TOUCH HARDWARE_ACCELERATED DRAWS_SYSTEM_BAR_BACKGROUNDS
01-11 19:51:41.457 27472 27472 D VRI[MainActivity]:   pfl=NO_MOVE_ANIMATION FORCE_DRAW_STATUS_BAR_BACKGROUND USE_BLAST APPEARANCE_CONTROLLED FIT_INSETS_CONTROLLED
01-11 19:51:41.457 27472 27472 D VRI[MainActivity]:   apr=LIGHT_STATUS_BARS
01-11 19:51:41.457 27472 27472 D VRI[MainActivity]:   bhv=DEFAULT
01-11 19:51:41.457 27472 27472 D VRI[MainActivity]:   fitSides=} by setLayoutParams
01-11 19:51:46.986 27472 27472 W [RNScreens]: backTitleVisible prop is not available on Android
01-11 19:51:46.987 27472 27472 W [RNScreens]: backTitleFontFamily prop is not available on Android
01-11 19:51:46.987 27472 27472 W [RNScreens]: disableBackButtonMenu prop is not available on Android
01-11 19:51:46.987 27472 27472 W [RNScreens]: largeTitleFontFamily prop is not available on Android
01-11 19:51:46.987 27472 27472 W [RNScreens]: largeTitleFontWeight prop is not available on Android
01-11 19:51:46.987 27472 27472 W [RNScreens]: largeTitleHideShadow prop is not available on Android
01-11 19:51:46.988 27472 27472 W [RNScreens]: backTitleVisible prop is not available on Android
01-11 19:51:46.988 27472 27472 W [RNScreens]: backTitleFontFamily prop is not available on Android
01-11 19:51:46.989 27472 27472 W [RNScreens]: disableBackButtonMenu prop is not available on Android
01-11 19:51:46.989 27472 27472 W [RNScreens]: largeTitleFontFamily prop is not available on Android
01-11 19:51:46.989 27472 27472 W [RNScreens]: largeTitleFontWeight prop is not available on Android
01-11 19:51:46.989 27472 27472 W [RNScreens]: largeTitleHideShadow prop is not available on Android
01-11 19:51:49.205 27472 27509 D DoMinderDebug: AlarmModule: Saved notification settings - sound: true, vibration: false
01-11 19:51:49.565 27472 27509 D DoMinderDebug: AlarmModule: Saved notification settings - sound: false, vibration: false
01-11 19:52:00.729 27472 27472 D DoMinderDebug: AlarmReceiver: Received broadcast
01-11 19:52:00.731 27472 27472 D DoMinderDebug: AlarmReceiver: Recorded trigger #1 at 1768141320730 for 1768141288886
01-11 19:52:00.733 27472 27472 D DoMinderDebug: AlarmReceiver: Time check - triggerTime=1768141320730, endBoundary=1770819840731
01-11 19:52:00.734 27472 27472 D DoMinderDebug: AlarmReceiver: Starting AlarmRingtoneService for high priority
01-11 19:52:00.734 27472 27472 D DoMinderDebug: AlarmRingtoneService: startAlarmRingtone called - priority: high
01-11 19:52:00.736 27472 27472 D DoMinderDebug: AlarmReceiver: Creating full-screen notification for 1768141288886, triggerTime: 1768141320730
01-11 19:52:00.741 27472 27472 D DoMinderDebug: AlarmReceiver: Full-screen notification created and shown
01-11 19:52:00.742 27472 27472 D DoMinderDebug: AlarmRingtoneService: onCreate
01-11 19:52:00.744 27472 27472 D DoMinderDebug: AlarmRingtoneService: onStartCommand - action: app.rork.dominder.START_ALARM_RINGTONE
01-11 19:52:00.744 27472 27472 D DoMinderDebug: AlarmRingtoneService: Starting ringtone for priority: high
01-11 19:52:00.744 27472 27472 D DoMinderDebug: AlarmRingtoneService: Starting foreground service
01-11 19:52:00.759 27472 27472 D DoMinderDebug: AlarmRingtoneService: Starting ringtone and vibration
01-11 19:52:00.760 27472 27472 D DoMinderDebug: AlarmRingtoneService: Settings - sound: false, vibration: false
01-11 19:52:00.764 27472 27472 D DoMinderDebug: AlarmRingtoneService: Ringer sound disabled, skipping ringtone
01-11 19:52:00.764 27472 27472 D DoMinderDebug: AlarmRingtoneService: Ringer vibration disabled, skipping vibration
01-11 19:52:04.419 27472 27472 W unknown:BridgelessReact: ReactHost{0}.onUserLeaveHint(activity)
01-11 19:52:04.420 27472 27472 W unknown:BridgelessReact: ReactHost{0}.onHostPause(activity)
01-11 19:52:04.420 27472 27472 W unknown:BridgelessReact: ReactContext.onHostPause()
01-11 19:52:04.446 27472 27472 D DoMinderDebug: AlarmActivity: onCreate
01-11 19:52:04.453 27472 27472 D DoMinderDebug: AlarmActivity: Wake lock acquired for 10 minutes
01-11 19:52:04.459 27472 27472 D DoMinderDebug: AlarmActivity: Screen will stay on until user action or timeout
01-11 19:52:04.489 27472 27472 D DoMinderDebug: AlarmActivity: Priority = high, triggerTime = 1768141320730
01-11 19:52:04.491 27472 27472 D DoMinderDebug: AlarmActivity: 5-minute timeout scheduled
01-11 19:52:04.491 27472 27472 D DoMinderDebug: AlarmActivity: Ringtone service should already be playing
01-11 19:52:04.497 27472 27472 D ViewRootImpl: update {(0,0)(fillxfill) sim={forwardNavigation} ty=BASE_APPLICATION wanim=0x10302fd
01-11 19:52:04.497 27472 27472 D ViewRootImpl:   fl=KEEP_SCREEN_ON LAYOUT_IN_SCREEN LAYOUT_INSET_DECOR SPLIT_TOUCH HARDWARE_ACCELERATED DRAWS_SYSTEM_BAR_BACKGROUNDS
01-11 19:52:04.497 27472 27472 D ViewRootImpl:   pfl=NO_MOVE_ANIMATION FORCE_DRAW_STATUS_BAR_BACKGROUND FIT_INSETS_CONTROLLED
01-11 19:52:04.497 27472 27472 D ViewRootImpl:   bhv=DEFAULT
01-11 19:52:04.497 27472 27472 D ViewRootImpl:   fitSides=} by setView
01-11 19:52:04.521 27472 27500 E OpenGLRenderer: Unable to match the desired swap behavior.
01-11 19:52:04.585 27472 27500 W Parcel  : Expecting binder but got null!
01-11 19:52:04.878 27472 27500 D Surface : Surface::disconnect
01-11 19:52:04.878 27472 27500 D BufferQueueProducer: [VRI[MainActivity]#0(BLAST Consumer)0](id:6b5000000000,api:1,p:27472,c:27472) disconnect: api 1
01-11 19:52:05.632 27472 27472 D DoMinderDebug: AlarmActivity: Done clicked for reminderId: 1768141288886
01-11 19:52:05.632 27472 27472 D DoMinderDebug: AlarmRingtoneService: stopAlarmRingtone called
01-11 19:52:05.636 27472 27472 D DoMinderDebug: AlarmActivity: Saved completion to SharedPreferences for 1768141288886 with triggerTime: 1768141320730
01-11 19:52:05.636 27472 27472 D DoMinderDebug: AlarmActivity: Sending ALARM_DONE broadcast with action: app.rork.dominder.ALARM_DONE, package: app.rork.dominder_android_reminder_app, triggerTime: 1768141320730
01-11 19:52:05.636 27472 27472 D DoMinderDebug: AlarmActivity: Broadcast sent successfully
01-11 19:52:05.646 27472 27472 D DoMinderDebug: AlarmRingtoneService: onStartCommand - action: app.rork.dominder.STOP_ALARM_RINGTONE
01-11 19:52:05.646 27472 27472 D DoMinderDebug: AlarmRingtoneService: Stopping ringtone service
01-11 19:52:05.646 27472 27472 D DoMinderDebug: AlarmRingtoneService: Stopping ringtone and vibration
01-11 19:52:05.647 27472 27472 D DoMinderDebug: AlarmRingtoneService: Vibration stopped
01-11 19:52:05.648 27472 27472 D DoMinderDebug: AlarmRingtoneService: Wake lock released
01-11 19:52:05.657 27472 27472 D DoMinderDebug: AlarmRingtoneService: onDestroy
01-11 19:52:05.657 27472 27472 D DoMinderDebug: AlarmRingtoneService: Stopping ringtone and vibration
01-11 19:52:05.657 27472 27472 D DoMinderDebug: AlarmRingtoneService: Vibration stopped
01-11 19:52:05.822 27472 27472 D DoMinderDebug: AlarmActionBridge: ===== onReceive called! =====
01-11 19:52:05.822 27472 27472 D DoMinderDebug: AlarmActionBridge: Received action: app.rork.dominder.ALARM_DONE
01-11 19:52:05.822 27472 27472 D DoMinderDebug: AlarmActionBridge: Intent extras: Bundle[mParcelledData.dataSize=108]
01-11 19:52:05.823 27472 27472 D DoMinderDebug: AlarmActionBridge: ALARM_DONE - reminderId: 1768141288886, triggerTime: 1768141320730
01-11 19:52:05.832 27472 27472 W SoLoader: SoLoader already initialized
01-11 19:52:05.834 27472 27472 W SoLoader: SoLoader already initialized
01-11 19:52:05.837 27472 27472 D DoMinderDebug: AlarmActionBridge: React Native running: false
01-11 19:52:05.837 27472 27472 D DoMinderDebug: AlarmActionBridge: App killed, native scheduling next occurrence
01-11 19:52:05.837 27472 27472 D DoMinderDebug: AlarmActionBridge: Metadata - repeatType=every, everyValue=1, multiSelect=true, actualTriggerCount=1
01-11 19:52:05.838 27472 27472 D DoMinderDebug: AlarmActionBridge: Scheduling native alarm at specific time
01-11 19:52:05.849 27472 27472 D DoMinderDebug: AlarmActionBridge: Native alarm scheduled for Sun Jan 11 19:53:00 GMT+05:30 2026
01-11 19:52:05.849 27472 27472 D DoMinderDebug: AlarmActionBridge: Scheduled next occurrence at Sun Jan 11 19:53:00 GMT+05:30 2026
01-11 19:52:05.849 27472 27472 D DoMinderDebug: AlarmActionBridge: About to emit alarmDone event to React Native
01-11 19:52:05.849 27472 27472 D DoMinderDebug: AlarmActionBridge: ===== emitEventToReactNative START =====
01-11 19:52:05.849 27472 27472 D DoMinderDebug: AlarmActionBridge: Event name: alarmDone, reminderId: 1768141288886, triggerTime: 1768141320730
01-11 19:52:05.849 27472 27472 D DoMinderDebug: AlarmActionBridge: Got application context: app.rork.dominder_android_reminder_app.MainApplication
01-11 19:52:05.849 27472 27472 D DoMinderDebug: AlarmActionBridge: App is ReactApplication 
01-11 19:52:05.849 27472 27472 D DoMinderDebug: AlarmActionBridge: Got ReactInstanceManager: com.facebook.react.ReactInstanceManager@38246d4
01-11 19:52:05.849 27472 27472 D DoMinderDebug: AlarmActionBridge: ReactContext: null
01-11 19:52:05.849 27472 27472 D DoMinderDebug: AlarmActionBridge:  ERROR - ReactContext is NULL! 
01-11 19:52:05.849 27472 27472 D DoMinderDebug: AlarmActionBridge: This means React Native is not running or was killed
01-11 19:52:05.849 27472 27472 D DoMinderDebug: AlarmActionBridge: emitEventToReactNative call completed
01-11 19:52:05.938 27472 27472 D DoMinderDebug: AlarmActivity: Canceled notification with ID: 435597002
01-11 19:52:05.938 27472 27472 D DoMinderDebug: AlarmActivity: Finishing alarm activity properly
01-11 19:52:05.963 27472 27472 D DoMinderDebug: AlarmActivity: Finish sequence initiated
01-11 19:52:06.010 27472 27507 I ReactNativeJNI: Memory warning (pressure level: TRIM_MEMORY_UI_HIDDEN) received by JS VM, ignoring because it's non-severe
01-11 19:52:06.150 27472 27477 W id_reminder_app: Cleared Reference was only reachable from finalizer (only reported once)
01-11 19:52:06.465 27472 27472 I Process : Sending signal. PID: 27472 SIG: 9
