11-03 23:01:51.502 30953 30953 E unknown:MountItemDispatcher: 	at com.facebook.react.fabric.mounting.MountItemDispatcher.executeOrEnqueue(MountItemDispatcher.java:370)
11-03 23:01:51.502 30953 30953 E unknown:MountItemDispatcher: 	at com.facebook.react.fabric.mounting.MountItemDispatcher.dispatchMountItems(MountItemDispatcher.java:205)
11-03 23:01:51.502 30953 30953 E unknown:MountItemDispatcher: 	... 25 more
11-03 23:01:51.520 30953 30991 I ReactNativeJS: '[ReminderEngine] Processing reminders, count:', 9
11-03 23:01:51.521 30953 30991 I ReactNativeJS: '[RootLayout] Foreground event:', { type: 7, pressAction: undefined }
11-03 23:01:51.535 30953 30953 W RemoteInputConnectionImpl: requestCursorAnchorInfo on inactive InputConnection
11-03 23:01:51.547 30953 30953 E ImeBackDispatcher: Ime callback not found. Ignoring unregisterReceivedCallback. callbackId: 81388984
11-03 23:01:51.576 30953 30953 W unknown:ReactNative: Unsupported transform type: translateZ
11-03 23:01:51.601 30953 30953 W unknown:ReactNative: Unsupported transform type: translateZ
11-03 23:01:51.612 30953 30953 W unknown:ReactNative: Unsupported transform type: translateZ
11-03 23:01:51.614 30953 30953 W unknown:ReactNative: Unsupported transform type: translateZ
11-03 23:01:52.391 30953 30953 W unknown:ReactNative: Unsupported transform type: translateZ
11-03 23:01:52.395 30953 30953 D ViewRootImpl: update {(0,0)(fillxfill) gr=CENTER sim={adjust=resize forwardNavigation} ty=APPLICATION fmt=TRANSPARENT wanim=0x7f12012e
11-03 23:01:52.395 30953 30953 D ViewRootImpl:   fl=NOT_FOCUSABLE LAYOUT_IN_SCREEN LAYOUT_INSET_DECOR SPLIT_TOUCH HARDWARE_ACCELERATED DRAWS_SYSTEM_BAR_BACKGROUNDS
11-03 23:01:52.395 30953 30953 D ViewRootImpl:   pfl=NO_MOVE_ANIMATION FORCE_DRAW_STATUS_BAR_BACKGROUND FIT_INSETS_CONTROLLED
11-03 23:01:52.395 30953 30953 D ViewRootImpl:   bhv=DEFAULT
11-03 23:01:52.395 30953 30953 D ViewRootImpl:   fitSides=} by setView
11-03 23:01:52.400 30953 30953 D VRI[MainActivity]: update {(0,0)(fillxfill) gr=CENTER sim={adjust=resize} ty=APPLICATION fmt=TRANSPARENT wanim=0x7f12012e
11-03 23:01:52.400 30953 30953 D VRI[MainActivity]:   fl=LAYOUT_IN_SCREEN LAYOUT_INSET_DECOR SPLIT_TOUCH HARDWARE_ACCELERATED DRAWS_SYSTEM_BAR_BACKGROUNDS
11-03 23:01:52.400 30953 30953 D VRI[MainActivity]:   pfl=NO_MOVE_ANIMATION FORCE_DRAW_STATUS_BAR_BACKGROUND FIT_INSETS_CONTROLLED
11-03 23:01:52.400 30953 30953 D VRI[MainActivity]:   bhv=DEFAULT
11-03 23:01:52.400 30953 30953 D VRI[MainActivity]:   fitSides=} by setLayoutParams
11-03 23:01:52.411 30953 30953 W unknown:ReactNative: Unsupported transform type: translateZ
11-03 23:01:52.419 30953 30985 E OpenGLRenderer: Unable to match the desired swap behavior.
11-03 23:01:52.428 30953 30985 W Parcel  : Expecting binder but got null!
11-03 23:01:52.433 30953 30953 D VRI[MainActivity]: update {(0,0)(fillxfill) gr=CENTER sim={adjust=resize} ty=APPLICATION fmt=TRANSPARENT wanim=0x7f12012e
11-03 23:01:52.433 30953 30953 D VRI[MainActivity]:   fl=LAYOUT_IN_SCREEN LAYOUT_INSET_DECOR SPLIT_TOUCH HARDWARE_ACCELERATED DRAWS_SYSTEM_BAR_BACKGROUNDS
11-03 23:01:52.433 30953 30953 D VRI[MainActivity]:   pfl=NO_MOVE_ANIMATION FORCE_DRAW_STATUS_BAR_BACKGROUND FIT_INSETS_CONTROLLED
11-03 23:01:52.433 30953 30953 D VRI[MainActivity]:   bhv=DEFAULT
11-03 23:01:52.433 30953 30953 D VRI[MainActivity]:   fitSides=} by setLayoutParams
11-03 23:01:52.434 30953 30953 D VRI[MainActivity]: update {(0,0)(fillxfill) gr=CENTER sim={adjust=resize} ty=APPLICATION fmt=TRANSPARENT wanim=0x7f12012e
11-03 23:01:52.434 30953 30953 D VRI[MainActivity]:   fl=LAYOUT_IN_SCREEN LAYOUT_INSET_DECOR SPLIT_TOUCH HARDWARE_ACCELERATED DRAWS_SYSTEM_BAR_BACKGROUNDS
11-03 23:01:52.434 30953 30953 D VRI[MainActivity]:   pfl=NO_MOVE_ANIMATION FORCE_DRAW_STATUS_BAR_BACKGROUND FIT_INSETS_CONTROLLED
11-03 23:01:52.434 30953 30953 D VRI[MainActivity]:   bhv=DEFAULT
11-03 23:01:52.434 30953 30953 D VRI[MainActivity]:   fitSides=} by setLayoutParams
11-03 23:01:52.541 30953 30953 D InputMethodManager: showSoftInput() view=com.facebook.react.views.textinput.ReactEditText{d52c9bd VFED..CL. .F....ID 0,0-920,109 #43a aid=1073741828} flags=0 reason=SHOW_SOFT_INPUT
11-03 23:01:52.586 30953 30953 W OnBackInvokedCallback: OnBackInvokedCallback is not enabled for the application.
11-03 23:01:52.586 30953 30953 W OnBackInvokedCallback: Set 'android:enableOnBackInvokedCallback="true"' in the application manifest.
11-03 23:01:52.609 30953 30953 D InsetsController: show(ime(), fromIme=true)
11-03 23:01:53.867 30953 30991 I ReactNativeJS: [ReminderService] Adding reminder 1762191113865: isActive=true, isCompleted=false, repeatType=none
11-03 23:01:53.955 30953 30953 W unknown:ReactNative: Unsupported transform type: translateZ
11-03 23:01:53.969 30953 30953 W unknown:ReactNative: Unsupported transform type: translateZ
11-03 23:01:53.991 30953 30953 W unknown:ReactNative: Unsupported transform type: translateZ
11-03 23:01:54.017 30953 30953 W unknown:ReactNative: Unsupported transform type: translateZ
11-03 23:01:54.019 30953 30953 W unknown:ReactNative: Unsupported transform type: translateZ
11-03 23:01:54.020 30953 30953 W unknown:ReactNative: Unsupported transform type: translateZ
11-03 23:01:54.033 30953 30991 I ReactNativeJS: '[ReminderEngine] Processing reminders, count:', 10
11-03 23:01:54.033 30953 30991 I ReactNativeJS: [ReminderEngine] Processing reminder 1762191113865, repeatType: none
11-03 23:01:54.033 30953 30991 I ReactNativeJS: [calculateNextReminderDate] for reminder: 1762191113865, fromDate: 2025-11-03T17:31:54.033Z, repeatType: none, date: 2025-11-03, time: 23:20
11-03 23:01:54.033 30953 30991 I ReactNativeJS: [calculateNextReminderDate] One-time reminder scheduled for: 2025-11-03T17:50:00.000Z, isInFuture: true
11-03 23:01:54.033 30953 30991 I ReactNativeJS: [ReminderEngine] Scheduling notification for reminder 1762191113865 at 2025-11-03T17:50:00.000Z
11-03 23:01:54.094 30953 30985 D Surface : Surface::disconnect
11-03 23:01:54.094 30953 30985 D BufferQueueProducer: [VRI[MainActivity]#3(BLAST Consumer)3](id:78e900000003,api:1,p:30953,c:30953) disconnect: api 1
11-03 23:01:54.097 30953 30991 I ReactNativeJS: [NotificationService] Scheduling reminder 1762191113865, priority: medium, repeatType: none
11-03 23:01:54.097 30953 30991 I ReactNativeJS: [NotificationService] Scheduling for 2025-11-03T17:50:00.000Z
11-03 23:01:54.130 30953 30953 E unknown:MountItemDispatcher: Unhandled SoftException
11-03 23:01:54.130 30953 30953 E unknown:MountItemDispatcher: com.facebook.react.bridge.ReactNoCrashSoftException: Caught exception executing ViewCommand: DispatchStringCommandMountItem [1082] blur
11-03 23:01:54.130 30953 30953 E unknown:MountItemDispatcher: 	at com.facebook.react.fabric.mounting.MountItemDispatcher.dispatchMountItems(MountItemDispatcher.java:222)
11-03 23:01:54.130 30953 30953 E unknown:MountItemDispatcher: 	at com.facebook.react.fabric.mounting.MountItemDispatcher.tryDispatchMountItems(MountItemDispatcher.java:122)
11-03 23:01:54.130 30953 30953 E unknown:MountItemDispatcher: 	at com.facebook.react.fabric.FabricUIManager$3.runGuarded(FabricUIManager.java:823)
11-03 23:01:54.130 30953 30953 E unknown:MountItemDispatcher: 	at com.facebook.react.bridge.GuardedRunnable.run(GuardedRunnable.java:29)
11-03 23:01:54.130 30953 30953 E unknown:MountItemDispatcher: 	at com.facebook.react.fabric.FabricUIManager.scheduleMountItem(FabricUIManager.java:827)
11-03 23:01:54.130 30953 30953 E unknown:MountItemDispatcher: 	at com.swmansion.reanimated.nativeProxy.AnimationFrameCallback.onAnimationFrame(Native Method)
11-03 23:01:54.130 30953 30953 E unknown:MountItemDispatcher: 	at com.swmansion.reanimated.NodesManager.onAnimationFrame(NodesManager.java:311)
11-03 23:01:54.130 30953 30953 E unknown:MountItemDispatcher: 	at com.swmansion.reanimated.NodesManager.-$$Nest$monAnimationFrame(Unknown Source:0)
11-03 23:01:54.130 30953 30953 E unknown:MountItemDispatcher: 	at com.swmansion.reanimated.NodesManager$2.doFrameGuarded(NodesManager.java:186)
11-03 23:01:54.130 30953 30953 E unknown:MountItemDispatcher: 	at com.facebook.react.uimanager.GuardedFrameCallback.doFrame(GuardedFrameCallback.kt:25)
11-03 23:01:54.130 30953 30953 E unknown:MountItemDispatcher: 	at com.facebook.react.modules.core.ReactChoreographer.frameCallback$lambda$1(ReactChoreographer.kt:59)
11-03 23:01:54.130 30953 30953 E unknown:MountItemDispatcher: 	at com.facebook.react.modules.core.ReactChoreographer.$r8$lambda$nSkFhrr5T7rop_XKwzlLov4NLLw(Unknown Source:0)
11-03 23:01:54.130 30953 30953 E unknown:MountItemDispatcher: 	at com.facebook.react.modules.core.ReactChoreographer$$ExternalSyntheticLambda0.doFrame(D8$$SyntheticClass:0)
11-03 23:01:54.130 30953 30953 E unknown:MountItemDispatcher: 	at android.view.Choreographer$CallbackRecord.run(Choreographer.java:1229)
11-03 23:01:54.130 30953 30953 E unknown:MountItemDispatcher: 	at android.view.Choreographer$CallbackRecord.run(Choreographer.java:1239)
11-03 23:01:54.130 30953 30953 E unknown:MountItemDispatcher: 	at android.view.Choreographer.doCallbacks(Choreographer.java:899)
11-03 23:01:54.130 30953 30953 E unknown:MountItemDispatcher: 	at android.view.Choreographer.doFrame(Choreographer.java:827)
11-03 23:01:54.130 30953 30953 E unknown:MountItemDispatcher: 	at android.view.Choreographer$FrameDisplayEventReceiver.run(Choreographer.java:1214)
11-03 23:01:54.130 30953 30953 E unknown:MountItemDispatcher: 	at android.os.Handler.handleCallback(Handler.java:984)
11-03 23:01:54.130 30953 30953 E unknown:MountItemDispatcher: 	at android.os.Handler.dispatchMessage(Handler.java:104)
11-03 23:01:54.130 30953 30953 E unknown:MountItemDispatcher: 	at android.os.Looper.loopOnce(Looper.java:238)
11-03 23:01:54.130 30953 30953 E unknown:MountItemDispatcher: 	at android.os.Looper.loop(Looper.java:357)
11-03 23:01:54.130 30953 30953 E unknown:MountItemDispatcher: 	at android.app.ActivityThread.main(ActivityThread.java:8149)
11-03 23:01:54.130 30953 30953 E unknown:MountItemDispatcher: 	at java.lang.reflect.Method.invoke(Native Method)
11-03 23:01:54.130 30953 30953 E unknown:MountItemDispatcher: 	at com.android.internal.os.RuntimeInit$MethodAndArgsCaller.run(RuntimeInit.java:548)
11-03 23:01:54.130 30953 30953 E unknown:MountItemDispatcher: 	at com.android.internal.os.ZygoteInit.main(ZygoteInit.java:957)
11-03 23:01:54.130 30953 30953 E unknown:MountItemDispatcher: Caused by: com.facebook.react.bridge.RetryableMountingLayerException: Unable to find viewState for tag: 1082 for commandId: blur
11-03 23:01:54.130 30953 30953 E unknown:MountItemDispatcher: 	at com.facebook.react.fabric.mounting.SurfaceMountingManager.receiveCommand(SurfaceMountingManager.java:742)
11-03 23:01:54.130 30953 30953 E unknown:MountItemDispatcher: 	at com.facebook.react.fabric.mounting.MountingManager.receiveCommand(MountingManager.java:282)
11-03 23:01:54.130 30953 30953 E unknown:MountItemDispatcher: 	at com.facebook.react.fabric.mounting.mountitems.DispatchStringCommandMountItem.execute(DispatchStringCommandMountItem.kt:23)
11-03 23:01:54.130 30953 30953 E unknown:MountItemDispatcher: 	at com.facebook.react.fabric.mounting.MountItemDispatcher.executeOrEnqueue(MountItemDispatcher.java:370)
11-03 23:01:54.130 30953 30953 E unknown:MountItemDispatcher: 	at com.facebook.react.fabric.mounting.MountItemDispatcher.dispatchMountItems(MountItemDispatcher.java:205)
11-03 23:01:54.130 30953 30953 E unknown:MountItemDispatcher: 	... 25 more
11-03 23:01:54.155 30953 30991 I ReactNativeJS: '[ReminderEngine] Processing reminders, count:', 10
11-03 23:01:54.155 30953 30991 I ReactNativeJS: [ReminderEngine] Skipping 1762191113865 - scheduling already in progress
11-03 23:01:54.160 30953 30991 I ReactNativeJS: [NotificationService] Successfully scheduled notification rem-1762191113865
11-03 23:01:54.160 30953 30991 I ReactNativeJS: [ReminderEngine] Successfully scheduled 1762191113865
11-03 23:01:54.170 30953 30953 W RemoteInputConnectionImpl: requestCursorAnchorInfo on inactive InputConnection
11-03 23:01:54.179 30953 30953 E ImeBackDispatcher: Ime callback not found. Ignoring unregisterReceivedCallback. callbackId: 81388984
11-03 23:01:54.204 30953 30953 W unknown:ReactNative: Unsupported transform type: translateZ
11-03 23:01:54.226 30953 30953 W unknown:ReactNative: Unsupported transform type: translateZ
11-03 23:01:54.247 30953 30953 W unknown:ReactNative: Unsupported transform type: translateZ
11-03 23:01:54.259 30953 30953 W unknown:ReactNative: Unsupported transform type: translateZ
11-03 23:01:54.261 30953 30953 W unknown:ReactNative: Unsupported transform type: translateZ
11-03 23:01:54.262 30953 30953 W unknown:ReactNative: Unsupported transform type: translateZ
11-03 23:01:54.274 30953 30991 I ReactNativeJS: '[RootLayout] Foreground event:', { type: 7, pressAction: undefined }
11-03 23:01:55.802 30953 30991 I ReactNativeJS: Cancelling all notifications for deleted reminder: 1762191113865
11-03 23:01:55.802 30953 31071 I NOTIFEE : (NotificationManager): Removing notification with id rem-1762191113865
11-03 23:01:55.803 30953 31071 I NOTIFEE : (NotificationManager): Removing notification with id rem-1762191113865
11-03 23:01:55.831 30953 31173 I NOTIFEE : (NotificationManager): Removing notification with id rem-1762191113865
11-03 23:01:55.833 30953 30991 I ReactNativeJS: [NotificationService] Cancelled all notifications (scheduled + displayed) for reminder 1762191113865
11-03 23:01:55.928 30953 30991 I ReactNativeJS: '[ReminderEngine] Processing reminders, count:', 9
11-03 23:01:55.962 30953 30953 W unknown:ReactNative: Unsupported transform type: translateZ
11-03 23:01:55.979 30953 30953 W unknown:ReactNative: Unsupported transform type: translateZ
11-03 23:01:55.990 30953 30953 W unknown:ReactNative: Unsupported transform type: translateZ
11-03 23:01:55.991 30953 30953 W unknown:ReactNative: Unsupported transform type: translateZ
11-03 23:01:57.605 30953 30991 I ReactNativeJS: Cancelling all notifications for deleted reminder: 1762191111284
11-03 23:01:57.605 30953 31071 I NOTIFEE : (NotificationManager): Removing notification with id rem-1762191111284
11-03 23:01:57.606 30953 31071 I NOTIFEE : (NotificationManager): Removing notification with id rem-1762191111284
11-03 23:01:57.608 30953 31173 I NOTIFEE : (NotificationManager): Removing notification with id rem-1762191111284
11-03 23:01:57.609 30953 30991 I ReactNativeJS: [NotificationService] Cancelled all notifications (scheduled + displayed) for reminder 1762191111284
11-03 23:01:57.695 30953 30991 I ReactNativeJS: '[ReminderEngine] Processing reminders, count:', 8
11-03 23:01:57.727 30953 30953 W unknown:ReactNative: Unsupported transform type: translateZ
11-03 23:01:57.736 30953 30953 W unknown:ReactNative: Unsupported transform type: translateZ
