01-10 08:06:11.416  4938  4998 I NOTIFEE : (NotificationManager): Removing notification with id rem-1768012346804_hist
01-10 08:06:11.422  4938  5018 I NOTIFEE : (NotificationManager): Removing notification with id rem-1768012346804_hist
01-10 08:06:11.472  4938  4972 I ReactNativeJS: '[ReminderEngine] Processing reminders, count:', 2
01-10 08:06:11.475  4938  4998 I NOTIFEE : (NotificationManager): Removing notification with id missed-1768012346804_hist
01-10 08:06:11.475  4938  4998 I NOTIFEE : (NotificationManager): Removing notification with id missed-1768012346804_hist
01-10 08:06:11.497  4938  5018 I NOTIFEE : (NotificationManager): Removing notification with id missed-1768012346804_hist
01-10 08:06:11.500  4938  4973 D DoMinderDebug: AlarmModule: Cleared metadata for 1768012346804_hist
01-10 08:06:11.500  4938  4972 I ReactNativeJS: [NotificationService] Cancelled all notifications (scheduled + displayed) for reminder 1768012346804_hist
01-10 08:06:11.505  4938  4972 I ReactNativeJS: [RootLayout] remindersChanged event received, invalidating queries.
01-10 08:06:11.508  4938  4972 I ReactNativeJS: Cancelling notifications for reminder 1768012346804 (completed: true, paused: false)
01-10 08:06:11.508  4938  4998 I NOTIFEE : (NotificationManager): Removing notification with id rem-1768012346804
01-10 08:06:11.509  4938  4998 I NOTIFEE : (NotificationManager): Removing notification with id rem-1768012346804
01-10 08:06:11.510  4938  5018 I NOTIFEE : (NotificationManager): Removing notification with id rem-1768012346804
01-10 08:06:11.511  4938  4998 I NOTIFEE : (NotificationManager): Removing notification with id missed-1768012346804
01-10 08:06:11.511  4938  4998 I NOTIFEE : (NotificationManager): Removing notification with id missed-1768012346804
01-10 08:06:11.512  4938  5018 I NOTIFEE : (NotificationManager): Removing notification with id missed-1768012346804
01-10 08:06:11.518  4938  4973 D DoMinderDebug: AlarmModule: Cleared metadata for 1768012346804
01-10 08:06:11.570  4938  4972 I ReactNativeJS: '[ReminderEngine] Processing reminders, count:', 2
01-10 08:06:11.573  4938  4972 I ReactNativeJS: [NotificationService] Cancelled all notifications (scheduled + displayed) for reminder 1768012346804
01-10 08:06:11.573  4938  4972 I ReactNativeJS: [ReminderService] Updating reminder 1768012346804: isActive=false, isCompleted=true, repeatType=every
01-10 08:06:11.608  4938  4972 I ReactNativeJS: [RootLayout] remindersChanged event received, invalidating queries.
01-10 08:06:11.609  4938  4998 I NOTIFEE : (NotificationManager): Removing notification with id rem-1768012346804
01-10 08:06:11.609  4938  4998 I NOTIFEE : (NotificationManager): Removing notification with id rem-1768012346804
01-10 08:06:11.613  4938  5018 I NOTIFEE : (NotificationManager): Removing notification with id rem-1768012346804
01-10 08:06:11.614  4938  4998 I NOTIFEE : (NotificationManager): Removing notification with id missed-1768012346804
01-10 08:06:11.615  4938  4998 I NOTIFEE : (NotificationManager): Removing notification with id missed-1768012346804
01-10 08:06:11.619  4938  5018 I NOTIFEE : (NotificationManager): Removing notification with id missed-1768012346804
01-10 08:06:11.647  4938  4972 I ReactNativeJS: '[ReminderEngine] Processing reminders, count:', 2
01-10 08:06:11.648  4938  4973 D DoMinderDebug: AlarmModule: Cleared metadata for 1768012346804
01-10 08:06:11.668  4938  4972 I ReactNativeJS: [NotificationService] Cancelled all notifications (scheduled + displayed) for reminder 1768012346804
01-10 08:06:11.668  4938  4973 D DoMinderDebug: AlarmModule: Cleared metadata for 1768012346804
01-10 08:06:11.668  4938  4972 I ReactNativeJS: [Scheduler] Cleared native metadata for completed reminder 1768012346804
01-10 08:06:11.668  4938  4972 I ReactNativeJS: [Scheduler] ========== markReminderDone END ==========
01-10 08:06:11.669  4938  4972 I ReactNativeJS: [RootLayout] remindersChanged event received, invalidating queries.
01-10 08:06:11.669  4938  4973 D DoMinderDebug: AlarmModule: Cleared completed alarm 1768012346804
01-10 08:06:11.670  4938  4972 I ReactNativeJS: '[AlarmSync]  Successfully processed completion for:', '1768012346804'
01-10 08:06:11.670  4938  4973 D DoMinderDebug: AlarmModule: Retrieved 0 snoozed alarms
01-10 08:06:11.670  4938  4972 I ReactNativeJS: '[AlarmSync] Found snoozed alarms:', 0
01-10 08:06:11.670  4938  4973 D DoMinderDebug: AlarmModule: Retrieved 0 deleted alarms
01-10 08:06:11.670  4938  4972 I ReactNativeJS: '[AlarmSync] Found deleted alarms:', 0
01-10 08:06:13.857  4938  4938 D DoMinderDebug: AlarmActionBridge: ===== onReceive called! =====
01-10 08:06:13.857  4938  4938 D DoMinderDebug: AlarmActionBridge: Received action: app.rork.dominder.ALARM_DONE
01-10 08:06:13.857  4938  4938 D DoMinderDebug: AlarmActionBridge: Intent extras: Bundle[mParcelledData.dataSize=108]
01-10 08:06:13.857  4938  4938 D DoMinderDebug: AlarmActionBridge: ALARM_DONE - reminderId: 1768012346804, triggerTime: 1768012565060
01-10 08:06:13.859  4938  4938 W SoLoader: SoLoader already initialized
01-10 08:06:13.860  4938  4938 W SoLoader: SoLoader already initialized
01-10 08:06:13.861  4938  4938 D DoMinderDebug: AlarmActionBridge: React Native running: false
01-10 08:06:13.861  4938  4938 D DoMinderDebug: AlarmActionBridge: App killed, native scheduling next occurrence
01-10 08:06:13.861  4938  4938 D DoMinderDebug: AlarmActionBridge: Non-repeating reminder, no next occurrence needed
01-10 08:06:13.861  4938  4938 D DoMinderDebug: AlarmActionBridge: About to emit alarmDone event to React Native
01-10 08:06:13.861  4938  4938 D DoMinderDebug: AlarmActionBridge: ===== emitEventToReactNative START =====
01-10 08:06:13.861  4938  4938 D DoMinderDebug: AlarmActionBridge: Event name: alarmDone, reminderId: 1768012346804, triggerTime: 1768012565060
01-10 08:06:13.861  4938  4938 D DoMinderDebug: AlarmActionBridge: Got application context: app.rork.dominder_android_reminder_app.MainApplication
01-10 08:06:13.861  4938  4938 D DoMinderDebug: AlarmActionBridge: App is ReactApplication 
01-10 08:06:13.861  4938  4938 D DoMinderDebug: AlarmActionBridge: Got ReactInstanceManager: com.facebook.react.ReactInstanceManager@23e1145
01-10 08:06:13.861  4938  4938 D DoMinderDebug: AlarmActionBridge: ReactContext: null
01-10 08:06:13.861  4938  4938 D DoMinderDebug: AlarmActionBridge:  ERROR - ReactContext is NULL! 
01-10 08:06:13.861  4938  4938 D DoMinderDebug: AlarmActionBridge: This means React Native is not running or was killed
01-10 08:06:13.861  4938  4938 D DoMinderDebug: AlarmActionBridge: emitEventToReactNative call completed
01-10 08:06:14.273  4938  4972 I ReactNativeJS: '[Selection] Card press:', '1768012346804', 'Mode:', false, 'Suppress:', false
01-10 08:06:14.273  4938  4972 I ReactNativeJS: '[Selection] Opening edit for:', '1768012346804'
01-10 08:06:14.366  4938  4938 D ViewRootImpl: update {(0,0)(fillxfill) gr=CENTER sim={adjust=resize forwardNavigation} ty=APPLICATION fmt=TRANSPARENT wanim=0x7f11012e
01-10 08:06:14.366  4938  4938 D ViewRootImpl:   fl=NOT_FOCUSABLE LAYOUT_IN_SCREEN LAYOUT_INSET_DECOR SPLIT_TOUCH HARDWARE_ACCELERATED DRAWS_SYSTEM_BAR_BACKGROUNDS
01-10 08:06:14.366  4938  4938 D ViewRootImpl:   pfl=NO_MOVE_ANIMATION FORCE_DRAW_STATUS_BAR_BACKGROUND FIT_INSETS_CONTROLLED
01-10 08:06:14.366  4938  4938 D ViewRootImpl:   bhv=DEFAULT
01-10 08:06:14.366  4938  4938 D ViewRootImpl:   fitSides=} by setView
01-10 08:06:14.371  4938  4938 D VRI[MainActivity]: update {(0,0)(fillxfill) gr=CENTER sim={adjust=resize} ty=APPLICATION fmt=TRANSPARENT wanim=0x7f11012e
01-10 08:06:14.371  4938  4938 D VRI[MainActivity]:   fl=LAYOUT_IN_SCREEN LAYOUT_INSET_DECOR SPLIT_TOUCH HARDWARE_ACCELERATED DRAWS_SYSTEM_BAR_BACKGROUNDS
01-10 08:06:14.371  4938  4938 D VRI[MainActivity]:   pfl=NO_MOVE_ANIMATION FORCE_DRAW_STATUS_BAR_BACKGROUND FIT_INSETS_CONTROLLED
01-10 08:06:14.371  4938  4938 D VRI[MainActivity]:   bhv=DEFAULT
01-10 08:06:14.371  4938  4938 D VRI[MainActivity]:   fitSides=} by setLayoutParams
01-10 08:06:14.402  4938  4963 E OpenGLRenderer: Unable to match the desired swap behavior.
01-10 08:06:14.416  4938  4963 W Parcel  : Expecting binder but got null!
01-10 08:06:14.431  4938  4938 D VRI[MainActivity]: update {(0,0)(fillxfill) gr=CENTER sim={adjust=resize} ty=APPLICATION fmt=TRANSPARENT wanim=0x7f11012e
01-10 08:06:14.431  4938  4938 D VRI[MainActivity]:   fl=LAYOUT_IN_SCREEN LAYOUT_INSET_DECOR SPLIT_TOUCH HARDWARE_ACCELERATED DRAWS_SYSTEM_BAR_BACKGROUNDS
01-10 08:06:14.431  4938  4938 D VRI[MainActivity]:   pfl=NO_MOVE_ANIMATION FORCE_DRAW_STATUS_BAR_BACKGROUND FIT_INSETS_CONTROLLED
01-10 08:06:14.431  4938  4938 D VRI[MainActivity]:   bhv=DEFAULT
01-10 08:06:14.431  4938  4938 D VRI[MainActivity]:   fitSides=} by setLayoutParams
01-10 08:06:14.432  4938  4938 D VRI[MainActivity]: update {(0,0)(fillxfill) gr=CENTER sim={adjust=resize} ty=APPLICATION fmt=TRANSPARENT wanim=0x7f11012e
01-10 08:06:14.432  4938  4938 D VRI[MainActivity]:   fl=LAYOUT_IN_SCREEN LAYOUT_INSET_DECOR SPLIT_TOUCH HARDWARE_ACCELERATED DRAWS_SYSTEM_BAR_BACKGROUNDS
01-10 08:06:14.432  4938  4938 D VRI[MainActivity]:   pfl=NO_MOVE_ANIMATION FORCE_DRAW_STATUS_BAR_BACKGROUND FIT_INSETS_CONTROLLED
01-10 08:06:14.432  4938  4938 D VRI[MainActivity]:   bhv=DEFAULT
01-10 08:06:14.432  4938  4938 D VRI[MainActivity]:   fitSides=} by setLayoutParams
01-10 08:06:15.353  4938  4963 D Surface : Surface::disconnect
01-10 08:06:15.353  4938  4963 D BufferQueueProducer: [VRI[MainActivity]#1(BLAST Consumer)1](id:134a00000001,api:1,p:4938,c:4938) disconnect: api 1
01-10 08:06:15.744  4938  5117 D ProfileInstaller: Skipping profile installation for app.rork.dominder_android_reminder_app
01-10 08:06:20.534  4938  4945 W System  : A resource failed to call release. 
01-10 08:06:39.815  4938  4938 W unknown:BridgelessReact: ReactHost{0}.onUserLeaveHint(activity)
01-10 08:06:39.816  4938  4938 W unknown:BridgelessReact: ReactHost{0}.onHostPause(activity)
01-10 08:06:39.816  4938  4938 W unknown:BridgelessReact: ReactContext.onHostPause()
01-10 08:06:39.825  4938  4938 I Choreographer: Skipped 47 frames!  The application may be doing too much work on its main thread.
01-10 08:06:39.868  4938  4971 I ReactNativeJNI: Memory warning (pressure level: TRIM_MEMORY_RUNNING_MODERATE) received by JS VM, ignoring because it's non-severe
01-10 08:06:40.745  4938  4971 I ReactNativeJNI: Memory warning (pressure level: TRIM_MEMORY_RUNNING_MODERATE) received by JS VM, ignoring because it's non-severe
01-10 08:06:43.424  4938  4938 W unknown:BridgelessReact: ReactHost{0}.onHostResume(activity)
01-10 08:06:43.424  4938  4938 W unknown:BridgelessReact: ReactContext.onHostResume()
01-10 08:06:43.473  4938  4938 D VRI[MainActivity]: update {(0,0)(fillxfill) sim={adjust=pan forwardNavigation} ty=BASE_APPLICATION wanim=0x10302fd
01-10 08:06:43.473  4938  4938 D VRI[MainActivity]:   fl=LAYOUT_IN_SCREEN FORCE_NOT_FULLSCREEN LAYOUT_INSET_DECOR SPLIT_TOUCH HARDWARE_ACCELERATED DRAWS_SYSTEM_BAR_BACKGROUNDS
01-10 08:06:43.473  4938  4938 D VRI[MainActivity]:   pfl=NO_MOVE_ANIMATION FORCE_DRAW_STATUS_BAR_BACKGROUND USE_BLAST APPEARANCE_CONTROLLED FIT_INSETS_CONTROLLED
01-10 08:06:43.473  4938  4938 D VRI[MainActivity]:   apr=LIGHT_STATUS_BARS
01-10 08:06:43.473  4938  4938 D VRI[MainActivity]:   bhv=DEFAULT
01-10 08:06:43.473  4938  4938 D VRI[MainActivity]:   fitSides=} by setLayoutParams
01-10 08:06:43.477  4938  4972 I ReactNativeJS: [AlarmSync] App became active, syncing...
01-10 08:06:43.478  4938  4972 I ReactNativeJS: [AlarmSync] Checking for completed alarms...
01-10 08:06:43.485  4938  4973 D DoMinderDebug: AlarmModule: getAllNativeReminderStates found 0 reminders
01-10 08:06:43.494  4938  4972 I ReactNativeJS: [AlarmSync] Sync already in progress, skipping
01-10 08:06:43.495  4938  4973 D DoMinderDebug: AlarmModule: Retrieved 0 completed alarms
01-10 08:06:43.496  4938  4972 I ReactNativeJS: '[AlarmSync] Found completed alarms:', 0
01-10 08:06:43.496  4938  4973 D DoMinderDebug: AlarmModule: Retrieved 0 snoozed alarms
01-10 08:06:43.497  4938  4972 I ReactNativeJS: '[AlarmSync] Found snoozed alarms:', 0
01-10 08:06:43.498  4938  4973 D DoMinderDebug: AlarmModule: Retrieved 0 deleted alarms
01-10 08:06:43.500  4938  4972 I ReactNativeJS: '[AlarmSync] Found deleted alarms:', 0
01-10 08:06:43.501  4938  4972 I ReactNativeJS: '[ReminderEngine] Processing reminders, count:', 2
01-10 08:06:47.696  4938  4938 D ViewRootImpl: update {(0,0)(fillxfill) gr=CENTER sim={adjust=resize forwardNavigation} ty=APPLICATION fmt=TRANSPARENT wanim=0x7f11012e
01-10 08:06:47.696  4938  4938 D ViewRootImpl:   fl=NOT_FOCUSABLE LAYOUT_IN_SCREEN LAYOUT_INSET_DECOR SPLIT_TOUCH HARDWARE_ACCELERATED DRAWS_SYSTEM_BAR_BACKGROUNDS
01-10 08:06:47.696  4938  4938 D ViewRootImpl:   pfl=NO_MOVE_ANIMATION FORCE_DRAW_STATUS_BAR_BACKGROUND FIT_INSETS_CONTROLLED
01-10 08:06:47.696  4938  4938 D ViewRootImpl:   bhv=DEFAULT
01-10 08:06:47.696  4938  4938 D ViewRootImpl:   fitSides=} by setView
01-10 08:06:47.706  4938  4938 D VRI[MainActivity]: update {(0,0)(fillxfill) gr=CENTER sim={adjust=resize} ty=APPLICATION fmt=TRANSPARENT wanim=0x7f11012e
01-10 08:06:47.706  4938  4938 D VRI[MainActivity]:   fl=LAYOUT_IN_SCREEN LAYOUT_INSET_DECOR SPLIT_TOUCH HARDWARE_ACCELERATED DRAWS_SYSTEM_BAR_BACKGROUNDS
01-10 08:06:47.706  4938  4938 D VRI[MainActivity]:   pfl=NO_MOVE_ANIMATION FORCE_DRAW_STATUS_BAR_BACKGROUND FIT_INSETS_CONTROLLED
01-10 08:06:47.706  4938  4938 D VRI[MainActivity]:   bhv=DEFAULT
01-10 08:06:47.706  4938  4938 D VRI[MainActivity]:   fitSides=} by setLayoutParams
01-10 08:06:47.718  4938  4963 E OpenGLRenderer: Unable to match the desired swap behavior.
01-10 08:06:47.725  4938  4963 W Parcel  : Expecting binder but got null!
01-10 08:06:47.738  4938  4938 D VRI[MainActivity]: update {(0,0)(fillxfill) gr=CENTER sim={adjust=resize} ty=APPLICATION fmt=TRANSPARENT wanim=0x7f11012e
01-10 08:06:47.738  4938  4938 D VRI[MainActivity]:   fl=LAYOUT_IN_SCREEN LAYOUT_INSET_DECOR SPLIT_TOUCH HARDWARE_ACCELERATED DRAWS_SYSTEM_BAR_BACKGROUNDS
01-10 08:06:47.738  4938  4938 D VRI[MainActivity]:   pfl=NO_MOVE_ANIMATION FORCE_DRAW_STATUS_BAR_BACKGROUND FIT_INSETS_CONTROLLED
01-10 08:06:47.738  4938  4938 D VRI[MainActivity]:   bhv=DEFAULT
01-10 08:06:47.738  4938  4938 D VRI[MainActivity]:   fitSides=} by setLayoutParams
01-10 08:06:47.739  4938  4938 D VRI[MainActivity]: update {(0,0)(fillxfill) gr=CENTER sim={adjust=resize} ty=APPLICATION fmt=TRANSPARENT wanim=0x7f11012e
01-10 08:06:47.739  4938  4938 D VRI[MainActivity]:   fl=LAYOUT_IN_SCREEN LAYOUT_INSET_DECOR SPLIT_TOUCH HARDWARE_ACCELERATED DRAWS_SYSTEM_BAR_BACKGROUNDS
01-10 08:06:47.739  4938  4938 D VRI[MainActivity]:   pfl=NO_MOVE_ANIMATION FORCE_DRAW_STATUS_BAR_BACKGROUND FIT_INSETS_CONTROLLED
01-10 08:06:47.739  4938  4938 D VRI[MainActivity]:   bhv=DEFAULT
01-10 08:06:47.739  4938  4938 D VRI[MainActivity]:   fitSides=} by setLayoutParams
01-10 08:06:53.237  4938  4963 D Surface : Surface::disconnect
01-10 08:06:53.237  4938  4963 D BufferQueueProducer: [VRI[MainActivity]#2(BLAST Consumer)2](id:134a00000002,api:1,p:4938,c:4938) disconnect: api 1
01-10 08:06:54.856  4938  4938 D ViewRootImpl: update {(0,0)(fillxfill) gr=CENTER sim={adjust=resize forwardNavigation} ty=APPLICATION fmt=TRANSPARENT wanim=0x7f11012e
01-10 08:06:54.856  4938  4938 D ViewRootImpl:   fl=NOT_FOCUSABLE LAYOUT_IN_SCREEN LAYOUT_INSET_DECOR SPLIT_TOUCH HARDWARE_ACCELERATED DRAWS_SYSTEM_BAR_BACKGROUNDS
01-10 08:06:54.856  4938  4938 D ViewRootImpl:   pfl=NO_MOVE_ANIMATION FORCE_DRAW_STATUS_BAR_BACKGROUND FIT_INSETS_CONTROLLED
01-10 08:06:54.856  4938  4938 D ViewRootImpl:   bhv=DEFAULT
01-10 08:06:54.856  4938  4938 D ViewRootImpl:   fitSides=} by setView
01-10 08:06:54.862  4938  4938 D VRI[MainActivity]: update {(0,0)(fillxfill) gr=CENTER sim={adjust=resize} ty=APPLICATION fmt=TRANSPARENT wanim=0x7f11012e
01-10 08:06:54.862  4938  4938 D VRI[MainActivity]:   fl=LAYOUT_IN_SCREEN LAYOUT_INSET_DECOR SPLIT_TOUCH HARDWARE_ACCELERATED DRAWS_SYSTEM_BAR_BACKGROUNDS
01-10 08:06:54.862  4938  4938 D VRI[MainActivity]:   pfl=NO_MOVE_ANIMATION FORCE_DRAW_STATUS_BAR_BACKGROUND FIT_INSETS_CONTROLLED
01-10 08:06:54.862  4938  4938 D VRI[MainActivity]:   bhv=DEFAULT
01-10 08:06:54.862  4938  4938 D VRI[MainActivity]:   fitSides=} by setLayoutParams
01-10 08:06:54.873  4938  4963 E OpenGLRenderer: Unable to match the desired swap behavior.
01-10 08:06:54.879  4938  4963 W Parcel  : Expecting binder but got null!
01-10 08:06:54.885  4938  4938 D VRI[MainActivity]: update {(0,0)(fillxfill) gr=CENTER sim={adjust=resize} ty=APPLICATION fmt=TRANSPARENT wanim=0x7f11012e
01-10 08:06:54.885  4938  4938 D VRI[MainActivity]:   fl=LAYOUT_IN_SCREEN LAYOUT_INSET_DECOR SPLIT_TOUCH HARDWARE_ACCELERATED DRAWS_SYSTEM_BAR_BACKGROUNDS
01-10 08:06:54.885  4938  4938 D VRI[MainActivity]:   pfl=NO_MOVE_ANIMATION FORCE_DRAW_STATUS_BAR_BACKGROUND FIT_INSETS_CONTROLLED
01-10 08:06:54.885  4938  4938 D VRI[MainActivity]:   bhv=DEFAULT
01-10 08:06:54.885  4938  4938 D VRI[MainActivity]:   fitSides=} by setLayoutParams
01-10 08:06:54.886  4938  4938 D VRI[MainActivity]: update {(0,0)(fillxfill) gr=CENTER sim={adjust=resize} ty=APPLICATION fmt=TRANSPARENT wanim=0x7f11012e
01-10 08:06:54.886  4938  4938 D VRI[MainActivity]:   fl=LAYOUT_IN_SCREEN LAYOUT_INSET_DECOR SPLIT_TOUCH HARDWARE_ACCELERATED DRAWS_SYSTEM_BAR_BACKGROUNDS
01-10 08:06:54.886  4938  4938 D VRI[MainActivity]:   pfl=NO_MOVE_ANIMATION FORCE_DRAW_STATUS_BAR_BACKGROUND FIT_INSETS_CONTROLLED
01-10 08:06:54.886  4938  4938 D VRI[MainActivity]:   bhv=DEFAULT
01-10 08:06:54.886  4938  4938 D VRI[MainActivity]:   fitSides=} by setLayoutParams
01-10 08:06:56.209  4938  4963 D Surface : Surface::disconnect
01-10 08:06:56.209  4938  4963 D BufferQueueProducer: [VRI[MainActivity]#3(BLAST Consumer)3](id:134a00000003,api:1,p:4938,c:4938) disconnect: api 1
01-10 08:07:12.348  4938  4938 D ViewRootImpl: update {(0,0)(fillxfill) gr=CENTER sim={adjust=resize forwardNavigation} ty=APPLICATION fmt=TRANSPARENT wanim=0x7f11012e
01-10 08:07:12.348  4938  4938 D ViewRootImpl:   fl=NOT_FOCUSABLE LAYOUT_IN_SCREEN LAYOUT_INSET_DECOR SPLIT_TOUCH HARDWARE_ACCELERATED DRAWS_SYSTEM_BAR_BACKGROUNDS
01-10 08:07:12.348  4938  4938 D ViewRootImpl:   pfl=NO_MOVE_ANIMATION FORCE_DRAW_STATUS_BAR_BACKGROUND FIT_INSETS_CONTROLLED
01-10 08:07:12.348  4938  4938 D ViewRootImpl:   bhv=DEFAULT
01-10 08:07:12.348  4938  4938 D ViewRootImpl:   fitSides=} by setView
01-10 08:07:12.353  4938  4938 D VRI[MainActivity]: update {(0,0)(fillxfill) gr=CENTER sim={adjust=resize} ty=APPLICATION fmt=TRANSPARENT wanim=0x7f11012e
01-10 08:07:12.353  4938  4938 D VRI[MainActivity]:   fl=LAYOUT_IN_SCREEN LAYOUT_INSET_DECOR SPLIT_TOUCH HARDWARE_ACCELERATED DRAWS_SYSTEM_BAR_BACKGROUNDS
01-10 08:07:12.353  4938  4938 D VRI[MainActivity]:   pfl=NO_MOVE_ANIMATION FORCE_DRAW_STATUS_BAR_BACKGROUND FIT_INSETS_CONTROLLED
01-10 08:07:12.353  4938  4938 D VRI[MainActivity]:   bhv=DEFAULT
01-10 08:07:12.353  4938  4938 D VRI[MainActivity]:   fitSides=} by setLayoutParams
01-10 08:07:12.370  4938  4963 E OpenGLRenderer: Unable to match the desired swap behavior.
01-10 08:07:12.381  4938  4963 W Parcel  : Expecting binder but got null!
01-10 08:07:12.390  4938  4938 D VRI[MainActivity]: update {(0,0)(fillxfill) gr=CENTER sim={adjust=resize} ty=APPLICATION fmt=TRANSPARENT wanim=0x7f11012e
01-10 08:07:12.390  4938  4938 D VRI[MainActivity]:   fl=LAYOUT_IN_SCREEN LAYOUT_INSET_DECOR SPLIT_TOUCH HARDWARE_ACCELERATED DRAWS_SYSTEM_BAR_BACKGROUNDS
01-10 08:07:12.390  4938  4938 D VRI[MainActivity]:   pfl=NO_MOVE_ANIMATION FORCE_DRAW_STATUS_BAR_BACKGROUND FIT_INSETS_CONTROLLED
01-10 08:07:12.390  4938  4938 D VRI[MainActivity]:   bhv=DEFAULT
01-10 08:07:12.390  4938  4938 D VRI[MainActivity]:   fitSides=} by setLayoutParams
01-10 08:07:12.391  4938  4938 D VRI[MainActivity]: update {(0,0)(fillxfill) gr=CENTER sim={adjust=resize} ty=APPLICATION fmt=TRANSPARENT wanim=0x7f11012e
01-10 08:07:12.391  4938  4938 D VRI[MainActivity]:   fl=LAYOUT_IN_SCREEN LAYOUT_INSET_DECOR SPLIT_TOUCH HARDWARE_ACCELERATED DRAWS_SYSTEM_BAR_BACKGROUNDS
01-10 08:07:12.391  4938  4938 D VRI[MainActivity]:   pfl=NO_MOVE_ANIMATION FORCE_DRAW_STATUS_BAR_BACKGROUND FIT_INSETS_CONTROLLED
01-10 08:07:12.391  4938  4938 D VRI[MainActivity]:   bhv=DEFAULT
01-10 08:07:12.391  4938  4938 D VRI[MainActivity]:   fitSides=} by setLayoutParams
01-10 08:07:13.478  4938  4972 I ReactNativeJS: [AlarmSync] Checking for completed alarms...
01-10 08:07:13.479  4938  4973 D DoMinderDebug: AlarmModule: getAllNativeReminderStates found 0 reminders
01-10 08:07:13.481  4938  4973 D DoMinderDebug: AlarmModule: Retrieved 0 completed alarms
01-10 08:07:13.481  4938  4972 I ReactNativeJS: '[ReminderEngine] Processing reminders, count:', 2
01-10 08:07:13.481  4938  4972 I ReactNativeJS: '[AlarmSync] Found completed alarms:', 0
01-10 08:07:13.482  4938  4973 D DoMinderDebug: AlarmModule: Retrieved 0 snoozed alarms
01-10 08:07:13.482  4938  4972 I ReactNativeJS: '[AlarmSync] Found snoozed alarms:', 0
01-10 08:07:13.483  4938  4973 D DoMinderDebug: AlarmModule: Retrieved 0 deleted alarms
01-10 08:07:13.483  4938  4972 I ReactNativeJS: '[AlarmSync] Found deleted alarms:', 0
01-10 08:07:21.177  4938  4938 D ViewRootImpl: update {(0,0)(fillxfill) gr=CENTER sim={adjust=resize forwardNavigation} ty=APPLICATION fmt=TRANSPARENT wanim=0x7f11012e
01-10 08:07:21.177  4938  4938 D ViewRootImpl:   fl=NOT_FOCUSABLE LAYOUT_IN_SCREEN LAYOUT_INSET_DECOR SPLIT_TOUCH HARDWARE_ACCELERATED DRAWS_SYSTEM_BAR_BACKGROUNDS
01-10 08:07:21.177  4938  4938 D ViewRootImpl:   pfl=NO_MOVE_ANIMATION FORCE_DRAW_STATUS_BAR_BACKGROUND FIT_INSETS_CONTROLLED
01-10 08:07:21.177  4938  4938 D ViewRootImpl:   bhv=DEFAULT
01-10 08:07:21.177  4938  4938 D ViewRootImpl:   fitSides=} by setView
01-10 08:07:21.184  4938  4938 D VRI[MainActivity]: update {(0,0)(fillxfill) gr=CENTER sim={adjust=resize} ty=APPLICATION fmt=TRANSPARENT wanim=0x7f11012e
01-10 08:07:21.184  4938  4938 D VRI[MainActivity]:   fl=LAYOUT_IN_SCREEN LAYOUT_INSET_DECOR SPLIT_TOUCH HARDWARE_ACCELERATED DRAWS_SYSTEM_BAR_BACKGROUNDS
01-10 08:07:21.184  4938  4938 D VRI[MainActivity]:   pfl=NO_MOVE_ANIMATION FORCE_DRAW_STATUS_BAR_BACKGROUND FIT_INSETS_CONTROLLED
01-10 08:07:21.184  4938  4938 D VRI[MainActivity]:   bhv=DEFAULT
01-10 08:07:21.184  4938  4938 D VRI[MainActivity]:   fitSides=} by setLayoutParams
01-10 08:07:21.197  4938  4963 E OpenGLRenderer: Unable to match the desired swap behavior.
01-10 08:07:21.204  4938  4963 W Parcel  : Expecting binder but got null!
01-10 08:07:21.222  4938  4938 D VRI[MainActivity]: update {(0,0)(fillxfill) gr=CENTER sim={adjust=resize} ty=APPLICATION fmt=TRANSPARENT wanim=0x7f11012e
01-10 08:07:21.222  4938  4938 D VRI[MainActivity]:   fl=LAYOUT_IN_SCREEN LAYOUT_INSET_DECOR SPLIT_TOUCH HARDWARE_ACCELERATED DRAWS_SYSTEM_BAR_BACKGROUNDS
01-10 08:07:21.222  4938  4938 D VRI[MainActivity]:   pfl=NO_MOVE_ANIMATION FORCE_DRAW_STATUS_BAR_BACKGROUND FIT_INSETS_CONTROLLED
01-10 08:07:21.222  4938  4938 D VRI[MainActivity]:   bhv=DEFAULT
01-10 08:07:21.222  4938  4938 D VRI[MainActivity]:   fitSides=} by setLayoutParams
01-10 08:07:21.223  4938  4938 D VRI[MainActivity]: update {(0,0)(fillxfill) gr=CENTER sim={adjust=resize} ty=APPLICATION fmt=TRANSPARENT wanim=0x7f11012e
01-10 08:07:21.223  4938  4938 D VRI[MainActivity]:   fl=LAYOUT_IN_SCREEN LAYOUT_INSET_DECOR SPLIT_TOUCH HARDWARE_ACCELERATED DRAWS_SYSTEM_BAR_BACKGROUNDS
01-10 08:07:21.223  4938  4938 D VRI[MainActivity]:   pfl=NO_MOVE_ANIMATION FORCE_DRAW_STATUS_BAR_BACKGROUND FIT_INSETS_CONTROLLED
01-10 08:07:21.223  4938  4938 D VRI[MainActivity]:   bhv=DEFAULT
01-10 08:07:21.223  4938  4938 D VRI[MainActivity]:   fitSides=} by setLayoutParams
01-10 08:07:26.203  4938  4963 D Surface : Surface::disconnect
01-10 08:07:26.203  4938  4963 D BufferQueueProducer: [VRI[MainActivity]#5(BLAST Consumer)5](id:134a00000005,api:1,p:4938,c:4938) disconnect: api 1
01-10 08:07:31.278  4938  4938 D ViewRootImpl: update {(0,0)(fillxfill) gr=CENTER sim={adjust=resize forwardNavigation} ty=APPLICATION fmt=TRANSPARENT wanim=0x7f11012e
01-10 08:07:31.278  4938  4938 D ViewRootImpl:   fl=NOT_FOCUSABLE LAYOUT_IN_SCREEN LAYOUT_INSET_DECOR SPLIT_TOUCH HARDWARE_ACCELERATED DRAWS_SYSTEM_BAR_BACKGROUNDS
01-10 08:07:31.278  4938  4938 D ViewRootImpl:   pfl=NO_MOVE_ANIMATION FORCE_DRAW_STATUS_BAR_BACKGROUND FIT_INSETS_CONTROLLED
01-10 08:07:31.278  4938  4938 D ViewRootImpl:   bhv=DEFAULT
01-10 08:07:31.278  4938  4938 D ViewRootImpl:   fitSides=} by setView
01-10 08:07:31.284  4938  4938 D VRI[MainActivity]: update {(0,0)(fillxfill) gr=CENTER sim={adjust=resize} ty=APPLICATION fmt=TRANSPARENT wanim=0x7f11012e
01-10 08:07:31.284  4938  4938 D VRI[MainActivity]:   fl=LAYOUT_IN_SCREEN LAYOUT_INSET_DECOR SPLIT_TOUCH HARDWARE_ACCELERATED DRAWS_SYSTEM_BAR_BACKGROUNDS
01-10 08:07:31.284  4938  4938 D VRI[MainActivity]:   pfl=NO_MOVE_ANIMATION FORCE_DRAW_STATUS_BAR_BACKGROUND FIT_INSETS_CONTROLLED
01-10 08:07:31.284  4938  4938 D VRI[MainActivity]:   bhv=DEFAULT
01-10 08:07:31.284  4938  4938 D VRI[MainActivity]:   fitSides=} by setLayoutParams
01-10 08:07:31.291  4938  4963 E OpenGLRenderer: Unable to match the desired swap behavior.
01-10 08:07:31.296  4938  4963 W Parcel  : Expecting binder but got null!
01-10 08:07:31.327  4938  4938 D VRI[MainActivity]: update {(0,0)(fillxfill) gr=CENTER sim={adjust=resize} ty=APPLICATION fmt=TRANSPARENT wanim=0x7f11012e
01-10 08:07:31.327  4938  4938 D VRI[MainActivity]:   fl=LAYOUT_IN_SCREEN LAYOUT_INSET_DECOR SPLIT_TOUCH HARDWARE_ACCELERATED DRAWS_SYSTEM_BAR_BACKGROUNDS
01-10 08:07:31.327  4938  4938 D VRI[MainActivity]:   pfl=NO_MOVE_ANIMATION FORCE_DRAW_STATUS_BAR_BACKGROUND FIT_INSETS_CONTROLLED
01-10 08:07:31.327  4938  4938 D VRI[MainActivity]:   bhv=DEFAULT
01-10 08:07:31.327  4938  4938 D VRI[MainActivity]:   fitSides=} by setLayoutParams
01-10 08:07:31.328  4938  4938 D VRI[MainActivity]: update {(0,0)(fillxfill) gr=CENTER sim={adjust=resize} ty=APPLICATION fmt=TRANSPARENT wanim=0x7f11012e
01-10 08:07:31.328  4938  4938 D VRI[MainActivity]:   fl=LAYOUT_IN_SCREEN LAYOUT_INSET_DECOR SPLIT_TOUCH HARDWARE_ACCELERATED DRAWS_SYSTEM_BAR_BACKGROUNDS
01-10 08:07:31.328  4938  4938 D VRI[MainActivity]:   pfl=NO_MOVE_ANIMATION FORCE_DRAW_STATUS_BAR_BACKGROUND FIT_INSETS_CONTROLLED
01-10 08:07:31.328  4938  4938 D VRI[MainActivity]:   bhv=DEFAULT
01-10 08:07:31.328  4938  4938 D VRI[MainActivity]:   fitSides=} by setLayoutParams
01-10 08:07:33.418  4938  4938 D ViewRootImpl: update {(0,0)(fillxfill) gr=CENTER sim={adjust=resize forwardNavigation} ty=APPLICATION fmt=TRANSPARENT wanim=0x7f11012e
01-10 08:07:33.418  4938  4938 D ViewRootImpl:   fl=NOT_FOCUSABLE LAYOUT_IN_SCREEN LAYOUT_INSET_DECOR SPLIT_TOUCH HARDWARE_ACCELERATED DRAWS_SYSTEM_BAR_BACKGROUNDS
01-10 08:07:33.418  4938  4938 D ViewRootImpl:   pfl=NO_MOVE_ANIMATION FORCE_DRAW_STATUS_BAR_BACKGROUND FIT_INSETS_CONTROLLED
01-10 08:07:33.418  4938  4938 D ViewRootImpl:   bhv=DEFAULT
01-10 08:07:33.418  4938  4938 D ViewRootImpl:   fitSides=} by setView
01-10 08:07:33.424  4938  4938 D VRI[MainActivity]: update {(0,0)(fillxfill) gr=CENTER sim={adjust=resize} ty=APPLICATION fmt=TRANSPARENT wanim=0x7f11012e
01-10 08:07:33.424  4938  4938 D VRI[MainActivity]:   fl=LAYOUT_IN_SCREEN LAYOUT_INSET_DECOR SPLIT_TOUCH HARDWARE_ACCELERATED DRAWS_SYSTEM_BAR_BACKGROUNDS
01-10 08:07:33.424  4938  4938 D VRI[MainActivity]:   pfl=NO_MOVE_ANIMATION FORCE_DRAW_STATUS_BAR_BACKGROUND FIT_INSETS_CONTROLLED
01-10 08:07:33.424  4938  4938 D VRI[MainActivity]:   bhv=DEFAULT
01-10 08:07:33.424  4938  4938 D VRI[MainActivity]:   fitSides=} by setLayoutParams
01-10 08:07:33.429  4938  4963 D Surface : Surface::disconnect
01-10 08:07:33.429  4938  4963 D BufferQueueProducer: [VRI[MainActivity]#6(BLAST Consumer)6](id:134a00000006,api:1,p:4938,c:4938) disconnect: api 1
01-10 08:07:33.452  4938  4963 E OpenGLRenderer: Unable to match the desired swap behavior.
01-10 08:07:33.464  4938  4963 W Parcel  : Expecting binder but got null!
01-10 08:07:33.482  4938  4938 D VRI[MainActivity]: update {(0,0)(fillxfill) gr=CENTER sim={adjust=resize} ty=APPLICATION fmt=TRANSPARENT wanim=0x7f11012e
01-10 08:07:33.482  4938  4938 D VRI[MainActivity]:   fl=LAYOUT_IN_SCREEN LAYOUT_INSET_DECOR SPLIT_TOUCH HARDWARE_ACCELERATED DRAWS_SYSTEM_BAR_BACKGROUNDS
01-10 08:07:33.482  4938  4938 D VRI[MainActivity]:   pfl=NO_MOVE_ANIMATION FORCE_DRAW_STATUS_BAR_BACKGROUND FIT_INSETS_CONTROLLED
01-10 08:07:33.482  4938  4938 D VRI[MainActivity]:   bhv=DEFAULT
01-10 08:07:33.482  4938  4938 D VRI[MainActivity]:   fitSides=} by setLayoutParams
01-10 08:07:33.484  4938  4938 D VRI[MainActivity]: update {(0,0)(fillxfill) gr=CENTER sim={adjust=resize} ty=APPLICATION fmt=TRANSPARENT wanim=0x7f11012e
01-10 08:07:33.484  4938  4938 D VRI[MainActivity]:   fl=LAYOUT_IN_SCREEN LAYOUT_INSET_DECOR SPLIT_TOUCH HARDWARE_ACCELERATED DRAWS_SYSTEM_BAR_BACKGROUNDS
01-10 08:07:33.484  4938  4938 D VRI[MainActivity]:   pfl=NO_MOVE_ANIMATION FORCE_DRAW_STATUS_BAR_BACKGROUND FIT_INSETS_CONTROLLED
01-10 08:07:33.484  4938  4938 D VRI[MainActivity]:   bhv=DEFAULT
01-10 08:07:33.484  4938  4938 D VRI[MainActivity]:   fitSides=} by setLayoutParams
01-10 08:07:40.025  4938  4963 D Surface : Surface::disconnect
01-10 08:07:40.025  4938  4963 D BufferQueueProducer: [VRI[MainActivity]#7(BLAST Consumer)7](id:134a00000007,api:1,p:4938,c:4938) disconnect: api 1
01-10 08:07:42.567  4938  4938 D CompatibilityChangeReporter: Compat change id reported: 163400105; UID 11055; state: ENABLED
01-10 08:07:42.567  4938  4938 D InputMethodManager: showSoftInput() view=com.facebook.react.views.textinput.ReactEditText{f3057eb VFED..CL. .F.P..ID 0,0-920,99 #46c aid=1073741829} flags=0 reason=SHOW_SOFT_INPUT
01-10 08:07:42.581  4938  4938 D InputMethodManager: showSoftInput() view=com.facebook.react.views.textinput.ReactEditText{f3057eb VFED..CL. .F.P.... 0,0-920,99 #46c aid=1073741829} flags=0 reason=SHOW_SOFT_INPUT
01-10 08:07:42.747  4938  4938 W OnBackInvokedCallback: OnBackInvokedCallback is not enabled for the application.
01-10 08:07:42.747  4938  4938 W OnBackInvokedCallback: Set 'android:enableOnBackInvokedCallback="true"' in the application manifest.
01-10 08:07:42.865  4938  4938 D InsetsController: show(ime(), fromIme=true)
01-10 08:07:43.483  4938  4972 I ReactNativeJS: [AlarmSync] Checking for completed alarms...
01-10 08:07:43.484  4938  4973 D DoMinderDebug: AlarmModule: getAllNativeReminderStates found 0 reminders
01-10 08:07:43.486  4938  4973 D DoMinderDebug: AlarmModule: Retrieved 0 completed alarms
01-10 08:07:43.486  4938  4972 I ReactNativeJS: '[ReminderEngine] Processing reminders, count:', 2
01-10 08:07:43.487  4938  4972 I ReactNativeJS: '[AlarmSync] Found completed alarms:', 0
01-10 08:07:43.487  4938  4973 D DoMinderDebug: AlarmModule: Retrieved 0 snoozed alarms
01-10 08:07:43.487  4938  4972 I ReactNativeJS: '[AlarmSync] Found snoozed alarms:', 0
01-10 08:07:43.488  4938  4973 D DoMinderDebug: AlarmModule: Retrieved 0 deleted alarms
01-10 08:07:43.488  4938  4972 I ReactNativeJS: '[AlarmSync] Found deleted alarms:', 0
01-10 08:07:44.109  4938  4938 I AssistStructure: Flattened final assist data: 7440 bytes, containing 2 windows, 42 views
01-10 08:07:47.499  4938  4938 W OnBackInvokedCallback: OnBackInvokedCallback is not enabled for the application.
01-10 08:07:47.499  4938  4938 W OnBackInvokedCallback: Set 'android:enableOnBackInvokedCallback="true"' in the application manifest.
01-10 08:07:49.084  4938  4972 I ReactNativeJS: [ReminderService] Adding reminder 1768012669082: isActive=true, isCompleted=false, repeatType=every
01-10 08:07:49.112  4938  4972 I ReactNativeJS: [calculateNextReminderDate] for reminder: 1768012669082, fromDate: 2026-01-10T02:37:49.112Z, repeatType: every, date: 2026-01-10, time: 08:08
01-10 08:07:49.112  4938  4972 I ReactNativeJS: [calculateNextReminderDate] First occurrence at start boundary: 2026-01-10T02:38:00.000Z
01-10 08:07:49.112  4938  4972 I ReactNativeJS: [calculateNextReminderDate] Every 1 minutes, next occurrence: 2026-01-10T02:38:00.000Z
01-10 08:07:49.185  4938  4972 I ReactNativeJS: '[ReminderEngine] Processing reminders, count:', 3
01-10 08:07:49.186  4938  4972 I ReactNativeJS: [ReminderEngine] Processing reminder 1768012669082, repeatType: every
01-10 08:07:49.186  4938  4972 I ReactNativeJS: [calculateNextReminderDate] for reminder: 1768012669082, fromDate: 2026-01-10T02:37:49.186Z, repeatType: every, date: 2026-01-10, time: 08:08
01-10 08:07:49.186  4938  4972 I ReactNativeJS: [calculateNextReminderDate] First occurrence at start boundary: 2026-01-10T02:38:00.000Z
01-10 08:07:49.186  4938  4972 I ReactNativeJS: [calculateNextReminderDate] Every 1 minutes, next occurrence: 2026-01-10T02:38:00.000Z
01-10 08:07:49.186  4938  4972 I ReactNativeJS: [ReminderEngine] Calculated next fire time for 1768012669082: 2026-01-10T02:38:00.000Z, updating reminder
01-10 08:07:49.186  4938  4972 I ReactNativeJS: [ReminderEngine] Scheduling notification for reminder 1768012669082 at 2026-01-10T02:38:00.000Z (new reminder)
01-10 08:07:49.259  4938  4972 I ReactNativeJS: [RootLayout] remindersChanged event received, invalidating queries.
01-10 08:07:49.286  4938  4972 I ReactNativeJS: [NotificationService] SCHEDULE_EXACT_ALARM permission granted - using exact timing
01-10 08:07:49.286  4938  4972 I ReactNativeJS: [NotificationService] Scheduling reminder 1768012669082, priority: high, repeatType: every
01-10 08:07:49.286  4938  4972 I ReactNativeJS: [NotificationService] Skipping sequential delay for 'every' reminder to preserve exact timing
01-10 08:07:49.286  4938  4972 I ReactNativeJS: [NotificationService] Scheduling for 2026-01-10T02:38:00.000Z
01-10 08:07:49.286  4938  4972 I ReactNativeJS: [ReminderService] Updating reminder 1768012669082: isActive=true, isCompleted=false, repeatType=every
01-10 08:07:49.286  4938  4973 D DoMinderDebug: AlarmModule: Stored metadata for 1768012669082 - repeatType=every, everyValue=1, everyUnit=minutes, occurrenceCount=0
01-10 08:07:49.287  4938  4972 I ReactNativeJS: [NotificationService] Stored metadata for native alarm 1768012669082
01-10 08:07:49.288  4938  4973 D DoMinderDebug: AlarmModule: Scheduling alarm broadcast for 1768012669082 at 1.76801268E12
01-10 08:07:49.289  4938  4973 D DoMinderDebug: AlarmModule: Successfully scheduled alarm broadcast
01-10 08:07:49.291  4938  4972 I ReactNativeJS: [NotificationService] Scheduled native alarm for rem-1768012669082 with priority high
01-10 08:07:49.291  4938  4972 I ReactNativeJS: [ReminderEngine] Successfully scheduled 1768012669082
01-10 08:07:49.292  4938  4972 I ReactNativeJS: [RootLayout] remindersChanged event received, invalidating queries.
01-10 08:07:49.299  4938  4963 D Surface : Surface::disconnect
01-10 08:07:49.299  4938  4963 D BufferQueueProducer: [VRI[MainActivity]#4(BLAST Consumer)4](id:134a00000004,api:1,p:4938,c:4938) disconnect: api 1
01-10 08:07:49.329  4938  4938 W RemoteInputConnectionImpl: requestCursorAnchorInfo on inactive InputConnection
01-10 08:07:49.383  4938  4972 I ReactNativeJS: '[ReminderEngine] Processing reminders, count:', 3
01-10 08:07:49.384  4938  4972 I ReactNativeJNI: instanceHandle is null, event of type topBlur will be dropped
01-10 08:07:51.218  4938  4938 W unknown:BridgelessReact: ReactHost{0}.onHostPause(activity)
01-10 08:07:51.218  4938  4938 W unknown:BridgelessReact: ReactContext.onHostPause()
01-10 08:07:51.235  4938  4963 D Surface : Surface::disconnect
01-10 08:07:51.235  4938  4963 D BufferQueueProducer: [VRI[MainActivity]#0(BLAST Consumer)0](id:134a00000000,api:1,p:4938,c:4938) disconnect: api 1
01-10 08:07:51.284  4938  4971 I ReactNativeJNI: Memory warning (pressure level: TRIM_MEMORY_UI_HIDDEN) received by JS VM, ignoring because it's non-severe
