--------- beginning of main
01-10 21:20:14.513 19682 19682 I id_reminder_app: Using CollectorTypeCC GC.
01-10 21:20:14.520 19682 19682 D nativeloader: Load libframework-connectivity-tiramisu-jni.so using APEX ns com_android_tethering for caller /apex/com.android.tethering/javalib/framework-connectivity-t.jar: ok
01-10 21:20:14.532 19682 19682 D CompatibilityChangeReporter: Compat change id reported: 171979766; UID 11058; state: ENABLED
01-10 21:20:14.554 19682 19682 D nativeloader: Configuring clns-4 for other apk /data/app/~~eKtdK4ANAlfaduHBa4kuiQ==/app.rork.dominder_android_reminder_app-vjAeWuBQyCoH0vaElFwMyA==/base.apk. target_sdk_version=35, uses_libraries=, library_path=/data/app/~~eKtdK4ANAlfaduHBa4kuiQ==/app.rork.dominder_android_reminder_app-vjAeWuBQyCoH0vaElFwMyA==/lib/arm64:/data/app/~~eKtdK4ANAlfaduHBa4kuiQ==/app.rork.dominder_android_reminder_app-vjAeWuBQyCoH0vaElFwMyA==/base.apk!/lib/arm64-v8a, permitted_path=/data:/mnt/expand:/data/user/0/app.rork.dominder_android_reminder_app
01-10 21:20:14.563 19682 19682 D nativeloader: Load libframework-connectivity-jni.so using APEX ns com_android_tethering for caller /apex/com.android.tethering/javalib/framework-connectivity.jar: ok
01-10 21:20:14.565 19682 19682 V GraphicsEnvironment: ANGLE Developer option for 'app.rork.dominder_android_reminder_app' set to: 'default'
01-10 21:20:14.565 19682 19682 V GraphicsEnvironment: ANGLE GameManagerService for app.rork.dominder_android_reminder_app: false
01-10 21:20:14.566 19682 19682 V GraphicsEnvironment: Neither updatable production driver nor prerelease driver is supported.
01-10 21:20:14.568 19682 19682 D NetworkSecurityConfig: No Network Security Config specified, using platform default
01-10 21:20:14.568 19682 19682 D NetworkSecurityConfig: No Network Security Config specified, using platform default
01-10 21:20:14.579 19682 19682 D WM-WrkMgrInitializer: Initializing WorkManager with default configuration.
01-10 21:20:14.583 19682 19682 D WM-PackageManagerHelper: Skipping component enablement for androidx.work.impl.background.systemjob.SystemJobService
01-10 21:20:14.583 19682 19682 D WM-Schedulers: Created SystemJobScheduler and enabled SystemJobService
01-10 21:20:14.589 19682 19682 D NOTIFEE : (context): received application context
01-10 21:20:14.591 19682 19682 W SoLoader: Initializing SoLoader: 0
01-10 21:20:14.592 19682 19682 W SoLoader: Recording new base apk path: /data/app/~~eKtdK4ANAlfaduHBa4kuiQ==/app.rork.dominder_android_reminder_app-vjAeWuBQyCoH0vaElFwMyA==/base.apk
01-10 21:20:14.592 19682 19682 W SoLoader: Previously recorded 0 base apk paths.
01-10 21:20:14.592 19682 19682 I SoLoader: Preparing SO source: DirectorySoSource[root = /vendor/lib64 flags = 2]
01-10 21:20:14.592 19682 19682 I SoLoader: Preparing SO source: DirectorySoSource[root = /system/lib64 flags = 2]
01-10 21:20:14.592 19682 19682 I SoLoader: Preparing SO source: DirectApkSoSource[root = [/data/app/~~eKtdK4ANAlfaduHBa4kuiQ==/app.rork.dominder_android_reminder_app-vjAeWuBQyCoH0vaElFwMyA==/base.apk!/lib/arm64-v8a]]
01-10 21:20:14.596 19682 19682 I SoLoader: Preparing SO source: ApplicationSoSource[DirectorySoSource[root = /data/app/~~eKtdK4ANAlfaduHBa4kuiQ==/app.rork.dominder_android_reminder_app-vjAeWuBQyCoH0vaElFwMyA==/lib/arm64 flags = 0]]
01-10 21:20:14.596 19682 19682 I SoLoader: init finish: 4 SO sources prepared
01-10 21:20:14.596 19682 19682 W SoLoader: SoLoader initialized: 8
01-10 21:20:14.602 19682 19699 D CompatibilityChangeReporter: Compat change id reported: 160794467; UID 11058; state: ENABLED
01-10 21:20:14.605 19682 19682 D nativeloader: Load /data/app/~~eKtdK4ANAlfaduHBa4kuiQ==/app.rork.dominder_android_reminder_app-vjAeWuBQyCoH0vaElFwMyA==/base.apk!/lib/arm64-v8a/libc++_shared.so using class loader ns clns-4 (caller=/data/app/~~eKtdK4ANAlfaduHBa4kuiQ==/app.rork.dominder_android_reminder_app-vjAeWuBQyCoH0vaElFwMyA==/base.apk!classes2.dex): ok
01-10 21:20:14.610 19682 19682 D nativeloader: Load /data/app/~~eKtdK4ANAlfaduHBa4kuiQ==/app.rork.dominder_android_reminder_app-vjAeWuBQyCoH0vaElFwMyA==/base.apk!/lib/arm64-v8a/libjsi.so using class loader ns clns-4 (caller=/data/app/~~eKtdK4ANAlfaduHBa4kuiQ==/app.rork.dominder_android_reminder_app-vjAeWuBQyCoH0vaElFwMyA==/base.apk!classes2.dex): ok
01-10 21:20:14.614 19682 19682 D nativeloader: Load /data/app/~~eKtdK4ANAlfaduHBa4kuiQ==/app.rork.dominder_android_reminder_app-vjAeWuBQyCoH0vaElFwMyA==/base.apk!/lib/arm64-v8a/libfbjni.so using class loader ns clns-4 (caller=/data/app/~~eKtdK4ANAlfaduHBa4kuiQ==/app.rork.dominder_android_reminder_app-vjAeWuBQyCoH0vaElFwMyA==/base.apk!classes2.dex): ok
01-10 21:20:14.620 19682 19682 D nativeloader: Load /data/app/~~eKtdK4ANAlfaduHBa4kuiQ==/app.rork.dominder_android_reminder_app-vjAeWuBQyCoH0vaElFwMyA==/base.apk!/lib/arm64-v8a/libreactnative.so using class loader ns clns-4 (caller=/data/app/~~eKtdK4ANAlfaduHBa4kuiQ==/app.rork.dominder_android_reminder_app-vjAeWuBQyCoH0vaElFwMyA==/base.apk!classes2.dex): ok
01-10 21:20:14.620 19682 19682 D jni_lib_merge: Entering merged library JNI_OnLoad.
01-10 21:20:14.621 19682 19682 D jni_lib_merge: Preparing 11 pre-merged libs (including stub)
01-10 21:20:14.621 19682 19682 D jni_lib_merge: Preparing to register libfabricjni_so.  onload_func: 0x7836d084c4
01-10 21:20:14.621 19682 19682 D jni_lib_merge: Preparing to register libreact_devsupportjni_so.  onload_func: 0x7836dda110
01-10 21:20:14.621 19682 19682 D jni_lib_merge: Preparing to register libreact_featureflagsjni_so.  onload_func: 0x7836de23ac
01-10 21:20:14.621 19682 19682 D jni_lib_merge: Preparing to register libreact_newarchdefaults_so.  onload_func: 0x7836e063c8
01-10 21:20:14.621 19682 19682 D jni_lib_merge: Preparing to register libreactnativeblob_so.  onload_func: 0x7836e8d21c
01-10 21:20:14.621 19682 19682 D jni_lib_merge: Preparing to register libreactnativejni_so.  onload_func: 0x7836eab204
01-10 21:20:14.621 19682 19682 D jni_lib_merge: Preparing to register librninstance_so.  onload_func: 0x7836ec4990
01-10 21:20:14.621 19682 19682 D jni_lib_merge: Preparing to register libturbomodulejsijni_so.  onload_func: 0x7836f3f87c
01-10 21:20:14.621 19682 19682 D jni_lib_merge: Preparing to register libuimanagerjni_so.  onload_func: 0x7836f46d94
01-10 21:20:14.621 19682 19682 D jni_lib_merge: Preparing to register libyoga_so.  onload_func: 0x7836f4c1e8
01-10 21:20:14.621 19682 19682 D jni_lib_merge: About to register 10 actual methods.
01-10 21:20:14.630 19682 19682 D nativeloader: Load /data/app/~~eKtdK4ANAlfaduHBa4kuiQ==/app.rork.dominder_android_reminder_app-vjAeWuBQyCoH0vaElFwMyA==/base.apk!/lib/arm64-v8a/libreact_codegen_rnscreens.so using class loader ns clns-4 (caller=/data/app/~~eKtdK4ANAlfaduHBa4kuiQ==/app.rork.dominder_android_reminder_app-vjAeWuBQyCoH0vaElFwMyA==/base.apk!classes2.dex): ok
01-10 21:20:14.630 19682 19682 D jni_lib_merge: Entering merged library JNI_OnLoad.
01-10 21:20:14.630 19682 19682 D jni_lib_merge: Preparing 11 pre-merged libs (including stub)
01-10 21:20:14.630 19682 19682 D jni_lib_merge: Preparing to register libfabricjni_so.  onload_func: 0x7836d084c4
01-10 21:20:14.630 19682 19682 D jni_lib_merge: Preparing to register libreact_devsupportjni_so.  onload_func: 0x7836dda110
01-10 21:20:14.630 19682 19682 D jni_lib_merge: Preparing to register libreact_featureflagsjni_so.  onload_func: 0x7836de23ac
01-10 21:20:14.630 19682 19682 D jni_lib_merge: Preparing to register libreact_newarchdefaults_so.  onload_func: 0x7836e063c8
01-10 21:20:14.630 19682 19682 D jni_lib_merge: Preparing to register libreactnativeblob_so.  onload_func: 0x7836e8d21c
01-10 21:20:14.630 19682 19682 D jni_lib_merge: Preparing to register libreactnativejni_so.  onload_func: 0x7836eab204
01-10 21:20:14.630 19682 19682 D jni_lib_merge: Preparing to register librninstance_so.  onload_func: 0x7836ec4990
01-10 21:20:14.630 19682 19682 D jni_lib_merge: Preparing to register libturbomodulejsijni_so.  onload_func: 0x7836f3f87c
01-10 21:20:14.630 19682 19682 D jni_lib_merge: Preparing to register libuimanagerjni_so.  onload_func: 0x7836f46d94
01-10 21:20:14.630 19682 19682 D jni_lib_merge: Preparing to register libyoga_so.  onload_func: 0x7836f4c1e8
01-10 21:20:14.630 19682 19682 D jni_lib_merge: About to register 10 actual methods.
01-10 21:20:14.634 19682 19682 D nativeloader: Load /data/app/~~eKtdK4ANAlfaduHBa4kuiQ==/app.rork.dominder_android_reminder_app-vjAeWuBQyCoH0vaElFwMyA==/base.apk!/lib/arm64-v8a/libreact_codegen_rnsvg.so using class loader ns clns-4 (caller=/data/app/~~eKtdK4ANAlfaduHBa4kuiQ==/app.rork.dominder_android_reminder_app-vjAeWuBQyCoH0vaElFwMyA==/base.apk!classes2.dex): ok
01-10 21:20:14.634 19682 19682 D jni_lib_merge: Entering merged library JNI_OnLoad.
01-10 21:20:14.634 19682 19682 D jni_lib_merge: Preparing 11 pre-merged libs (including stub)
01-10 21:20:14.634 19682 19682 D jni_lib_merge: Preparing to register libfabricjni_so.  onload_func: 0x7836d084c4
01-10 21:20:14.634 19682 19682 D jni_lib_merge: Preparing to register libreact_devsupportjni_so.  onload_func: 0x7836dda110
01-10 21:20:14.634 19682 19682 D jni_lib_merge: Preparing to register libreact_featureflagsjni_so.  onload_func: 0x7836de23ac
01-10 21:20:14.634 19682 19682 D jni_lib_merge: Preparing to register libreact_newarchdefaults_so.  onload_func: 0x7836e063c8
01-10 21:20:14.634 19682 19682 D jni_lib_merge: Preparing to register libreactnativeblob_so.  onload_func: 0x7836e8d21c
01-10 21:20:14.634 19682 19682 D jni_lib_merge: Preparing to register libreactnativejni_so.  onload_func: 0x7836eab204
01-10 21:20:14.634 19682 19682 D jni_lib_merge: Preparing to register librninstance_so.  onload_func: 0x7836ec4990
01-10 21:20:14.634 19682 19682 D jni_lib_merge: Preparing to register libturbomodulejsijni_so.  onload_func: 0x7836f3f87c
01-10 21:20:14.634 19682 19682 D jni_lib_merge: Preparing to register libuimanagerjni_so.  onload_func: 0x7836f46d94
01-10 21:20:14.634 19682 19682 D jni_lib_merge: Preparing to register libyoga_so.  onload_func: 0x7836f4c1e8
01-10 21:20:14.634 19682 19682 D jni_lib_merge: About to register 10 actual methods.
01-10 21:20:14.639 19682 19682 D nativeloader: Load /data/app/~~eKtdK4ANAlfaduHBa4kuiQ==/app.rork.dominder_android_reminder_app-vjAeWuBQyCoH0vaElFwMyA==/base.apk!/lib/arm64-v8a/libreact_codegen_safeareacontext.so using class loader ns clns-4 (caller=/data/app/~~eKtdK4ANAlfaduHBa4kuiQ==/app.rork.dominder_android_reminder_app-vjAeWuBQyCoH0vaElFwMyA==/base.apk!classes2.dex): ok
01-10 21:20:14.642 19682 19682 D nativeloader: Load /data/app/~~eKtdK4ANAlfaduHBa4kuiQ==/app.rork.dominder_android_reminder_app-vjAeWuBQyCoH0vaElFwMyA==/base.apk!/lib/arm64-v8a/libappmodules.so using class loader ns clns-4 (caller=/data/app/~~eKtdK4ANAlfaduHBa4kuiQ==/app.rork.dominder_android_reminder_app-vjAeWuBQyCoH0vaElFwMyA==/base.apk!classes2.dex): ok
01-10 21:20:14.643 19682 19682 I Typeface: updateThemeFont new=Rookery-Regular;old=sans-serif;new=Rookery-Stacked;old=
01-10 21:20:14.650 19682 19682 D AppCompatDelegate: Checking for metadata for AppLocalesMetadataHolderService : Service not found
01-10 21:20:14.672 19682 19682 W unknown:BridgelessReact: ReactHost{0}.startSurface(surfaceId = 0): Schedule
01-10 21:20:14.672 19682 19682 W unknown:BridgelessReact: ReactHost{0}.attachSurface(surfaceId = 0)
01-10 21:20:14.672 19682 19714 W unknown:BridgelessReact: ReactHost{0}.getOrCreateReactInstanceTask()
01-10 21:20:14.672 19682 19714 W unknown:BridgelessReact: ReactHost{0}.getOrCreateReactInstanceTask(): Start
01-10 21:20:14.672 19682 19714 W unknown:BridgelessReact: ReactHost{0}.getJSBundleLoader()
01-10 21:20:14.673 19682 19714 W unknown:BridgelessReact: ReactHost{0}.getOrCreateReactContext(): Creating BridgelessReactContext
01-10 21:20:14.673 19682 19714 W unknown:BridgelessReact: ReactHost{0}.getOrCreateReactInstanceTask(): Creating ReactInstance
01-10 21:20:14.675 19682 19682 W unknown:BridgelessReact: ReactHost{0}.onHostResume(activity)
01-10 21:20:14.675 19682 19682 W unknown:BridgelessReact: ReactContext.onHostResume()
--------- beginning of system
01-10 21:20:14.682 19682 19682 D ViewRootImpl: update {(0,0)(fillxfill) sim={adjust=pan forwardNavigation} ty=BASE_APPLICATION wanim=0x10302fd
01-10 21:20:14.682 19682 19682 D ViewRootImpl:   fl=LAYOUT_IN_SCREEN LAYOUT_INSET_DECOR SPLIT_TOUCH HARDWARE_ACCELERATED DRAWS_SYSTEM_BAR_BACKGROUNDS
01-10 21:20:14.682 19682 19682 D ViewRootImpl:   pfl=NO_MOVE_ANIMATION FORCE_DRAW_STATUS_BAR_BACKGROUND FIT_INSETS_CONTROLLED
01-10 21:20:14.682 19682 19682 D ViewRootImpl:   bhv=DEFAULT
01-10 21:20:14.682 19682 19682 D ViewRootImpl:   fitSides=} by setView
01-10 21:20:14.684 19682 19714 D nativeloader: Load /data/app/~~eKtdK4ANAlfaduHBa4kuiQ==/app.rork.dominder_android_reminder_app-vjAeWuBQyCoH0vaElFwMyA==/base.apk!/lib/arm64-v8a/libhermes.so using class loader ns clns-4 (caller=/data/app/~~eKtdK4ANAlfaduHBa4kuiQ==/app.rork.dominder_android_reminder_app-vjAeWuBQyCoH0vaElFwMyA==/base.apk!classes2.dex): ok
01-10 21:20:14.693 19682 19714 D nativeloader: Load /data/app/~~eKtdK4ANAlfaduHBa4kuiQ==/app.rork.dominder_android_reminder_app-vjAeWuBQyCoH0vaElFwMyA==/base.apk!/lib/arm64-v8a/libhermestooling.so using class loader ns clns-4 (caller=/data/app/~~eKtdK4ANAlfaduHBa4kuiQ==/app.rork.dominder_android_reminder_app-vjAeWuBQyCoH0vaElFwMyA==/base.apk!classes2.dex): ok
01-10 21:20:14.693 19682 19714 D jni_lib_merge: Entering merged library JNI_OnLoad.
01-10 21:20:14.694 19682 19714 D jni_lib_merge: Preparing 4 pre-merged libs (including stub)
01-10 21:20:14.694 19682 19714 D jni_lib_merge: Preparing to register libhermes_executor_so.  onload_func: 0x78bf15b11c
01-10 21:20:14.694 19682 19714 D jni_lib_merge: Preparing to register libhermesinstancejni_so.  onload_func: 0x78bf162a58
01-10 21:20:14.694 19682 19714 D jni_lib_merge: Preparing to register libjsijniprofiler_so.  onload_func: 0x78bf163114
01-10 21:20:14.694 19682 19714 D jni_lib_merge: About to register 3 actual methods.
01-10 21:20:14.722 19682 19706 I AdrenoGLES-0: QUALCOMM build                   : 43fc279f3a, I58833f8ed4
01-10 21:20:14.722 19682 19706 I AdrenoGLES-0: Build Date                       : 03/24/23
01-10 21:20:14.722 19682 19706 I AdrenoGLES-0: OpenGL ES Shader Compiler Version: EV031.32.02.17
01-10 21:20:14.722 19682 19706 I AdrenoGLES-0: Local Branch                     : 
01-10 21:20:14.722 19682 19706 I AdrenoGLES-0: Remote Branch                    : 
01-10 21:20:14.722 19682 19706 I AdrenoGLES-0: Remote Branch                    : 
01-10 21:20:14.722 19682 19706 I AdrenoGLES-0: Reconstruct Branch               : 
01-10 21:20:14.722 19682 19706 I AdrenoGLES-0: Build Config                     : S P 10.0.7 AArch64
01-10 21:20:14.722 19682 19706 I AdrenoGLES-0: Driver Path                      : /vendor/lib64/egl/libGLESv2_adreno.so
01-10 21:20:14.726 19682 19706 I AdrenoGLES-0: PFP: 0x016ee197, ME: 0x00000000
01-10 21:20:14.739 19682 19706 I OpenGLRenderer: setGrContext nullptr-->validptr
01-10 21:20:14.741 19682 19706 E OpenGLRenderer: Unable to match the desired swap behavior.
01-10 21:20:14.837 19682 19714 I ExpoModulesCore:  AppContext was initialized
01-10 21:20:14.839 19682 19714 D DoMinderDebug: MissedAlarmReceiver: Registered broadcast receiver
01-10 21:20:14.841 19682 19714 W ReactNativeJNI: Component property map contains multiple entries for 'borderColor'. Ensure all calls to convertRawProp use a consistent prefix, name and suffix.
01-10 21:20:14.841 19682 19714 W ReactNativeJNI: Component property map contains multiple entries for 'borderStyle'. Ensure all calls to convertRawProp use a consistent prefix, name and suffix.
01-10 21:20:14.841 19682 19714 W ReactNativeJNI: Component property map contains multiple entries for 'borderRadius'. Ensure all calls to convertRawProp use a consistent prefix, name and suffix.
01-10 21:20:14.841 19682 19714 W ReactNativeJNI: Component property map contains multiple entries for 'borderEndColor'. Ensure all calls to convertRawProp use a consistent prefix, name and suffix.
01-10 21:20:14.841 19682 19714 W ReactNativeJNI: Component property map contains multiple entries for 'borderTopColor'. Ensure all calls to convertRawProp use a consistent prefix, name and suffix.
01-10 21:20:14.841 19682 19714 W ReactNativeJNI: Component property map contains multiple entries for 'borderLeftColor'. Ensure all calls to convertRawProp use a consistent prefix, name and suffix.
01-10 21:20:14.841 19682 19714 W ReactNativeJNI: Component property map contains multiple entries for 'borderBlockColor'. Ensure all calls to convertRawProp use a consistent prefix, name and suffix.
01-10 21:20:14.841 19682 19714 W ReactNativeJNI: Component property map contains multiple entries for 'borderRightColor'. Ensure all calls to convertRawProp use a consistent prefix, name and suffix.
01-10 21:20:14.841 19682 19714 W ReactNativeJNI: Component property map contains multiple entries for 'borderStartColor'. Ensure all calls to convertRawProp use a consistent prefix, name and suffix.
01-10 21:20:14.841 19682 19714 W ReactNativeJNI: Component property map contains multiple entries for 'borderBottomColor'. Ensure all calls to convertRawProp use a consistent prefix, name and suffix.
01-10 21:20:14.841 19682 19714 W ReactNativeJNI: Component property map contains multiple entries for 'borderEndEndRadius'. Ensure all calls to convertRawProp use a consistent prefix, name and suffix.
01-10 21:20:14.841 19682 19714 W ReactNativeJNI: Component property map contains multiple entries for 'borderTopEndRadius'. Ensure all calls to convertRawProp use a consistent prefix, name and suffix.
01-10 21:20:14.841 19682 19714 W ReactNativeJNI: Component property map contains multiple entries for 'borderBlockEndColor'. Ensure all calls to convertRawProp use a consistent prefix, name and suffix.
01-10 21:20:14.841 19682 19714 W ReactNativeJNI: Component property map contains multiple entries for 'borderTopLeftRadius'. Ensure all calls to convertRawProp use a consistent prefix, name and suffix.
01-10 21:20:14.841 19682 19714 W ReactNativeJNI: Component property map contains multiple entries for 'borderEndStartRadius'. Ensure all calls to convertRawProp use a consistent prefix, name and suffix.
01-10 21:20:14.841 19682 19714 W ReactNativeJNI: Component property map contains multiple entries for 'borderStartEndRadius'. Ensure all calls to convertRawProp use a consistent prefix, name and suffix.
01-10 21:20:14.841 19682 19714 W ReactNativeJNI: Component property map contains multiple entries for 'borderTopRightRadius'. Ensure all calls to convertRawProp use a consistent prefix, name and suffix.
01-10 21:20:14.841 19682 19714 W ReactNativeJNI: Component property map contains multiple entries for 'borderTopStartRadius'. Ensure all calls to convertRawProp use a consistent prefix, name and suffix.
01-10 21:20:14.841 19682 19714 W ReactNativeJNI: Component property map contains multiple entries for 'borderBlockStartColor'. Ensure all calls to convertRawProp use a consistent prefix, name and suffix.
01-10 21:20:14.841 19682 19714 W ReactNativeJNI: Component property map contains multiple entries for 'borderBottomEndRadius'. Ensure all calls to convertRawProp use a consistent prefix, name and suffix.
01-10 21:20:14.841 19682 19714 W ReactNativeJNI: Component property map contains multiple entries for 'borderBottomLeftRadius'. Ensure all calls to convertRawProp use a consistent prefix, name and suffix.
01-10 21:20:14.841 19682 19714 W ReactNativeJNI: Component property map contains multiple entries for 'borderStartStartRadius'. Ensure all calls to convertRawProp use a consistent prefix, name and suffix.
01-10 21:20:14.841 19682 19714 W ReactNativeJNI: Component property map contains multiple entries for 'borderBottomRightRadius'. Ensure all calls to convertRawProp use a consistent prefix, name and suffix.
01-10 21:20:14.841 19682 19714 W ReactNativeJNI: Component property map contains multiple entries for 'borderBottomStartRadius'. Ensure all calls to convertRawProp use a consistent prefix, name and suffix.
01-10 21:20:14.857 19682 19714 W ReactNativeJNI: Component property map contains multiple entries for 'borderColor'. Ensure all calls to convertRawProp use a consistent prefix, name and suffix.
01-10 21:20:14.857 19682 19714 W ReactNativeJNI: Component property map contains multiple entries for 'borderStyle'. Ensure all calls to convertRawProp use a consistent prefix, name and suffix.
01-10 21:20:14.870 19682 19714 W unknown:BridgelessReact: ReactHost{0}.getOrCreateReactInstanceTask(): Loading JS Bundle
01-10 21:20:14.870 19682 19714 W unknown:BridgelessReact: ReactHost{0}.getOrCreateReactInstanceTask(): Calling DevSupportManagerBase.onNewReactContextCreated(reactContext)
01-10 21:20:14.870 19682 19714 W unknown:BridgelessReact: ReactHost{0}.startSurface(surfaceId = 0): Execute
01-10 21:20:14.870 19682 19682 W unknown:BridgelessReact: ReactContext.onHostResume()
01-10 21:20:14.871 19682 19682 W unknown:BridgelessReact: ReactHost{0}.getOrCreateReactInstanceTask(): Executing ReactInstanceEventListeners
01-10 21:20:14.887 19682 19715 D nativeloader: Load /data/app/~~eKtdK4ANAlfaduHBa4kuiQ==/app.rork.dominder_android_reminder_app-vjAeWuBQyCoH0vaElFwMyA==/base.apk!/lib/arm64-v8a/libexpo-modules-core.so using class loader ns clns-4 (caller=/data/app/~~eKtdK4ANAlfaduHBa4kuiQ==/app.rork.dominder_android_reminder_app-vjAeWuBQyCoH0vaElFwMyA==/base.apk!classes2.dex): ok
01-10 21:20:14.895 19682 19715 D CompatibilityChangeReporter: Compat change id reported: 210923482; UID 11058; state: ENABLED
01-10 21:20:14.898 19682 19715 W unknown:ViewManagerPropertyUpdater: Could not find generated setter for class com.th3rdwave.safeareacontext.SafeAreaProviderManager
01-10 21:20:14.900 19682 19715 W unknown:ViewManagerPropertyUpdater: Could not find generated setter for class com.facebook.react.uimanager.LayoutShadowNode
01-10 21:20:14.902 19682 19715 W unknown:ViewManagerPropertyUpdater: Could not find generated setter for class com.swmansion.rnscreens.SearchBarManager
01-10 21:20:14.902 19682 19715 W unknown:ViewManagerPropertyUpdater: Could not find generated setter for class com.swmansion.rnscreens.ScreenFooterManager
01-10 21:20:14.903 19682 19715 W unknown:ViewManagerPropertyUpdater: Could not find generated setter for class expo.modules.kotlin.views.GroupViewManagerWrapper
01-10 21:20:14.904 19682 19715 W unknown:ViewManagerPropertyUpdater: Could not find generated setter for class com.swmansion.rnscreens.ScreenContainerViewManager
01-10 21:20:14.905 19682 19715 W unknown:ViewManagerPropertyUpdater: Could not find generated setter for class com.swmansion.rnscreens.ModalScreenViewManager
01-10 21:20:14.907 19682 19715 W unknown:ViewManagerPropertyUpdater: Could not find generated setter for class com.swmansion.rnscreens.ScreenStackHeaderConfigViewManager
01-10 21:20:14.907 19682 19715 W unknown:ViewManagerPropertyUpdater: Could not find generated setter for class com.swmansion.rnscreens.ScreenContentWrapperManager
01-10 21:20:14.908 19682 19715 W unknown:ViewManagerPropertyUpdater: Could not find generated setter for class com.th3rdwave.safeareacontext.SafeAreaViewManager
01-10 21:20:14.908 19682 19715 W unknown:ViewManagerPropertyUpdater: Could not find generated setter for class com.th3rdwave.safeareacontext.SafeAreaViewShadowNode
01-10 21:20:14.909 19682 19715 W unknown:ViewManagerPropertyUpdater: Could not find generated setter for class com.shopify.reactnative.flash_list.AutoLayoutViewManager
01-10 21:20:14.909 19682 19715 W unknown:ViewManagerPropertyUpdater: Could not find generated setter for class com.shopify.reactnative.flash_list.CellContainerManager
01-10 21:20:14.910 19682 19715 W unknown:ViewManagerPropertyUpdater: Could not find generated setter for class com.swmansion.rnscreens.ScreenViewManager
01-10 21:20:14.910 19682 19715 W unknown:ViewManagerPropertyUpdater: Could not find generated setter for class expo.modules.kotlin.views.SimpleViewManagerWrapper
01-10 21:20:14.911 19682 19715 W unknown:ViewManagerPropertyUpdater: Could not find generated setter for class com.swmansion.rnscreens.ScreenStackHeaderSubviewManager
01-10 21:20:14.912 19682 19715 W unknown:ViewManagerPropertyUpdater: Could not find generated setter for class com.swmansion.rnscreens.ScreenStackViewManager
01-10 21:20:14.932 19682 19715 W unknown:ViewManagerPropertyUpdater: Could not find generated setter for class com.horcrux.svg.RenderableViewManager$DefsViewManager
01-10 21:20:14.933 19682 19715 W unknown:ViewManagerPropertyUpdater: Could not find generated setter for class com.horcrux.svg.VirtualViewManager$RenderableShadowNode
01-10 21:20:14.935 19682 19715 W unknown:ViewManagerPropertyUpdater: Could not find generated setter for class com.horcrux.svg.RenderableViewManager$FeMergeManager
01-10 21:20:14.936 19682 19715 W unknown:ViewManagerPropertyUpdater: Could not find generated setter for class com.facebook.react.views.safeareaview.ReactSafeAreaViewManager
01-10 21:20:14.936 19682 19715 W unknown:ViewManagerPropertyUpdater: Could not find generated setter for class com.facebook.react.views.safeareaview.ReactSafeAreaViewShadowNode
01-10 21:20:14.937 19682 19715 W unknown:ViewManagerPropertyUpdater: Could not find generated setter for class com.horcrux.svg.RenderableViewManager$LinearGradientManager
01-10 21:20:14.939 19682 19715 W unknown:ViewManagerPropertyUpdater: Could not find generated setter for class com.horcrux.svg.RenderableViewManager$FeGaussianBlurManager
01-10 21:20:14.940 19682 19715 W unknown:ViewManagerPropertyUpdater: Could not find generated setter for class com.facebook.react.views.progressbar.ReactProgressBarViewManager
01-10 21:20:14.941 19682 19715 W unknown:ViewManagerPropertyUpdater: Could not find generated setter for class com.facebook.react.views.progressbar.ProgressBarShadowNode
01-10 21:20:14.942 19682 19715 W unknown:ViewManagerPropertyUpdater: Could not find generated setter for class com.facebook.react.views.scroll.ReactHorizontalScrollViewManager
01-10 21:20:14.944 19682 19715 W unknown:ViewManagerPropertyUpdater: Could not find generated setter for class com.facebook.react.views.text.ReactTextViewManager
01-10 21:20:14.944 19682 19715 W unknown:ViewManagerPropertyUpdater: Could not find generated setter for class com.facebook.react.views.text.ReactTextShadowNode
01-10 21:20:14.946 19682 19715 W unknown:ViewManagerPropertyUpdater: Could not find generated setter for class com.horcrux.svg.RenderableViewManager$FeColorMatrixManager
01-10 21:20:14.947 19682 19715 W unknown:ViewManagerPropertyUpdater: Could not find generated setter for class com.facebook.react.views.scroll.ReactHorizontalScrollContainerViewManager
01-10 21:20:14.949 19682 19715 W unknown:ViewManagerPropertyUpdater: Could not find generated setter for class com.horcrux.svg.RenderableViewManager$ClipPathViewManager
01-10 21:20:14.951 19682 19715 W unknown:ViewManagerPropertyUpdater: Could not find generated setter for class com.horcrux.svg.RenderableViewManager$SymbolManager
01-10 21:20:14.953 19682 19715 W unknown:ViewManagerPropertyUpdater: Could not find generated setter for class com.horcrux.svg.RenderableViewManager$PatternManager
01-10 21:20:14.954 19682 19715 W unknown:ViewManagerPropertyUpdater: Could not find generated setter for class com.horcrux.svg.RenderableViewManager$FeBlendManager
01-10 21:20:14.956 19682 19715 W unknown:ViewManagerPropertyUpdater: Could not find generated setter for class com.facebook.react.views.view.ReactViewManager
01-10 21:20:14.957 19682 19715 W unknown:ViewManagerPropertyUpdater: Could not find generated setter for class com.horcrux.svg.SvgViewManager
01-10 21:20:14.959 19682 19715 W unknown:ViewManagerPropertyUpdater: Could not find generated setter for class com.facebook.react.views.switchview.ReactSwitchManager
01-10 21:20:14.959 19682 19715 W unknown:ViewManagerPropertyUpdater: Could not find generated setter for class com.facebook.react.views.switchview.ReactSwitchShadowNode
01-10 21:20:14.960 19682 19715 W unknown:ViewManagerPropertyUpdater: Could not find generated setter for class com.horcrux.svg.RenderableViewManager$UseViewManager
01-10 21:20:14.962 19682 19715 W unknown:ViewManagerPropertyUpdater: Could not find generated setter for class com.horcrux.svg.RenderableViewManager$CircleViewManager
01-10 21:20:14.964 19682 19715 W unknown:ViewManagerPropertyUpdater: Could not find generated setter for class com.horcrux.svg.RenderableViewManager$TSpanViewManager
01-10 21:20:14.966 19682 19715 W unknown:ViewManagerPropertyUpdater: Could not find generated setter for class com.horcrux.svg.RenderableViewManager$FilterManager
01-10 21:20:14.967 19682 19715 W unknown:ViewManagerPropertyUpdater: Could not find generated setter for class com.horcrux.svg.RenderableViewManager$MarkerManager
01-10 21:20:14.969 19682 19715 W unknown:ViewManagerPropertyUpdater: Could not find generated setter for class com.swmansion.gesturehandler.react.RNGestureHandlerButtonViewManager
01-10 21:20:14.971 19682 19715 W unknown:ViewManagerPropertyUpdater: Could not find generated setter for class com.facebook.react.views.modal.ReactModalHostManager
01-10 21:20:14.973 19682 19715 W unknown:ViewManagerPropertyUpdater: Could not find generated setter for class com.horcrux.svg.RenderableViewManager$ForeignObjectManager
01-10 21:20:14.974 19682 19715 W unknown:ViewManagerPropertyUpdater: Could not find generated setter for class com.horcrux.svg.RenderableViewManager$EllipseViewManager
01-10 21:20:14.976 19682 19715 W unknown:ViewManagerPropertyUpdater: Could not find generated setter for class com.horcrux.svg.RenderableViewManager$LineViewManager
01-10 21:20:14.977 19682 19715 W unknown:ViewManagerPropertyUpdater: Could not find generated setter for class com.facebook.react.views.text.frescosupport.FrescoBasedReactTextInlineImageViewManager
01-10 21:20:14.977 19682 19715 W unknown:ViewManagerPropertyUpdater: Could not find generated setter for class com.facebook.react.views.text.frescosupport.FrescoBasedReactTextInlineImageShadowNode
01-10 21:20:14.979 19682 19715 W unknown:ViewManagerPropertyUpdater: Could not find generated setter for class com.horcrux.svg.RenderableViewManager$FeFloodManager
01-10 21:20:14.980 19682 19715 W unknown:ViewManagerPropertyUpdater: Could not find generated setter for class com.horcrux.svg.RenderableViewManager$GroupViewManager
01-10 21:20:14.981 19682 19715 W unknown:ViewManagerPropertyUpdater: Could not find generated setter for class com.horcrux.svg.RenderableViewManager$TextViewManager
01-10 21:20:14.983 19682 19715 W unknown:ViewManagerPropertyUpdater: Could not find generated setter for class com.horcrux.svg.RenderableViewManager$ImageViewManager
01-10 21:20:14.985 19682 19715 W unknown:ViewManagerPropertyUpdater: Could not find generated setter for class com.horcrux.svg.RenderableViewManager$FeCompositeManager
01-10 21:20:14.986 19682 19715 W unknown:ViewManagerPropertyUpdater: Could not find generated setter for class com.facebook.react.views.image.ReactImageManager
01-10 21:20:14.988 19682 19715 W unknown:ViewManagerPropertyUpdater: Could not find generated setter for class com.horcrux.svg.RenderableViewManager$RadialGradientManager
01-10 21:20:14.989 19682 19715 W unknown:ViewManagerPropertyUpdater: Could not find generated setter for class com.horcrux.svg.RenderableViewManager$MaskManager
01-10 21:20:14.991 19682 19715 W unknown:ViewManagerPropertyUpdater: Could not find generated setter for class com.facebook.react.views.unimplementedview.ReactUnimplementedViewManager
01-10 21:20:14.992 19682 19715 W unknown:ViewManagerPropertyUpdater: Could not find generated setter for class com.horcrux.svg.RenderableViewManager$RectViewManager
01-10 21:20:14.994 19682 19715 W unknown:ViewManagerPropertyUpdater: Could not find generated setter for class com.horcrux.svg.RenderableViewManager$TextPathViewManager
01-10 21:20:14.996 19682 19715 W unknown:ViewManagerPropertyUpdater: Could not find generated setter for class com.facebook.react.views.scroll.ReactScrollViewManager
01-10 21:20:14.998 19682 19715 W unknown:ViewManagerPropertyUpdater: Could not find generated setter for class com.horcrux.svg.RenderableViewManager$FeOffsetManager
01-10 21:20:14.999 19682 19715 W unknown:ViewManagerPropertyUpdater: Could not find generated setter for class com.horcrux.svg.RenderableViewManager$PathViewManager
01-10 21:20:15.000 19682 19715 W unknown:ViewManagerPropertyUpdater: Could not find generated setter for class com.facebook.react.views.drawer.ReactDrawerLayoutManager
01-10 21:20:15.002 19682 19715 W unknown:ViewManagerPropertyUpdater: Could not find generated setter for class com.facebook.react.views.text.ReactVirtualTextViewManager
01-10 21:20:15.002 19682 19715 W unknown:ViewManagerPropertyUpdater: Could not find generated setter for class com.facebook.react.views.text.ReactVirtualTextShadowNode
01-10 21:20:15.003 19682 19715 W unknown:ViewManagerPropertyUpdater: Could not find generated setter for class com.facebook.react.views.swiperefresh.SwipeRefreshLayoutManager
01-10 21:20:15.004 19682 19715 W unknown:ViewManagerPropertyUpdater: Could not find generated setter for class com.facebook.react.views.text.ReactRawTextManager
01-10 21:20:15.004 19682 19715 W unknown:ViewManagerPropertyUpdater: Could not find generated setter for class com.facebook.react.views.text.ReactRawTextShadowNode
01-10 21:20:15.005 19682 19715 W unknown:ViewManagerPropertyUpdater: Could not find generated setter for class com.facebook.react.views.textinput.ReactTextInputManager
01-10 21:20:15.006 19682 19715 W unknown:ViewManagerPropertyUpdater: Could not find generated setter for class com.facebook.react.views.textinput.ReactTextInputShadowNode
01-10 21:20:15.008 19682 19715 W unknown:ViewManagerPropertyUpdater: Could not find generated setter for class com.swmansion.gesturehandler.react.RNGestureHandlerRootViewManager
01-10 21:20:15.013 19682 19715 W BridgelessReactContext: [WARNING] Bridgeless doesn't support CatalystInstance. Accessing an API that's not part of the new architecture is not encouraged usage.
01-10 21:20:15.017 19682 19715 I ExpoModulesCore:  JSI interop was installed
01-10 21:20:15.018 19682 19715 I ExpoModulesCore:  Constants were exported
01-10 21:20:15.028 19682 19715 D nativeloader: Load /data/app/~~eKtdK4ANAlfaduHBa4kuiQ==/app.rork.dominder_android_reminder_app-vjAeWuBQyCoH0vaElFwMyA==/base.apk!/lib/arm64-v8a/libworklets.so using class loader ns clns-4 (caller=/data/app/~~eKtdK4ANAlfaduHBa4kuiQ==/app.rork.dominder_android_reminder_app-vjAeWuBQyCoH0vaElFwMyA==/base.apk!classes2.dex): ok
01-10 21:20:15.057 19682 19715 D nativeloader: Load /data/app/~~eKtdK4ANAlfaduHBa4kuiQ==/app.rork.dominder_android_reminder_app-vjAeWuBQyCoH0vaElFwMyA==/base.apk!/lib/arm64-v8a/libreanimated.so using class loader ns clns-4 (caller=/data/app/~~eKtdK4ANAlfaduHBa4kuiQ==/app.rork.dominder_android_reminder_app-vjAeWuBQyCoH0vaElFwMyA==/base.apk!classes2.dex): ok
01-10 21:20:15.178 19682 19715 D nativeloader: Load /data/app/~~eKtdK4ANAlfaduHBa4kuiQ==/app.rork.dominder_android_reminder_app-vjAeWuBQyCoH0vaElFwMyA==/base.apk!/lib/arm64-v8a/librnscreens.so using class loader ns clns-4 (caller=/data/app/~~eKtdK4ANAlfaduHBa4kuiQ==/app.rork.dominder_android_reminder_app-vjAeWuBQyCoH0vaElFwMyA==/base.apk!classes2.dex): ok
01-10 21:20:15.187 19682 19715 I ReactNativeJS: '[NotificationService] AlarmModule availability:', 'Available'
01-10 21:20:15.187 19682 19715 I ReactNativeJS: '[NotificationService] AlarmModule methods:', [ 'scheduleAlarm' ]
01-10 21:20:15.188 19682 19715 I ReactNativeJS: Running "main"
01-10 21:20:15.237 19682 19715 I ReactNativeJS: polyfilling structuredClone
01-10 21:20:15.298 19682 19715 I ReactNativeJS: [useAlarmListeners] Setting up native alarm event listeners...
01-10 21:20:15.298 19682 19715 I ReactNativeJS: [AlarmSync] Hook initialized
01-10 21:20:15.298 19682 19715 I ReactNativeJS: [AlarmSync] Checking for completed alarms...
01-10 21:20:15.298 19682 19715 I ReactNativeJS: [RootLayout] Setting up notification handlers
01-10 21:20:15.298 19682 19715 I ReactNativeJS: [RootLayout] Initializing missed alarm service
01-10 21:20:15.298 19682 19715 I ReactNativeJS: [MissedAlarmService] Initializing...
01-10 21:20:15.299 19682 19715 I ReactNativeJS: [MissedAlarmService] Initialized successfully
01-10 21:20:15.299 19682 19715 I ReactNativeJS: [AppStartup] Initializing notification services...
01-10 21:20:15.299 19682 19715 I ReactNativeJS: [Dominder-Debug] Ensuring base notification channels
01-10 21:20:15.299 19682 19715 I ReactNativeJS: '[Dominder-Debug] Creating channel:', '{"id":"standard-v2","name":"Standard Notifications","importance":4,"sound":"default","vibration":true}'
01-10 21:20:15.299 19682 19716 D DoMinderDebug: AlarmModule: getAllNativeReminderStates found 1 reminders
01-10 21:20:15.302 19682 19715 I ReactNativeJS: '[AlarmSync] Syncing native states for', 1, 'reminders'
01-10 21:20:15.302 19682 19715 I ReactNativeJS: '[RootLayout] Initial notification:', null
01-10 21:20:15.303 19682 19715 I ReactNativeJS: '[Dominder-Debug] Creating channel:', '{"id":"silent-v2","name":"Silent Notifications","importance":2,"vibration":false}'
01-10 21:20:15.303 19682 19716 D DoMinderDebug: AlarmModule: Retrieved 0 completed alarms
01-10 21:20:15.303 19682 19715 I ReactNativeJS: '[AlarmSync] Found completed alarms:', 0
01-10 21:20:15.303 19682 19716 D DoMinderDebug: AlarmModule: Retrieved 0 snoozed alarms
01-10 21:20:15.304 19682 19715 I ReactNativeJS: '[AlarmSync] Found snoozed alarms:', 0
01-10 21:20:15.304 19682 19716 D DoMinderDebug: AlarmModule: Retrieved 0 deleted alarms
01-10 21:20:15.304 19682 19715 I ReactNativeJS: '[AlarmSync] Found deleted alarms:', 0
01-10 21:20:15.304 19682 19715 I ReactNativeJS: '[Dominder-Debug] Creating channel:', '{"id":"alarm-v2","name":"Alarms","importance":4,"sound":"default","vibration":true,"bypassDnd":true}'
01-10 21:20:15.306 19682 19682 D VRI[MainActivity]: update {(0,0)(fillxfill) sim={adjust=pan forwardNavigation} ty=BASE_APPLICATION wanim=0x10302fd
01-10 21:20:15.306 19682 19682 D VRI[MainActivity]:   fl=LAYOUT_IN_SCREEN LAYOUT_INSET_DECOR SPLIT_TOUCH HARDWARE_ACCELERATED DRAWS_SYSTEM_BAR_BACKGROUNDS
01-10 21:20:15.306 19682 19682 D VRI[MainActivity]:   pfl=NO_MOVE_ANIMATION FORCE_DRAW_STATUS_BAR_BACKGROUND FIT_INSETS_CONTROLLED
01-10 21:20:15.306 19682 19682 D VRI[MainActivity]:   bhv=DEFAULT
01-10 21:20:15.306 19682 19682 D VRI[MainActivity]:   fitSides=} by setLayoutParams
01-10 21:20:15.308 19682 19682 D VRI[MainActivity]: update {(0,0)(fillxfill) sim={adjust=pan forwardNavigation} ty=BASE_APPLICATION wanim=0x10302fd
01-10 21:20:15.308 19682 19682 D VRI[MainActivity]:   fl=LAYOUT_IN_SCREEN FORCE_NOT_FULLSCREEN LAYOUT_INSET_DECOR SPLIT_TOUCH HARDWARE_ACCELERATED DRAWS_SYSTEM_BAR_BACKGROUNDS
01-10 21:20:15.308 19682 19682 D VRI[MainActivity]:   pfl=NO_MOVE_ANIMATION FORCE_DRAW_STATUS_BAR_BACKGROUND FIT_INSETS_CONTROLLED
01-10 21:20:15.308 19682 19682 D VRI[MainActivity]:   bhv=DEFAULT
01-10 21:20:15.308 19682 19682 D VRI[MainActivity]:   fitSides=} by setLayoutParams
01-10 21:20:15.309 19682 19682 D VRI[MainActivity]: update {(0,0)(fillxfill) sim={adjust=pan forwardNavigation} ty=BASE_APPLICATION wanim=0x10302fd
01-10 21:20:15.309 19682 19682 D VRI[MainActivity]:   fl=LAYOUT_IN_SCREEN FORCE_NOT_FULLSCREEN LAYOUT_INSET_DECOR SPLIT_TOUCH HARDWARE_ACCELERATED DRAWS_SYSTEM_BAR_BACKGROUNDS
01-10 21:20:15.309 19682 19682 D VRI[MainActivity]:   pfl=NO_MOVE_ANIMATION FORCE_DRAW_STATUS_BAR_BACKGROUND FIT_INSETS_CONTROLLED
01-10 21:20:15.309 19682 19682 D VRI[MainActivity]:   bhv=DEFAULT
01-10 21:20:15.309 19682 19682 D VRI[MainActivity]:   fitSides=} by setLayoutParams
01-10 21:20:15.317 19682 19682 W unknown:ViewManagerPropertyUpdater: Could not find generated setter for class com.facebook.react.uimanager.RootViewManager
01-10 21:20:15.328 19682 19715 I ReactNativeJS: '[Selection] Mode changed:', false, 'Selected count:', 0
01-10 21:20:15.329 19682 19715 I ReactNativeJS: '[ReminderEngine] Processing reminders, count:', 0
01-10 21:20:15.330 19682 19682 W [RNScreens]: backTitleVisible prop is not available on Android
01-10 21:20:15.330 19682 19682 W [RNScreens]: backTitleFontFamily prop is not available on Android
01-10 21:20:15.330 19682 19682 W [RNScreens]: disableBackButtonMenu prop is not available on Android
01-10 21:20:15.330 19682 19682 W [RNScreens]: largeTitleFontFamily prop is not available on Android
01-10 21:20:15.331 19682 19682 W [RNScreens]: largeTitleFontWeight prop is not available on Android
01-10 21:20:15.331 19682 19682 W [RNScreens]: largeTitleHideShadow prop is not available on Android
01-10 21:20:15.338 19682 19715 I ReactNativeJS: '[ReminderEngine] Processing reminders, count:', 0
01-10 21:20:15.340 19682 19715 I ReactNativeJS: [Dominder-Debug] Base channels ensured
01-10 21:20:15.351 19682 19682 I ReactNative: [GESTURE HANDLER] Initialize gesture handler for root view com.facebook.react.runtime.ReactSurfaceView{1f070a7 V.E...... ......ID 0,0-1080,2295 #b}
01-10 21:20:15.372 19682 19706 W Parcel  : Expecting binder but got null!
01-10 21:20:15.373 19682 19682 D VRI[MainActivity]: update {(0,0)(fillxfill) sim={adjust=pan forwardNavigation} ty=BASE_APPLICATION wanim=0x10302fd
01-10 21:20:15.373 19682 19682 D VRI[MainActivity]:   fl=LAYOUT_IN_SCREEN FORCE_NOT_FULLSCREEN LAYOUT_INSET_DECOR SPLIT_TOUCH HARDWARE_ACCELERATED DRAWS_SYSTEM_BAR_BACKGROUNDS
01-10 21:20:15.373 19682 19682 D VRI[MainActivity]:   pfl=NO_MOVE_ANIMATION FORCE_DRAW_STATUS_BAR_BACKGROUND FIT_INSETS_CONTROLLED
01-10 21:20:15.373 19682 19682 D VRI[MainActivity]:   bhv=DEFAULT
01-10 21:20:15.373 19682 19682 D VRI[MainActivity]:   fitSides=} by setLayoutParams
01-10 21:20:15.375 19682 19715 I ReactNativeJS: [StartupCheck] Checking for pending notifications and rescheduling all active reminders...
01-10 21:20:15.385 19682 19715 I ReactNativeJS: '[ReminderEngine] Processing reminders, count:', 11
01-10 21:20:15.385 19682 19715 I ReactNativeJS: [ReminderEngine] Processing reminder 1768060180885, repeatType: every
01-10 21:20:15.385 19682 19715 I ReactNativeJS: [ReminderEngine] Reminder 1768060180885 has nextReminderDate: 2026-01-10T15:51:00.000Z
01-10 21:20:15.385 19682 19715 I ReactNativeJS: [ReminderEngine] Scheduling notification for reminder 1768060180885 at 2026-01-10T15:51:00.000Z
01-10 21:20:15.404 19682 19682 D CompatibilityChangeReporter: Compat change id reported: 171228096; UID 11058; state: ENABLED
01-10 21:20:15.475 19682 19715 I ReactNativeJS: '[RootLayout] Foreground event:', { type: 3, pressAction: undefined }
01-10 21:20:15.475 19682 19716 D DoMinderDebug: AlarmModule: getAllNativeReminderStates found 1 reminders
01-10 21:20:15.517 19682 19715 I ReactNativeJS: [StartupCheck] Syncing occurrence counts from 1 native states
01-10 21:20:15.517 19682 19715 I ReactNativeJS: [NotificationService] SCHEDULE_EXACT_ALARM permission granted - using exact timing
01-10 21:20:15.517 19682 19715 I ReactNativeJS: [NotificationService] Scheduling reminder 1768060180885, priority: high, repeatType: every
01-10 21:20:15.518 19682 19715 I ReactNativeJS: [NotificationService] Skipping sequential delay for 'every' reminder to preserve exact timing
01-10 21:20:15.518 19682 19715 I ReactNativeJS: [NotificationService] Scheduling for 2026-01-10T15:51:00.000Z
01-10 21:20:15.518 19682 19716 D DoMinderDebug: AlarmModule: Stored metadata for 1768060180885 - repeatType=every, everyValue=1, everyUnit=minutes, occurrenceCount=0
01-10 21:20:15.521 19682 19715 I ReactNativeJS: [NotificationService] Stored metadata for native alarm 1768060180885
01-10 21:20:15.521 19682 19715 I ReactNativeJS: [StartupCheck] Currently displayed notifications count: 1
01-10 21:20:15.521 19682 19715 I ReactNativeJS: [StartupCheck] Displayed IDs: maintenance-notification
01-10 21:20:15.521 19682 19715 I ReactNativeJS: [StartupCheck] Reminder 1768060180885: scheduled=2026-01-10T15:51:00.000Z, diff=-44479ms
01-10 21:20:15.521 19682 19715 I ReactNativeJS: [StartupCheck] -> Classified as FUTURE (Rescheduling): 1768060180885
01-10 21:20:15.521 19682 19715 I ReactNativeJS: [StartupCheck] Rescheduling 1 future reminders
01-10 21:20:15.522 19682 19716 D DoMinderDebug: AlarmModule: Scheduling alarm broadcast for 1768060180885 at 1.76806026E12
01-10 21:20:15.523 19682 19716 D DoMinderDebug: AlarmModule: Successfully scheduled alarm broadcast
01-10 21:20:15.525 19682 19715 I ReactNativeJS: [NotificationService] Scheduled native alarm for rem-1768060180885 with priority high
01-10 21:20:15.525 19682 19715 I ReactNativeJS: [ReminderEngine] Successfully scheduled 1768060180885
01-10 21:20:15.528 19682 19715 D nativeloader: Load /data/app/~~eKtdK4ANAlfaduHBa4kuiQ==/app.rork.dominder_android_reminder_app-vjAeWuBQyCoH0vaElFwMyA==/base.apk!/lib/arm64-v8a/libgesturehandler.so using class loader ns clns-4 (caller=/data/app/~~eKtdK4ANAlfaduHBa4kuiQ==/app.rork.dominder_android_reminder_app-vjAeWuBQyCoH0vaElFwMyA==/base.apk!classes2.dex): ok
01-10 21:20:15.528 19682 19715 D jni_lib_merge: Entering merged library JNI_OnLoad.
01-10 21:20:15.528 19682 19715 D jni_lib_merge: Preparing 11 pre-merged libs (including stub)
01-10 21:20:15.528 19682 19715 D jni_lib_merge: Preparing to register libfabricjni_so.  onload_func: 0x7836d084c4
01-10 21:20:15.528 19682 19715 D jni_lib_merge: Preparing to register libreact_devsupportjni_so.  onload_func: 0x7836dda110
01-10 21:20:15.528 19682 19715 D jni_lib_merge: Preparing to register libreact_featureflagsjni_so.  onload_func: 0x7836de23ac
01-10 21:20:15.528 19682 19715 D jni_lib_merge: Preparing to register libreact_newarchdefaults_so.  onload_func: 0x7836e063c8
01-10 21:20:15.528 19682 19715 D jni_lib_merge: Preparing to register libreactnativeblob_so.  onload_func: 0x7836e8d21c
01-10 21:20:15.528 19682 19715 D jni_lib_merge: Preparing to register libreactnativejni_so.  onload_func: 0x7836eab204
01-10 21:20:15.528 19682 19715 D jni_lib_merge: Preparing to register librninstance_so.  onload_func: 0x7836ec4990
01-10 21:20:15.528 19682 19715 D jni_lib_merge: Preparing to register libturbomodulejsijni_so.  onload_func: 0x7836f3f87c
01-10 21:20:15.528 19682 19715 D jni_lib_merge: Preparing to register libuimanagerjni_so.  onload_func: 0x7836f46d94
01-10 21:20:15.528 19682 19715 D jni_lib_merge: Preparing to register libyoga_so.  onload_func: 0x7836f4c1e8
01-10 21:20:15.528 19682 19715 D jni_lib_merge: About to register 10 actual methods.
01-10 21:20:15.529 19682 19715 I ReactNativeJS: [NotificationService] SCHEDULE_EXACT_ALARM permission granted - using exact timing
01-10 21:20:15.529 19682 19715 I ReactNativeJS: [NotificationService] Scheduling reminder 1768060180885, priority: high, repeatType: every
01-10 21:20:15.529 19682 19715 I ReactNativeJS: [NotificationService] Skipping sequential delay for 'every' reminder to preserve exact timing
01-10 21:20:15.529 19682 19715 I ReactNativeJS: [NotificationService] Scheduling for 2026-01-10T15:51:00.000Z
01-10 21:20:15.529 19682 19716 D DoMinderDebug: AlarmModule: Stored metadata for 1768060180885 - repeatType=every, everyValue=1, everyUnit=minutes, occurrenceCount=0
01-10 21:20:15.529 19682 19715 I ReactNativeJS: [NotificationService] Stored metadata for native alarm 1768060180885
01-10 21:20:15.530 19682 19716 D DoMinderDebug: AlarmModule: Scheduling alarm broadcast for 1768060180885 at 1.76806026E12
01-10 21:20:15.530 19682 19716 D DoMinderDebug: AlarmModule: Successfully scheduled alarm broadcast
01-10 21:20:15.531 19682 19715 I ReactNativeJS: [NotificationService] Scheduled native alarm for rem-1768060180885 with priority high
01-10 21:20:15.531 19682 19715 I ReactNativeJS: [StartupCheck] Rescheduled reminder: 1768060180885
01-10 21:20:15.531 19682 19715 I ReactNativeJS: [StartupCheck] Completed pending notification check and rescheduling
01-10 21:20:15.531 19682 19738 I NOTIFEE : (NotificationManager): Removing notification with id maintenance-notification
01-10 21:20:15.531 19682 19738 I NOTIFEE : (NotificationManager): Removing notification with id maintenance-notification
01-10 21:20:15.533 19682 19715 I ReactNativeJS: [AppStartup] Pending notifications check completed
01-10 21:20:15.534 19682 19715 I ReactNativeJS: [NotificationRefresh] Initializing notification refresh service
01-10 21:20:15.534 19682 19715 I ReactNativeJS: [NotificationRefresh] Scheduling midnight refresh in 160 minutes
01-10 21:20:15.539 19682 19715 I ReactNativeJS: '[NotificationRefresh] Midnight refresh scheduled for:', '2026-01-10T18:30:00.000Z'
01-10 21:20:15.539 19682 19715 I ReactNativeJS: [AppStartup] Notification services initialized
01-10 21:20:15.543 19682 19715 I ReactNativeJS: '[RootLayout] Foreground event:', { type: 7, pressAction: undefined }
01-10 21:20:19.721 19682 19811 D ProfileInstaller: Skipping profile installation for app.rork.dominder_android_reminder_app
01-10 21:20:23.130 19682 19682 W unknown:BridgelessReact: ReactHost{0}.onHostPause(activity)
01-10 21:20:23.130 19682 19682 W unknown:BridgelessReact: ReactContext.onHostPause()
01-10 21:20:23.141 19682 19714 I ReactNativeJNI: Memory warning (pressure level: TRIM_MEMORY_UI_HIDDEN) received by JS VM, ignoring because it's non-severe
01-10 21:20:23.173 19682 19706 D Surface : Surface::disconnect
01-10 21:20:23.173 19682 19706 D BufferQueueProducer: [VRI[MainActivity]#0(BLAST Consumer)0](id:4ce200000000,api:1,p:19682,c:19682) disconnect: api 1
