--------- beginning of main
12-19 07:26:31.992 29220 29220 I id_reminder_app: Using CollectorTypeCC GC.
12-19 07:26:32.000 29220 29220 D nativeloader: Load libframework-connectivity-tiramisu-jni.so using APEX ns com_android_tethering for caller /apex/com.android.tethering/javalib/framework-connectivity-t.jar: ok
12-19 07:26:32.011 29220 29220 D CompatibilityChangeReporter: Compat change id reported: 171979766; UID 10997; state: ENABLED
12-19 07:26:32.074 29220 29220 D nativeloader: Configuring clns-4 for other apk /data/app/~~s2BK8qgcV2HqIAnabIFqvQ==/app.rork.dominder_android_reminder_app-b8aBKQmGhLnot-dgaDR4jg==/base.apk. target_sdk_version=35, uses_libraries=, library_path=/data/app/~~s2BK8qgcV2HqIAnabIFqvQ==/app.rork.dominder_android_reminder_app-b8aBKQmGhLnot-dgaDR4jg==/lib/arm64:/data/app/~~s2BK8qgcV2HqIAnabIFqvQ==/app.rork.dominder_android_reminder_app-b8aBKQmGhLnot-dgaDR4jg==/base.apk!/lib/arm64-v8a, permitted_path=/data:/mnt/expand:/data/user/0/app.rork.dominder_android_reminder_app
12-19 07:26:32.083 29220 29220 D nativeloader: Load libframework-connectivity-jni.so using APEX ns com_android_tethering for caller /apex/com.android.tethering/javalib/framework-connectivity.jar: ok
12-19 07:26:32.085 29220 29220 V GraphicsEnvironment: ANGLE Developer option for 'app.rork.dominder_android_reminder_app' set to: 'default'
12-19 07:26:32.085 29220 29220 V GraphicsEnvironment: ANGLE GameManagerService for app.rork.dominder_android_reminder_app: false
12-19 07:26:32.085 29220 29220 V GraphicsEnvironment: Neither updatable production driver nor prerelease driver is supported.
12-19 07:26:32.087 29220 29220 D NetworkSecurityConfig: No Network Security Config specified, using platform default
12-19 07:26:32.087 29220 29220 D NetworkSecurityConfig: No Network Security Config specified, using platform default
12-19 07:26:32.097 29220 29220 D WM-WrkMgrInitializer: Initializing WorkManager with default configuration.
12-19 07:26:32.100 29220 29220 D WM-PackageManagerHelper: Skipping component enablement for androidx.work.impl.background.systemjob.SystemJobService
12-19 07:26:32.100 29220 29220 D WM-Schedulers: Created SystemJobScheduler and enabled SystemJobService
12-19 07:26:32.101 29220 29220 D NOTIFEE : (context): received application context
12-19 07:26:32.103 29220 29220 W SoLoader: Initializing SoLoader: 0
12-19 07:26:32.103 29220 29220 W SoLoader: Recording new base apk path: /data/app/~~s2BK8qgcV2HqIAnabIFqvQ==/app.rork.dominder_android_reminder_app-b8aBKQmGhLnot-dgaDR4jg==/base.apk
12-19 07:26:32.103 29220 29220 W SoLoader: Previously recorded 0 base apk paths.
12-19 07:26:32.104 29220 29220 I SoLoader: Preparing SO source: DirectorySoSource[root = /vendor/lib64 flags = 2]
12-19 07:26:32.104 29220 29220 I SoLoader: Preparing SO source: DirectorySoSource[root = /system/lib64 flags = 2]
12-19 07:26:32.104 29220 29220 I SoLoader: Preparing SO source: DirectApkSoSource[root = [/data/app/~~s2BK8qgcV2HqIAnabIFqvQ==/app.rork.dominder_android_reminder_app-b8aBKQmGhLnot-dgaDR4jg==/base.apk!/lib/arm64-v8a]]
12-19 07:26:32.107 29220 29220 I SoLoader: Preparing SO source: ApplicationSoSource[DirectorySoSource[root = /data/app/~~s2BK8qgcV2HqIAnabIFqvQ==/app.rork.dominder_android_reminder_app-b8aBKQmGhLnot-dgaDR4jg==/lib/arm64 flags = 0]]
12-19 07:26:32.107 29220 29220 I SoLoader: init finish: 4 SO sources prepared
12-19 07:26:32.107 29220 29220 W SoLoader: SoLoader initialized: 8
12-19 07:26:32.112 29220 29240 D CompatibilityChangeReporter: Compat change id reported: 160794467; UID 10997; state: ENABLED
12-19 07:26:32.117 29220 29220 D nativeloader: Load /data/app/~~s2BK8qgcV2HqIAnabIFqvQ==/app.rork.dominder_android_reminder_app-b8aBKQmGhLnot-dgaDR4jg==/base.apk!/lib/arm64-v8a/libc++_shared.so using class loader ns clns-4 (caller=/data/app/~~s2BK8qgcV2HqIAnabIFqvQ==/app.rork.dominder_android_reminder_app-b8aBKQmGhLnot-dgaDR4jg==/base.apk!classes2.dex): ok
12-19 07:26:32.121 29220 29220 D nativeloader: Load /data/app/~~s2BK8qgcV2HqIAnabIFqvQ==/app.rork.dominder_android_reminder_app-b8aBKQmGhLnot-dgaDR4jg==/base.apk!/lib/arm64-v8a/libjsi.so using class loader ns clns-4 (caller=/data/app/~~s2BK8qgcV2HqIAnabIFqvQ==/app.rork.dominder_android_reminder_app-b8aBKQmGhLnot-dgaDR4jg==/base.apk!classes2.dex): ok
12-19 07:26:32.126 29220 29220 D nativeloader: Load /data/app/~~s2BK8qgcV2HqIAnabIFqvQ==/app.rork.dominder_android_reminder_app-b8aBKQmGhLnot-dgaDR4jg==/base.apk!/lib/arm64-v8a/libfbjni.so using class loader ns clns-4 (caller=/data/app/~~s2BK8qgcV2HqIAnabIFqvQ==/app.rork.dominder_android_reminder_app-b8aBKQmGhLnot-dgaDR4jg==/base.apk!classes2.dex): ok
12-19 07:26:32.132 29220 29220 D nativeloader: Load /data/app/~~s2BK8qgcV2HqIAnabIFqvQ==/app.rork.dominder_android_reminder_app-b8aBKQmGhLnot-dgaDR4jg==/base.apk!/lib/arm64-v8a/libreactnative.so using class loader ns clns-4 (caller=/data/app/~~s2BK8qgcV2HqIAnabIFqvQ==/app.rork.dominder_android_reminder_app-b8aBKQmGhLnot-dgaDR4jg==/base.apk!classes2.dex): ok
12-19 07:26:32.132 29220 29220 D jni_lib_merge: Entering merged library JNI_OnLoad.
12-19 07:26:32.132 29220 29220 D jni_lib_merge: Preparing 11 pre-merged libs (including stub)
12-19 07:26:32.132 29220 29220 D jni_lib_merge: Preparing to register libfabricjni_so.  onload_func: 0x6e94a9d4c4
12-19 07:26:32.132 29220 29220 D jni_lib_merge: Preparing to register libreact_devsupportjni_so.  onload_func: 0x6e94b6f110
12-19 07:26:32.132 29220 29220 D jni_lib_merge: Preparing to register libreact_featureflagsjni_so.  onload_func: 0x6e94b773ac
12-19 07:26:32.132 29220 29220 D jni_lib_merge: Preparing to register libreact_newarchdefaults_so.  onload_func: 0x6e94b9b3c8
12-19 07:26:32.132 29220 29220 D jni_lib_merge: Preparing to register libreactnativeblob_so.  onload_func: 0x6e94c2221c
12-19 07:26:32.132 29220 29220 D jni_lib_merge: Preparing to register libreactnativejni_so.  onload_func: 0x6e94c40204
12-19 07:26:32.132 29220 29220 D jni_lib_merge: Preparing to register librninstance_so.  onload_func: 0x6e94c59990
12-19 07:26:32.132 29220 29220 D jni_lib_merge: Preparing to register libturbomodulejsijni_so.  onload_func: 0x6e94cd487c
12-19 07:26:32.132 29220 29220 D jni_lib_merge: Preparing to register libuimanagerjni_so.  onload_func: 0x6e94cdbd94
12-19 07:26:32.132 29220 29220 D jni_lib_merge: Preparing to register libyoga_so.  onload_func: 0x6e94ce11e8
12-19 07:26:32.132 29220 29220 D jni_lib_merge: About to register 10 actual methods.
12-19 07:26:32.141 29220 29220 D nativeloader: Load /data/app/~~s2BK8qgcV2HqIAnabIFqvQ==/app.rork.dominder_android_reminder_app-b8aBKQmGhLnot-dgaDR4jg==/base.apk!/lib/arm64-v8a/libreact_codegen_rnscreens.so using class loader ns clns-4 (caller=/data/app/~~s2BK8qgcV2HqIAnabIFqvQ==/app.rork.dominder_android_reminder_app-b8aBKQmGhLnot-dgaDR4jg==/base.apk!classes2.dex): ok
12-19 07:26:32.141 29220 29220 D jni_lib_merge: Entering merged library JNI_OnLoad.
12-19 07:26:32.141 29220 29220 D jni_lib_merge: Preparing 11 pre-merged libs (including stub)
12-19 07:26:32.141 29220 29220 D jni_lib_merge: Preparing to register libfabricjni_so.  onload_func: 0x6e94a9d4c4
12-19 07:26:32.141 29220 29220 D jni_lib_merge: Preparing to register libreact_devsupportjni_so.  onload_func: 0x6e94b6f110
12-19 07:26:32.141 29220 29220 D jni_lib_merge: Preparing to register libreact_featureflagsjni_so.  onload_func: 0x6e94b773ac
12-19 07:26:32.141 29220 29220 D jni_lib_merge: Preparing to register libreact_newarchdefaults_so.  onload_func: 0x6e94b9b3c8
12-19 07:26:32.141 29220 29220 D jni_lib_merge: Preparing to register libreactnativeblob_so.  onload_func: 0x6e94c2221c
12-19 07:26:32.141 29220 29220 D jni_lib_merge: Preparing to register libreactnativejni_so.  onload_func: 0x6e94c40204
12-19 07:26:32.141 29220 29220 D jni_lib_merge: Preparing to register librninstance_so.  onload_func: 0x6e94c59990
12-19 07:26:32.141 29220 29220 D jni_lib_merge: Preparing to register libturbomodulejsijni_so.  onload_func: 0x6e94cd487c
12-19 07:26:32.141 29220 29220 D jni_lib_merge: Preparing to register libuimanagerjni_so.  onload_func: 0x6e94cdbd94
12-19 07:26:32.141 29220 29220 D jni_lib_merge: Preparing to register libyoga_so.  onload_func: 0x6e94ce11e8
12-19 07:26:32.141 29220 29220 D jni_lib_merge: About to register 10 actual methods.
12-19 07:26:32.146 29220 29220 D nativeloader: Load /data/app/~~s2BK8qgcV2HqIAnabIFqvQ==/app.rork.dominder_android_reminder_app-b8aBKQmGhLnot-dgaDR4jg==/base.apk!/lib/arm64-v8a/libreact_codegen_rnsvg.so using class loader ns clns-4 (caller=/data/app/~~s2BK8qgcV2HqIAnabIFqvQ==/app.rork.dominder_android_reminder_app-b8aBKQmGhLnot-dgaDR4jg==/base.apk!classes2.dex): ok
12-19 07:26:32.146 29220 29220 D jni_lib_merge: Entering merged library JNI_OnLoad.
12-19 07:26:32.146 29220 29220 D jni_lib_merge: Preparing 11 pre-merged libs (including stub)
12-19 07:26:32.146 29220 29220 D jni_lib_merge: Preparing to register libfabricjni_so.  onload_func: 0x6e94a9d4c4
12-19 07:26:32.146 29220 29220 D jni_lib_merge: Preparing to register libreact_devsupportjni_so.  onload_func: 0x6e94b6f110
12-19 07:26:32.146 29220 29220 D jni_lib_merge: Preparing to register libreact_featureflagsjni_so.  onload_func: 0x6e94b773ac
12-19 07:26:32.146 29220 29220 D jni_lib_merge: Preparing to register libreact_newarchdefaults_so.  onload_func: 0x6e94b9b3c8
12-19 07:26:32.146 29220 29220 D jni_lib_merge: Preparing to register libreactnativeblob_so.  onload_func: 0x6e94c2221c
12-19 07:26:32.146 29220 29220 D jni_lib_merge: Preparing to register libreactnativejni_so.  onload_func: 0x6e94c40204
12-19 07:26:32.146 29220 29220 D jni_lib_merge: Preparing to register librninstance_so.  onload_func: 0x6e94c59990
12-19 07:26:32.146 29220 29220 D jni_lib_merge: Preparing to register libturbomodulejsijni_so.  onload_func: 0x6e94cd487c
12-19 07:26:32.146 29220 29220 D jni_lib_merge: Preparing to register libuimanagerjni_so.  onload_func: 0x6e94cdbd94
12-19 07:26:32.146 29220 29220 D jni_lib_merge: Preparing to register libyoga_so.  onload_func: 0x6e94ce11e8
12-19 07:26:32.146 29220 29220 D jni_lib_merge: About to register 10 actual methods.
12-19 07:26:32.151 29220 29220 D nativeloader: Load /data/app/~~s2BK8qgcV2HqIAnabIFqvQ==/app.rork.dominder_android_reminder_app-b8aBKQmGhLnot-dgaDR4jg==/base.apk!/lib/arm64-v8a/libreact_codegen_safeareacontext.so using class loader ns clns-4 (caller=/data/app/~~s2BK8qgcV2HqIAnabIFqvQ==/app.rork.dominder_android_reminder_app-b8aBKQmGhLnot-dgaDR4jg==/base.apk!classes2.dex): ok
12-19 07:26:32.154 29220 29220 D nativeloader: Load /data/app/~~s2BK8qgcV2HqIAnabIFqvQ==/app.rork.dominder_android_reminder_app-b8aBKQmGhLnot-dgaDR4jg==/base.apk!/lib/arm64-v8a/libappmodules.so using class loader ns clns-4 (caller=/data/app/~~s2BK8qgcV2HqIAnabIFqvQ==/app.rork.dominder_android_reminder_app-b8aBKQmGhLnot-dgaDR4jg==/base.apk!classes2.dex): ok
12-19 07:26:32.154 29220 29220 I Typeface: updateThemeFont new=Rookery-Regular;old=sans-serif;new=Rookery-Stacked;old=
12-19 07:26:32.161 29220 29220 D AppCompatDelegate: Checking for metadata for AppLocalesMetadataHolderService : Service not found
12-19 07:26:32.184 29220 29220 W unknown:BridgelessReact: ReactHost{0}.startSurface(surfaceId = 0): Schedule
12-19 07:26:32.184 29220 29220 W unknown:BridgelessReact: ReactHost{0}.attachSurface(surfaceId = 0)
12-19 07:26:32.185 29220 29253 W unknown:BridgelessReact: ReactHost{0}.getOrCreateReactInstanceTask()
12-19 07:26:32.185 29220 29253 W unknown:BridgelessReact: ReactHost{0}.getOrCreateReactInstanceTask(): Start
12-19 07:26:32.185 29220 29253 W unknown:BridgelessReact: ReactHost{0}.getJSBundleLoader()
12-19 07:26:32.185 29220 29253 W unknown:BridgelessReact: ReactHost{0}.getOrCreateReactContext(): Creating BridgelessReactContext
12-19 07:26:32.185 29220 29253 W unknown:BridgelessReact: ReactHost{0}.getOrCreateReactInstanceTask(): Creating ReactInstance
12-19 07:26:32.191 29220 29220 W unknown:BridgelessReact: ReactHost{0}.onHostResume(activity)
12-19 07:26:32.191 29220 29220 W unknown:BridgelessReact: ReactContext.onHostResume()
--------- beginning of system
12-19 07:26:32.198 29220 29220 D ViewRootImpl: update {(0,0)(fillxfill) sim={adjust=pan forwardNavigation} ty=BASE_APPLICATION wanim=0x10302fd
12-19 07:26:32.198 29220 29220 D ViewRootImpl:   fl=LAYOUT_IN_SCREEN LAYOUT_INSET_DECOR SPLIT_TOUCH HARDWARE_ACCELERATED DRAWS_SYSTEM_BAR_BACKGROUNDS
12-19 07:26:32.198 29220 29220 D ViewRootImpl:   pfl=NO_MOVE_ANIMATION FORCE_DRAW_STATUS_BAR_BACKGROUND FIT_INSETS_CONTROLLED
12-19 07:26:32.198 29220 29220 D ViewRootImpl:   bhv=DEFAULT
12-19 07:26:32.198 29220 29220 D ViewRootImpl:   fitSides=} by setView
12-19 07:26:32.202 29220 29253 D nativeloader: Load /data/app/~~s2BK8qgcV2HqIAnabIFqvQ==/app.rork.dominder_android_reminder_app-b8aBKQmGhLnot-dgaDR4jg==/base.apk!/lib/arm64-v8a/libhermes.so using class loader ns clns-4 (caller=/data/app/~~s2BK8qgcV2HqIAnabIFqvQ==/app.rork.dominder_android_reminder_app-b8aBKQmGhLnot-dgaDR4jg==/base.apk!classes2.dex): ok
12-19 07:26:32.203 29220 29253 D nativeloader: Load /data/app/~~s2BK8qgcV2HqIAnabIFqvQ==/app.rork.dominder_android_reminder_app-b8aBKQmGhLnot-dgaDR4jg==/base.apk!/lib/arm64-v8a/libhermestooling.so using class loader ns clns-4 (caller=/data/app/~~s2BK8qgcV2HqIAnabIFqvQ==/app.rork.dominder_android_reminder_app-b8aBKQmGhLnot-dgaDR4jg==/base.apk!classes2.dex): ok
12-19 07:26:32.203 29220 29253 D jni_lib_merge: Entering merged library JNI_OnLoad.
12-19 07:26:32.203 29220 29253 D jni_lib_merge: Preparing 4 pre-merged libs (including stub)
12-19 07:26:32.203 29220 29253 D jni_lib_merge: Preparing to register libhermes_executor_so.  onload_func: 0x6f13edb11c
12-19 07:26:32.203 29220 29253 D jni_lib_merge: Preparing to register libhermesinstancejni_so.  onload_func: 0x6f13ee2a58
12-19 07:26:32.203 29220 29253 D jni_lib_merge: Preparing to register libjsijniprofiler_so.  onload_func: 0x6f13ee3114
12-19 07:26:32.203 29220 29253 D jni_lib_merge: About to register 3 actual methods.
12-19 07:26:32.220 29220 29246 I AdrenoGLES-0: QUALCOMM build                   : 43fc279f3a, I58833f8ed4
12-19 07:26:32.220 29220 29246 I AdrenoGLES-0: Build Date                       : 03/24/23
12-19 07:26:32.220 29220 29246 I AdrenoGLES-0: OpenGL ES Shader Compiler Version: EV031.32.02.17
12-19 07:26:32.220 29220 29246 I AdrenoGLES-0: Local Branch                     : 
12-19 07:26:32.220 29220 29246 I AdrenoGLES-0: Remote Branch                    : 
12-19 07:26:32.220 29220 29246 I AdrenoGLES-0: Remote Branch                    : 
12-19 07:26:32.220 29220 29246 I AdrenoGLES-0: Reconstruct Branch               : 
12-19 07:26:32.220 29220 29246 I AdrenoGLES-0: Build Config                     : S P 10.0.7 AArch64
12-19 07:26:32.220 29220 29246 I AdrenoGLES-0: Driver Path                      : /vendor/lib64/egl/libGLESv2_adreno.so
12-19 07:26:32.227 29220 29246 I AdrenoGLES-0: PFP: 0x016ee197, ME: 0x00000000
12-19 07:26:32.242 29220 29246 I OpenGLRenderer: setGrContext nullptr-->validptr
12-19 07:26:32.244 29220 29246 E OpenGLRenderer: Unable to match the desired swap behavior.
12-19 07:26:32.347 29220 29253 I ExpoModulesCore:  AppContext was initialized
12-19 07:26:32.349 29220 29253 D DoMinderDebug: MissedAlarmReceiver: Registered broadcast receiver
12-19 07:26:32.352 29220 29253 W ReactNativeJNI: Component property map contains multiple entries for 'borderColor'. Ensure all calls to convertRawProp use a consistent prefix, name and suffix.
12-19 07:26:32.352 29220 29253 W ReactNativeJNI: Component property map contains multiple entries for 'borderStyle'. Ensure all calls to convertRawProp use a consistent prefix, name and suffix.
12-19 07:26:32.352 29220 29253 W ReactNativeJNI: Component property map contains multiple entries for 'borderRadius'. Ensure all calls to convertRawProp use a consistent prefix, name and suffix.
12-19 07:26:32.352 29220 29253 W ReactNativeJNI: Component property map contains multiple entries for 'borderEndColor'. Ensure all calls to convertRawProp use a consistent prefix, name and suffix.
12-19 07:26:32.352 29220 29253 W ReactNativeJNI: Component property map contains multiple entries for 'borderTopColor'. Ensure all calls to convertRawProp use a consistent prefix, name and suffix.
12-19 07:26:32.352 29220 29253 W ReactNativeJNI: Component property map contains multiple entries for 'borderLeftColor'. Ensure all calls to convertRawProp use a consistent prefix, name and suffix.
12-19 07:26:32.352 29220 29253 W ReactNativeJNI: Component property map contains multiple entries for 'borderBlockColor'. Ensure all calls to convertRawProp use a consistent prefix, name and suffix.
12-19 07:26:32.352 29220 29253 W ReactNativeJNI: Component property map contains multiple entries for 'borderRightColor'. Ensure all calls to convertRawProp use a consistent prefix, name and suffix.
12-19 07:26:32.352 29220 29253 W ReactNativeJNI: Component property map contains multiple entries for 'borderStartColor'. Ensure all calls to convertRawProp use a consistent prefix, name and suffix.
12-19 07:26:32.352 29220 29253 W ReactNativeJNI: Component property map contains multiple entries for 'borderBottomColor'. Ensure all calls to convertRawProp use a consistent prefix, name and suffix.
12-19 07:26:32.352 29220 29253 W ReactNativeJNI: Component property map contains multiple entries for 'borderEndEndRadius'. Ensure all calls to convertRawProp use a consistent prefix, name and suffix.
12-19 07:26:32.352 29220 29253 W ReactNativeJNI: Component property map contains multiple entries for 'borderTopEndRadius'. Ensure all calls to convertRawProp use a consistent prefix, name and suffix.
12-19 07:26:32.352 29220 29253 W ReactNativeJNI: Component property map contains multiple entries for 'borderBlockEndColor'. Ensure all calls to convertRawProp use a consistent prefix, name and suffix.
12-19 07:26:32.352 29220 29253 W ReactNativeJNI: Component property map contains multiple entries for 'borderTopLeftRadius'. Ensure all calls to convertRawProp use a consistent prefix, name and suffix.
12-19 07:26:32.352 29220 29253 W ReactNativeJNI: Component property map contains multiple entries for 'borderEndStartRadius'. Ensure all calls to convertRawProp use a consistent prefix, name and suffix.
12-19 07:26:32.352 29220 29253 W ReactNativeJNI: Component property map contains multiple entries for 'borderStartEndRadius'. Ensure all calls to convertRawProp use a consistent prefix, name and suffix.
12-19 07:26:32.352 29220 29253 W ReactNativeJNI: Component property map contains multiple entries for 'borderTopRightRadius'. Ensure all calls to convertRawProp use a consistent prefix, name and suffix.
12-19 07:26:32.352 29220 29253 W ReactNativeJNI: Component property map contains multiple entries for 'borderTopStartRadius'. Ensure all calls to convertRawProp use a consistent prefix, name and suffix.
12-19 07:26:32.352 29220 29253 W ReactNativeJNI: Component property map contains multiple entries for 'borderBlockStartColor'. Ensure all calls to convertRawProp use a consistent prefix, name and suffix.
12-19 07:26:32.352 29220 29253 W ReactNativeJNI: Component property map contains multiple entries for 'borderBottomEndRadius'. Ensure all calls to convertRawProp use a consistent prefix, name and suffix.
12-19 07:26:32.352 29220 29253 W ReactNativeJNI: Component property map contains multiple entries for 'borderBottomLeftRadius'. Ensure all calls to convertRawProp use a consistent prefix, name and suffix.
12-19 07:26:32.352 29220 29253 W ReactNativeJNI: Component property map contains multiple entries for 'borderStartStartRadius'. Ensure all calls to convertRawProp use a consistent prefix, name and suffix.
12-19 07:26:32.352 29220 29253 W ReactNativeJNI: Component property map contains multiple entries for 'borderBottomRightRadius'. Ensure all calls to convertRawProp use a consistent prefix, name and suffix.
12-19 07:26:32.352 29220 29253 W ReactNativeJNI: Component property map contains multiple entries for 'borderBottomStartRadius'. Ensure all calls to convertRawProp use a consistent prefix, name and suffix.
12-19 07:26:32.364 29220 29253 W ReactNativeJNI: Component property map contains multiple entries for 'borderColor'. Ensure all calls to convertRawProp use a consistent prefix, name and suffix.
12-19 07:26:32.364 29220 29253 W ReactNativeJNI: Component property map contains multiple entries for 'borderStyle'. Ensure all calls to convertRawProp use a consistent prefix, name and suffix.
12-19 07:26:32.381 29220 29253 W unknown:BridgelessReact: ReactHost{0}.getOrCreateReactInstanceTask(): Loading JS Bundle
12-19 07:26:32.381 29220 29253 W unknown:BridgelessReact: ReactHost{0}.getOrCreateReactInstanceTask(): Calling DevSupportManagerBase.onNewReactContextCreated(reactContext)
12-19 07:26:32.382 29220 29253 W unknown:BridgelessReact: ReactHost{0}.startSurface(surfaceId = 0): Execute
12-19 07:26:32.387 29220 29220 W unknown:BridgelessReact: ReactContext.onHostResume()
12-19 07:26:32.388 29220 29220 W unknown:BridgelessReact: ReactHost{0}.getOrCreateReactInstanceTask(): Executing ReactInstanceEventListeners
12-19 07:26:32.400 29220 29254 D nativeloader: Load /data/app/~~s2BK8qgcV2HqIAnabIFqvQ==/app.rork.dominder_android_reminder_app-b8aBKQmGhLnot-dgaDR4jg==/base.apk!/lib/arm64-v8a/libexpo-modules-core.so using class loader ns clns-4 (caller=/data/app/~~s2BK8qgcV2HqIAnabIFqvQ==/app.rork.dominder_android_reminder_app-b8aBKQmGhLnot-dgaDR4jg==/base.apk!classes2.dex): ok
12-19 07:26:32.408 29220 29254 D CompatibilityChangeReporter: Compat change id reported: 210923482; UID 10997; state: ENABLED
12-19 07:26:32.410 29220 29254 W unknown:ViewManagerPropertyUpdater: Could not find generated setter for class com.th3rdwave.safeareacontext.SafeAreaProviderManager
12-19 07:26:32.412 29220 29254 W unknown:ViewManagerPropertyUpdater: Could not find generated setter for class com.facebook.react.uimanager.LayoutShadowNode
12-19 07:26:32.413 29220 29254 W unknown:ViewManagerPropertyUpdater: Could not find generated setter for class com.swmansion.rnscreens.SearchBarManager
12-19 07:26:32.413 29220 29254 W unknown:ViewManagerPropertyUpdater: Could not find generated setter for class com.swmansion.rnscreens.ScreenFooterManager
12-19 07:26:32.413 29220 29254 W unknown:ViewManagerPropertyUpdater: Could not find generated setter for class expo.modules.kotlin.views.GroupViewManagerWrapper
12-19 07:26:32.414 29220 29254 W unknown:ViewManagerPropertyUpdater: Could not find generated setter for class com.swmansion.rnscreens.ScreenContainerViewManager
12-19 07:26:32.415 29220 29254 W unknown:ViewManagerPropertyUpdater: Could not find generated setter for class com.swmansion.rnscreens.ModalScreenViewManager
12-19 07:26:32.416 29220 29254 W unknown:ViewManagerPropertyUpdater: Could not find generated setter for class com.swmansion.rnscreens.ScreenStackHeaderConfigViewManager
12-19 07:26:32.417 29220 29254 W unknown:ViewManagerPropertyUpdater: Could not find generated setter for class com.swmansion.rnscreens.ScreenContentWrapperManager
12-19 07:26:32.417 29220 29254 W unknown:ViewManagerPropertyUpdater: Could not find generated setter for class com.th3rdwave.safeareacontext.SafeAreaViewManager
12-19 07:26:32.418 29220 29254 W unknown:ViewManagerPropertyUpdater: Could not find generated setter for class com.th3rdwave.safeareacontext.SafeAreaViewShadowNode
12-19 07:26:32.418 29220 29254 W unknown:ViewManagerPropertyUpdater: Could not find generated setter for class com.shopify.reactnative.flash_list.AutoLayoutViewManager
12-19 07:26:32.418 29220 29254 W unknown:ViewManagerPropertyUpdater: Could not find generated setter for class com.shopify.reactnative.flash_list.CellContainerManager
12-19 07:26:32.419 29220 29254 W unknown:ViewManagerPropertyUpdater: Could not find generated setter for class com.swmansion.rnscreens.ScreenViewManager
12-19 07:26:32.419 29220 29254 W unknown:ViewManagerPropertyUpdater: Could not find generated setter for class expo.modules.kotlin.views.SimpleViewManagerWrapper
12-19 07:26:32.420 29220 29254 W unknown:ViewManagerPropertyUpdater: Could not find generated setter for class com.swmansion.rnscreens.ScreenStackHeaderSubviewManager
12-19 07:26:32.421 29220 29254 W unknown:ViewManagerPropertyUpdater: Could not find generated setter for class com.swmansion.rnscreens.ScreenStackViewManager
12-19 07:26:32.441 29220 29254 W unknown:ViewManagerPropertyUpdater: Could not find generated setter for class com.horcrux.svg.RenderableViewManager$DefsViewManager
12-19 07:26:32.441 29220 29254 W unknown:ViewManagerPropertyUpdater: Could not find generated setter for class com.horcrux.svg.VirtualViewManager$RenderableShadowNode
12-19 07:26:32.443 29220 29254 W unknown:ViewManagerPropertyUpdater: Could not find generated setter for class com.horcrux.svg.RenderableViewManager$FeMergeManager
12-19 07:26:32.445 29220 29254 W unknown:ViewManagerPropertyUpdater: Could not find generated setter for class com.facebook.react.views.safeareaview.ReactSafeAreaViewManager
12-19 07:26:32.445 29220 29254 W unknown:ViewManagerPropertyUpdater: Could not find generated setter for class com.facebook.react.views.safeareaview.ReactSafeAreaViewShadowNode
12-19 07:26:32.446 29220 29254 W unknown:ViewManagerPropertyUpdater: Could not find generated setter for class com.horcrux.svg.RenderableViewManager$LinearGradientManager
12-19 07:26:32.447 29220 29254 W unknown:ViewManagerPropertyUpdater: Could not find generated setter for class com.horcrux.svg.RenderableViewManager$FeGaussianBlurManager
12-19 07:26:32.449 29220 29254 W unknown:ViewManagerPropertyUpdater: Could not find generated setter for class com.facebook.react.views.progressbar.ReactProgressBarViewManager
12-19 07:26:32.449 29220 29254 W unknown:ViewManagerPropertyUpdater: Could not find generated setter for class com.facebook.react.views.progressbar.ProgressBarShadowNode
12-19 07:26:32.450 29220 29254 W unknown:ViewManagerPropertyUpdater: Could not find generated setter for class com.facebook.react.views.scroll.ReactHorizontalScrollViewManager
12-19 07:26:32.452 29220 29254 W unknown:ViewManagerPropertyUpdater: Could not find generated setter for class com.facebook.react.views.text.ReactTextViewManager
12-19 07:26:32.453 29220 29254 W unknown:ViewManagerPropertyUpdater: Could not find generated setter for class com.facebook.react.views.text.ReactTextShadowNode
12-19 07:26:32.454 29220 29254 W unknown:ViewManagerPropertyUpdater: Could not find generated setter for class com.horcrux.svg.RenderableViewManager$FeColorMatrixManager
12-19 07:26:32.456 29220 29254 W unknown:ViewManagerPropertyUpdater: Could not find generated setter for class com.facebook.react.views.scroll.ReactHorizontalScrollContainerViewManager
12-19 07:26:32.457 29220 29254 W unknown:ViewManagerPropertyUpdater: Could not find generated setter for class com.horcrux.svg.RenderableViewManager$ClipPathViewManager
12-19 07:26:32.459 29220 29254 W unknown:ViewManagerPropertyUpdater: Could not find generated setter for class com.horcrux.svg.RenderableViewManager$SymbolManager
12-19 07:26:32.461 29220 29254 W unknown:ViewManagerPropertyUpdater: Could not find generated setter for class com.horcrux.svg.RenderableViewManager$PatternManager
12-19 07:26:32.463 29220 29254 W unknown:ViewManagerPropertyUpdater: Could not find generated setter for class com.horcrux.svg.RenderableViewManager$FeBlendManager
12-19 07:26:32.464 29220 29254 W unknown:ViewManagerPropertyUpdater: Could not find generated setter for class com.facebook.react.views.view.ReactViewManager
12-19 07:26:32.466 29220 29254 W unknown:ViewManagerPropertyUpdater: Could not find generated setter for class com.horcrux.svg.SvgViewManager
12-19 07:26:32.468 29220 29254 W unknown:ViewManagerPropertyUpdater: Could not find generated setter for class com.facebook.react.views.switchview.ReactSwitchManager
12-19 07:26:32.468 29220 29254 W unknown:ViewManagerPropertyUpdater: Could not find generated setter for class com.facebook.react.views.switchview.ReactSwitchShadowNode
12-19 07:26:32.469 29220 29254 W unknown:ViewManagerPropertyUpdater: Could not find generated setter for class com.horcrux.svg.RenderableViewManager$UseViewManager
12-19 07:26:32.471 29220 29254 W unknown:ViewManagerPropertyUpdater: Could not find generated setter for class com.horcrux.svg.RenderableViewManager$CircleViewManager
12-19 07:26:32.473 29220 29254 W unknown:ViewManagerPropertyUpdater: Could not find generated setter for class com.horcrux.svg.RenderableViewManager$TSpanViewManager
12-19 07:26:32.475 29220 29254 W unknown:ViewManagerPropertyUpdater: Could not find generated setter for class com.horcrux.svg.RenderableViewManager$FilterManager
12-19 07:26:32.476 29220 29254 W unknown:ViewManagerPropertyUpdater: Could not find generated setter for class com.horcrux.svg.RenderableViewManager$MarkerManager
12-19 07:26:32.478 29220 29254 W unknown:ViewManagerPropertyUpdater: Could not find generated setter for class com.swmansion.gesturehandler.react.RNGestureHandlerButtonViewManager
12-19 07:26:32.480 29220 29254 W unknown:ViewManagerPropertyUpdater: Could not find generated setter for class com.facebook.react.views.modal.ReactModalHostManager
12-19 07:26:32.481 29220 29254 W unknown:ViewManagerPropertyUpdater: Could not find generated setter for class com.horcrux.svg.RenderableViewManager$ForeignObjectManager
12-19 07:26:32.483 29220 29254 W unknown:ViewManagerPropertyUpdater: Could not find generated setter for class com.horcrux.svg.RenderableViewManager$EllipseViewManager
12-19 07:26:32.484 29220 29254 W unknown:ViewManagerPropertyUpdater: Could not find generated setter for class com.horcrux.svg.RenderableViewManager$LineViewManager
12-19 07:26:32.486 29220 29254 W unknown:ViewManagerPropertyUpdater: Could not find generated setter for class com.facebook.react.views.text.frescosupport.FrescoBasedReactTextInlineImageViewManager
12-19 07:26:32.486 29220 29254 W unknown:ViewManagerPropertyUpdater: Could not find generated setter for class com.facebook.react.views.text.frescosupport.FrescoBasedReactTextInlineImageShadowNode
12-19 07:26:32.487 29220 29254 W unknown:ViewManagerPropertyUpdater: Could not find generated setter for class com.horcrux.svg.RenderableViewManager$FeFloodManager
12-19 07:26:32.489 29220 29254 W unknown:ViewManagerPropertyUpdater: Could not find generated setter for class com.horcrux.svg.RenderableViewManager$GroupViewManager
12-19 07:26:32.490 29220 29254 W unknown:ViewManagerPropertyUpdater: Could not find generated setter for class com.horcrux.svg.RenderableViewManager$TextViewManager
12-19 07:26:32.492 29220 29254 W unknown:ViewManagerPropertyUpdater: Could not find generated setter for class com.horcrux.svg.RenderableViewManager$ImageViewManager
12-19 07:26:32.493 29220 29254 W unknown:ViewManagerPropertyUpdater: Could not find generated setter for class com.horcrux.svg.RenderableViewManager$FeCompositeManager
12-19 07:26:32.495 29220 29254 W unknown:ViewManagerPropertyUpdater: Could not find generated setter for class com.facebook.react.views.image.ReactImageManager
12-19 07:26:32.496 29220 29254 W unknown:ViewManagerPropertyUpdater: Could not find generated setter for class com.horcrux.svg.RenderableViewManager$RadialGradientManager
12-19 07:26:32.498 29220 29254 W unknown:ViewManagerPropertyUpdater: Could not find generated setter for class com.horcrux.svg.RenderableViewManager$MaskManager
12-19 07:26:32.500 29220 29254 W unknown:ViewManagerPropertyUpdater: Could not find generated setter for class com.facebook.react.views.unimplementedview.ReactUnimplementedViewManager
12-19 07:26:32.501 29220 29254 W unknown:ViewManagerPropertyUpdater: Could not find generated setter for class com.horcrux.svg.RenderableViewManager$RectViewManager
12-19 07:26:32.502 29220 29254 W unknown:ViewManagerPropertyUpdater: Could not find generated setter for class com.horcrux.svg.RenderableViewManager$TextPathViewManager
12-19 07:26:32.504 29220 29254 W unknown:ViewManagerPropertyUpdater: Could not find generated setter for class com.facebook.react.views.scroll.ReactScrollViewManager
12-19 07:26:32.506 29220 29254 W unknown:ViewManagerPropertyUpdater: Could not find generated setter for class com.horcrux.svg.RenderableViewManager$FeOffsetManager
12-19 07:26:32.507 29220 29254 W unknown:ViewManagerPropertyUpdater: Could not find generated setter for class com.horcrux.svg.RenderableViewManager$PathViewManager
12-19 07:26:32.509 29220 29254 W unknown:ViewManagerPropertyUpdater: Could not find generated setter for class com.facebook.react.views.drawer.ReactDrawerLayoutManager
12-19 07:26:32.510 29220 29254 W unknown:ViewManagerPropertyUpdater: Could not find generated setter for class com.facebook.react.views.text.ReactVirtualTextViewManager
12-19 07:26:32.510 29220 29254 W unknown:ViewManagerPropertyUpdater: Could not find generated setter for class com.facebook.react.views.text.ReactVirtualTextShadowNode
12-19 07:26:32.511 29220 29254 W unknown:ViewManagerPropertyUpdater: Could not find generated setter for class com.facebook.react.views.swiperefresh.SwipeRefreshLayoutManager
12-19 07:26:32.512 29220 29254 W unknown:ViewManagerPropertyUpdater: Could not find generated setter for class com.facebook.react.views.text.ReactRawTextManager
12-19 07:26:32.512 29220 29254 W unknown:ViewManagerPropertyUpdater: Could not find generated setter for class com.facebook.react.views.text.ReactRawTextShadowNode
12-19 07:26:32.513 29220 29254 W unknown:ViewManagerPropertyUpdater: Could not find generated setter for class com.facebook.react.views.textinput.ReactTextInputManager
12-19 07:26:32.514 29220 29254 W unknown:ViewManagerPropertyUpdater: Could not find generated setter for class com.facebook.react.views.textinput.ReactTextInputShadowNode
12-19 07:26:32.516 29220 29254 W unknown:ViewManagerPropertyUpdater: Could not find generated setter for class com.swmansion.gesturehandler.react.RNGestureHandlerRootViewManager
12-19 07:26:32.520 29220 29254 W BridgelessReactContext: [WARNING] Bridgeless doesn't support CatalystInstance. Accessing an API that's not part of the new architecture is not encouraged usage.
12-19 07:26:32.524 29220 29254 I ExpoModulesCore:  JSI interop was installed
12-19 07:26:32.525 29220 29254 I ExpoModulesCore:  Constants were exported
12-19 07:26:32.536 29220 29254 D nativeloader: Load /data/app/~~s2BK8qgcV2HqIAnabIFqvQ==/app.rork.dominder_android_reminder_app-b8aBKQmGhLnot-dgaDR4jg==/base.apk!/lib/arm64-v8a/libworklets.so using class loader ns clns-4 (caller=/data/app/~~s2BK8qgcV2HqIAnabIFqvQ==/app.rork.dominder_android_reminder_app-b8aBKQmGhLnot-dgaDR4jg==/base.apk!classes2.dex): ok
12-19 07:26:32.566 29220 29254 D nativeloader: Load /data/app/~~s2BK8qgcV2HqIAnabIFqvQ==/app.rork.dominder_android_reminder_app-b8aBKQmGhLnot-dgaDR4jg==/base.apk!/lib/arm64-v8a/libreanimated.so using class loader ns clns-4 (caller=/data/app/~~s2BK8qgcV2HqIAnabIFqvQ==/app.rork.dominder_android_reminder_app-b8aBKQmGhLnot-dgaDR4jg==/base.apk!classes2.dex): ok
12-19 07:26:32.685 29220 29254 D nativeloader: Load /data/app/~~s2BK8qgcV2HqIAnabIFqvQ==/app.rork.dominder_android_reminder_app-b8aBKQmGhLnot-dgaDR4jg==/base.apk!/lib/arm64-v8a/librnscreens.so using class loader ns clns-4 (caller=/data/app/~~s2BK8qgcV2HqIAnabIFqvQ==/app.rork.dominder_android_reminder_app-b8aBKQmGhLnot-dgaDR4jg==/base.apk!classes2.dex): ok
12-19 07:26:32.692 29220 29254 I ReactNativeJS: '[NotificationService] AlarmModule availability:', 'Available'
12-19 07:26:32.692 29220 29254 I ReactNativeJS: '[NotificationService] AlarmModule methods:', [ 'scheduleAlarm' ]
12-19 07:26:32.693 29220 29254 I ReactNativeJS: Running "main"
12-19 07:26:32.747 29220 29254 I ReactNativeJS: [useAlarmListeners] Setting up native alarm event listeners...
12-19 07:26:32.747 29220 29254 I ReactNativeJS: [AlarmSync] Hook initialized
12-19 07:26:32.747 29220 29254 I ReactNativeJS: [AlarmSync] Checking for completed alarms...
12-19 07:26:32.748 29220 29254 I ReactNativeJS: [RootLayout] Setting up notification handlers
12-19 07:26:32.748 29220 29254 I ReactNativeJS: [RootLayout] Initializing missed alarm service
12-19 07:26:32.748 29220 29255 D DoMinderDebug: AlarmModule: Retrieved 0 completed alarms
12-19 07:26:32.748 29220 29254 I ReactNativeJS: [MissedAlarmService] Initializing...
12-19 07:26:32.748 29220 29254 I ReactNativeJS: [MissedAlarmService] Initialized successfully
12-19 07:26:32.748 29220 29254 I ReactNativeJS: [AppStartup] Initializing notification services...
12-19 07:26:32.748 29220 29254 I ReactNativeJS: [Dominder-Debug] Ensuring base notification channels
12-19 07:26:32.748 29220 29254 I ReactNativeJS: '[Dominder-Debug] Creating channel:', '{"id":"standard-v2","name":"Standard Notifications","importance":4,"sound":"default","vibration":true}'
12-19 07:26:32.751 29220 29254 I ReactNativeJS: '[AlarmSync] Found completed alarms:', 0
12-19 07:26:32.751 29220 29254 I ReactNativeJS: '[RootLayout] Initial notification:', null
12-19 07:26:32.751 29220 29255 D DoMinderDebug: AlarmModule: Retrieved 0 snoozed alarms
12-19 07:26:32.752 29220 29254 I ReactNativeJS: '[Dominder-Debug] Creating channel:', '{"id":"silent-v2","name":"Silent Notifications","importance":2,"vibration":false}'
12-19 07:26:32.752 29220 29254 I ReactNativeJS: '[AlarmSync] Found snoozed alarms:', 0
12-19 07:26:32.753 29220 29254 I ReactNativeJS: '[Dominder-Debug] Creating channel:', '{"id":"alarm-v2","name":"Alarms","importance":4,"sound":"default","vibration":true,"bypassDnd":true}'
12-19 07:26:32.754 29220 29220 D VRI[MainActivity]: update {(0,0)(fillxfill) sim={adjust=pan forwardNavigation} ty=BASE_APPLICATION wanim=0x10302fd
12-19 07:26:32.754 29220 29220 D VRI[MainActivity]:   fl=LAYOUT_IN_SCREEN LAYOUT_INSET_DECOR SPLIT_TOUCH HARDWARE_ACCELERATED DRAWS_SYSTEM_BAR_BACKGROUNDS
12-19 07:26:32.754 29220 29220 D VRI[MainActivity]:   pfl=NO_MOVE_ANIMATION FORCE_DRAW_STATUS_BAR_BACKGROUND FIT_INSETS_CONTROLLED
12-19 07:26:32.754 29220 29220 D VRI[MainActivity]:   bhv=DEFAULT
12-19 07:26:32.754 29220 29220 D VRI[MainActivity]:   fitSides=} by setLayoutParams
12-19 07:26:32.756 29220 29220 D VRI[MainActivity]: update {(0,0)(fillxfill) sim={adjust=pan forwardNavigation} ty=BASE_APPLICATION wanim=0x10302fd
12-19 07:26:32.756 29220 29220 D VRI[MainActivity]:   fl=LAYOUT_IN_SCREEN FORCE_NOT_FULLSCREEN LAYOUT_INSET_DECOR SPLIT_TOUCH HARDWARE_ACCELERATED DRAWS_SYSTEM_BAR_BACKGROUNDS
12-19 07:26:32.756 29220 29220 D VRI[MainActivity]:   pfl=NO_MOVE_ANIMATION FORCE_DRAW_STATUS_BAR_BACKGROUND FIT_INSETS_CONTROLLED
12-19 07:26:32.756 29220 29220 D VRI[MainActivity]:   bhv=DEFAULT
12-19 07:26:32.756 29220 29220 D VRI[MainActivity]:   fitSides=} by setLayoutParams
12-19 07:26:32.757 29220 29220 D VRI[MainActivity]: update {(0,0)(fillxfill) sim={adjust=pan forwardNavigation} ty=BASE_APPLICATION wanim=0x10302fd
12-19 07:26:32.757 29220 29220 D VRI[MainActivity]:   fl=LAYOUT_IN_SCREEN FORCE_NOT_FULLSCREEN LAYOUT_INSET_DECOR SPLIT_TOUCH HARDWARE_ACCELERATED DRAWS_SYSTEM_BAR_BACKGROUNDS
12-19 07:26:32.757 29220 29220 D VRI[MainActivity]:   pfl=NO_MOVE_ANIMATION FORCE_DRAW_STATUS_BAR_BACKGROUND FIT_INSETS_CONTROLLED
12-19 07:26:32.757 29220 29220 D VRI[MainActivity]:   bhv=DEFAULT
12-19 07:26:32.757 29220 29220 D VRI[MainActivity]:   fitSides=} by setLayoutParams
12-19 07:26:32.777 29220 29254 I ReactNativeJS: '[Selection] Mode changed:', false, 'Selected count:', 0
12-19 07:26:32.777 29220 29254 I ReactNativeJS: '[ReminderEngine] Processing reminders, count:', 0
12-19 07:26:32.779 29220 29220 W [RNScreens]: backTitleVisible prop is not available on Android
12-19 07:26:32.779 29220 29220 W [RNScreens]: backTitleFontFamily prop is not available on Android
12-19 07:26:32.779 29220 29220 W [RNScreens]: disableBackButtonMenu prop is not available on Android
12-19 07:26:32.779 29220 29220 W [RNScreens]: largeTitleFontFamily prop is not available on Android
12-19 07:26:32.779 29220 29220 W [RNScreens]: largeTitleFontWeight prop is not available on Android
12-19 07:26:32.779 29220 29220 W [RNScreens]: largeTitleHideShadow prop is not available on Android
12-19 07:26:32.786 29220 29254 I ReactNativeJS: '[ReminderEngine] Processing reminders, count:', 0
12-19 07:26:32.788 29220 29254 I ReactNativeJS: [Dominder-Debug] Base channels ensured
12-19 07:26:32.788 29220 29254 I ReactNativeJS: [AlarmSync] App became active, syncing...
12-19 07:26:32.788 29220 29254 I ReactNativeJS: [AlarmSync] Checking for completed alarms...
12-19 07:26:32.788 29220 29255 D DoMinderDebug: AlarmModule: Retrieved 0 completed alarms
12-19 07:26:32.790 29220 29254 I ReactNativeJS: '[AlarmSync] Found completed alarms:', 0
12-19 07:26:32.790 29220 29255 D DoMinderDebug: AlarmModule: Retrieved 0 snoozed alarms
12-19 07:26:32.790 29220 29254 I ReactNativeJS: '[AlarmSync] Found snoozed alarms:', 0
12-19 07:26:32.793 29220 29254 D nativeloader: Load /data/app/~~s2BK8qgcV2HqIAnabIFqvQ==/app.rork.dominder_android_reminder_app-b8aBKQmGhLnot-dgaDR4jg==/base.apk!/lib/arm64-v8a/libgesturehandler.so using class loader ns clns-4 (caller=/data/app/~~s2BK8qgcV2HqIAnabIFqvQ==/app.rork.dominder_android_reminder_app-b8aBKQmGhLnot-dgaDR4jg==/base.apk!classes2.dex): ok
12-19 07:26:32.794 29220 29254 D jni_lib_merge: Entering merged library JNI_OnLoad.
12-19 07:26:32.794 29220 29254 D jni_lib_merge: Preparing 11 pre-merged libs (including stub)
12-19 07:26:32.794 29220 29254 D jni_lib_merge: Preparing to register libfabricjni_so.  onload_func: 0x6e94a9d4c4
12-19 07:26:32.794 29220 29254 D jni_lib_merge: Preparing to register libreact_devsupportjni_so.  onload_func: 0x6e94b6f110
12-19 07:26:32.794 29220 29254 D jni_lib_merge: Preparing to register libreact_featureflagsjni_so.  onload_func: 0x6e94b773ac
12-19 07:26:32.794 29220 29254 D jni_lib_merge: Preparing to register libreact_newarchdefaults_so.  onload_func: 0x6e94b9b3c8
12-19 07:26:32.794 29220 29254 D jni_lib_merge: Preparing to register libreactnativeblob_so.  onload_func: 0x6e94c2221c
12-19 07:26:32.794 29220 29254 D jni_lib_merge: Preparing to register libreactnativejni_so.  onload_func: 0x6e94c40204
12-19 07:26:32.794 29220 29254 D jni_lib_merge: Preparing to register librninstance_so.  onload_func: 0x6e94c59990
12-19 07:26:32.794 29220 29254 D jni_lib_merge: Preparing to register libturbomodulejsijni_so.  onload_func: 0x6e94cd487c
12-19 07:26:32.794 29220 29254 D jni_lib_merge: Preparing to register libuimanagerjni_so.  onload_func: 0x6e94cdbd94
12-19 07:26:32.794 29220 29254 D jni_lib_merge: Preparing to register libyoga_so.  onload_func: 0x6e94ce11e8
12-19 07:26:32.794 29220 29254 D jni_lib_merge: About to register 10 actual methods.
12-19 07:26:32.798 29220 29254 I ReactNativeJS: [StartupCheck] Checking for pending notifications and rescheduling all active reminders...
12-19 07:26:32.799 29220 29255 D DoMinderDebug: AlarmModule: Retrieved 0 completed alarms
12-19 07:26:32.799 29220 29220 I ReactNative: [GESTURE HANDLER] Initialize gesture handler for root view com.facebook.react.runtime.ReactSurfaceView{c1c9bcf V.E...... ......ID 0,0-1080,2295 #b}
12-19 07:26:32.799 29220 29255 D DoMinderDebug: AlarmModule: Retrieved 0 snoozed alarms
12-19 07:26:32.803 29220 29254 I ReactNativeJS: [StartupCheck] Currently displayed notifications count: 4
12-19 07:26:32.803 29220 29254 I ReactNativeJS: [StartupCheck] Displayed IDs: rem-1766109166361, maintenance-notification, rem-1766108355407, 2147483647
12-19 07:26:32.803 29220 29254 I ReactNativeJS: [StartupCheck] Notification already displayed for: 1766108355407 (Skipping)
12-19 07:26:32.803 29220 29254 I ReactNativeJS: [StartupCheck] Notification already displayed for: 1766109166361 (Skipping)
12-19 07:26:32.803 29220 29254 I ReactNativeJS: [StartupCheck] Reminder 1766109385837: scheduled=2025-12-19T01:58:00.000Z, diff=-87197ms
12-19 07:26:32.803 29220 29254 I ReactNativeJS: [StartupCheck] -> Classified as FUTURE (Rescheduling): 1766109385837
12-19 07:26:32.803 29220 29254 I ReactNativeJS: [StartupCheck] Rescheduling 1 future reminders
12-19 07:26:32.805 29220 29254 I ReactNativeJS: [NotificationService] SCHEDULE_EXACT_ALARM permission granted - using exact timing
12-19 07:26:32.805 29220 29254 I ReactNativeJS: [NotificationService] Scheduling reminder 1766109385837, priority: medium, repeatType: none
12-19 07:26:32.805 29220 29254 I ReactNativeJS: [NotificationService] Scheduling for 2025-12-19T01:58:00.000Z
12-19 07:26:32.805 29220 29254 E ReactNativeJS: '[StartupCheck] Error rescheduling 1766109385837:', [TypeError: Cannot read property 'SET_EXACT_AND_ALLOW_WHILE_IDLE' of undefined]
12-19 07:26:32.806 29220 29254 I ReactNativeJS: [StartupCheck] Completed pending notification check and rescheduling
12-19 07:26:32.808 29220 29255 E unknown:ReactNative: console.error: [StartupCheck] Error rescheduling 1766109385837: TypeError: Cannot read property 'SET_EXACT_AND_ALLOW_WHILE_IDLE' of undefined, js engine: hermes, stack:
12-19 07:26:32.808 29220 29255 E unknown:ReactNative: _construct@1:131138
12-19 07:26:32.808 29220 29255 E unknown:ReactNative: Wrapper@1:130792
12-19 07:26:32.808 29220 29255 E unknown:ReactNative: _callSuper@1:128623
12-19 07:26:32.808 29220 29255 E unknown:ReactNative: SyntheticError@1:130279
12-19 07:26:32.808 29220 29255 E unknown:ReactNative: reactConsoleErrorHandler@1:129890
12-19 07:26:32.808 29220 29255 E unknown:ReactNative: ?anon_0_@1:1812910
12-19 07:26:32.808 29220 29255 E unknown:ReactNative: asyncGeneratorStep@1:106002
12-19 07:26:32.808 29220 29255 E unknown:ReactNative: _throw@1:106306
12-19 07:26:32.808 29220 29274 I NOTIFEE : (NotificationManager): Removing notification with id maintenance-notification
12-19 07:26:32.808 29220 29274 I NOTIFEE : (NotificationManager): Removing notification with id maintenance-notification
12-19 07:26:32.810 29220 29254 I ReactNativeJS: [AppStartup] Pending notifications check completed
12-19 07:26:32.811 29220 29254 I ReactNativeJS: [NotificationRefresh] Initializing notification refresh service
12-19 07:26:32.811 29220 29254 I ReactNativeJS: [NotificationRefresh] Scheduling midnight refresh in 993 minutes
12-19 07:26:32.826 29220 29246 W Parcel  : Expecting binder but got null!
12-19 07:26:32.828 29220 29220 D VRI[MainActivity]: update {(0,0)(fillxfill) sim={adjust=pan forwardNavigation} ty=BASE_APPLICATION wanim=0x10302fd
12-19 07:26:32.828 29220 29220 D VRI[MainActivity]:   fl=LAYOUT_IN_SCREEN FORCE_NOT_FULLSCREEN LAYOUT_INSET_DECOR SPLIT_TOUCH HARDWARE_ACCELERATED DRAWS_SYSTEM_BAR_BACKGROUNDS
12-19 07:26:32.828 29220 29220 D VRI[MainActivity]:   pfl=NO_MOVE_ANIMATION FORCE_DRAW_STATUS_BAR_BACKGROUND FIT_INSETS_CONTROLLED
12-19 07:26:32.828 29220 29220 D VRI[MainActivity]:   bhv=DEFAULT
12-19 07:26:32.828 29220 29220 D VRI[MainActivity]:   fitSides=} by setLayoutParams
12-19 07:26:32.849 29220 29220 D CompatibilityChangeReporter: Compat change id reported: 171228096; UID 10997; state: ENABLED
12-19 07:26:32.850 29220 29220 W unknown:ViewManagerPropertyUpdater: Could not find generated setter for class com.facebook.react.uimanager.RootViewManager
12-19 07:26:32.854 29220 29254 I ReactNativeJS: '[ReminderEngine] Processing reminders, count:', 5
12-19 07:26:32.854 29220 29254 I ReactNativeJS: [ReminderEngine] Processing reminder 1766108355407, repeatType: none
12-19 07:26:32.854 29220 29254 I ReactNativeJS: [calculateNextReminderDate] for reminder: 1766108355407, fromDate: 2025-12-19T01:56:32.854Z, repeatType: none, date: 2025-12-19, time: 07:10
12-19 07:26:32.854 29220 29254 I ReactNativeJS: [calculateNextReminderDate] One-time reminder scheduled for: 2025-12-19T01:40:00.000Z, isInFuture: false
12-19 07:26:32.855 29220 29254 I ReactNativeJS: [ReminderEngine] No valid fire time for reminder 1766108355407
12-19 07:26:32.855 29220 29254 I ReactNativeJS: '[ReminderEngine] Reminder details:', { date: '2025-12-19',
12-19 07:26:32.855 29220 29254 I ReactNativeJS:   time: '07:10',
12-19 07:26:32.855 29220 29254 I ReactNativeJS:   snoozeUntil: undefined,
12-19 07:26:32.855 29220 29254 I ReactNativeJS:   nextReminderDate: undefined,
12-19 07:26:32.855 29220 29254 I ReactNativeJS:   repeatType: 'none' }
12-19 07:26:32.855 29220 29254 I ReactNativeJS: [ReminderEngine] Processing reminder 1766109166361, repeatType: none
12-19 07:26:32.855 29220 29254 I ReactNativeJS: [calculateNextReminderDate] for reminder: 1766109166361, fromDate: 2025-12-19T01:56:32.854Z, repeatType: none, date: 2025-12-19, time: 07:23
12-19 07:26:32.855 29220 29254 I ReactNativeJS: [calculateNextReminderDate] One-time reminder scheduled for: 2025-12-19T01:53:00.000Z, isInFuture: false
12-19 07:26:32.855 29220 29254 I ReactNativeJS: [ReminderEngine] No valid fire time for reminder 1766109166361
12-19 07:26:32.855 29220 29254 I ReactNativeJS: '[ReminderEngine] Reminder details:', { date: '2025-12-19',
12-19 07:26:32.855 29220 29254 I ReactNativeJS:   time: '07:23',
12-19 07:26:32.855 29220 29254 I ReactNativeJS:   snoozeUntil: undefined,
12-19 07:26:32.855 29220 29254 I ReactNativeJS:   nextReminderDate: undefined,
12-19 07:26:32.855 29220 29254 I ReactNativeJS:   repeatType: 'none' }
12-19 07:26:32.855 29220 29254 I ReactNativeJS: [ReminderEngine] Processing reminder 1766109385837, repeatType: none
12-19 07:26:32.855 29220 29254 I ReactNativeJS: [calculateNextReminderDate] for reminder: 1766109385837, fromDate: 2025-12-19T01:56:32.854Z, repeatType: none, date: 2025-12-19, time: 07:28
12-19 07:26:32.855 29220 29254 I ReactNativeJS: [calculateNextReminderDate] One-time reminder scheduled for: 2025-12-19T01:58:00.000Z, isInFuture: true
12-19 07:26:32.855 29220 29254 I ReactNativeJS: [ReminderEngine] Scheduling notification for reminder 1766109385837 at 2025-12-19T01:58:00.000Z
12-19 07:26:32.990 29220 29254 I ReactNativeJS: '[NotificationRefresh] Midnight refresh scheduled for:', '2025-12-19T18:30:00.000Z'
12-19 07:26:32.990 29220 29254 I ReactNativeJS: [AppStartup] Notification services initialized
12-19 07:26:32.990 29220 29254 I ReactNativeJS: '[RootLayout] Foreground event:', { type: 3, pressAction: undefined }
