11-10 08:19:43.161  6038  6038 D ViewRootImpl:   pfl=NO_MOVE_ANIMATION FORCE_DRAW_STATUS_BAR_BACKGROUND FIT_INSETS_CONTROLLED
11-10 08:19:43.161  6038  6038 D ViewRootImpl:   bhv=DEFAULT
11-10 08:19:43.161  6038  6038 D ViewRootImpl:   fitSides=} by setView
11-10 08:19:43.168  6038  6038 D VRI[MainActivity]: update {(0,0)(fillxfill) gr=CENTER sim={adjust=resize} ty=APPLICATION fmt=TRANSPARENT wanim=0x7f12012e
11-10 08:19:43.168  6038  6038 D VRI[MainActivity]:   fl=LAYOUT_IN_SCREEN LAYOUT_INSET_DECOR SPLIT_TOUCH HARDWARE_ACCELERATED DRAWS_SYSTEM_BAR_BACKGROUNDS
11-10 08:19:43.168  6038  6038 D VRI[MainActivity]:   pfl=NO_MOVE_ANIMATION FORCE_DRAW_STATUS_BAR_BACKGROUND FIT_INSETS_CONTROLLED
11-10 08:19:43.168  6038  6038 D VRI[MainActivity]:   bhv=DEFAULT
11-10 08:19:43.168  6038  6038 D VRI[MainActivity]:   fitSides=} by setLayoutParams
11-10 08:19:43.192  6038  6086 E OpenGLRenderer: Unable to match the desired swap behavior.
11-10 08:19:43.203  6038  6086 W Parcel  : Expecting binder but got null!
11-10 08:19:43.209  6038  6038 D VRI[MainActivity]: update {(0,0)(fillxfill) gr=CENTER sim={adjust=resize} ty=APPLICATION fmt=TRANSPARENT wanim=0x7f12012e
11-10 08:19:43.209  6038  6038 D VRI[MainActivity]:   fl=LAYOUT_IN_SCREEN LAYOUT_INSET_DECOR SPLIT_TOUCH HARDWARE_ACCELERATED DRAWS_SYSTEM_BAR_BACKGROUNDS
11-10 08:19:43.209  6038  6038 D VRI[MainActivity]:   pfl=NO_MOVE_ANIMATION FORCE_DRAW_STATUS_BAR_BACKGROUND FIT_INSETS_CONTROLLED
11-10 08:19:43.209  6038  6038 D VRI[MainActivity]:   bhv=DEFAULT
11-10 08:19:43.209  6038  6038 D VRI[MainActivity]:   fitSides=} by setLayoutParams
11-10 08:19:43.210  6038  6038 D VRI[MainActivity]: update {(0,0)(fillxfill) gr=CENTER sim={adjust=resize} ty=APPLICATION fmt=TRANSPARENT wanim=0x7f12012e
11-10 08:19:43.210  6038  6038 D VRI[MainActivity]:   fl=LAYOUT_IN_SCREEN LAYOUT_INSET_DECOR SPLIT_TOUCH HARDWARE_ACCELERATED DRAWS_SYSTEM_BAR_BACKGROUNDS
11-10 08:19:43.210  6038  6038 D VRI[MainActivity]:   pfl=NO_MOVE_ANIMATION FORCE_DRAW_STATUS_BAR_BACKGROUND FIT_INSETS_CONTROLLED
11-10 08:19:43.210  6038  6038 D VRI[MainActivity]:   bhv=DEFAULT
11-10 08:19:43.210  6038  6038 D VRI[MainActivity]:   fitSides=} by setLayoutParams
11-10 08:19:43.291  6038  6038 D CompatibilityChangeReporter: Compat change id reported: 163400105; UID 10896; state: ENABLED
11-10 08:19:43.291  6038  6038 D InputMethodManager: showSoftInput() view=com.facebook.react.views.textinput.ReactEditText{766a941 VFED..CL. .F....ID 0,0-920,109 #194 aid=1073741824} flags=0 reason=SHOW_SOFT_INPUT
11-10 08:19:43.697  6038  6038 D InsetsController: show(ime(), fromIme=true)
11-10 08:20:11.498  6038  6110 I ReactNativeJS: [AlarmSync] Checking for completed alarms...
11-10 08:20:11.498  6038  6111 D DoMinderDebug: AlarmModule: Retrieved 0 completed alarms
11-10 08:20:11.499  6038  6110 I ReactNativeJS: '[AlarmSync] Found completed alarms:', 0
11-10 08:20:11.499  6038  6111 D DoMinderDebug: AlarmModule: Retrieved 0 snoozed alarms
11-10 08:20:11.499  6038  6110 I ReactNativeJS: '[AlarmSync] Found snoozed alarms:', 0
11-10 08:20:11.545  6038  6110 I ReactNativeJS: '[ReminderEngine] Processing reminders, count:', 3
11-10 08:20:15.980  6038  6086 D Surface : Surface::disconnect
11-10 08:20:15.980  6038  6086 D BufferQueueProducer: [VRI[MainActivity]#1(BLAST Consumer)1](id:179600000001,api:1,p:6038,c:6038) disconnect: api 1
11-10 08:20:16.012  6038  6110 I ReactNativeJNI: instanceHandle is null, event of type topBlur will be dropped
11-10 08:20:16.018  6038  6038 W RemoteInputConnectionImpl: requestCursorAnchorInfo on inactive InputConnection
11-10 08:20:17.586  6038  6038 D ViewRootImpl: update {(0,0)(fillxfill) gr=CENTER sim={adjust=resize forwardNavigation} ty=APPLICATION fmt=TRANSPARENT wanim=0x7f12012e
11-10 08:20:17.586  6038  6038 D ViewRootImpl:   fl=NOT_FOCUSABLE LAYOUT_IN_SCREEN LAYOUT_INSET_DECOR SPLIT_TOUCH HARDWARE_ACCELERATED DRAWS_SYSTEM_BAR_BACKGROUNDS
11-10 08:20:17.586  6038  6038 D ViewRootImpl:   pfl=NO_MOVE_ANIMATION FORCE_DRAW_STATUS_BAR_BACKGROUND FIT_INSETS_CONTROLLED
11-10 08:20:17.586  6038  6038 D ViewRootImpl:   bhv=DEFAULT
11-10 08:20:17.586  6038  6038 D ViewRootImpl:   fitSides=} by setView
11-10 08:20:17.592  6038  6038 D VRI[MainActivity]: update {(0,0)(fillxfill) gr=CENTER sim={adjust=resize} ty=APPLICATION fmt=TRANSPARENT wanim=0x7f12012e
11-10 08:20:17.592  6038  6038 D VRI[MainActivity]:   fl=LAYOUT_IN_SCREEN LAYOUT_INSET_DECOR SPLIT_TOUCH HARDWARE_ACCELERATED DRAWS_SYSTEM_BAR_BACKGROUNDS
11-10 08:20:17.592  6038  6038 D VRI[MainActivity]:   pfl=NO_MOVE_ANIMATION FORCE_DRAW_STATUS_BAR_BACKGROUND FIT_INSETS_CONTROLLED
11-10 08:20:17.592  6038  6038 D VRI[MainActivity]:   bhv=DEFAULT
11-10 08:20:17.592  6038  6038 D VRI[MainActivity]:   fitSides=} by setLayoutParams
11-10 08:20:17.611  6038  6086 E OpenGLRenderer: Unable to match the desired swap behavior.
11-10 08:20:17.621  6038  6086 W Parcel  : Expecting binder but got null!
11-10 08:20:17.627  6038  6038 D VRI[MainActivity]: update {(0,0)(fillxfill) gr=CENTER sim={adjust=resize} ty=APPLICATION fmt=TRANSPARENT wanim=0x7f12012e
11-10 08:20:17.627  6038  6038 D VRI[MainActivity]:   fl=LAYOUT_IN_SCREEN LAYOUT_INSET_DECOR SPLIT_TOUCH HARDWARE_ACCELERATED DRAWS_SYSTEM_BAR_BACKGROUNDS
11-10 08:20:17.627  6038  6038 D VRI[MainActivity]:   pfl=NO_MOVE_ANIMATION FORCE_DRAW_STATUS_BAR_BACKGROUND FIT_INSETS_CONTROLLED
11-10 08:20:17.627  6038  6038 D VRI[MainActivity]:   bhv=DEFAULT
11-10 08:20:17.627  6038  6038 D VRI[MainActivity]:   fitSides=} by setLayoutParams
11-10 08:20:17.628  6038  6038 D VRI[MainActivity]: update {(0,0)(fillxfill) gr=CENTER sim={adjust=resize} ty=APPLICATION fmt=TRANSPARENT wanim=0x7f12012e
11-10 08:20:17.628  6038  6038 D VRI[MainActivity]:   fl=LAYOUT_IN_SCREEN LAYOUT_INSET_DECOR SPLIT_TOUCH HARDWARE_ACCELERATED DRAWS_SYSTEM_BAR_BACKGROUNDS
11-10 08:20:17.628  6038  6038 D VRI[MainActivity]:   pfl=NO_MOVE_ANIMATION FORCE_DRAW_STATUS_BAR_BACKGROUND FIT_INSETS_CONTROLLED
11-10 08:20:17.628  6038  6038 D VRI[MainActivity]:   bhv=DEFAULT
11-10 08:20:17.628  6038  6038 D VRI[MainActivity]:   fitSides=} by setLayoutParams
11-10 08:20:17.732  6038  6038 D InputMethodManager: showSoftInput() view=com.facebook.react.views.textinput.ReactEditText{2e60dd2 VFED..CL. .F....ID 0,0-920,109 #224 aid=1073741826} flags=0 reason=SHOW_SOFT_INPUT
11-10 08:20:17.803  6038  6038 D InsetsController: show(ime(), fromIme=true)
11-10 08:20:22.523  6038  6110 I ReactNativeJS: [ReminderService] Adding reminder 1762743022520: isActive=true, isCompleted=false, repeatType=none
11-10 08:20:22.633  6038  6110 I ReactNativeJS: '[ReminderEngine] Processing reminders, count:', 4
11-10 08:20:22.634  6038  6110 I ReactNativeJS: [ReminderEngine] Processing reminder 1762743022520, repeatType: none
11-10 08:20:22.634  6038  6110 I ReactNativeJS: [calculateNextReminderDate] for reminder: 1762743022520, fromDate: 2025-11-10T02:50:22.633Z, repeatType: none, date: 2025-11-10, time: 08:30
11-10 08:20:22.634  6038  6110 I ReactNativeJS: [calculateNextReminderDate] One-time reminder scheduled for: 2025-11-10T03:00:00.000Z, isInFuture: true
11-10 08:20:22.634  6038  6110 I ReactNativeJS: [ReminderEngine] Scheduling notification for reminder 1762743022520 at 2025-11-10T03:00:00.000Z
11-10 08:20:22.695  6038  6110 I ReactNativeJS: [NotificationService] Scheduling reminder 1762743022520, priority: medium, repeatType: none
11-10 08:20:22.695  6038  6110 I ReactNativeJS: [NotificationService] Applied 1s sequential delay to 1762743022520 (2025-11-10T03:00:00.000Z -> 2025-11-10T03:00:01.000Z)
11-10 08:20:22.695  6038  6110 I ReactNativeJS: [NotificationService] Scheduling for 2025-11-10T03:00:01.000Z
11-10 08:20:22.707  6038  6110 I ReactNativeJS: [NotificationService] Successfully scheduled notification rem-1762743022520
11-10 08:20:22.707  6038  6110 I ReactNativeJS: [ReminderEngine] Successfully scheduled 1762743022520
11-10 08:20:22.717  6038  6086 D Surface : Surface::disconnect
11-10 08:20:22.717  6038  6086 D BufferQueueProducer: [VRI[MainActivity]#2(BLAST Consumer)2](id:179600000002,api:1,p:6038,c:6038) disconnect: api 1
11-10 08:20:22.752  6038  6038 W RemoteInputConnectionImpl: requestCursorAnchorInfo on inactive InputConnection
11-10 08:20:22.825  6038  6110 I ReactNativeJS: '[ReminderEngine] Processing reminders, count:', 4
11-10 08:20:22.869  6038  6110 I ReactNativeJS: '[RootLayout] Foreground event:', { type: 7, pressAction: undefined }
11-10 08:20:23.641  6038  6038 D ViewRootImpl: update {(0,0)(fillxfill) gr=CENTER sim={adjust=resize forwardNavigation} ty=APPLICATION fmt=TRANSPARENT wanim=0x7f12012e
11-10 08:20:23.641  6038  6038 D ViewRootImpl:   fl=NOT_FOCUSABLE LAYOUT_IN_SCREEN LAYOUT_INSET_DECOR SPLIT_TOUCH HARDWARE_ACCELERATED DRAWS_SYSTEM_BAR_BACKGROUNDS
11-10 08:20:23.641  6038  6038 D ViewRootImpl:   pfl=NO_MOVE_ANIMATION FORCE_DRAW_STATUS_BAR_BACKGROUND FIT_INSETS_CONTROLLED
11-10 08:20:23.641  6038  6038 D ViewRootImpl:   bhv=DEFAULT
11-10 08:20:23.641  6038  6038 D ViewRootImpl:   fitSides=} by setView
11-10 08:20:23.648  6038  6038 D VRI[MainActivity]: update {(0,0)(fillxfill) gr=CENTER sim={adjust=resize} ty=APPLICATION fmt=TRANSPARENT wanim=0x7f12012e
11-10 08:20:23.648  6038  6038 D VRI[MainActivity]:   fl=LAYOUT_IN_SCREEN LAYOUT_INSET_DECOR SPLIT_TOUCH HARDWARE_ACCELERATED DRAWS_SYSTEM_BAR_BACKGROUNDS
11-10 08:20:23.648  6038  6038 D VRI[MainActivity]:   pfl=NO_MOVE_ANIMATION FORCE_DRAW_STATUS_BAR_BACKGROUND FIT_INSETS_CONTROLLED
11-10 08:20:23.648  6038  6038 D VRI[MainActivity]:   bhv=DEFAULT
11-10 08:20:23.648  6038  6038 D VRI[MainActivity]:   fitSides=} by setLayoutParams
11-10 08:20:23.674  6038  6086 E OpenGLRenderer: Unable to match the desired swap behavior.
11-10 08:20:23.685  6038  6086 W Parcel  : Expecting binder but got null!
11-10 08:20:23.692  6038  6038 D VRI[MainActivity]: update {(0,0)(fillxfill) gr=CENTER sim={adjust=resize} ty=APPLICATION fmt=TRANSPARENT wanim=0x7f12012e
11-10 08:20:23.692  6038  6038 D VRI[MainActivity]:   fl=LAYOUT_IN_SCREEN LAYOUT_INSET_DECOR SPLIT_TOUCH HARDWARE_ACCELERATED DRAWS_SYSTEM_BAR_BACKGROUNDS
11-10 08:20:23.692  6038  6038 D VRI[MainActivity]:   pfl=NO_MOVE_ANIMATION FORCE_DRAW_STATUS_BAR_BACKGROUND FIT_INSETS_CONTROLLED
11-10 08:20:23.692  6038  6038 D VRI[MainActivity]:   bhv=DEFAULT
11-10 08:20:23.692  6038  6038 D VRI[MainActivity]:   fitSides=} by setLayoutParams
11-10 08:20:23.693  6038  6038 D VRI[MainActivity]: update {(0,0)(fillxfill) gr=CENTER sim={adjust=resize} ty=APPLICATION fmt=TRANSPARENT wanim=0x7f12012e
11-10 08:20:23.693  6038  6038 D VRI[MainActivity]:   fl=LAYOUT_IN_SCREEN LAYOUT_INSET_DECOR SPLIT_TOUCH HARDWARE_ACCELERATED DRAWS_SYSTEM_BAR_BACKGROUNDS
11-10 08:20:23.693  6038  6038 D VRI[MainActivity]:   pfl=NO_MOVE_ANIMATION FORCE_DRAW_STATUS_BAR_BACKGROUND FIT_INSETS_CONTROLLED
11-10 08:20:23.693  6038  6038 D VRI[MainActivity]:   bhv=DEFAULT
11-10 08:20:23.693  6038  6038 D VRI[MainActivity]:   fitSides=} by setLayoutParams
11-10 08:20:23.766  6038  6038 D InputMethodManager: showSoftInput() view=com.facebook.react.views.textinput.ReactEditText{81e70b2 VFED..CL. .F....ID 0,0-920,109 #402 aid=1073741828} flags=0 reason=SHOW_SOFT_INPUT
11-10 08:20:23.831  6038  6038 D InsetsController: show(ime(), fromIme=true)
11-10 08:20:25.314  6038  6110 I ReactNativeJS: [ReminderService] Adding reminder 1762743025312: isActive=true, isCompleted=false, repeatType=none
11-10 08:20:25.461  6038  6110 I ReactNativeJS: '[ReminderEngine] Processing reminders, count:', 5
11-10 08:20:25.461  6038  6110 I ReactNativeJS: [ReminderEngine] Processing reminder 1762743025312, repeatType: none
11-10 08:20:25.461  6038  6110 I ReactNativeJS: [calculateNextReminderDate] for reminder: 1762743025312, fromDate: 2025-11-10T02:50:25.461Z, repeatType: none, date: 2025-11-10, time: 08:30
11-10 08:20:25.462  6038  6110 I ReactNativeJS: [calculateNextReminderDate] One-time reminder scheduled for: 2025-11-10T03:00:00.000Z, isInFuture: true
11-10 08:20:25.462  6038  6110 I ReactNativeJS: [ReminderEngine] Scheduling notification for reminder 1762743025312 at 2025-11-10T03:00:00.000Z
11-10 08:20:25.542  6038  6110 I ReactNativeJS: [NotificationService] Scheduling reminder 1762743025312, priority: medium, repeatType: none
11-10 08:20:25.542  6038  6110 I ReactNativeJS: [NotificationService] Applied 2s sequential delay to 1762743025312 (2025-11-10T03:00:00.000Z -> 2025-11-10T03:00:02.000Z)
11-10 08:20:25.542  6038  6110 I ReactNativeJS: [NotificationService] Scheduling for 2025-11-10T03:00:02.000Z
11-10 08:20:25.554  6038  6086 D Surface : Surface::disconnect
11-10 08:20:25.554  6038  6086 D BufferQueueProducer: [VRI[MainActivity]#3(BLAST Consumer)3](id:179600000003,api:1,p:6038,c:6038) disconnect: api 1
11-10 08:20:25.579  6038  6110 I ReactNativeJS: [NotificationService] Successfully scheduled notification rem-1762743025312
11-10 08:20:25.579  6038  6110 I ReactNativeJS: [ReminderEngine] Successfully scheduled 1762743025312
11-10 08:20:25.595  6038  6038 W RemoteInputConnectionImpl: requestCursorAnchorInfo on inactive InputConnection
11-10 08:20:25.708  6038  6110 I ReactNativeJS: '[ReminderEngine] Processing reminders, count:', 5
11-10 08:20:25.710  6038  6110 I ReactNativeJS: '[RootLayout] Foreground event:', { type: 7, pressAction: undefined }
11-10 08:20:27.048  6038  6038 D ViewRootImpl: update {(0,0)(fillxfill) gr=CENTER sim={adjust=resize forwardNavigation} ty=APPLICATION fmt=TRANSPARENT wanim=0x7f12012e
11-10 08:20:27.048  6038  6038 D ViewRootImpl:   fl=NOT_FOCUSABLE LAYOUT_IN_SCREEN LAYOUT_INSET_DECOR SPLIT_TOUCH HARDWARE_ACCELERATED DRAWS_SYSTEM_BAR_BACKGROUNDS
11-10 08:20:27.048  6038  6038 D ViewRootImpl:   pfl=NO_MOVE_ANIMATION FORCE_DRAW_STATUS_BAR_BACKGROUND FIT_INSETS_CONTROLLED
11-10 08:20:27.048  6038  6038 D ViewRootImpl:   bhv=DEFAULT
11-10 08:20:27.048  6038  6038 D ViewRootImpl:   fitSides=} by setView
11-10 08:20:27.055  6038  6038 D VRI[MainActivity]: update {(0,0)(fillxfill) gr=CENTER sim={adjust=resize} ty=APPLICATION fmt=TRANSPARENT wanim=0x7f12012e
11-10 08:20:27.055  6038  6038 D VRI[MainActivity]:   fl=LAYOUT_IN_SCREEN LAYOUT_INSET_DECOR SPLIT_TOUCH HARDWARE_ACCELERATED DRAWS_SYSTEM_BAR_BACKGROUNDS
11-10 08:20:27.055  6038  6038 D VRI[MainActivity]:   pfl=NO_MOVE_ANIMATION FORCE_DRAW_STATUS_BAR_BACKGROUND FIT_INSETS_CONTROLLED
11-10 08:20:27.055  6038  6038 D VRI[MainActivity]:   bhv=DEFAULT
11-10 08:20:27.055  6038  6038 D VRI[MainActivity]:   fitSides=} by setLayoutParams
11-10 08:20:27.072  6038  6086 E OpenGLRenderer: Unable to match the desired swap behavior.
11-10 08:20:27.081  6038  6086 W Parcel  : Expecting binder but got null!
11-10 08:20:27.087  6038  6038 D VRI[MainActivity]: update {(0,0)(fillxfill) gr=CENTER sim={adjust=resize} ty=APPLICATION fmt=TRANSPARENT wanim=0x7f12012e
11-10 08:20:27.087  6038  6038 D VRI[MainActivity]:   fl=LAYOUT_IN_SCREEN LAYOUT_INSET_DECOR SPLIT_TOUCH HARDWARE_ACCELERATED DRAWS_SYSTEM_BAR_BACKGROUNDS
11-10 08:20:27.087  6038  6038 D VRI[MainActivity]:   pfl=NO_MOVE_ANIMATION FORCE_DRAW_STATUS_BAR_BACKGROUND FIT_INSETS_CONTROLLED
11-10 08:20:27.087  6038  6038 D VRI[MainActivity]:   bhv=DEFAULT
11-10 08:20:27.087  6038  6038 D VRI[MainActivity]:   fitSides=} by setLayoutParams
11-10 08:20:27.088  6038  6038 D VRI[MainActivity]: update {(0,0)(fillxfill) gr=CENTER sim={adjust=resize} ty=APPLICATION fmt=TRANSPARENT wanim=0x7f12012e
11-10 08:20:27.088  6038  6038 D VRI[MainActivity]:   fl=LAYOUT_IN_SCREEN LAYOUT_INSET_DECOR SPLIT_TOUCH HARDWARE_ACCELERATED DRAWS_SYSTEM_BAR_BACKGROUNDS
11-10 08:20:27.088  6038  6038 D VRI[MainActivity]:   pfl=NO_MOVE_ANIMATION FORCE_DRAW_STATUS_BAR_BACKGROUND FIT_INSETS_CONTROLLED
11-10 08:20:27.088  6038  6038 D VRI[MainActivity]:   bhv=DEFAULT
11-10 08:20:27.088  6038  6038 D VRI[MainActivity]:   fitSides=} by setLayoutParams
11-10 08:20:27.194  6038  6038 D InputMethodManager: showSoftInput() view=com.facebook.react.views.textinput.ReactEditText{91aa04 VFED..CL. .F....ID 0,0-920,109 #684 aid=1073741830} flags=0 reason=SHOW_SOFT_INPUT
11-10 08:20:27.255  6038  6038 D InsetsController: show(ime(), fromIme=true)
11-10 08:20:34.483  6038  6038 D ViewRootImpl: update {(0,0)(fillxfill) gr=CENTER sim={adjust=resize forwardNavigation} ty=APPLICATION fmt=TRANSPARENT wanim=0x7f12012e
11-10 08:20:34.483  6038  6038 D ViewRootImpl:   fl=NOT_FOCUSABLE LAYOUT_IN_SCREEN LAYOUT_INSET_DECOR SPLIT_TOUCH HARDWARE_ACCELERATED DRAWS_SYSTEM_BAR_BACKGROUNDS
11-10 08:20:34.483  6038  6038 D ViewRootImpl:   pfl=NO_MOVE_ANIMATION FORCE_DRAW_STATUS_BAR_BACKGROUND FIT_INSETS_CONTROLLED
11-10 08:20:34.483  6038  6038 D ViewRootImpl:   bhv=DEFAULT
11-10 08:20:34.483  6038  6038 D ViewRootImpl:   fitSides=} by setView
11-10 08:20:34.489  6038  6038 D VRI[MainActivity]: update {(0,0)(fillxfill) gr=CENTER sim={adjust=resize} ty=APPLICATION fmt=TRANSPARENT wanim=0x7f12012e
11-10 08:20:34.489  6038  6038 D VRI[MainActivity]:   fl=LAYOUT_IN_SCREEN LAYOUT_INSET_DECOR SPLIT_TOUCH HARDWARE_ACCELERATED DRAWS_SYSTEM_BAR_BACKGROUNDS
11-10 08:20:34.489  6038  6038 D VRI[MainActivity]:   pfl=NO_MOVE_ANIMATION FORCE_DRAW_STATUS_BAR_BACKGROUND FIT_INSETS_CONTROLLED
11-10 08:20:34.489  6038  6038 D VRI[MainActivity]:   bhv=DEFAULT
11-10 08:20:34.489  6038  6038 D VRI[MainActivity]:   fitSides=} by setLayoutParams
11-10 08:20:34.503  6038  6086 E OpenGLRenderer: Unable to match the desired swap behavior.
11-10 08:20:34.510  6038  6086 W Parcel  : Expecting binder but got null!
11-10 08:20:34.529  6038  6038 D VRI[MainActivity]: update {(0,0)(fillxfill) gr=CENTER sim={adjust=resize} ty=APPLICATION fmt=TRANSPARENT wanim=0x7f12012e
11-10 08:20:34.529  6038  6038 D VRI[MainActivity]:   fl=LAYOUT_IN_SCREEN LAYOUT_INSET_DECOR SPLIT_TOUCH HARDWARE_ACCELERATED DRAWS_SYSTEM_BAR_BACKGROUNDS
11-10 08:20:34.529  6038  6038 D VRI[MainActivity]:   pfl=NO_MOVE_ANIMATION FORCE_DRAW_STATUS_BAR_BACKGROUND FIT_INSETS_CONTROLLED
11-10 08:20:34.529  6038  6038 D VRI[MainActivity]:   bhv=DEFAULT
11-10 08:20:34.529  6038  6038 D VRI[MainActivity]:   fitSides=} by setLayoutParams
11-10 08:20:34.530  6038  6038 D VRI[MainActivity]: update {(0,0)(fillxfill) gr=CENTER sim={adjust=resize} ty=APPLICATION fmt=TRANSPARENT wanim=0x7f12012e
11-10 08:20:34.530  6038  6038 D VRI[MainActivity]:   fl=LAYOUT_IN_SCREEN LAYOUT_INSET_DECOR SPLIT_TOUCH HARDWARE_ACCELERATED DRAWS_SYSTEM_BAR_BACKGROUNDS
11-10 08:20:34.530  6038  6038 D VRI[MainActivity]:   pfl=NO_MOVE_ANIMATION FORCE_DRAW_STATUS_BAR_BACKGROUND FIT_INSETS_CONTROLLED
11-10 08:20:34.530  6038  6038 D VRI[MainActivity]:   bhv=DEFAULT
11-10 08:20:34.530  6038  6038 D VRI[MainActivity]:   fitSides=} by setLayoutParams
11-10 08:20:34.562  6038  6038 W RemoteInputConnectionImpl: requestCursorAnchorInfo on inactive InputConnection
11-10 08:20:40.879  6038  6086 D Surface : Surface::disconnect
11-10 08:20:40.879  6038  6086 D BufferQueueProducer: [VRI[MainActivity]#5(BLAST Consumer)5](id:179600000005,api:1,p:6038,c:6038) disconnect: api 1
11-10 08:20:40.925  6038  6038 I AssistStructure: Flattened final assist data: 11244 bytes, containing 2 windows, 66 views
11-10 08:20:41.499  6038  6110 I ReactNativeJS: [AlarmSync] Checking for completed alarms...
11-10 08:20:41.499  6038  6111 D DoMinderDebug: AlarmModule: Retrieved 0 completed alarms
11-10 08:20:41.500  6038  6110 I ReactNativeJS: '[AlarmSync] Found completed alarms:', 0
11-10 08:20:41.501  6038  6111 D DoMinderDebug: AlarmModule: Retrieved 0 snoozed alarms
11-10 08:20:41.501  6038  6110 I ReactNativeJS: '[AlarmSync] Found snoozed alarms:', 0
11-10 08:20:41.566  6038  6110 I ReactNativeJS: '[ReminderEngine] Processing reminders, count:', 5
11-10 08:20:48.494  6038  6038 D ViewRootImpl: update {(0,0)(fillxfill) gr=CENTER sim={adjust=resize forwardNavigation} ty=APPLICATION fmt=TRANSPARENT wanim=0x7f12012e
11-10 08:20:48.494  6038  6038 D ViewRootImpl:   fl=NOT_FOCUSABLE LAYOUT_IN_SCREEN LAYOUT_INSET_DECOR SPLIT_TOUCH HARDWARE_ACCELERATED DRAWS_SYSTEM_BAR_BACKGROUNDS
11-10 08:20:48.494  6038  6038 D ViewRootImpl:   pfl=NO_MOVE_ANIMATION FORCE_DRAW_STATUS_BAR_BACKGROUND FIT_INSETS_CONTROLLED
11-10 08:20:48.494  6038  6038 D ViewRootImpl:   bhv=DEFAULT
11-10 08:20:48.494  6038  6038 D ViewRootImpl:   fitSides=} by setView
11-10 08:20:48.500  6038  6038 D VRI[MainActivity]: update {(0,0)(fillxfill) gr=CENTER sim={adjust=resize} ty=APPLICATION fmt=TRANSPARENT wanim=0x7f12012e
11-10 08:20:48.500  6038  6038 D VRI[MainActivity]:   fl=LAYOUT_IN_SCREEN LAYOUT_INSET_DECOR SPLIT_TOUCH HARDWARE_ACCELERATED DRAWS_SYSTEM_BAR_BACKGROUNDS
11-10 08:20:48.500  6038  6038 D VRI[MainActivity]:   pfl=NO_MOVE_ANIMATION FORCE_DRAW_STATUS_BAR_BACKGROUND FIT_INSETS_CONTROLLED
11-10 08:20:48.500  6038  6038 D VRI[MainActivity]:   bhv=DEFAULT
11-10 08:20:48.500  6038  6038 D VRI[MainActivity]:   fitSides=} by setLayoutParams
11-10 08:20:48.508  6038  6086 E OpenGLRenderer: Unable to match the desired swap behavior.
11-10 08:20:48.513  6038  6086 W Parcel  : Expecting binder but got null!
11-10 08:20:48.547  6038  6038 D VRI[MainActivity]: update {(0,0)(fillxfill) gr=CENTER sim={adjust=resize} ty=APPLICATION fmt=TRANSPARENT wanim=0x7f12012e
11-10 08:20:48.547  6038  6038 D VRI[MainActivity]:   fl=LAYOUT_IN_SCREEN LAYOUT_INSET_DECOR SPLIT_TOUCH HARDWARE_ACCELERATED DRAWS_SYSTEM_BAR_BACKGROUNDS
11-10 08:20:48.547  6038  6038 D VRI[MainActivity]:   pfl=NO_MOVE_ANIMATION FORCE_DRAW_STATUS_BAR_BACKGROUND FIT_INSETS_CONTROLLED
11-10 08:20:48.547  6038  6038 D VRI[MainActivity]:   bhv=DEFAULT
11-10 08:20:48.547  6038  6038 D VRI[MainActivity]:   fitSides=} by setLayoutParams
11-10 08:20:48.548  6038  6038 D VRI[MainActivity]: update {(0,0)(fillxfill) gr=CENTER sim={adjust=resize} ty=APPLICATION fmt=TRANSPARENT wanim=0x7f12012e
11-10 08:20:48.548  6038  6038 D VRI[MainActivity]:   fl=LAYOUT_IN_SCREEN LAYOUT_INSET_DECOR SPLIT_TOUCH HARDWARE_ACCELERATED DRAWS_SYSTEM_BAR_BACKGROUNDS
11-10 08:20:48.548  6038  6038 D VRI[MainActivity]:   pfl=NO_MOVE_ANIMATION FORCE_DRAW_STATUS_BAR_BACKGROUND FIT_INSETS_CONTROLLED
11-10 08:20:48.548  6038  6038 D VRI[MainActivity]:   bhv=DEFAULT
11-10 08:20:48.548  6038  6038 D VRI[MainActivity]:   fitSides=} by setLayoutParams
11-10 08:20:50.000  6038  6038 D ViewRootImpl: update {(0,0)(fillxfill) gr=CENTER sim={adjust=resize forwardNavigation} ty=APPLICATION fmt=TRANSPARENT wanim=0x7f12012e
11-10 08:20:50.000  6038  6038 D ViewRootImpl:   fl=NOT_FOCUSABLE LAYOUT_IN_SCREEN LAYOUT_INSET_DECOR SPLIT_TOUCH HARDWARE_ACCELERATED DRAWS_SYSTEM_BAR_BACKGROUNDS
11-10 08:20:50.000  6038  6038 D ViewRootImpl:   pfl=NO_MOVE_ANIMATION FORCE_DRAW_STATUS_BAR_BACKGROUND FIT_INSETS_CONTROLLED
11-10 08:20:50.000  6038  6038 D ViewRootImpl:   bhv=DEFAULT
11-10 08:20:50.000  6038  6038 D ViewRootImpl:   fitSides=} by setView
11-10 08:20:50.006  6038  6038 D VRI[MainActivity]: update {(0,0)(fillxfill) gr=CENTER sim={adjust=resize} ty=APPLICATION fmt=TRANSPARENT wanim=0x7f12012e
11-10 08:20:50.006  6038  6038 D VRI[MainActivity]:   fl=LAYOUT_IN_SCREEN LAYOUT_INSET_DECOR SPLIT_TOUCH HARDWARE_ACCELERATED DRAWS_SYSTEM_BAR_BACKGROUNDS
11-10 08:20:50.006  6038  6038 D VRI[MainActivity]:   pfl=NO_MOVE_ANIMATION FORCE_DRAW_STATUS_BAR_BACKGROUND FIT_INSETS_CONTROLLED
11-10 08:20:50.006  6038  6038 D VRI[MainActivity]:   bhv=DEFAULT
11-10 08:20:50.006  6038  6038 D VRI[MainActivity]:   fitSides=} by setLayoutParams
11-10 08:20:50.011  6038  6086 D Surface : Surface::disconnect
11-10 08:20:50.011  6038  6086 D BufferQueueProducer: [VRI[MainActivity]#6(BLAST Consumer)6](id:179600000006,api:1,p:6038,c:6038) disconnect: api 1
11-10 08:20:50.035  6038  6086 E OpenGLRenderer: Unable to match the desired swap behavior.
11-10 08:20:50.050  6038  6086 W Parcel  : Expecting binder but got null!
11-10 08:20:50.069  6038  6038 D VRI[MainActivity]: update {(0,0)(fillxfill) gr=CENTER sim={adjust=resize} ty=APPLICATION fmt=TRANSPARENT wanim=0x7f12012e
11-10 08:20:50.069  6038  6038 D VRI[MainActivity]:   fl=LAYOUT_IN_SCREEN LAYOUT_INSET_DECOR SPLIT_TOUCH HARDWARE_ACCELERATED DRAWS_SYSTEM_BAR_BACKGROUNDS
11-10 08:20:50.069  6038  6038 D VRI[MainActivity]:   pfl=NO_MOVE_ANIMATION FORCE_DRAW_STATUS_BAR_BACKGROUND FIT_INSETS_CONTROLLED
11-10 08:20:50.069  6038  6038 D VRI[MainActivity]:   bhv=DEFAULT
11-10 08:20:50.069  6038  6038 D VRI[MainActivity]:   fitSides=} by setLayoutParams
11-10 08:20:50.070  6038  6038 D VRI[MainActivity]: update {(0,0)(fillxfill) gr=CENTER sim={adjust=resize} ty=APPLICATION fmt=TRANSPARENT wanim=0x7f12012e
11-10 08:20:50.070  6038  6038 D VRI[MainActivity]:   fl=LAYOUT_IN_SCREEN LAYOUT_INSET_DECOR SPLIT_TOUCH HARDWARE_ACCELERATED DRAWS_SYSTEM_BAR_BACKGROUNDS
11-10 08:20:50.070  6038  6038 D VRI[MainActivity]:   pfl=NO_MOVE_ANIMATION FORCE_DRAW_STATUS_BAR_BACKGROUND FIT_INSETS_CONTROLLED
11-10 08:20:50.070  6038  6038 D VRI[MainActivity]:   bhv=DEFAULT
11-10 08:20:50.070  6038  6038 D VRI[MainActivity]:   fitSides=} by setLayoutParams
11-10 08:20:55.894  6038  6086 D Surface : Surface::disconnect
11-10 08:20:55.894  6038  6086 D BufferQueueProducer: [VRI[MainActivity]#7(BLAST Consumer)7](id:179600000007,api:1,p:6038,c:6038) disconnect: api 1
11-10 08:20:58.639  6038  6110 I ReactNativeJS: [Toast] show
11-10 08:21:00.840  6038  6038 D InputMethodManager: showSoftInput() view=com.facebook.react.views.textinput.ReactEditText{91aa04 VFED..CL. .F.P.... 0,0-920,109 #684 aid=1073741830} flags=0 reason=SHOW_SOFT_INPUT
11-10 08:21:00.902  6038  6038 D InsetsController: show(ime(), fromIme=true)
11-10 08:21:01.648  6038  6110 I ReactNativeJS: [Toast] hide
11-10 08:21:11.508  6038  6110 I ReactNativeJS: [AlarmSync] Checking for completed alarms...
11-10 08:21:11.509  6038  6111 D DoMinderDebug: AlarmModule: Retrieved 0 completed alarms
11-10 08:21:11.509  6038  6110 I ReactNativeJS: '[AlarmSync] Found completed alarms:', 0
11-10 08:21:11.510  6038  6111 D DoMinderDebug: AlarmModule: Retrieved 0 snoozed alarms
11-10 08:21:11.510  6038  6110 I ReactNativeJS: '[AlarmSync] Found snoozed alarms:', 0
11-10 08:21:11.576  6038  6110 I ReactNativeJS: '[ReminderEngine] Processing reminders, count:', 5
11-10 08:21:13.080  6038  6110 I ReactNativeJS: [ReminderService] Adding reminder 1762743073078: isActive=true, isCompleted=false, repeatType=every
11-10 08:21:13.107  6038  6110 I ReactNativeJS: [calculateNextReminderDate] for reminder: 1762743073078, fromDate: 2025-11-10T02:51:13.107Z, repeatType: every, date: 2025-11-10, time: 08:22
11-10 08:21:13.107  6038  6110 I ReactNativeJS: [calculateNextReminderDate] First occurrence at start boundary: 2025-11-10T02:52:00.000Z
11-10 08:21:13.107  6038  6110 I ReactNativeJS: [calculateNextReminderDate] Every 1 minutes, next occurrence: 2025-11-10T02:52:00.000Z
11-10 08:21:13.266  6038  6110 I ReactNativeJS: '[ReminderEngine] Processing reminders, count:', 6
11-10 08:21:13.266  6038  6110 I ReactNativeJS: [ReminderEngine] Processing reminder 1762743073078, repeatType: every
11-10 08:21:13.266  6038  6110 I ReactNativeJS: [calculateNextReminderDate] for reminder: 1762743073078, fromDate: 2025-11-10T02:51:13.266Z, repeatType: every, date: 2025-11-10, time: 08:22
11-10 08:21:13.266  6038  6110 I ReactNativeJS: [calculateNextReminderDate] First occurrence at start boundary: 2025-11-10T02:52:00.000Z
11-10 08:21:13.267  6038  6110 I ReactNativeJS: [calculateNextReminderDate] Every 1 minutes, next occurrence: 2025-11-10T02:52:00.000Z
11-10 08:21:13.267  6038  6110 I ReactNativeJS: [ReminderEngine] Calculated next fire time for 1762743073078: 2025-11-10T02:52:00.000Z, updating reminder
11-10 08:21:13.267  6038  6110 I ReactNativeJS: [ReminderEngine] Scheduling notification for reminder 1762743073078 at 2025-11-10T02:52:00.000Z
11-10 08:21:13.365  6038  6110 I ReactNativeJS: [NotificationService] Scheduling reminder 1762743073078, priority: high, repeatType: every
11-10 08:21:13.366  6038  6110 I ReactNativeJS: [NotificationService] Scheduling for 2025-11-10T02:52:00.000Z
11-10 08:21:13.366  6038  6110 I ReactNativeJS: [NotificationService] Scheduled native alarm for rem-1762743073078 with priority high
11-10 08:21:13.366  6038  6110 I ReactNativeJS: [ReminderEngine] Successfully scheduled 1762743073078
11-10 08:21:13.366  6038  6110 I ReactNativeJS: [ReminderService] Updating reminder 1762743073078: isActive=true, isCompleted=false, repeatType=every
11-10 08:21:13.367  6038  6111 D DoMinderDebug: AlarmModule: Scheduling alarm broadcast for 1762743073078 at 1.76274312E12
11-10 08:21:13.367  6038  6111 D DoMinderDebug: AlarmModule: Successfully scheduled alarm broadcast
11-10 08:21:13.369  6038  6110 I ReactNativeJS: '[ReminderEngine] Processing reminders, count:', 6
11-10 08:21:13.369  6038  6110 I ReactNativeJS: [ReminderEngine] Processing reminder 1762743073078, repeatType: every
11-10 08:21:13.369  6038  6110 I ReactNativeJS: [calculateNextReminderDate] for reminder: 1762743073078, fromDate: 2025-11-10T02:51:13.369Z, repeatType: every, date: 2025-11-10, time: 08:22
11-10 08:21:13.369  6038  6110 I ReactNativeJS: [calculateNextReminderDate] First occurrence at start boundary: 2025-11-10T02:52:00.000Z
11-10 08:21:13.369  6038  6110 I ReactNativeJS: [calculateNextReminderDate] Every 1 minutes, next occurrence: 2025-11-10T02:52:00.000Z
11-10 08:21:13.369  6038  6110 I ReactNativeJS: [ReminderEngine] Calculated next fire time for 1762743073078: 2025-11-10T02:52:00.000Z, updating reminder
11-10 08:21:13.370  6038  6110 I ReactNativeJS: [ReminderEngine] Scheduling notification for reminder 1762743073078 at 2025-11-10T02:52:00.000Z
11-10 08:21:13.388  6038  6086 D Surface : Surface::disconnect
11-10 08:21:13.388  6038  6086 D BufferQueueProducer: [VRI[MainActivity]#4(BLAST Consumer)4](id:179600000004,api:1,p:6038,c:6038) disconnect: api 1
11-10 08:21:13.393  6038  6110 I ReactNativeJS: [NotificationService] Scheduling reminder 1762743073078, priority: high, repeatType: every
11-10 08:21:13.393  6038  6110 I ReactNativeJS: [NotificationService] Scheduling for 2025-11-10T02:52:00.000Z
11-10 08:21:13.394  6038  6110 I ReactNativeJS: [NotificationService] Scheduled native alarm for rem-1762743073078 with priority high
11-10 08:21:13.394  6038  6110 I ReactNativeJS: [ReminderEngine] Successfully scheduled 1762743073078
11-10 08:21:13.395  6038  6111 D DoMinderDebug: AlarmModule: Scheduling alarm broadcast for 1762743073078 at 1.76274312E12
11-10 08:21:13.396  6038  6111 D DoMinderDebug: AlarmModule: Successfully scheduled alarm broadcast
11-10 08:21:13.398  6038  6110 I ReactNativeJS: [ReminderService] Updating reminder 1762743073078: isActive=true, isCompleted=false, repeatType=every
11-10 08:21:13.421  6038  6038 W RemoteInputConnectionImpl: requestCursorAnchorInfo on inactive InputConnection
11-10 08:21:13.433  6038  6110 I ReactNativeJS: [calculateNextReminderDate] for reminder: 1762743073078, fromDate: 2025-11-10T02:51:13.433Z, repeatType: every, date: 2025-11-10, time: 08:22
11-10 08:21:13.433  6038  6110 I ReactNativeJS: [calculateNextReminderDate] First occurrence at start boundary: 2025-11-10T02:52:00.000Z
11-10 08:21:13.433  6038  6110 I ReactNativeJS: [calculateNextReminderDate] Every 1 minutes, next occurrence: 2025-11-10T02:52:00.000Z
11-10 08:21:13.804  6038  6110 I ReactNativeJS: '[ReminderEngine] Processing reminders, count:', 6
11-10 08:21:41.515  6038  6110 I ReactNativeJS: [AlarmSync] Checking for completed alarms...
11-10 08:21:41.516  6038  6111 D DoMinderDebug: AlarmModule: Retrieved 0 completed alarms
11-10 08:21:41.516  6038  6110 I ReactNativeJS: '[AlarmSync] Found completed alarms:', 0
11-10 08:21:41.517  6038  6111 D DoMinderDebug: AlarmModule: Retrieved 0 snoozed alarms
11-10 08:21:41.517  6038  6110 I ReactNativeJS: '[AlarmSync] Found snoozed alarms:', 0
11-10 08:21:41.585  6038  6110 I ReactNativeJS: '[ReminderEngine] Processing reminders, count:', 6
11-10 08:21:46.029  6038  6110 I ReactNativeJS: '[Selection] Long press on:', '1762743025312', 'Current mode:', false
11-10 08:21:46.029  6038  6110 I ReactNativeJS: [Selection] Entering selection mode
11-10 08:21:46.058  6038  6110 I ReactNativeJS: '[Selection] Mode changed:', true, 'Selected count:', 1
11-10 08:21:47.531  6038  6110 I ReactNativeJS: '[Selection] Card press:', '1762743073078', 'Mode:', true, 'Suppress:', true
11-10 08:21:47.531  6038  6110 I ReactNativeJS: [Selection] Suppressing press after long press
11-10 08:21:48.389  6038  6110 I ReactNativeJS: '[Selection] Card press:', '1762743022520', 'Mode:', true, 'Suppress:', false
11-10 08:21:48.389  6038  6110 I ReactNativeJS: '[Selection] Toggling selection for:', '1762743022520'
11-10 08:21:48.389  6038  6110 I ReactNativeJS: '[Selection] Selected:', '1762743022520'
11-10 08:21:48.411  6038  6110 I ReactNativeJS: '[Selection] Mode changed:', true, 'Selected count:', 2
11-10 08:21:49.056  6038  6110 I ReactNativeJS: '[Selection] Card press:', '1762742824720', 'Mode:', true, 'Suppress:', false
11-10 08:21:49.056  6038  6110 I ReactNativeJS: '[Selection] Toggling selection for:', '1762742824720'
11-10 08:21:49.056  6038  6110 I ReactNativeJS: '[Selection] Selected:', '1762742824720'
11-10 08:21:49.082  6038  6110 I ReactNativeJS: '[Selection] Mode changed:', true, 'Selected count:', 3
11-10 08:21:52.142  6038  6110 I ReactNativeJS: '[Selection] Card press:', '1762743073078', 'Mode:', true, 'Suppress:', false
11-10 08:21:52.142  6038  6110 I ReactNativeJS: '[Selection] Toggling selection for:', '1762743073078'
11-10 08:21:52.142  6038  6110 I ReactNativeJS: '[Selection] Selected:', '1762743073078'
11-10 08:21:52.165  6038  6110 I ReactNativeJS: '[Selection] Mode changed:', true, 'Selected count:', 4
11-10 08:21:54.212  6038  6110 I ReactNativeJS: '[Selection] Card press:', '1762742824720', 'Mode:', true, 'Suppress:', false
11-10 08:21:54.212  6038  6110 I ReactNativeJS: '[Selection] Toggling selection for:', '1762742824720'
11-10 08:21:54.213  6038  6110 I ReactNativeJS: '[Selection] Deselected:', '1762742824720'
11-10 08:21:54.234  6038  6110 I ReactNativeJS: '[Selection] Mode changed:', true, 'Selected count:', 3
11-10 08:21:54.767  6038  6110 I ReactNativeJS: '[Selection] Card press:', '1762743022520', 'Mode:', true, 'Suppress:', false
11-10 08:21:54.767  6038  6110 I ReactNativeJS: '[Selection] Toggling selection for:', '1762743022520'
11-10 08:21:54.767  6038  6110 I ReactNativeJS: '[Selection] Deselected:', '1762743022520'
11-10 08:21:54.790  6038  6110 I ReactNativeJS: '[Selection] Mode changed:', true, 'Selected count:', 2
11-10 08:21:55.724  6038  6110 I ReactNativeJS: '[Selection] Card press:', '1762743025312', 'Mode:', true, 'Suppress:', false
11-10 08:21:55.725  6038  6110 I ReactNativeJS: '[Selection] Toggling selection for:', '1762743025312'
11-10 08:21:55.725  6038  6110 I ReactNativeJS: '[Selection] Deselected:', '1762743025312'
11-10 08:21:55.743  6038  6110 I ReactNativeJS: '[Selection] Mode changed:', true, 'Selected count:', 1
11-10 08:21:58.309  6038  6110 I ReactNativeJS: '[Selection] Mode changed:', false, 'Selected count:', 0
11-10 08:22:00.012  6038  6038 D DoMinderDebug: AlarmReceiver: Received broadcast
11-10 08:22:00.014  6038  6038 D DoMinderDebug: AlarmReceiver: Starting AlarmRingtoneService for high priority
11-10 08:22:00.014  6038  6038 D DoMinderDebug: AlarmRingtoneService: startAlarmRingtone called - priority: high
11-10 08:22:00.017  6038  6038 D DoMinderDebug: AlarmReceiver: Creating full-screen notification for 1762743073078
11-10 08:22:00.026  6038  6038 D DoMinderDebug: AlarmReceiver: Full-screen notification created and shown
11-10 08:22:00.026  6038  6038 D DoMinderDebug: AlarmRingtoneService: onCreate
11-10 08:22:00.027  6038  6038 D DoMinderDebug: AlarmRingtoneService: onStartCommand - action: app.rork.dominder.START_ALARM_RINGTONE
11-10 08:22:00.027  6038  6038 D DoMinderDebug: AlarmRingtoneService: Starting ringtone for priority: high
11-10 08:22:00.027  6038  6038 D DoMinderDebug: AlarmRingtoneService: Starting foreground service
11-10 08:22:00.029  6038  6038 D DoMinderDebug: AlarmRingtoneService: Starting ringtone and vibration
11-10 08:22:00.032  6038  6038 D DoMinderDebug: AlarmRingtoneService: Using default alarm ringtone
11-10 08:22:00.070  6038  6038 D DoMinderDebug: AlarmRingtoneService: MediaPlayer started playing (looping=true)
11-10 08:22:00.073  6038  6038 D DoMinderDebug: AlarmRingtoneService: Vibration started
11-10 08:22:02.655  6038  6038 W unknown:BridgelessReact: ReactHost{0}.onUserLeaveHint(activity)
11-10 08:22:02.656  6038  6038 W unknown:BridgelessReact: ReactHost{0}.onHostPause(activity)
11-10 08:22:02.657  6038  6038 W unknown:BridgelessReact: ReactContext.onHostPause()
11-10 08:22:02.676  6038  6038 D DoMinderDebug: AlarmActivity: onCreate
11-10 08:22:02.711  6038  6038 D DoMinderDebug: AlarmActivity: Priority = high
11-10 08:22:02.712  6038  6038 D DoMinderDebug: AlarmActivity: Ringtone service should already be playing
11-10 08:22:02.717  6038  6038 D ViewRootImpl: update {(0,0)(fillxfill) sim={forwardNavigation} ty=BASE_APPLICATION wanim=0x10302fd
11-10 08:22:02.717  6038  6038 D ViewRootImpl:   fl=LAYOUT_IN_SCREEN LAYOUT_INSET_DECOR SPLIT_TOUCH HARDWARE_ACCELERATED DRAWS_SYSTEM_BAR_BACKGROUNDS
11-10 08:22:02.717  6038  6038 D ViewRootImpl:   pfl=NO_MOVE_ANIMATION FORCE_DRAW_STATUS_BAR_BACKGROUND FIT_INSETS_CONTROLLED
11-10 08:22:02.717  6038  6038 D ViewRootImpl:   bhv=DEFAULT
11-10 08:22:02.717  6038  6038 D ViewRootImpl:   fitSides=} by setView
11-10 08:22:02.734  6038  6086 E OpenGLRenderer: Unable to match the desired swap behavior.
11-10 08:22:02.793  6038  6086 W Parcel  : Expecting binder but got null!
11-10 08:22:03.082  6038  6086 D Surface : Surface::disconnect
11-10 08:22:03.082  6038  6086 D BufferQueueProducer: [VRI[MainActivity]#0(BLAST Consumer)0](id:179600000000,api:1,p:6038,c:6038) disconnect: api 1
11-10 08:22:04.203  6038  6038 D DoMinderDebug: AlarmActivity: Done clicked for reminderId: 1762743073078
11-10 08:22:04.204  6038  6038 D DoMinderDebug: AlarmRingtoneService: stopAlarmRingtone called
11-10 08:22:04.206  6038  6038 D DoMinderDebug: AlarmActivity: Saved completion to SharedPreferences for 1762743073078
11-10 08:22:04.206  6038  6038 D DoMinderDebug: AlarmActivity: Sending ALARM_DONE broadcast with action: app.rork.dominder.ALARM_DONE, package: app.rork.dominder_android_reminder_app
11-10 08:22:04.207  6038  6038 D DoMinderDebug: AlarmActivity: Broadcast sent successfully
11-10 08:22:04.217  6038  6038 D DoMinderDebug: AlarmRingtoneService: onStartCommand - action: app.rork.dominder.STOP_ALARM_RINGTONE
11-10 08:22:04.217  6038  6038 D DoMinderDebug: AlarmRingtoneService: Stopping ringtone service
11-10 08:22:04.217  6038  6038 D DoMinderDebug: AlarmRingtoneService: Stopping ringtone and vibration
11-10 08:22:04.228  6038  6038 V MediaPlayer: resetDrmState:  mDrmInfo=null mDrmProvisioningThread=null mPrepareDrmInProgress=false mActiveDrmScheme=false
11-10 08:22:04.228  6038  6038 V MediaPlayer: cleanDrmObj: mDrmObj=null mDrmSessionId=null
11-10 08:22:04.233  6038  6038 D DoMinderDebug: AlarmRingtoneService: MediaPlayer stopped and released
11-10 08:22:04.233  6038  6038 D DoMinderDebug: AlarmRingtoneService: Vibration stopped
11-10 08:22:04.234  6038  6038 D DoMinderDebug: AlarmRingtoneService: Wake lock released
11-10 08:22:04.243  6038  6038 D DoMinderDebug: AlarmActionBridge: ===== onReceive called! =====
11-10 08:22:04.243  6038  6038 D DoMinderDebug: AlarmActionBridge: Received action: app.rork.dominder.ALARM_DONE
11-10 08:22:04.243  6038  6038 D DoMinderDebug: AlarmActionBridge: Intent extras: Bundle[mParcelledData.dataSize=68]
11-10 08:22:04.243  6038  6038 D DoMinderDebug: AlarmActionBridge: ALARM_DONE - reminderId: 1762743073078
11-10 08:22:04.243  6038  6038 D DoMinderDebug: AlarmActionBridge: About to emit alarmDone event to React Native
11-10 08:22:04.243  6038  6038 D DoMinderDebug: AlarmActionBridge: ===== emitEventToReactNative START =====
11-10 08:22:04.243  6038  6038 D DoMinderDebug: AlarmActionBridge: Event name: alarmDone, reminderId: 1762743073078
11-10 08:22:04.243  6038  6038 D DoMinderDebug: AlarmActionBridge: Got application context: app.rork.dominder_android_reminder_app.MainApplication
11-10 08:22:04.243  6038  6038 D DoMinderDebug: AlarmActionBridge: App is ReactApplication 
11-10 08:22:04.246  6038  6038 W SoLoader: SoLoader already initialized
11-10 08:22:04.247  6038  6038 W SoLoader: SoLoader already initialized
11-10 08:22:04.247  6038  6038 D DoMinderDebug: AlarmActionBridge: Got ReactInstanceManager: com.facebook.react.ReactInstanceManager@bdd0263
11-10 08:22:04.247  6038  6038 D DoMinderDebug: AlarmActionBridge: ReactContext: null
11-10 08:22:04.247  6038  6038 D DoMinderDebug: AlarmActionBridge:  ERROR - ReactContext is NULL! 
11-10 08:22:04.247  6038  6038 D DoMinderDebug: AlarmActionBridge: This means React Native is not running or was killed
11-10 08:22:04.247  6038  6038 D DoMinderDebug: AlarmActionBridge: emitEventToReactNative call completed
11-10 08:22:04.248  6038  6038 W MediaPlayer: mediaplayer went away with unhandled events
11-10 08:22:04.248  6038  6038 W MediaPlayer: mediaplayer went away with unhandled events
11-10 08:22:04.248  6038  6038 D DoMinderDebug: AlarmRingtoneService: onDestroy
11-10 08:22:04.248  6038  6038 D DoMinderDebug: AlarmRingtoneService: Stopping ringtone and vibration
11-10 08:22:04.248  6038  6038 D DoMinderDebug: AlarmRingtoneService: Vibration stopped
11-10 08:22:04.508  6038  6038 D DoMinderDebug: AlarmActivity: Canceled notification with ID: 1076554713
11-10 08:22:04.508  6038  6038 D DoMinderDebug: AlarmActivity: Finishing alarm activity properly
11-10 08:22:04.555  6038  6038 D DoMinderDebug: AlarmActivity: Finish sequence initiated
11-10 08:22:04.598  6038  6109 I ReactNativeJNI: Memory warning (pressure level: TRIM_MEMORY_UI_HIDDEN) received by JS VM, ignoring because it's non-severe
11-10 08:22:04.931  6038  6086 D Surface : Surface::disconnect
11-10 08:22:04.931  6038  6086 D BufferQueueProducer: [VRI[AlarmActivity]#8(BLAST Consumer)8](id:179600000008,api:1,p:6038,c:6038) disconnect: api 1
11-10 08:22:04.973  6038  6038 D DoMinderDebug: AlarmRingtoneService: stopAlarmRingtone called
11-10 08:22:04.987  6038  6038 D DoMinderDebug: AlarmActivity: WakeLock released
11-10 08:22:04.999  6038  6038 D DoMinderDebug: AlarmRingtoneService: onCreate
11-10 08:22:05.005  6038  6038 D DoMinderDebug: AlarmRingtoneService: onStartCommand - action: app.rork.dominder.STOP_ALARM_RINGTONE
11-10 08:22:05.005  6038  6038 D DoMinderDebug: AlarmRingtoneService: Stopping ringtone service
11-10 08:22:05.005  6038  6038 D DoMinderDebug: AlarmRingtoneService: Stopping ringtone and vibration
11-10 08:22:05.005  6038  6038 D DoMinderDebug: AlarmRingtoneService: Vibration stopped
11-10 08:22:05.009  6038  6038 D DoMinderDebug: AlarmRingtoneService: onDestroy
11-10 08:22:05.009  6038  6038 D DoMinderDebug: AlarmRingtoneService: Stopping ringtone and vibration
11-10 08:22:05.009  6038  6038 D DoMinderDebug: AlarmRingtoneService: Vibration stopped
11-10 08:22:05.055  6038  6038 I Process : Sending signal. PID: 6038 SIG: 9
