01-04 14:46:26.707 11391 11391 D VRI[MainActivity]:   fitSides=} by setLayoutParams
01-04 14:46:26.708 11391 11391 D VRI[MainActivity]: update {(0,0)(fillxfill) gr=CENTER sim={adjust=resize} ty=APPLICATION fmt=TRANSPARENT wanim=0x7f11012e
01-04 14:46:26.708 11391 11391 D VRI[MainActivity]:   fl=LAYOUT_IN_SCREEN LAYOUT_INSET_DECOR SPLIT_TOUCH HARDWARE_ACCELERATED DRAWS_SYSTEM_BAR_BACKGROUNDS
01-04 14:46:26.708 11391 11391 D VRI[MainActivity]:   pfl=NO_MOVE_ANIMATION FORCE_DRAW_STATUS_BAR_BACKGROUND FIT_INSETS_CONTROLLED
01-04 14:46:26.708 11391 11391 D VRI[MainActivity]:   bhv=DEFAULT
01-04 14:46:26.708 11391 11391 D VRI[MainActivity]:   fitSides=} by setLayoutParams
01-04 14:46:26.923 11391 11391 D DoMinderDebug: AlarmActionBridge: ===== onReceive called! =====
01-04 14:46:26.923 11391 11391 D DoMinderDebug: AlarmActionBridge: Received action: app.rork.dominder.ALARM_DONE
01-04 14:46:26.923 11391 11391 D DoMinderDebug: AlarmActionBridge: Intent extras: Bundle[mParcelledData.dataSize=304]
01-04 14:46:26.923 11391 11391 D DoMinderDebug: AlarmActionBridge: ALARM_DONE - reminderId: 1767517925302
01-04 14:46:26.923 11391 11391 D DoMinderDebug: AlarmActionBridge: About to emit alarmDone event to React Native
01-04 14:46:26.923 11391 11391 D DoMinderDebug: AlarmActionBridge: ===== emitEventToReactNative START =====
01-04 14:46:26.923 11391 11391 D DoMinderDebug: AlarmActionBridge: Event name: alarmDone, reminderId: 1767517925302
01-04 14:46:26.923 11391 11391 D DoMinderDebug: AlarmActionBridge: Got application context: app.rork.dominder_android_reminder_app.MainApplication
01-04 14:46:26.923 11391 11391 D DoMinderDebug: AlarmActionBridge: App is ReactApplication 
01-04 14:46:26.923 11391 11391 D DoMinderDebug: AlarmActionBridge: Got ReactInstanceManager: com.facebook.react.ReactInstanceManager@74a677c
01-04 14:46:26.923 11391 11391 D DoMinderDebug: AlarmActionBridge: ReactContext: null
01-04 14:46:26.923 11391 11391 D DoMinderDebug: AlarmActionBridge:  ERROR - ReactContext is NULL! 
01-04 14:46:26.923 11391 11391 D DoMinderDebug: AlarmActionBridge: This means React Native is not running or was killed
01-04 14:46:26.923 11391 11391 D DoMinderDebug: AlarmActionBridge: emitEventToReactNative call completed
01-04 14:46:26.923 11391 11391 D DoMinderDebug: AlarmActionBridge: Attempting native reschedule (interval=1.0 minutes)
01-04 14:46:26.923 11391 11391 D DoMinderDebug: AlarmActionBridge: Scheduling next recurring alarm for 1767518230612
01-04 14:46:26.925 11391 11391 D DoMinderDebug: AlarmActionBridge: Recurring alarm scheduled successfully
01-04 14:46:27.527 11391 11563 D Surface : Surface::disconnect
01-04 14:46:27.527 11391 11563 D BufferQueueProducer: [VRI[MainActivity]#20(BLAST Consumer)20](id:2c7f00000014,api:1,p:11391,c:11391) disconnect: api 1
01-04 14:46:54.575 11391 11397 W System  : A resource failed to call release. 
01-04 14:46:56.409 11391 11915 I ReactNativeJS: [AlarmSync] Checking for completed alarms...
01-04 14:46:56.410 11391 11916 D DoMinderDebug: AlarmModule: Retrieved 2 completed alarms
01-04 14:46:56.412 11391 11915 I ReactNativeJS: '[AlarmSync] Found completed alarms:', 2
01-04 14:46:56.412 11391 11915 I ReactNativeJS: '[AlarmSync] Already processed completion for:', '1767518070938'
01-04 14:46:56.412 11391 11915 I ReactNativeJS: '[AlarmSync] Already processed completion for:', '1767517925302'
01-04 14:46:56.413 11391 11916 D DoMinderDebug: AlarmModule: Retrieved 0 snoozed alarms
01-04 14:46:56.413 11391 11915 I ReactNativeJS: '[ReminderEngine] Processing reminders, count:', 21
01-04 14:46:56.413 11391 11915 I ReactNativeJS: '[AlarmSync] Found snoozed alarms:', 0
01-04 14:46:56.414 11391 11916 D DoMinderDebug: AlarmModule: Retrieved 0 deleted alarms
01-04 14:46:56.414 11391 11915 I ReactNativeJS: '[AlarmSync] Found deleted alarms:', 0
01-04 14:47:16.396 11391 11391 D DoMinderDebug: AlarmReceiver: Received broadcast
01-04 14:47:16.396 11391 11391 D DoMinderDebug: AlarmReceiver: Starting AlarmRingtoneService for high priority
01-04 14:47:16.396 11391 11391 D DoMinderDebug: AlarmRingtoneService: startAlarmRingtone called - priority: high
01-04 14:47:16.398 11391 11391 D DoMinderDebug: AlarmReceiver: Creating full-screen notification for 1767517925302
01-04 14:47:16.401 11391 11391 D DoMinderDebug: AlarmReceiver: Full-screen notification created and shown
01-04 14:47:16.402 11391 11391 D DoMinderDebug: AlarmRingtoneService: onCreate
01-04 14:47:16.403 11391 11391 D DoMinderDebug: AlarmRingtoneService: onStartCommand - action: app.rork.dominder.START_ALARM_RINGTONE
01-04 14:47:16.403 11391 11391 D DoMinderDebug: AlarmRingtoneService: Starting ringtone for priority: high
01-04 14:47:16.403 11391 11391 D DoMinderDebug: AlarmRingtoneService: Starting foreground service
01-04 14:47:16.406 11391 11391 D DoMinderDebug: AlarmRingtoneService: Starting ringtone and vibration
01-04 14:47:16.406 11391 11391 D DoMinderDebug: AlarmRingtoneService: Settings - sound: true, vibration: true
01-04 14:47:16.408 11391 11391 D DoMinderDebug: AlarmRingtoneService: Using default alarm ringtone
01-04 14:47:16.412 11391 11391 D DoMinderDebug: AlarmRingtoneService: Set alarm volume to 1/7 (10%)
01-04 14:47:16.442 11391 11391 D DoMinderDebug: AlarmRingtoneService: MediaPlayer started playing (looping=true)
01-04 14:47:16.443 11391 11391 D DoMinderDebug: AlarmRingtoneService: Vibration started
01-04 14:47:24.456 11391 11391 D DoMinderDebug: AlarmReceiver: Received broadcast
01-04 14:47:24.456 11391 11391 D DoMinderDebug: AlarmReceiver: Starting AlarmRingtoneService for high priority
01-04 14:47:24.456 11391 11391 D DoMinderDebug: AlarmRingtoneService: startAlarmRingtone called - priority: high
01-04 14:47:24.459 11391 11391 D DoMinderDebug: AlarmReceiver: Creating full-screen notification for 1767518070938
01-04 14:47:24.463 11391 11391 D DoMinderDebug: AlarmReceiver: Full-screen notification created and shown
01-04 14:47:24.463 11391 11391 D DoMinderDebug: AlarmRingtoneService: onStartCommand - action: app.rork.dominder.START_ALARM_RINGTONE
01-04 14:47:24.463 11391 11391 D DoMinderDebug: AlarmRingtoneService: Starting ringtone for priority: high
01-04 14:47:24.463 11391 11391 D DoMinderDebug: AlarmRingtoneService: Starting foreground service
01-04 14:47:24.467 11391 11391 D DoMinderDebug: AlarmRingtoneService: Starting ringtone and vibration
01-04 14:47:24.467 11391 11391 D DoMinderDebug: AlarmRingtoneService: Settings - sound: true, vibration: true
01-04 14:47:24.468 11391 11391 D DoMinderDebug: AlarmRingtoneService: Using default alarm ringtone
01-04 14:47:24.470 11391 11391 D DoMinderDebug: AlarmRingtoneService: Set alarm volume to 1/7 (10%)
01-04 14:47:24.492 11391 11391 D DoMinderDebug: AlarmRingtoneService: MediaPlayer started playing (looping=true)
01-04 14:47:24.493 11391 11391 D DoMinderDebug: AlarmRingtoneService: Vibration started
01-04 14:47:26.412 11391 11915 I ReactNativeJS: [AlarmSync] Checking for completed alarms...
01-04 14:47:26.413 11391 11916 D DoMinderDebug: AlarmModule: Retrieved 2 completed alarms
01-04 14:47:26.414 11391 11915 I ReactNativeJS: '[AlarmSync] Found completed alarms:', 2
01-04 14:47:26.414 11391 11915 I ReactNativeJS: '[AlarmSync] Already processed completion for:', '1767518070938'
01-04 14:47:26.414 11391 11915 I ReactNativeJS: '[AlarmSync] Already processed completion for:', '1767517925302'
01-04 14:47:26.415 11391 11916 D DoMinderDebug: AlarmModule: Retrieved 0 snoozed alarms
01-04 14:47:26.415 11391 11915 I ReactNativeJS: '[ReminderEngine] Processing reminders, count:', 21
01-04 14:47:26.415 11391 11915 I ReactNativeJS: '[AlarmSync] Found snoozed alarms:', 0
01-04 14:47:26.416 11391 11916 D DoMinderDebug: AlarmModule: Retrieved 0 deleted alarms
01-04 14:47:26.416 11391 11915 I ReactNativeJS: '[AlarmSync] Found deleted alarms:', 0
01-04 14:47:32.897 11391 11391 W unknown:BridgelessReact: ReactHost{0}.onUserLeaveHint(activity)
01-04 14:47:32.898 11391 11391 W unknown:BridgelessReact: ReactHost{0}.onHostPause(activity)
01-04 14:47:32.899 11391 11391 W unknown:BridgelessReact: ReactContext.onHostPause()
01-04 14:47:32.915 11391 11391 D DoMinderDebug: AlarmActivity: onCreate
01-04 14:47:32.919 11391 11391 D DoMinderDebug: AlarmActivity: Wake lock acquired for 10 minutes
01-04 14:47:32.920 11391 11391 D DoMinderDebug: AlarmActivity: Screen will stay on until user action or timeout
01-04 14:47:32.931 11391 11391 D DoMinderDebug: AlarmActivity: Priority = high
01-04 14:47:32.932 11391 11391 D DoMinderDebug: AlarmActivity: 5-minute timeout scheduled
01-04 14:47:32.932 11391 11391 D DoMinderDebug: AlarmActivity: Ringtone service should already be playing
01-04 14:47:32.936 11391 11391 D ViewRootImpl: update {(0,0)(fillxfill) sim={forwardNavigation} ty=BASE_APPLICATION wanim=0x10302fd
01-04 14:47:32.936 11391 11391 D ViewRootImpl:   fl=KEEP_SCREEN_ON LAYOUT_IN_SCREEN LAYOUT_INSET_DECOR SPLIT_TOUCH HARDWARE_ACCELERATED DRAWS_SYSTEM_BAR_BACKGROUNDS
01-04 14:47:32.936 11391 11391 D ViewRootImpl:   pfl=NO_MOVE_ANIMATION FORCE_DRAW_STATUS_BAR_BACKGROUND FIT_INSETS_CONTROLLED
01-04 14:47:32.936 11391 11391 D ViewRootImpl:   bhv=DEFAULT
01-04 14:47:32.936 11391 11391 D ViewRootImpl:   fitSides=} by setView
01-04 14:47:32.951 11391 11563 E OpenGLRenderer: Unable to match the desired swap behavior.
01-04 14:47:32.966 11391 11563 W Parcel  : Expecting binder but got null!
01-04 14:47:33.247 11391 11563 D Surface : Surface::disconnect
01-04 14:47:33.247 11391 11563 D BufferQueueProducer: [VRI[MainActivity]#19(BLAST Consumer)19](id:2c7f00000013,api:1,p:11391,c:11391) disconnect: api 1
01-04 14:47:34.764 11391 11391 D DoMinderDebug: AlarmActivity: Done clicked for reminderId: 1767517925302
01-04 14:47:34.764 11391 11391 D DoMinderDebug: AlarmRingtoneService: stopAlarmRingtone called
01-04 14:47:34.767 11391 11391 D DoMinderDebug: AlarmActivity: Saved completion to SharedPreferences for 1767517925302
01-04 14:47:34.767 11391 11391 D DoMinderDebug: AlarmActivity: Sending ALARM_DONE broadcast with action: app.rork.dominder.ALARM_DONE, package: app.rork.dominder_android_reminder_app
01-04 14:47:34.767 11391 11391 D DoMinderDebug: AlarmActivity: Broadcast sent successfully
01-04 14:47:34.768 11391 11391 D DoMinderDebug: AlarmRingtoneService: onStartCommand - action: app.rork.dominder.STOP_ALARM_RINGTONE
01-04 14:47:34.768 11391 11391 D DoMinderDebug: AlarmRingtoneService: Stopping ringtone service
01-04 14:47:34.768 11391 11391 D DoMinderDebug: AlarmRingtoneService: Stopping ringtone and vibration
01-04 14:47:34.771 11391 11391 V MediaPlayer: resetDrmState:  mDrmInfo=null mDrmProvisioningThread=null mPrepareDrmInProgress=false mActiveDrmScheme=false
01-04 14:47:34.771 11391 11391 V MediaPlayer: cleanDrmObj: mDrmObj=null mDrmSessionId=null
01-04 14:47:34.777 11391 11391 D DoMinderDebug: AlarmRingtoneService: MediaPlayer stopped and released
01-04 14:47:34.779 11391 11391 D DoMinderDebug: AlarmRingtoneService: Restored original alarm volume to 1
01-04 14:47:34.780 11391 11391 D DoMinderDebug: AlarmRingtoneService: Vibration stopped
01-04 14:47:34.781 11391 11391 D DoMinderDebug: AlarmRingtoneService: Wake lock released
01-04 14:47:34.788 11391 11391 W MediaPlayer: mediaplayer went away with unhandled events
01-04 14:47:34.789 11391 11391 D DoMinderDebug: AlarmRingtoneService: onDestroy
01-04 14:47:34.789 11391 11391 D DoMinderDebug: AlarmRingtoneService: Stopping ringtone and vibration
01-04 14:47:34.789 11391 11391 D DoMinderDebug: AlarmRingtoneService: Vibration stopped
01-04 14:47:35.067 11391 11391 D DoMinderDebug: AlarmActivity: Canceled notification with ID: -2011380467
01-04 14:47:35.067 11391 11391 D DoMinderDebug: AlarmActivity: Finishing alarm activity properly
01-04 14:47:35.079 11391 11391 D DoMinderDebug: AlarmActivity: Keeping process alive for JS events
01-04 14:47:35.079 11391 11391 D DoMinderDebug: AlarmActivity: Finish sequence initiated
01-04 14:47:35.119 11391 11914 I ReactNativeJNI: Memory warning (pressure level: TRIM_MEMORY_UI_HIDDEN) received by JS VM, ignoring because it's non-severe
01-04 14:47:35.263 11391 11397 W MediaPlayer-JNI: MediaPlayer finalized without being released
01-04 14:47:35.507 11391 11563 D Surface : Surface::disconnect
01-04 14:47:35.507 11391 11563 D BufferQueueProducer: [VRI[AlarmActivity]#21(BLAST Consumer)21](id:2c7f00000015,api:1,p:11391,c:11391) disconnect: api 1
01-04 14:47:35.515 11391 11391 D DoMinderDebug: AlarmActivity: Canceled timeout and time update runnables
01-04 14:47:35.515 11391 11391 D DoMinderDebug: AlarmRingtoneService: stopAlarmRingtone called
01-04 14:47:35.539 11391 11391 D DoMinderDebug: AlarmActivity: WakeLock released
01-04 14:47:35.555 11391 11391 D DoMinderDebug: AlarmRingtoneService: onCreate
01-04 14:47:35.559 11391 11391 D DoMinderDebug: AlarmRingtoneService: onStartCommand - action: app.rork.dominder.STOP_ALARM_RINGTONE
01-04 14:47:35.559 11391 11391 D DoMinderDebug: AlarmRingtoneService: Stopping ringtone service
01-04 14:47:35.559 11391 11391 D DoMinderDebug: AlarmRingtoneService: Stopping ringtone and vibration
01-04 14:47:35.560 11391 11391 D DoMinderDebug: AlarmRingtoneService: Vibration stopped
01-04 14:47:35.564 11391 11391 D DoMinderDebug: AlarmRingtoneService: onDestroy
01-04 14:47:35.564 11391 11391 D DoMinderDebug: AlarmRingtoneService: Stopping ringtone and vibration
01-04 14:47:35.564 11391 11391 D DoMinderDebug: AlarmRingtoneService: Vibration stopped
01-04 14:47:37.266 11391 11391 D DoMinderDebug: AlarmActivity: onCreate
01-04 14:47:37.279 11391 11391 D DoMinderDebug: AlarmActivity: Wake lock acquired for 10 minutes
01-04 14:47:37.283 11391 11391 D DoMinderDebug: AlarmActivity: Screen will stay on until user action or timeout
01-04 14:47:37.305 11391 11391 D DoMinderDebug: AlarmActivity: Priority = high
01-04 14:47:37.305 11391 11391 D DoMinderDebug: AlarmActivity: 5-minute timeout scheduled
01-04 14:47:37.305 11391 11391 D DoMinderDebug: AlarmActivity: Ringtone service should already be playing
01-04 14:47:37.311 11391 11391 D ViewRootImpl: update {(0,0)(fillxfill) sim={forwardNavigation} ty=BASE_APPLICATION wanim=0x10302fd
01-04 14:47:37.311 11391 11391 D ViewRootImpl:   fl=KEEP_SCREEN_ON LAYOUT_IN_SCREEN LAYOUT_INSET_DECOR SPLIT_TOUCH HARDWARE_ACCELERATED DRAWS_SYSTEM_BAR_BACKGROUNDS
01-04 14:47:37.311 11391 11391 D ViewRootImpl:   pfl=NO_MOVE_ANIMATION FORCE_DRAW_STATUS_BAR_BACKGROUND FIT_INSETS_CONTROLLED
01-04 14:47:37.311 11391 11391 D ViewRootImpl:   bhv=DEFAULT
01-04 14:47:37.311 11391 11391 D ViewRootImpl:   fitSides=} by setView
01-04 14:47:37.330 11391 11563 E OpenGLRenderer: Unable to match the desired swap behavior.
01-04 14:47:37.354 11391 11563 W Parcel  : Expecting binder but got null!
01-04 14:47:37.357 11391 11914 I ReactNativeJNI: Memory warning (pressure level: TRIM_MEMORY_UI_HIDDEN) received by JS VM, ignoring because it's non-severe
01-04 14:47:38.918 11391 11391 D DoMinderDebug: AlarmActivity: Done clicked for reminderId: 1767518070938
01-04 14:47:38.918 11391 11391 D DoMinderDebug: AlarmRingtoneService: stopAlarmRingtone called
01-04 14:47:38.919 11391 11391 D DoMinderDebug: AlarmActivity: Saved completion to SharedPreferences for 1767518070938
01-04 14:47:38.920 11391 11391 D DoMinderDebug: AlarmActivity: Sending ALARM_DONE broadcast with action: app.rork.dominder.ALARM_DONE, package: app.rork.dominder_android_reminder_app
01-04 14:47:38.920 11391 11391 D DoMinderDebug: AlarmActivity: Broadcast sent successfully
01-04 14:47:38.921 11391 11391 D DoMinderDebug: AlarmRingtoneService: onCreate
01-04 14:47:38.922 11391 11391 D DoMinderDebug: AlarmRingtoneService: onStartCommand - action: app.rork.dominder.STOP_ALARM_RINGTONE
01-04 14:47:38.922 11391 11391 D DoMinderDebug: AlarmRingtoneService: Stopping ringtone service
01-04 14:47:38.922 11391 11391 D DoMinderDebug: AlarmRingtoneService: Stopping ringtone and vibration
01-04 14:47:38.922 11391 11391 D DoMinderDebug: AlarmRingtoneService: Vibration stopped
01-04 14:47:38.932 11391 11391 D DoMinderDebug: AlarmRingtoneService: onDestroy
01-04 14:47:38.932 11391 11391 D DoMinderDebug: AlarmRingtoneService: Stopping ringtone and vibration
01-04 14:47:38.933 11391 11391 D DoMinderDebug: AlarmRingtoneService: Vibration stopped
01-04 14:47:39.220 11391 11391 D DoMinderDebug: AlarmActivity: Canceled notification with ID: -1377064630
01-04 14:47:39.220 11391 11391 D DoMinderDebug: AlarmActivity: Finishing alarm activity properly
01-04 14:47:39.250 11391 11391 D DoMinderDebug: AlarmActivity: Keeping process alive for JS events
01-04 14:47:39.250 11391 11391 D DoMinderDebug: AlarmActivity: Finish sequence initiated
01-04 14:47:39.289 11391 11914 I ReactNativeJNI: Memory warning (pressure level: TRIM_MEMORY_UI_HIDDEN) received by JS VM, ignoring because it's non-severe
01-04 14:47:39.671 11391 11563 D Surface : Surface::disconnect
01-04 14:47:39.671 11391 11563 D BufferQueueProducer: [VRI[AlarmActivity]#22(BLAST Consumer)22](id:2c7f00000016,api:1,p:11391,c:11391) disconnect: api 1
01-04 14:47:39.684 11391 11391 D DoMinderDebug: AlarmActivity: Canceled timeout and time update runnables
01-04 14:47:39.685 11391 11391 D DoMinderDebug: AlarmRingtoneService: stopAlarmRingtone called
01-04 14:47:39.694 11391 11391 D DoMinderDebug: AlarmActivity: WakeLock released
01-04 14:47:39.703 11391 11391 D DoMinderDebug: AlarmRingtoneService: onCreate
01-04 14:47:39.707 11391 11391 D DoMinderDebug: AlarmRingtoneService: onStartCommand - action: app.rork.dominder.STOP_ALARM_RINGTONE
01-04 14:47:39.708 11391 11391 D DoMinderDebug: AlarmRingtoneService: Stopping ringtone service
01-04 14:47:39.708 11391 11391 D DoMinderDebug: AlarmRingtoneService: Stopping ringtone and vibration
01-04 14:47:39.708 11391 11391 D DoMinderDebug: AlarmRingtoneService: Vibration stopped
01-04 14:47:39.713 11391 11391 D DoMinderDebug: AlarmRingtoneService: onDestroy
01-04 14:47:39.713 11391 11391 D DoMinderDebug: AlarmRingtoneService: Stopping ringtone and vibration
01-04 14:47:39.713 11391 11391 D DoMinderDebug: AlarmRingtoneService: Vibration stopped
01-04 14:47:40.571 11391 11391 D DoMinderDebug: AlarmActionBridge: ===== onReceive called! =====
01-04 14:47:40.572 11391 11391 D DoMinderDebug: AlarmActionBridge: Received action: app.rork.dominder.ALARM_DONE
01-04 14:47:40.572 11391 11391 D DoMinderDebug: AlarmActionBridge: Intent extras: Bundle[mParcelledData.dataSize=304]
01-04 14:47:40.572 11391 11391 D DoMinderDebug: AlarmActionBridge: ALARM_DONE - reminderId: 1767517925302
01-04 14:47:40.572 11391 11391 D DoMinderDebug: AlarmActionBridge: About to emit alarmDone event to React Native
01-04 14:47:40.572 11391 11391 D DoMinderDebug: AlarmActionBridge: ===== emitEventToReactNative START =====
01-04 14:47:40.572 11391 11391 D DoMinderDebug: AlarmActionBridge: Event name: alarmDone, reminderId: 1767517925302
01-04 14:47:40.573 11391 11391 D DoMinderDebug: AlarmActionBridge: Got application context: app.rork.dominder_android_reminder_app.MainApplication
01-04 14:47:40.573 11391 11391 D DoMinderDebug: AlarmActionBridge: App is ReactApplication 
01-04 14:47:40.573 11391 11391 D DoMinderDebug: AlarmActionBridge: Got ReactInstanceManager: com.facebook.react.ReactInstanceManager@74a677c
01-04 14:47:40.573 11391 11391 D DoMinderDebug: AlarmActionBridge: ReactContext: null
01-04 14:47:40.573 11391 11391 D DoMinderDebug: AlarmActionBridge:  ERROR - ReactContext is NULL! 
01-04 14:47:40.573 11391 11391 D DoMinderDebug: AlarmActionBridge: This means React Native is not running or was killed
01-04 14:47:40.573 11391 11391 D DoMinderDebug: AlarmActionBridge: emitEventToReactNative call completed
01-04 14:47:40.573 11391 11391 D DoMinderDebug: AlarmActionBridge: Attempting native reschedule (interval=1.0 minutes)
01-04 14:47:40.573 11391 11391 D DoMinderDebug: AlarmActionBridge: Scheduling next recurring alarm for 1767518290612
01-04 14:47:40.579 11391 11391 D DoMinderDebug: AlarmActionBridge: Recurring alarm scheduled successfully
01-04 14:47:44.618 11391 11391 D DoMinderDebug: AlarmActionBridge: ===== onReceive called! =====
01-04 14:47:44.619 11391 11391 D DoMinderDebug: AlarmActionBridge: Received action: app.rork.dominder.ALARM_DONE
01-04 14:47:44.619 11391 11391 D DoMinderDebug: AlarmActionBridge: Intent extras: Bundle[mParcelledData.dataSize=304]
01-04 14:47:44.619 11391 11391 D DoMinderDebug: AlarmActionBridge: ALARM_DONE - reminderId: 1767518070938
01-04 14:47:44.619 11391 11391 D DoMinderDebug: AlarmActionBridge: About to emit alarmDone event to React Native
01-04 14:47:44.619 11391 11391 D DoMinderDebug: AlarmActionBridge: ===== emitEventToReactNative START =====
01-04 14:47:44.619 11391 11391 D DoMinderDebug: AlarmActionBridge: Event name: alarmDone, reminderId: 1767518070938
01-04 14:47:44.619 11391 11391 D DoMinderDebug: AlarmActionBridge: Got application context: app.rork.dominder_android_reminder_app.MainApplication
01-04 14:47:44.619 11391 11391 D DoMinderDebug: AlarmActionBridge: App is ReactApplication 
01-04 14:47:44.620 11391 11391 D DoMinderDebug: AlarmActionBridge: Got ReactInstanceManager: com.facebook.react.ReactInstanceManager@74a677c
01-04 14:47:44.620 11391 11391 D DoMinderDebug: AlarmActionBridge: ReactContext: null
01-04 14:47:44.620 11391 11391 D DoMinderDebug: AlarmActionBridge:  ERROR - ReactContext is NULL! 
01-04 14:47:44.620 11391 11391 D DoMinderDebug: AlarmActionBridge: This means React Native is not running or was killed
01-04 14:47:44.620 11391 11391 D DoMinderDebug: AlarmActionBridge: emitEventToReactNative call completed
01-04 14:47:44.620 11391 11391 D DoMinderDebug: AlarmActionBridge: Attempting native reschedule (interval=1.0 minutes)
01-04 14:47:44.620 11391 11391 D DoMinderDebug: AlarmActionBridge: Scheduling next recurring alarm for 1767518298837
01-04 14:47:44.624 11391 11391 D DoMinderDebug: AlarmActionBridge: Recurring alarm scheduled successfully
01-04 14:48:15.878 11391 11391 D DoMinderDebug: AlarmReceiver: Received broadcast
01-04 14:48:15.879 11391 11391 D DoMinderDebug: AlarmReceiver: Starting AlarmRingtoneService for high priority
01-04 14:48:15.879 11391 11391 D DoMinderDebug: AlarmRingtoneService: startAlarmRingtone called - priority: high
01-04 14:48:15.885 11391 11391 D DoMinderDebug: AlarmReceiver: Creating full-screen notification for 1767517925302
01-04 14:48:15.888 11391 11391 D DoMinderDebug: AlarmReceiver: Full-screen notification created and shown
01-04 14:48:15.889 11391 11391 D DoMinderDebug: AlarmRingtoneService: onCreate
01-04 14:48:15.890 11391 11391 D DoMinderDebug: AlarmRingtoneService: onStartCommand - action: app.rork.dominder.START_ALARM_RINGTONE
01-04 14:48:15.890 11391 11391 D DoMinderDebug: AlarmRingtoneService: Starting ringtone for priority: high
01-04 14:48:15.890 11391 11391 D DoMinderDebug: AlarmRingtoneService: Starting foreground service
01-04 14:48:15.893 11391 11391 D DoMinderDebug: AlarmRingtoneService: Starting ringtone and vibration
01-04 14:48:15.893 11391 11391 D DoMinderDebug: AlarmRingtoneService: Settings - sound: true, vibration: true
01-04 14:48:15.896 11391 11391 D DoMinderDebug: AlarmRingtoneService: Using default alarm ringtone
01-04 14:48:15.898 11391 11391 D DoMinderDebug: AlarmRingtoneService: Set alarm volume to 1/7 (10%)
01-04 14:48:15.928 11391 11391 D DoMinderDebug: AlarmRingtoneService: MediaPlayer started playing (looping=true)
01-04 14:48:15.931 11391 11391 D DoMinderDebug: AlarmRingtoneService: Vibration started
01-04 14:48:22.109 11391 11391 D DoMinderDebug: AlarmActivity: onCreate
01-04 14:48:22.119 11391 11391 D DoMinderDebug: AlarmActivity: Wake lock acquired for 10 minutes
01-04 14:48:22.121 11391 11391 D DoMinderDebug: AlarmActivity: Screen will stay on until user action or timeout
01-04 14:48:22.146 11391 11391 D DoMinderDebug: AlarmActivity: Priority = high
01-04 14:48:22.146 11391 11391 D DoMinderDebug: AlarmActivity: 5-minute timeout scheduled
01-04 14:48:22.146 11391 11391 D DoMinderDebug: AlarmActivity: Ringtone service should already be playing
01-04 14:48:22.152 11391 11391 D ViewRootImpl: update {(0,0)(fillxfill) sim={forwardNavigation} ty=BASE_APPLICATION wanim=0x10302fd
01-04 14:48:22.152 11391 11391 D ViewRootImpl:   fl=KEEP_SCREEN_ON LAYOUT_IN_SCREEN LAYOUT_INSET_DECOR SPLIT_TOUCH HARDWARE_ACCELERATED DRAWS_SYSTEM_BAR_BACKGROUNDS
01-04 14:48:22.152 11391 11391 D ViewRootImpl:   pfl=NO_MOVE_ANIMATION FORCE_DRAW_STATUS_BAR_BACKGROUND FIT_INSETS_CONTROLLED
01-04 14:48:22.152 11391 11391 D ViewRootImpl:   bhv=DEFAULT
01-04 14:48:22.152 11391 11391 D ViewRootImpl:   fitSides=} by setView
01-04 14:48:22.173 11391 11563 E OpenGLRenderer: Unable to match the desired swap behavior.
01-04 14:48:22.203 11391 11563 W Parcel  : Expecting binder but got null!
01-04 14:48:23.211 11391 11391 D DoMinderDebug: AlarmActivity: Done clicked for reminderId: 1767517925302
01-04 14:48:23.211 11391 11391 D DoMinderDebug: AlarmRingtoneService: stopAlarmRingtone called
01-04 14:48:23.213 11391 11391 D DoMinderDebug: AlarmActivity: Saved completion to SharedPreferences for 1767517925302
01-04 14:48:23.213 11391 11391 D DoMinderDebug: AlarmActivity: Sending ALARM_DONE broadcast with action: app.rork.dominder.ALARM_DONE, package: app.rork.dominder_android_reminder_app
01-04 14:48:23.214 11391 11391 D DoMinderDebug: AlarmActivity: Broadcast sent successfully
01-04 14:48:23.215 11391 11391 D DoMinderDebug: AlarmRingtoneService: onStartCommand - action: app.rork.dominder.STOP_ALARM_RINGTONE
01-04 14:48:23.215 11391 11391 D DoMinderDebug: AlarmRingtoneService: Stopping ringtone service
01-04 14:48:23.215 11391 11391 D DoMinderDebug: AlarmRingtoneService: Stopping ringtone and vibration
01-04 14:48:23.217 11391 11391 V MediaPlayer: resetDrmState:  mDrmInfo=null mDrmProvisioningThread=null mPrepareDrmInProgress=false mActiveDrmScheme=false
01-04 14:48:23.217 11391 11391 V MediaPlayer: cleanDrmObj: mDrmObj=null mDrmSessionId=null
01-04 14:48:23.229 11391 11391 D DoMinderDebug: AlarmRingtoneService: MediaPlayer stopped and released
01-04 14:48:23.231 11391 11391 D DoMinderDebug: AlarmRingtoneService: Restored original alarm volume to 1
01-04 14:48:23.231 11391 11391 D DoMinderDebug: AlarmRingtoneService: Vibration stopped
01-04 14:48:23.231 11391 11391 D DoMinderDebug: AlarmRingtoneService: Wake lock released
01-04 14:48:23.245 11391 11391 D DoMinderDebug: AlarmRingtoneService: onDestroy
01-04 14:48:23.245 11391 11391 D DoMinderDebug: AlarmRingtoneService: Stopping ringtone and vibration
01-04 14:48:23.246 11391 11391 D DoMinderDebug: AlarmRingtoneService: Vibration stopped
01-04 14:48:23.515 11391 11391 D DoMinderDebug: AlarmActivity: Canceled notification with ID: -2011380467
01-04 14:48:23.515 11391 11391 D DoMinderDebug: AlarmActivity: Finishing alarm activity properly
01-04 14:48:23.524 11391 11391 D DoMinderDebug: AlarmActivity: Keeping process alive for JS events
01-04 14:48:23.524 11391 11391 D DoMinderDebug: AlarmActivity: Finish sequence initiated
01-04 14:48:23.575 11391 11914 I ReactNativeJNI: Memory warning (pressure level: TRIM_MEMORY_UI_HIDDEN) received by JS VM, ignoring because it's non-severe
01-04 14:48:23.943 11391 11391 D DoMinderDebug: AlarmReceiver: Received broadcast
01-04 14:48:23.943 11391 11391 D DoMinderDebug: AlarmReceiver: Starting AlarmRingtoneService for high priority
01-04 14:48:23.943 11391 11391 D DoMinderDebug: AlarmRingtoneService: startAlarmRingtone called - priority: high
01-04 14:48:23.948 11391 11391 D DoMinderDebug: AlarmReceiver: Creating full-screen notification for 1767518070938
01-04 14:48:23.951 11391 11391 D DoMinderDebug: AlarmReceiver: Full-screen notification created and shown
01-04 14:48:23.953 11391 11391 D DoMinderDebug: AlarmRingtoneService: onCreate
01-04 14:48:23.956 11391 11391 D DoMinderDebug: AlarmRingtoneService: onStartCommand - action: app.rork.dominder.START_ALARM_RINGTONE
01-04 14:48:23.956 11391 11391 D DoMinderDebug: AlarmRingtoneService: Starting ringtone for priority: high
01-04 14:48:23.956 11391 11391 D DoMinderDebug: AlarmRingtoneService: Starting foreground service
01-04 14:48:23.964 11391 11391 D DoMinderDebug: AlarmRingtoneService: Starting ringtone and vibration
01-04 14:48:23.964 11391 11391 D DoMinderDebug: AlarmRingtoneService: Settings - sound: true, vibration: true
01-04 14:48:23.968 11391 11391 D DoMinderDebug: AlarmRingtoneService: Using default alarm ringtone
01-04 14:48:23.970 11391 11391 D DoMinderDebug: AlarmRingtoneService: Set alarm volume to 1/7 (10%)
01-04 14:48:24.007 11391 11391 D DoMinderDebug: AlarmRingtoneService: MediaPlayer started playing (looping=true)
01-04 14:48:24.008 11391 11391 D DoMinderDebug: AlarmRingtoneService: Vibration started
01-04 14:48:24.012 11391 11391 D DoMinderDebug: AlarmActivity: Canceled timeout and time update runnables
01-04 14:48:24.012 11391 11391 D DoMinderDebug: AlarmRingtoneService: stopAlarmRingtone called
01-04 14:48:24.015 11391 11391 D DoMinderDebug: AlarmActivity: WakeLock released
01-04 14:48:24.017 11391 11563 D Surface : Surface::disconnect
01-04 14:48:24.017 11391 11563 D BufferQueueProducer: [VRI[AlarmActivity]#23(BLAST Consumer)23](id:2c7f00000017,api:1,p:11391,c:11391) disconnect: api 1
01-04 14:48:24.023 11391 11391 D DoMinderDebug: AlarmRingtoneService: onStartCommand - action: app.rork.dominder.STOP_ALARM_RINGTONE
01-04 14:48:24.023 11391 11391 D DoMinderDebug: AlarmRingtoneService: Stopping ringtone service
01-04 14:48:24.023 11391 11391 D DoMinderDebug: AlarmRingtoneService: Stopping ringtone and vibration
01-04 14:48:24.030 11391 11391 V MediaPlayer: resetDrmState:  mDrmInfo=null mDrmProvisioningThread=null mPrepareDrmInProgress=false mActiveDrmScheme=false
01-04 14:48:24.030 11391 11391 V MediaPlayer: cleanDrmObj: mDrmObj=null mDrmSessionId=null
01-04 14:48:24.046 11391 11391 D DoMinderDebug: AlarmRingtoneService: MediaPlayer stopped and released
01-04 14:48:24.048 11391 11391 D DoMinderDebug: AlarmRingtoneService: Restored original alarm volume to 1
01-04 14:48:24.049 11391 11391 D DoMinderDebug: AlarmRingtoneService: Vibration stopped
01-04 14:48:24.050 11391 11391 D DoMinderDebug: AlarmRingtoneService: Wake lock released
01-04 14:48:24.052 11391 11391 W MediaPlayer: mediaplayer went away with unhandled events
01-04 14:48:24.052 11391 11391 D DoMinderDebug: AlarmRingtoneService: onDestroy
01-04 14:48:24.052 11391 11391 D DoMinderDebug: AlarmRingtoneService: Stopping ringtone and vibration
01-04 14:48:24.052 11391 11391 D DoMinderDebug: AlarmRingtoneService: Vibration stopped
01-04 14:48:28.996 11391 11391 D DoMinderDebug: AlarmActivity: onCreate
01-04 14:48:29.010 11391 11391 D DoMinderDebug: AlarmActivity: Wake lock acquired for 10 minutes
01-04 14:48:29.013 11391 11391 D DoMinderDebug: AlarmActivity: Screen will stay on until user action or timeout
01-04 14:48:29.033 11391 11391 D DoMinderDebug: AlarmActivity: Priority = high
01-04 14:48:29.034 11391 11391 D DoMinderDebug: AlarmActivity: 5-minute timeout scheduled
01-04 14:48:29.034 11391 11391 D DoMinderDebug: AlarmActivity: Ringtone service should already be playing
01-04 14:48:29.040 11391 11391 D ViewRootImpl: update {(0,0)(fillxfill) sim={forwardNavigation} ty=BASE_APPLICATION wanim=0x10302fd
01-04 14:48:29.040 11391 11391 D ViewRootImpl:   fl=KEEP_SCREEN_ON LAYOUT_IN_SCREEN LAYOUT_INSET_DECOR SPLIT_TOUCH HARDWARE_ACCELERATED DRAWS_SYSTEM_BAR_BACKGROUNDS
01-04 14:48:29.040 11391 11391 D ViewRootImpl:   pfl=NO_MOVE_ANIMATION FORCE_DRAW_STATUS_BAR_BACKGROUND FIT_INSETS_CONTROLLED
01-04 14:48:29.040 11391 11391 D ViewRootImpl:   bhv=DEFAULT
01-04 14:48:29.040 11391 11391 D ViewRootImpl:   fitSides=} by setView
01-04 14:48:29.046 11391 11391 D DoMinderDebug: AlarmActionBridge: ===== onReceive called! =====
01-04 14:48:29.046 11391 11391 D DoMinderDebug: AlarmActionBridge: Received action: app.rork.dominder.ALARM_DONE
01-04 14:48:29.047 11391 11391 D DoMinderDebug: AlarmActionBridge: Intent extras: Bundle[mParcelledData.dataSize=304]
01-04 14:48:29.047 11391 11391 D DoMinderDebug: AlarmActionBridge: ALARM_DONE - reminderId: 1767517925302
01-04 14:48:29.047 11391 11391 D DoMinderDebug: AlarmActionBridge: About to emit alarmDone event to React Native
01-04 14:48:29.047 11391 11391 D DoMinderDebug: AlarmActionBridge: ===== emitEventToReactNative START =====
01-04 14:48:29.047 11391 11391 D DoMinderDebug: AlarmActionBridge: Event name: alarmDone, reminderId: 1767517925302
01-04 14:48:29.047 11391 11391 D DoMinderDebug: AlarmActionBridge: Got application context: app.rork.dominder_android_reminder_app.MainApplication
01-04 14:48:29.047 11391 11391 D DoMinderDebug: AlarmActionBridge: App is ReactApplication 
01-04 14:48:29.047 11391 11391 D DoMinderDebug: AlarmActionBridge: Got ReactInstanceManager: com.facebook.react.ReactInstanceManager@74a677c
01-04 14:48:29.047 11391 11391 D DoMinderDebug: AlarmActionBridge: ReactContext: null
01-04 14:48:29.047 11391 11391 D DoMinderDebug: AlarmActionBridge:  ERROR - ReactContext is NULL! 
01-04 14:48:29.047 11391 11391 D DoMinderDebug: AlarmActionBridge: This means React Native is not running or was killed
01-04 14:48:29.047 11391 11391 D DoMinderDebug: AlarmActionBridge: emitEventToReactNative call completed
01-04 14:48:29.047 11391 11391 D DoMinderDebug: AlarmActionBridge: Attempting native reschedule (interval=1.0 minutes)
01-04 14:48:29.047 11391 11391 D DoMinderDebug: AlarmActionBridge: Scheduling next recurring alarm for 1767518350612
01-04 14:48:29.048 11391 11391 D DoMinderDebug: AlarmActionBridge: Recurring alarm scheduled successfully
01-04 14:48:29.057 11391 11563 E OpenGLRenderer: Unable to match the desired swap behavior.
01-04 14:48:29.080 11391 11563 W Parcel  : Expecting binder but got null!
01-04 14:48:30.850 11391 11391 D DoMinderDebug: AlarmActivity: Done clicked for reminderId: 1767518070938
01-04 14:48:30.850 11391 11391 D DoMinderDebug: AlarmRingtoneService: stopAlarmRingtone called
01-04 14:48:30.852 11391 11391 D DoMinderDebug: AlarmActivity: Saved completion to SharedPreferences for 1767518070938
01-04 14:48:30.852 11391 11391 D DoMinderDebug: AlarmActivity: Sending ALARM_DONE broadcast with action: app.rork.dominder.ALARM_DONE, package: app.rork.dominder_android_reminder_app
01-04 14:48:30.853 11391 11391 D DoMinderDebug: AlarmActivity: Broadcast sent successfully
01-04 14:48:30.854 11391 11391 D DoMinderDebug: AlarmRingtoneService: onCreate
01-04 14:48:30.855 11391 11391 D DoMinderDebug: AlarmRingtoneService: onStartCommand - action: app.rork.dominder.STOP_ALARM_RINGTONE
01-04 14:48:30.855 11391 11391 D DoMinderDebug: AlarmRingtoneService: Stopping ringtone service
01-04 14:48:30.855 11391 11391 D DoMinderDebug: AlarmRingtoneService: Stopping ringtone and vibration
01-04 14:48:30.856 11391 11391 D DoMinderDebug: AlarmRingtoneService: Vibration stopped
01-04 14:48:30.864 11391 11391 D DoMinderDebug: AlarmRingtoneService: onDestroy
01-04 14:48:30.864 11391 11391 D DoMinderDebug: AlarmRingtoneService: Stopping ringtone and vibration
01-04 14:48:30.865 11391 11391 D DoMinderDebug: AlarmRingtoneService: Vibration stopped
01-04 14:48:31.154 11391 11391 D DoMinderDebug: AlarmActivity: Canceled notification with ID: -1377064630
01-04 14:48:31.154 11391 11391 D DoMinderDebug: AlarmActivity: Finishing alarm activity properly
01-04 14:48:31.178 11391 11391 D DoMinderDebug: AlarmActivity: Keeping process alive for JS events
01-04 14:48:31.178 11391 11391 D DoMinderDebug: AlarmActivity: Finish sequence initiated
01-04 14:48:31.260 11391 11914 I ReactNativeJNI: Memory warning (pressure level: TRIM_MEMORY_UI_HIDDEN) received by JS VM, ignoring because it's non-severe
01-04 14:48:31.573 11391 11563 D Surface : Surface::disconnect
01-04 14:48:31.573 11391 11563 D BufferQueueProducer: [VRI[AlarmActivity]#24(BLAST Consumer)24](id:2c7f00000018,api:1,p:11391,c:11391) disconnect: api 1
01-04 14:48:31.591 11391 11391 D DoMinderDebug: AlarmActivity: Canceled timeout and time update runnables
01-04 14:48:31.591 11391 11391 D DoMinderDebug: AlarmRingtoneService: stopAlarmRingtone called
01-04 14:48:31.603 11391 11391 D DoMinderDebug: AlarmActivity: WakeLock released
01-04 14:48:31.614 11391 11391 D DoMinderDebug: AlarmRingtoneService: onCreate
01-04 14:48:31.616 11391 11391 D DoMinderDebug: AlarmRingtoneService: onStartCommand - action: app.rork.dominder.STOP_ALARM_RINGTONE
01-04 14:48:31.616 11391 11391 D DoMinderDebug: AlarmRingtoneService: Stopping ringtone service
01-04 14:48:31.616 11391 11391 D DoMinderDebug: AlarmRingtoneService: Stopping ringtone and vibration
01-04 14:48:31.617 11391 11391 D DoMinderDebug: AlarmRingtoneService: Vibration stopped
01-04 14:48:31.620 11391 11391 D DoMinderDebug: AlarmRingtoneService: onDestroy
01-04 14:48:31.620 11391 11391 D DoMinderDebug: AlarmRingtoneService: Stopping ringtone and vibration
01-04 14:48:31.621 11391 11391 D DoMinderDebug: AlarmRingtoneService: Vibration stopped
01-04 14:48:32.065 11391 11391 D DoMinderDebug: AlarmActionBridge: ===== onReceive called! =====
01-04 14:48:32.065 11391 11391 D DoMinderDebug: AlarmActionBridge: Received action: app.rork.dominder.ALARM_DONE
01-04 14:48:32.065 11391 11391 D DoMinderDebug: AlarmActionBridge: Intent extras: Bundle[mParcelledData.dataSize=304]
01-04 14:48:32.065 11391 11391 D DoMinderDebug: AlarmActionBridge: ALARM_DONE - reminderId: 1767518070938
01-04 14:48:32.065 11391 11391 D DoMinderDebug: AlarmActionBridge: About to emit alarmDone event to React Native
01-04 14:48:32.066 11391 11391 D DoMinderDebug: AlarmActionBridge: ===== emitEventToReactNative START =====
01-04 14:48:32.066 11391 11391 D DoMinderDebug: AlarmActionBridge: Event name: alarmDone, reminderId: 1767518070938
01-04 14:48:32.066 11391 11391 D DoMinderDebug: AlarmActionBridge: Got application context: app.rork.dominder_android_reminder_app.MainApplication
01-04 14:48:32.066 11391 11391 D DoMinderDebug: AlarmActionBridge: App is ReactApplication 
01-04 14:48:32.066 11391 11391 D DoMinderDebug: AlarmActionBridge: Got ReactInstanceManager: com.facebook.react.ReactInstanceManager@74a677c
01-04 14:48:32.066 11391 11391 D DoMinderDebug: AlarmActionBridge: ReactContext: null
01-04 14:48:32.066 11391 11391 D DoMinderDebug: AlarmActionBridge:  ERROR - ReactContext is NULL! 
01-04 14:48:32.066 11391 11391 D DoMinderDebug: AlarmActionBridge: This means React Native is not running or was killed
01-04 14:48:32.066 11391 11391 D DoMinderDebug: AlarmActionBridge: emitEventToReactNative call completed
01-04 14:48:32.066 11391 11391 D DoMinderDebug: AlarmActionBridge: Attempting native reschedule (interval=1.0 minutes)
01-04 14:48:32.066 11391 11391 D DoMinderDebug: AlarmActionBridge: Scheduling next recurring alarm for 1767518358837
01-04 14:48:32.069 11391 11391 D DoMinderDebug: AlarmActionBridge: Recurring alarm scheduled successfully
01-04 14:48:34.046 11391 11391 W unknown:BridgelessReact: ReactHost{0}.onHostResume(activity)
01-04 14:48:34.046 11391 11391 W unknown:BridgelessReact: ReactContext.onHostResume()
01-04 14:48:34.048 11391 11915 I ReactNativeJS: [AlarmSync] App became active, syncing...
01-04 14:48:34.049 11391 11915 I ReactNativeJS: [AlarmSync] Checking for completed alarms...
01-04 14:48:34.050 11391 11916 D DoMinderDebug: AlarmModule: Retrieved 2 completed alarms
01-04 14:48:34.052 11391 11915 I ReactNativeJS: '[AlarmSync] Found completed alarms:', 2
01-04 14:48:34.052 11391 11915 I ReactNativeJS: '[AlarmSync] Already processed completion for:', '1767518070938'
01-04 14:48:34.053 11391 11915 I ReactNativeJS: '[AlarmSync] Already processed completion for:', '1767517925302'
01-04 14:48:34.054 11391 11391 D VRI[MainActivity]: update {(0,0)(fillxfill) sim={adjust=pan forwardNavigation} ty=BASE_APPLICATION wanim=0x10302fd
01-04 14:48:34.054 11391 11391 D VRI[MainActivity]:   fl=LAYOUT_IN_SCREEN FORCE_NOT_FULLSCREEN LAYOUT_INSET_DECOR SPLIT_TOUCH HARDWARE_ACCELERATED DRAWS_SYSTEM_BAR_BACKGROUNDS
01-04 14:48:34.054 11391 11391 D VRI[MainActivity]:   pfl=NO_MOVE_ANIMATION FORCE_DRAW_STATUS_BAR_BACKGROUND USE_BLAST APPEARANCE_CONTROLLED FIT_INSETS_CONTROLLED
01-04 14:48:34.054 11391 11391 D VRI[MainActivity]:   apr=LIGHT_STATUS_BARS
01-04 14:48:34.054 11391 11391 D VRI[MainActivity]:   bhv=DEFAULT
01-04 14:48:34.054 11391 11391 D VRI[MainActivity]:   fitSides=} by setLayoutParams
01-04 14:48:34.054 11391 11916 D DoMinderDebug: AlarmModule: Retrieved 0 snoozed alarms
01-04 14:48:34.056 11391 11915 I ReactNativeJS: '[AlarmSync] Found snoozed alarms:', 0
01-04 14:48:34.057 11391 11915 I ReactNativeJS: [AlarmSync] Checking for completed alarms...
01-04 14:48:34.057 11391 11916 D DoMinderDebug: AlarmModule: Retrieved 0 deleted alarms
01-04 14:48:34.057 11391 11916 D DoMinderDebug: AlarmModule: Retrieved 2 completed alarms
01-04 14:48:34.059 11391 11915 I ReactNativeJS: '[AlarmSync] Found deleted alarms:', 0
01-04 14:48:34.059 11391 11915 I ReactNativeJS: '[AlarmSync] Found completed alarms:', 2
01-04 14:48:34.059 11391 11915 I ReactNativeJS: '[AlarmSync] Already processed completion for:', '1767518070938'
01-04 14:48:34.059 11391 11915 I ReactNativeJS: '[AlarmSync] Already processed completion for:', '1767517925302'
01-04 14:48:34.060 11391 11916 D DoMinderDebug: AlarmModule: Retrieved 0 snoozed alarms
01-04 14:48:34.065 11391 11915 I ReactNativeJS: '[AlarmSync] Found snoozed alarms:', 0
01-04 14:48:34.066 11391 11916 D DoMinderDebug: AlarmModule: Retrieved 0 deleted alarms
01-04 14:48:34.066 11391 11915 I ReactNativeJS: '[ReminderEngine] Processing reminders, count:', 21
01-04 14:48:34.066 11391 11915 I ReactNativeJS: '[AlarmSync] Found deleted alarms:', 0
01-04 14:48:34.078 11391 11563 E OpenGLRenderer: Unable to match the desired swap behavior.
01-04 14:49:04.057 11391 11915 I ReactNativeJS: [AlarmSync] Checking for completed alarms...
01-04 14:49:04.057 11391 11916 D DoMinderDebug: AlarmModule: Retrieved 2 completed alarms
01-04 14:49:04.059 11391 11915 I ReactNativeJS: '[AlarmSync] Found completed alarms:', 2
01-04 14:49:04.059 11391 11915 I ReactNativeJS: '[AlarmSync] Already processed completion for:', '1767518070938'
01-04 14:49:04.060 11391 11915 I ReactNativeJS: '[AlarmSync] Already processed completion for:', '1767517925302'
01-04 14:49:04.060 11391 11916 D DoMinderDebug: AlarmModule: Retrieved 0 snoozed alarms
01-04 14:49:04.060 11391 11915 I ReactNativeJS: '[ReminderEngine] Processing reminders, count:', 21
01-04 14:49:04.061 11391 11915 I ReactNativeJS: '[AlarmSync] Found snoozed alarms:', 0
01-04 14:49:04.061 11391 11916 D DoMinderDebug: AlarmModule: Retrieved 0 deleted alarms
01-04 14:49:04.062 11391 11915 I ReactNativeJS: '[AlarmSync] Found deleted alarms:', 0
01-04 14:49:10.617 11391 11391 D DoMinderDebug: AlarmReceiver: Received broadcast
01-04 14:49:10.618 11391 11391 D DoMinderDebug: AlarmReceiver: Starting AlarmRingtoneService for high priority
01-04 14:49:10.618 11391 11391 D DoMinderDebug: AlarmRingtoneService: startAlarmRingtone called - priority: high
01-04 14:49:10.619 11391 11391 D DoMinderDebug: AlarmReceiver: Creating full-screen notification for 1767517925302
01-04 14:49:10.622 11391 11391 D DoMinderDebug: AlarmReceiver: Full-screen notification created and shown
01-04 14:49:10.623 11391 11391 D DoMinderDebug: AlarmRingtoneService: onCreate
01-04 14:49:10.624 11391 11391 D DoMinderDebug: AlarmRingtoneService: onStartCommand - action: app.rork.dominder.START_ALARM_RINGTONE
01-04 14:49:10.624 11391 11391 D DoMinderDebug: AlarmRingtoneService: Starting ringtone for priority: high
01-04 14:49:10.624 11391 11391 D DoMinderDebug: AlarmRingtoneService: Starting foreground service
01-04 14:49:10.626 11391 11391 D DoMinderDebug: AlarmRingtoneService: Starting ringtone and vibration
01-04 14:49:10.626 11391 11391 D DoMinderDebug: AlarmRingtoneService: Settings - sound: true, vibration: true
01-04 14:49:10.628 11391 11391 D DoMinderDebug: AlarmRingtoneService: Using default alarm ringtone
01-04 14:49:10.630 11391 11391 D DoMinderDebug: AlarmRingtoneService: Set alarm volume to 1/7 (10%)
01-04 14:49:10.660 11391 11391 D DoMinderDebug: AlarmRingtoneService: MediaPlayer started playing (looping=true)
01-04 14:49:10.662 11391 11391 D DoMinderDebug: AlarmRingtoneService: Vibration started
01-04 14:49:13.005 11391 11391 W unknown:BridgelessReact: ReactHost{0}.onUserLeaveHint(activity)
01-04 14:49:13.006 11391 11391 W unknown:BridgelessReact: ReactHost{0}.onHostPause(activity)
01-04 14:49:13.006 11391 11391 W unknown:BridgelessReact: ReactContext.onHostPause()
01-04 14:49:13.025 11391 11391 D DoMinderDebug: AlarmActivity: onCreate
01-04 14:49:13.030 11391 11391 D DoMinderDebug: AlarmActivity: Wake lock acquired for 10 minutes
01-04 14:49:13.031 11391 11391 D DoMinderDebug: AlarmActivity: Screen will stay on until user action or timeout
01-04 14:49:13.040 11391 11391 D DoMinderDebug: AlarmActivity: Priority = high
01-04 14:49:13.041 11391 11391 D DoMinderDebug: AlarmActivity: 5-minute timeout scheduled
01-04 14:49:13.041 11391 11391 D DoMinderDebug: AlarmActivity: Ringtone service should already be playing
01-04 14:49:13.044 11391 11391 D ViewRootImpl: update {(0,0)(fillxfill) sim={forwardNavigation} ty=BASE_APPLICATION wanim=0x10302fd
01-04 14:49:13.044 11391 11391 D ViewRootImpl:   fl=KEEP_SCREEN_ON LAYOUT_IN_SCREEN LAYOUT_INSET_DECOR SPLIT_TOUCH HARDWARE_ACCELERATED DRAWS_SYSTEM_BAR_BACKGROUNDS
01-04 14:49:13.044 11391 11391 D ViewRootImpl:   pfl=NO_MOVE_ANIMATION FORCE_DRAW_STATUS_BAR_BACKGROUND FIT_INSETS_CONTROLLED
01-04 14:49:13.044 11391 11391 D ViewRootImpl:   bhv=DEFAULT
01-04 14:49:13.044 11391 11391 D ViewRootImpl:   fitSides=} by setView
01-04 14:49:13.063 11391 11563 E OpenGLRenderer: Unable to match the desired swap behavior.
01-04 14:49:13.077 11391 11563 W Parcel  : Expecting binder but got null!
01-04 14:49:13.359 11391 11563 D Surface : Surface::disconnect
01-04 14:49:13.360 11391 11563 D BufferQueueProducer: [VRI[MainActivity]#25(BLAST Consumer)25](id:2c7f00000019,api:1,p:11391,c:11391) disconnect: api 1
01-04 14:49:14.675 11391 11391 D DoMinderDebug: AlarmActivity: Done clicked for reminderId: 1767517925302
01-04 14:49:14.675 11391 11391 D DoMinderDebug: AlarmRingtoneService: stopAlarmRingtone called
01-04 14:49:14.678 11391 11391 D DoMinderDebug: AlarmActivity: Saved completion to SharedPreferences for 1767517925302
01-04 14:49:14.678 11391 11391 D DoMinderDebug: AlarmActivity: Sending ALARM_DONE broadcast with action: app.rork.dominder.ALARM_DONE, package: app.rork.dominder_android_reminder_app
01-04 14:49:14.679 11391 11391 D DoMinderDebug: AlarmActivity: Broadcast sent successfully
01-04 14:49:14.680 11391 11391 D DoMinderDebug: AlarmRingtoneService: onStartCommand - action: app.rork.dominder.STOP_ALARM_RINGTONE
01-04 14:49:14.680 11391 11391 D DoMinderDebug: AlarmRingtoneService: Stopping ringtone service
01-04 14:49:14.680 11391 11391 D DoMinderDebug: AlarmRingtoneService: Stopping ringtone and vibration
01-04 14:49:14.686 11391 11391 V MediaPlayer: resetDrmState:  mDrmInfo=null mDrmProvisioningThread=null mPrepareDrmInProgress=false mActiveDrmScheme=false
01-04 14:49:14.686 11391 11391 V MediaPlayer: cleanDrmObj: mDrmObj=null mDrmSessionId=null
01-04 14:49:14.697 11391 11391 D DoMinderDebug: AlarmRingtoneService: MediaPlayer stopped and released
01-04 14:49:14.699 11391 11391 D DoMinderDebug: AlarmRingtoneService: Restored original alarm volume to 1
01-04 14:49:14.699 11391 11391 D DoMinderDebug: AlarmRingtoneService: Vibration stopped
01-04 14:49:14.700 11391 11391 D DoMinderDebug: AlarmRingtoneService: Wake lock released
01-04 14:49:14.712 11391 11391 D DoMinderDebug: AlarmActionBridge: ===== onReceive called! =====
01-04 14:49:14.713 11391 11391 D DoMinderDebug: AlarmActionBridge: Received action: app.rork.dominder.ALARM_DONE
01-04 14:49:14.713 11391 11391 D DoMinderDebug: AlarmActionBridge: Intent extras: Bundle[mParcelledData.dataSize=304]
01-04 14:49:14.713 11391 11391 D DoMinderDebug: AlarmActionBridge: ALARM_DONE - reminderId: 1767517925302
01-04 14:49:14.713 11391 11391 D DoMinderDebug: AlarmActionBridge: About to emit alarmDone event to React Native
01-04 14:49:14.713 11391 11391 D DoMinderDebug: AlarmActionBridge: ===== emitEventToReactNative START =====
01-04 14:49:14.713 11391 11391 D DoMinderDebug: AlarmActionBridge: Event name: alarmDone, reminderId: 1767517925302
01-04 14:49:14.713 11391 11391 D DoMinderDebug: AlarmActionBridge: Got application context: app.rork.dominder_android_reminder_app.MainApplication
01-04 14:49:14.713 11391 11391 D DoMinderDebug: AlarmActionBridge: App is ReactApplication 
01-04 14:49:14.713 11391 11391 D DoMinderDebug: AlarmActionBridge: Got ReactInstanceManager: com.facebook.react.ReactInstanceManager@74a677c
01-04 14:49:14.713 11391 11391 D DoMinderDebug: AlarmActionBridge: ReactContext: null
01-04 14:49:14.713 11391 11391 D DoMinderDebug: AlarmActionBridge:  ERROR - ReactContext is NULL! 
01-04 14:49:14.713 11391 11391 D DoMinderDebug: AlarmActionBridge: This means React Native is not running or was killed
01-04 14:49:14.713 11391 11391 D DoMinderDebug: AlarmActionBridge: emitEventToReactNative call completed
01-04 14:49:14.713 11391 11391 D DoMinderDebug: AlarmActionBridge: Attempting native reschedule (interval=1.0 minutes)
01-04 14:49:14.713 11391 11391 D DoMinderDebug: AlarmActionBridge: Scheduling next recurring alarm for 1767518410612
01-04 14:49:14.714 11391 11391 D DoMinderDebug: AlarmActionBridge: Recurring alarm scheduled successfully
01-04 14:49:14.715 11391 11391 D DoMinderDebug: AlarmRingtoneService: onDestroy
01-04 14:49:14.715 11391 11391 D DoMinderDebug: AlarmRingtoneService: Stopping ringtone and vibration
01-04 14:49:14.716 11391 11391 D DoMinderDebug: AlarmRingtoneService: Vibration stopped
01-04 14:49:14.982 11391 11391 D DoMinderDebug: AlarmActivity: Canceled notification with ID: -2011380467
01-04 14:49:14.982 11391 11391 D DoMinderDebug: AlarmActivity: Finishing alarm activity properly
01-04 14:49:14.999 11391 11391 D DoMinderDebug: AlarmActivity: Keeping process alive for JS events
01-04 14:49:14.999 11391 11391 D DoMinderDebug: AlarmActivity: Finish sequence initiated
