--------- beginning of main
10-31 06:37:54.663  3628  3628 I id_reminder_app: Using CollectorTypeCC GC.
10-31 06:37:54.669  3628  3628 E id_reminder_app: Not starting debugger since process cannot load the jdwp agent.
10-31 06:37:54.674  3628  3628 D nativeloader: Load libframework-connectivity-tiramisu-jni.so using APEX ns com_android_tethering for caller /apex/com.android.tethering/javalib/framework-connectivity-t.jar: ok
10-31 06:37:54.700  3628  3628 D CompatibilityChangeReporter: Compat change id reported: 171979766; UID 10865; state: ENABLED
10-31 06:37:54.829  3628  3628 D nativeloader: Configuring clns-4 for other apk /data/app/~~0iOiw_t4GMuhzyv9YViTSw==/app.rork.dominder_android_reminder_app-L2BV1_hj79AjrDKzpWWfEw==/base.apk. target_sdk_version=35, uses_libraries=, library_path=/data/app/~~0iOiw_t4GMuhzyv9YViTSw==/app.rork.dominder_android_reminder_app-L2BV1_hj79AjrDKzpWWfEw==/lib/arm64:/data/app/~~0iOiw_t4GMuhzyv9YViTSw==/app.rork.dominder_android_reminder_app-L2BV1_hj79AjrDKzpWWfEw==/base.apk!/lib/arm64-v8a, permitted_path=/data:/mnt/expand:/data/user/0/app.rork.dominder_android_reminder_app
10-31 06:37:54.836  3628  3628 D nativeloader: Load libframework-connectivity-jni.so using APEX ns com_android_tethering for caller /apex/com.android.tethering/javalib/framework-connectivity.jar: ok
10-31 06:37:54.839  3628  3628 V GraphicsEnvironment: ANGLE Developer option for 'app.rork.dominder_android_reminder_app' set to: 'default'
10-31 06:37:54.839  3628  3628 V GraphicsEnvironment: ANGLE GameManagerService for app.rork.dominder_android_reminder_app: false
10-31 06:37:54.839  3628  3628 V GraphicsEnvironment: Neither updatable production driver nor prerelease driver is supported.
10-31 06:37:54.841  3628  3628 D NetworkSecurityConfig: No Network Security Config specified, using platform default
10-31 06:37:54.841  3628  3628 D NetworkSecurityConfig: No Network Security Config specified, using platform default
10-31 06:37:54.852  3628  3628 D WM-WrkMgrInitializer: Initializing WorkManager with default configuration.
10-31 06:37:54.861  3628  3628 D NOTIFEE : (context): received application context
10-31 06:37:54.867  3628  3628 W SoLoader: Initializing SoLoader: 0
10-31 06:37:54.867  3628  3628 W SoLoader: Recording new base apk path: /data/app/~~0iOiw_t4GMuhzyv9YViTSw==/app.rork.dominder_android_reminder_app-L2BV1_hj79AjrDKzpWWfEw==/base.apk
10-31 06:37:54.867  3628  3628 W SoLoader: Previously recorded 0 base apk paths.
10-31 06:37:54.868  3628  3628 I SoLoader: Preparing SO source: DirectorySoSource[root = /vendor/lib64 flags = 2]
10-31 06:37:54.868  3628  3628 I SoLoader: Preparing SO source: DirectorySoSource[root = /system/lib64 flags = 2]
10-31 06:37:54.868  3628  3628 I SoLoader: Preparing SO source: DirectApkSoSource[root = [/data/app/~~0iOiw_t4GMuhzyv9YViTSw==/app.rork.dominder_android_reminder_app-L2BV1_hj79AjrDKzpWWfEw==/base.apk!/lib/arm64-v8a]]
10-31 06:37:54.871  3628  3628 I SoLoader: Preparing SO source: ApplicationSoSource[DirectorySoSource[root = /data/app/~~0iOiw_t4GMuhzyv9YViTSw==/app.rork.dominder_android_reminder_app-L2BV1_hj79AjrDKzpWWfEw==/lib/arm64 flags = 0]]
10-31 06:37:54.871  3628  3628 I SoLoader: init finish: 4 SO sources prepared
10-31 06:37:54.871  3628  3628 W SoLoader: SoLoader initialized: 8
10-31 06:37:54.872  3628  3628 I Typeface: updateThemeFont new=Rookery-Regular;old=sans-serif;new=Rookery-Stacked;old=
10-31 06:37:54.893  3628  3628 D AppCompatDelegate: Checking for metadata for AppLocalesMetadataHolderService : Service not found
10-31 06:37:54.905  3628  3659 D CompatibilityChangeReporter: Compat change id reported: 160794467; UID 10865; state: ENABLED
10-31 06:37:54.947  3628  3628 D nativeloader: Load /data/app/~~0iOiw_t4GMuhzyv9YViTSw==/app.rork.dominder_android_reminder_app-L2BV1_hj79AjrDKzpWWfEw==/base.apk!/lib/arm64-v8a/libc++_shared.so using class loader ns clns-4 (caller=/data/app/~~0iOiw_t4GMuhzyv9YViTSw==/app.rork.dominder_android_reminder_app-L2BV1_hj79AjrDKzpWWfEw==/base.apk!classes2.dex): ok
10-31 06:37:54.955  3628  3628 D nativeloader: Load /data/app/~~0iOiw_t4GMuhzyv9YViTSw==/app.rork.dominder_android_reminder_app-L2BV1_hj79AjrDKzpWWfEw==/base.apk!/lib/arm64-v8a/libjsi.so using class loader ns clns-4 (caller=/data/app/~~0iOiw_t4GMuhzyv9YViTSw==/app.rork.dominder_android_reminder_app-L2BV1_hj79AjrDKzpWWfEw==/base.apk!classes2.dex): ok
10-31 06:37:54.964  3628  3628 D nativeloader: Load /data/app/~~0iOiw_t4GMuhzyv9YViTSw==/app.rork.dominder_android_reminder_app-L2BV1_hj79AjrDKzpWWfEw==/base.apk!/lib/arm64-v8a/libfbjni.so using class loader ns clns-4 (caller=/data/app/~~0iOiw_t4GMuhzyv9YViTSw==/app.rork.dominder_android_reminder_app-L2BV1_hj79AjrDKzpWWfEw==/base.apk!classes2.dex): ok
10-31 06:37:54.985  3628  3628 D nativeloader: Load /data/app/~~0iOiw_t4GMuhzyv9YViTSw==/app.rork.dominder_android_reminder_app-L2BV1_hj79AjrDKzpWWfEw==/base.apk!/lib/arm64-v8a/libreactnative.so using class loader ns clns-4 (caller=/data/app/~~0iOiw_t4GMuhzyv9YViTSw==/app.rork.dominder_android_reminder_app-L2BV1_hj79AjrDKzpWWfEw==/base.apk!classes2.dex): ok
10-31 06:37:54.986  3628  3628 D jni_lib_merge: Entering merged library JNI_OnLoad.
10-31 06:37:54.986  3628  3628 D jni_lib_merge: Preparing 11 pre-merged libs (including stub)
10-31 06:37:54.986  3628  3628 D jni_lib_merge: Preparing to register libfabricjni_so.  onload_func: 0x7e07487da0
10-31 06:37:54.986  3628  3628 D jni_lib_merge: Preparing to register libreact_devsupportjni_so.  onload_func: 0x7e075599ec
10-31 06:37:54.986  3628  3628 D jni_lib_merge: Preparing to register libreact_featureflagsjni_so.  onload_func: 0x7e07561c88
10-31 06:37:54.986  3628  3628 D jni_lib_merge: Preparing to register libreact_newarchdefaults_so.  onload_func: 0x7e07585c70
10-31 06:37:54.987  3628  3628 D jni_lib_merge: Preparing to register libreactnativeblob_so.  onload_func: 0x7e0760cac4
10-31 06:37:54.987  3628  3628 D jni_lib_merge: Preparing to register libreactnativejni_so.  onload_func: 0x7e0762aaac
10-31 06:37:54.987  3628  3628 D jni_lib_merge: Preparing to register librninstance_so.  onload_func: 0x7e07644238
10-31 06:37:54.987  3628  3628 D jni_lib_merge: Preparing to register libturbomodulejsijni_so.  onload_func: 0x7e076bee60
10-31 06:37:54.987  3628  3628 D jni_lib_merge: Preparing to register libuimanagerjni_so.  onload_func: 0x7e076c6378
10-31 06:37:54.987  3628  3628 D jni_lib_merge: Preparing to register libyoga_so.  onload_func: 0x7e076cb7cc
10-31 06:37:54.987  3628  3628 D jni_lib_merge: About to register 10 actual methods.
10-31 06:37:54.989  3628  3628 W SoLoader: SoLoader already initialized
10-31 06:37:54.997  3628  3628 D nativeloader: Load /data/app/~~0iOiw_t4GMuhzyv9YViTSw==/app.rork.dominder_android_reminder_app-L2BV1_hj79AjrDKzpWWfEw==/base.apk!/lib/arm64-v8a/libhermes.so using class loader ns clns-4 (caller=/data/app/~~0iOiw_t4GMuhzyv9YViTSw==/app.rork.dominder_android_reminder_app-L2BV1_hj79AjrDKzpWWfEw==/base.apk!classes2.dex): ok
10-31 06:37:55.001  3628  3628 D nativeloader: Load /data/app/~~0iOiw_t4GMuhzyv9YViTSw==/app.rork.dominder_android_reminder_app-L2BV1_hj79AjrDKzpWWfEw==/base.apk!/lib/arm64-v8a/libhermestooling.so using class loader ns clns-4 (caller=/data/app/~~0iOiw_t4GMuhzyv9YViTSw==/app.rork.dominder_android_reminder_app-L2BV1_hj79AjrDKzpWWfEw==/base.apk!classes2.dex): ok
10-31 06:37:55.001  3628  3628 D jni_lib_merge: Entering merged library JNI_OnLoad.
10-31 06:37:55.001  3628  3628 D jni_lib_merge: Preparing 4 pre-merged libs (including stub)
10-31 06:37:55.001  3628  3628 D jni_lib_merge: Preparing to register libhermes_executor_so.  onload_func: 0x7e8b9e811c
10-31 06:37:55.001  3628  3628 D jni_lib_merge: Preparing to register libhermesinstancejni_so.  onload_func: 0x7e8b9efa58
10-31 06:37:55.001  3628  3628 D jni_lib_merge: Preparing to register libjsijniprofiler_so.  onload_func: 0x7e8b9f0114
10-31 06:37:55.001  3628  3628 D jni_lib_merge: About to register 3 actual methods.
10-31 06:37:55.002  3628  3628 W SoLoader: SoLoader already initialized
--------- beginning of system
10-31 06:37:55.011  3628  3628 D ViewRootImpl: update {(0,0)(fillxfill) sim={adjust=resize forwardNavigation} ty=BASE_APPLICATION wanim=0x10302fd
10-31 06:37:55.011  3628  3628 D ViewRootImpl:   fl=LAYOUT_IN_SCREEN LAYOUT_INSET_DECOR SPLIT_TOUCH HARDWARE_ACCELERATED DRAWS_SYSTEM_BAR_BACKGROUNDS
10-31 06:37:55.011  3628  3628 D ViewRootImpl:   pfl=NO_MOVE_ANIMATION FORCE_DRAW_STATUS_BAR_BACKGROUND FIT_INSETS_CONTROLLED
10-31 06:37:55.011  3628  3628 D ViewRootImpl:   bhv=DEFAULT
10-31 06:37:55.011  3628  3628 D ViewRootImpl:   fitSides=} by setView
10-31 06:37:55.037  3628  3661 I AdrenoGLES-0: QUALCOMM build                   : 43fc279f3a, I58833f8ed4
10-31 06:37:55.037  3628  3661 I AdrenoGLES-0: Build Date                       : 03/24/23
10-31 06:37:55.037  3628  3661 I AdrenoGLES-0: OpenGL ES Shader Compiler Version: EV031.32.02.17
10-31 06:37:55.037  3628  3661 I AdrenoGLES-0: Local Branch                     : 
10-31 06:37:55.037  3628  3661 I AdrenoGLES-0: Remote Branch                    : 
10-31 06:37:55.037  3628  3661 I AdrenoGLES-0: Remote Branch                    : 
10-31 06:37:55.037  3628  3661 I AdrenoGLES-0: Reconstruct Branch               : 
10-31 06:37:55.037  3628  3661 I AdrenoGLES-0: Build Config                     : S P 10.0.7 AArch64
10-31 06:37:55.037  3628  3661 I AdrenoGLES-0: Driver Path                      : /vendor/lib64/egl/libGLESv2_adreno.so
10-31 06:37:55.044  3628  3661 I AdrenoGLES-0: PFP: 0x016ee197, ME: 0x00000000
10-31 06:37:55.060  3628  3661 I OpenGLRenderer: setGrContext nullptr-->validptr
10-31 06:37:55.075  3628  3661 E OpenGLRenderer: Unable to match the desired swap behavior.
10-31 06:37:55.180  3628  3665 I ExpoModulesCore:  AppContext was initialized
10-31 06:37:55.193  3628  3673 W unknown:ViewManagerPropertyUpdater: Could not find generated setter for class com.facebook.react.views.drawer.ReactDrawerLayoutManager
10-31 06:37:55.194  3628  3673 W unknown:ViewManagerPropertyUpdater: Could not find generated setter for class com.facebook.react.uimanager.LayoutShadowNode
10-31 06:37:55.196  3628  3673 W unknown:ViewManagerPropertyUpdater: Could not find generated setter for class com.facebook.react.views.scroll.ReactHorizontalScrollViewManager
10-31 06:37:55.196  3628  3673 W unknown:ViewManagerPropertyUpdater: Could not find generated setter for class com.facebook.react.views.scroll.ReactHorizontalScrollContainerViewManager
10-31 06:37:55.197  3628  3673 W unknown:ViewManagerPropertyUpdater: Could not find generated setter for class com.facebook.react.views.progressbar.ReactProgressBarViewManager
10-31 06:37:55.197  3628  3673 W unknown:ViewManagerPropertyUpdater: Could not find generated setter for class com.facebook.react.views.progressbar.ProgressBarShadowNode
10-31 06:37:55.198  3628  3673 W unknown:ViewManagerPropertyUpdater: Could not find generated setter for class com.facebook.react.views.scroll.ReactScrollViewManager
10-31 06:37:55.199  3628  3673 W unknown:ViewManagerPropertyUpdater: Could not find generated setter for class com.facebook.react.views.switchview.ReactSwitchManager
10-31 06:37:55.199  3628  3673 W unknown:ViewManagerPropertyUpdater: Could not find generated setter for class com.facebook.react.views.switchview.ReactSwitchShadowNode
10-31 06:37:55.199  3628  3673 W unknown:ViewManagerPropertyUpdater: Could not find generated setter for class com.facebook.react.views.safeareaview.ReactSafeAreaViewManager
10-31 06:37:55.199  3628  3673 W unknown:ViewManagerPropertyUpdater: Could not find generated setter for class com.facebook.react.views.safeareaview.ReactSafeAreaViewShadowNode
10-31 06:37:55.199  3628  3673 W unknown:ViewManagerPropertyUpdater: Could not find generated setter for class com.facebook.react.views.swiperefresh.SwipeRefreshLayoutManager
10-31 06:37:55.200  3628  3673 W unknown:ViewManagerPropertyUpdater: Could not find generated setter for class com.facebook.react.views.text.frescosupport.FrescoBasedReactTextInlineImageViewManager
10-31 06:37:55.200  3628  3673 W unknown:ViewManagerPropertyUpdater: Could not find generated setter for class com.facebook.react.views.text.frescosupport.FrescoBasedReactTextInlineImageShadowNode
10-31 06:37:55.200  3628  3673 W unknown:ViewManagerPropertyUpdater: Could not find generated setter for class com.facebook.react.views.image.ReactImageManager
10-31 06:37:55.201  3628  3673 W unknown:ViewManagerPropertyUpdater: Could not find generated setter for class com.facebook.react.views.modal.ReactModalHostManager
10-31 06:37:55.201  3628  3673 W unknown:ViewManagerPropertyUpdater: Could not find generated setter for class com.facebook.react.views.text.ReactRawTextManager
10-31 06:37:55.201  3628  3673 W unknown:ViewManagerPropertyUpdater: Could not find generated setter for class com.facebook.react.views.text.ReactRawTextShadowNode
10-31 06:37:55.202  3628  3673 W unknown:ViewManagerPropertyUpdater: Could not find generated setter for class com.facebook.react.views.textinput.ReactTextInputManager
10-31 06:37:55.203  3628  3673 W unknown:ViewManagerPropertyUpdater: Could not find generated setter for class com.facebook.react.views.textinput.ReactTextInputShadowNode
10-31 06:37:55.203  3628  3673 W unknown:ViewManagerPropertyUpdater: Could not find generated setter for class com.facebook.react.views.text.ReactTextViewManager
10-31 06:37:55.204  3628  3673 W unknown:ViewManagerPropertyUpdater: Could not find generated setter for class com.facebook.react.views.text.ReactTextShadowNode
10-31 06:37:55.204  3628  3673 W unknown:ViewManagerPropertyUpdater: Could not find generated setter for class com.facebook.react.views.view.ReactViewManager
10-31 06:37:55.204  3628  3673 W unknown:ViewManagerPropertyUpdater: Could not find generated setter for class com.facebook.react.views.text.ReactVirtualTextViewManager
10-31 06:37:55.204  3628  3673 W unknown:ViewManagerPropertyUpdater: Could not find generated setter for class com.facebook.react.views.text.ReactVirtualTextShadowNode
10-31 06:37:55.205  3628  3673 W unknown:ViewManagerPropertyUpdater: Could not find generated setter for class com.facebook.react.views.unimplementedview.ReactUnimplementedViewManager
10-31 06:37:55.205  3628  3673 W unknown:ViewManagerPropertyUpdater: Could not find generated setter for class expo.modules.kotlin.views.GroupViewManagerWrapper
10-31 06:37:55.208  3628  3673 W unknown:ViewManagerPropertyUpdater: Could not find generated setter for class expo.modules.kotlin.views.SimpleViewManagerWrapper
10-31 06:37:55.209  3628  3673 W unknown:ViewManagerPropertyUpdater: Could not find generated setter for class com.swmansion.gesturehandler.react.RNGestureHandlerRootViewManager
10-31 06:37:55.209  3628  3673 W unknown:ViewManagerPropertyUpdater: Could not find generated setter for class com.swmansion.gesturehandler.react.RNGestureHandlerButtonViewManager
10-31 06:37:55.210  3628  3673 W unknown:ViewManagerPropertyUpdater: Could not find generated setter for class com.th3rdwave.safeareacontext.SafeAreaProviderManager
10-31 06:37:55.210  3628  3673 W unknown:ViewManagerPropertyUpdater: Could not find generated setter for class com.th3rdwave.safeareacontext.SafeAreaViewManager
10-31 06:37:55.210  3628  3673 W unknown:ViewManagerPropertyUpdater: Could not find generated setter for class com.th3rdwave.safeareacontext.SafeAreaViewShadowNode
10-31 06:37:55.210  3628  3673 W unknown:ViewManagerPropertyUpdater: Could not find generated setter for class com.swmansion.rnscreens.ScreenContainerViewManager
10-31 06:37:55.211  3628  3673 W unknown:ViewManagerPropertyUpdater: Could not find generated setter for class com.swmansion.rnscreens.ScreenViewManager
10-31 06:37:55.211  3628  3673 W unknown:ViewManagerPropertyUpdater: Could not find generated setter for class com.swmansion.rnscreens.ModalScreenViewManager
10-31 06:37:55.211  3628  3673 W unknown:ViewManagerPropertyUpdater: Could not find generated setter for class com.swmansion.rnscreens.ScreenStackViewManager
10-31 06:37:55.212  3628  3673 W unknown:ViewManagerPropertyUpdater: Could not find generated setter for class com.swmansion.rnscreens.ScreenStackHeaderConfigViewManager
10-31 06:37:55.212  3628  3673 W unknown:ViewManagerPropertyUpdater: Could not find generated setter for class com.swmansion.rnscreens.ScreenStackHeaderSubviewManager
10-31 06:37:55.212  3628  3673 W unknown:ViewManagerPropertyUpdater: Could not find generated setter for class com.swmansion.rnscreens.SearchBarManager
10-31 06:37:55.213  3628  3673 W unknown:ViewManagerPropertyUpdater: Could not find generated setter for class com.swmansion.rnscreens.ScreenFooterManager
10-31 06:37:55.213  3628  3673 W unknown:ViewManagerPropertyUpdater: Could not find generated setter for class com.swmansion.rnscreens.ScreenContentWrapperManager
10-31 06:37:55.213  3628  3673 W unknown:ViewManagerPropertyUpdater: Could not find generated setter for class com.horcrux.svg.RenderableViewManager$DefsViewManager
10-31 06:37:55.214  3628  3673 W unknown:ViewManagerPropertyUpdater: Could not find generated setter for class com.horcrux.svg.VirtualViewManager$RenderableShadowNode
10-31 06:37:55.214  3628  3673 W unknown:ViewManagerPropertyUpdater: Could not find generated setter for class com.horcrux.svg.RenderableViewManager$FeMergeManager
10-31 06:37:55.214  3628  3673 W unknown:ViewManagerPropertyUpdater: Could not find generated setter for class com.horcrux.svg.RenderableViewManager$LinearGradientManager
10-31 06:37:55.215  3628  3673 W unknown:ViewManagerPropertyUpdater: Could not find generated setter for class com.horcrux.svg.RenderableViewManager$FeGaussianBlurManager
10-31 06:37:55.215  3628  3673 W unknown:ViewManagerPropertyUpdater: Could not find generated setter for class com.horcrux.svg.RenderableViewManager$FeColorMatrixManager
10-31 06:37:55.215  3628  3673 W unknown:ViewManagerPropertyUpdater: Could not find generated setter for class com.horcrux.svg.RenderableViewManager$ClipPathViewManager
10-31 06:37:55.216  3628  3673 W unknown:ViewManagerPropertyUpdater: Could not find generated setter for class com.horcrux.svg.RenderableViewManager$SymbolManager
10-31 06:37:55.217  3628  3673 W unknown:ViewManagerPropertyUpdater: Could not find generated setter for class com.horcrux.svg.RenderableViewManager$PatternManager
10-31 06:37:55.218  3628  3673 W unknown:ViewManagerPropertyUpdater: Could not find generated setter for class com.horcrux.svg.RenderableViewManager$FeBlendManager
10-31 06:37:55.218  3628  3673 W unknown:ViewManagerPropertyUpdater: Could not find generated setter for class com.horcrux.svg.SvgViewManager
10-31 06:37:55.219  3628  3673 W unknown:ViewManagerPropertyUpdater: Could not find generated setter for class com.horcrux.svg.RenderableViewManager$UseViewManager
10-31 06:37:55.219  3628  3673 W unknown:ViewManagerPropertyUpdater: Could not find generated setter for class com.horcrux.svg.RenderableViewManager$CircleViewManager
10-31 06:37:55.220  3628  3673 W unknown:ViewManagerPropertyUpdater: Could not find generated setter for class com.horcrux.svg.RenderableViewManager$TSpanViewManager
10-31 06:37:55.221  3628  3673 W unknown:ViewManagerPropertyUpdater: Could not find generated setter for class com.horcrux.svg.RenderableViewManager$FilterManager
10-31 06:37:55.221  3628  3673 W unknown:ViewManagerPropertyUpdater: Could not find generated setter for class com.horcrux.svg.RenderableViewManager$MarkerManager
10-31 06:37:55.222  3628  3673 W unknown:ViewManagerPropertyUpdater: Could not find generated setter for class com.horcrux.svg.RenderableViewManager$ForeignObjectManager
10-31 06:37:55.222  3628  3673 W unknown:ViewManagerPropertyUpdater: Could not find generated setter for class com.horcrux.svg.RenderableViewManager$EllipseViewManager
10-31 06:37:55.223  3628  3673 W unknown:ViewManagerPropertyUpdater: Could not find generated setter for class com.horcrux.svg.RenderableViewManager$LineViewManager
10-31 06:37:55.223  3628  3673 W unknown:ViewManagerPropertyUpdater: Could not find generated setter for class com.horcrux.svg.RenderableViewManager$FeFloodManager
10-31 06:37:55.224  3628  3673 W unknown:ViewManagerPropertyUpdater: Could not find generated setter for class com.horcrux.svg.RenderableViewManager$GroupViewManager
10-31 06:37:55.224  3628  3673 W unknown:ViewManagerPropertyUpdater: Could not find generated setter for class com.horcrux.svg.RenderableViewManager$TextViewManager
10-31 06:37:55.225  3628  3673 W unknown:ViewManagerPropertyUpdater: Could not find generated setter for class com.horcrux.svg.RenderableViewManager$ImageViewManager
10-31 06:37:55.226  3628  3673 W unknown:ViewManagerPropertyUpdater: Could not find generated setter for class com.horcrux.svg.RenderableViewManager$FeCompositeManager
10-31 06:37:55.226  3628  3673 W unknown:ViewManagerPropertyUpdater: Could not find generated setter for class com.horcrux.svg.RenderableViewManager$RadialGradientManager
10-31 06:37:55.227  3628  3673 W unknown:ViewManagerPropertyUpdater: Could not find generated setter for class com.horcrux.svg.RenderableViewManager$MaskManager
10-31 06:37:55.227  3628  3673 W unknown:ViewManagerPropertyUpdater: Could not find generated setter for class com.horcrux.svg.RenderableViewManager$RectViewManager
10-31 06:37:55.228  3628  3673 W unknown:ViewManagerPropertyUpdater: Could not find generated setter for class com.horcrux.svg.RenderableViewManager$TextPathViewManager
10-31 06:37:55.229  3628  3673 W unknown:ViewManagerPropertyUpdater: Could not find generated setter for class com.horcrux.svg.RenderableViewManager$FeOffsetManager
10-31 06:37:55.229  3628  3673 W unknown:ViewManagerPropertyUpdater: Could not find generated setter for class com.horcrux.svg.RenderableViewManager$PathViewManager
10-31 06:37:55.308  3628  3672 D nativeloader: Load /data/app/~~0iOiw_t4GMuhzyv9YViTSw==/app.rork.dominder_android_reminder_app-L2BV1_hj79AjrDKzpWWfEw==/base.apk!/lib/arm64-v8a/libexpo-modules-core.so using class loader ns clns-4 (caller=/data/app/~~0iOiw_t4GMuhzyv9YViTSw==/app.rork.dominder_android_reminder_app-L2BV1_hj79AjrDKzpWWfEw==/base.apk!classes2.dex): ok
10-31 06:37:55.313  3628  3672 I ExpoModulesCore:  JSI interop was installed
10-31 06:37:55.322  3628  3672 I ExpoModulesCore:  Constants were exported
10-31 06:37:55.365  3628  3672 D nativeloader: Load /data/app/~~0iOiw_t4GMuhzyv9YViTSw==/app.rork.dominder_android_reminder_app-L2BV1_hj79AjrDKzpWWfEw==/base.apk!/lib/arm64-v8a/librnscreens.so using class loader ns clns-4 (caller=/data/app/~~0iOiw_t4GMuhzyv9YViTSw==/app.rork.dominder_android_reminder_app-L2BV1_hj79AjrDKzpWWfEw==/base.apk!classes3.dex): ok
10-31 06:37:55.372  3628  3672 I ReactNativeJS: '[NotificationService] AlarmModule availability:', 'Available'
10-31 06:37:55.373  3628  3672 I ReactNativeJS: '[NotificationService] AlarmModule methods:', [ 'cancelAlarm',
10-31 06:37:55.373  3628  3672 I ReactNativeJS:   'clearCompletedAlarm',
10-31 06:37:55.373  3628  3672 I ReactNativeJS:   'clearSnoozedAlarm',
10-31 06:37:55.373  3628  3672 I ReactNativeJS:   'getAlarmRingtone',
10-31 06:37:55.373  3628  3672 I ReactNativeJS:   'getCompletedAlarms',
10-31 06:37:55.373  3628  3672 I ReactNativeJS:   'getSnoozedAlarms',
10-31 06:37:55.373  3628  3672 I ReactNativeJS:   'openRingtonePicker',
10-31 06:37:55.373  3628  3672 I ReactNativeJS:   'scheduleAlarm',
10-31 06:37:55.373  3628  3672 I ReactNativeJS:   'getConstants' ]
10-31 06:37:55.373  3628  3672 I ReactNativeJS: Running "main"
10-31 06:37:55.392  3628  3672 D nativeloader: Load /data/app/~~0iOiw_t4GMuhzyv9YViTSw==/app.rork.dominder_android_reminder_app-L2BV1_hj79AjrDKzpWWfEw==/base.apk!/lib/arm64-v8a/libworklets.so using class loader ns clns-4 (caller=/data/app/~~0iOiw_t4GMuhzyv9YViTSw==/app.rork.dominder_android_reminder_app-L2BV1_hj79AjrDKzpWWfEw==/base.apk!classes2.dex): ok
10-31 06:37:55.397  3628  3672 D nativeloader: Load /data/app/~~0iOiw_t4GMuhzyv9YViTSw==/app.rork.dominder_android_reminder_app-L2BV1_hj79AjrDKzpWWfEw==/base.apk!/lib/arm64-v8a/libreanimated.so using class loader ns clns-4 (caller=/data/app/~~0iOiw_t4GMuhzyv9YViTSw==/app.rork.dominder_android_reminder_app-L2BV1_hj79AjrDKzpWWfEw==/base.apk!classes2.dex): ok
10-31 06:37:55.401  3628  3672 W System.err: java.lang.NoSuchFieldException: No field mIsFinished in class Lcom/facebook/react/bridge/queue/MessageQueueThreadImpl; (declaration of 'com.facebook.react.bridge.queue.MessageQueueThreadImpl' appears in /data/app/~~0iOiw_t4GMuhzyv9YViTSw==/app.rork.dominder_android_reminder_app-L2BV1_hj79AjrDKzpWWfEw==/base.apk!classes2.dex)
10-31 06:37:55.401  3628  3672 W System.err: 	at java.lang.Class.getDeclaredField(Native Method)
10-31 06:37:55.401  3628  3672 W System.err: 	at com.swmansion.worklets.WorkletsMessageQueueThreadBase.quitSynchronous(WorkletsMessageQueueThreadBase.java:53)
10-31 06:37:55.401  3628  3672 W System.err: 	at com.swmansion.reanimated.NativeProxy.initHybrid(Native Method)
10-31 06:37:55.401  3628  3672 W System.err: 	at com.swmansion.reanimated.NativeProxy.<init>(NativeProxy.java:41)
10-31 06:37:55.401  3628  3672 W System.err: 	at com.swmansion.reanimated.NodesManager.initWithContext(NodesManager.java:148)
10-31 06:37:55.401  3628  3672 W System.err: 	at com.swmansion.reanimated.ReanimatedModule.installTurboModule(ReanimatedModule.java:159)
10-31 06:37:55.401  3628  3672 W System.err: 	at com.facebook.jni.NativeRunnable.run(Native Method)
10-31 06:37:55.401  3628  3672 W System.err: 	at android.os.Handler.handleCallback(Handler.java:984)
10-31 06:37:55.401  3628  3672 W System.err: 	at android.os.Handler.dispatchMessage(Handler.java:104)
10-31 06:37:55.401  3628  3672 W System.err: 	at com.facebook.react.bridge.queue.MessageQueueThreadHandler.dispatchMessage(MessageQueueThreadHandler.kt:20)
10-31 06:37:55.401  3628  3672 W System.err: 	at android.os.Looper.loopOnce(Looper.java:238)
10-31 06:37:55.401  3628  3672 W System.err: 	at android.os.Looper.loop(Looper.java:357)
10-31 06:37:55.401  3628  3672 W System.err: 	at com.facebook.react.bridge.queue.MessageQueueThreadImpl$Companion.startNewBackgroundThread$lambda$1(MessageQueueThreadImpl.kt:175)
10-31 06:37:55.401  3628  3672 W System.err: 	at com.facebook.react.bridge.queue.MessageQueueThreadImpl$Companion.$r8$lambda$ldnZnqelhYFctGaUKkOKYj5rxo4(Unknown Source:0)
10-31 06:37:55.401  3628  3672 W System.err: 	at com.facebook.react.bridge.queue.MessageQueueThreadImpl$Companion$$ExternalSyntheticLambda0.run(D8$$SyntheticClass:0)
10-31 06:37:55.401  3628  3672 W System.err: 	at java.lang.Thread.run(Thread.java:1119)
10-31 06:37:55.497  3628  3672 I ReactNativeJS: [useAlarmListeners] Setting up native alarm event listeners...
10-31 06:37:55.497  3628  3672 I ReactNativeJS: [AlarmSync] Hook initialized
10-31 06:37:55.497  3628  3672 I ReactNativeJS: [AlarmSync] Checking for completed alarms...
10-31 06:37:55.497  3628  3672 I ReactNativeJS: [RootLayout] Setting up notification handlers
10-31 06:37:55.498  3628  3672 I ReactNativeJS: [Dominder-Debug] Ensuring base notification channels
10-31 06:37:55.498  3628  3672 I ReactNativeJS: '[Dominder-Debug] Creating channel:', '{"id":"standard-v2","name":"Standard Notifications","importance":4,"sound":"default","vibration":true}'
10-31 06:37:55.498  3628  3673 D DoMinderDebug: AlarmModule: Retrieved 0 completed alarms
10-31 06:37:55.500  3628  3672 I ReactNativeJS: '[AlarmSync] Found completed alarms:', 0
10-31 06:37:55.501  3628  3672 I ReactNativeJS: '[RootLayout] Initial notification:', null
10-31 06:37:55.502  3628  3673 D DoMinderDebug: AlarmModule: Retrieved 0 snoozed alarms
10-31 06:37:55.503  3628  3672 I ReactNativeJS: '[AlarmSync] Found snoozed alarms:', 0
10-31 06:37:55.503  3628  3628 D VRI[MainActivity]: update {(0,0)(fillxfill) sim={adjust=resize forwardNavigation} ty=BASE_APPLICATION wanim=0x10302fd
10-31 06:37:55.503  3628  3628 D VRI[MainActivity]:   fl=LAYOUT_IN_SCREEN LAYOUT_INSET_DECOR SPLIT_TOUCH HARDWARE_ACCELERATED DRAWS_SYSTEM_BAR_BACKGROUNDS
10-31 06:37:55.503  3628  3628 D VRI[MainActivity]:   pfl=NO_MOVE_ANIMATION FORCE_DRAW_STATUS_BAR_BACKGROUND FIT_INSETS_CONTROLLED
10-31 06:37:55.503  3628  3628 D VRI[MainActivity]:   bhv=DEFAULT
10-31 06:37:55.503  3628  3628 D VRI[MainActivity]:   fitSides=} by setLayoutParams
10-31 06:37:55.505  3628  3628 D VRI[MainActivity]: update {(0,0)(fillxfill) sim={adjust=resize forwardNavigation} ty=BASE_APPLICATION wanim=0x10302fd
10-31 06:37:55.505  3628  3628 D VRI[MainActivity]:   fl=LAYOUT_IN_SCREEN FORCE_NOT_FULLSCREEN LAYOUT_INSET_DECOR SPLIT_TOUCH HARDWARE_ACCELERATED DRAWS_SYSTEM_BAR_BACKGROUNDS
10-31 06:37:55.505  3628  3628 D VRI[MainActivity]:   pfl=NO_MOVE_ANIMATION FORCE_DRAW_STATUS_BAR_BACKGROUND FIT_INSETS_CONTROLLED
10-31 06:37:55.505  3628  3628 D VRI[MainActivity]:   bhv=DEFAULT
10-31 06:37:55.505  3628  3628 D VRI[MainActivity]:   fitSides=} by setLayoutParams
10-31 06:37:55.506  3628  3628 D VRI[MainActivity]: update {(0,0)(fillxfill) sim={adjust=resize forwardNavigation} ty=BASE_APPLICATION wanim=0x10302fd
10-31 06:37:55.506  3628  3628 D VRI[MainActivity]:   fl=LAYOUT_IN_SCREEN FORCE_NOT_FULLSCREEN LAYOUT_INSET_DECOR SPLIT_TOUCH HARDWARE_ACCELERATED DRAWS_SYSTEM_BAR_BACKGROUNDS
10-31 06:37:55.506  3628  3628 D VRI[MainActivity]:   pfl=NO_MOVE_ANIMATION FORCE_DRAW_STATUS_BAR_BACKGROUND FIT_INSETS_CONTROLLED
10-31 06:37:55.506  3628  3628 D VRI[MainActivity]:   bhv=DEFAULT
10-31 06:37:55.506  3628  3628 D VRI[MainActivity]:   fitSides=} by setLayoutParams
10-31 06:37:55.522  3628  3673 W unknown:ViewManagerPropertyUpdater: Could not find generated setter for class com.swmansion.rnscreens.ScreenStackHeaderConfigShadowNode
10-31 06:37:55.525  3628  3628 D CompatibilityChangeReporter: Compat change id reported: 210923482; UID 10865; state: ENABLED
10-31 06:37:55.527  3628  3673 W unknown:ViewManagerPropertyUpdater: Could not find generated setter for class com.swmansion.rnscreens.ScreensShadowNode
10-31 06:37:55.531  3628  3672 I ReactNativeJS: '[ReminderEngine] Processing reminders, count:', 0
10-31 06:37:55.537  3628  3628 D VRI[MainActivity]: update {(0,0)(fillxfill) sim={adjust=resize forwardNavigation} ty=BASE_APPLICATION wanim=0x10302fd
10-31 06:37:55.537  3628  3628 D VRI[MainActivity]:   fl=LAYOUT_IN_SCREEN FORCE_NOT_FULLSCREEN LAYOUT_INSET_DECOR SPLIT_TOUCH HARDWARE_ACCELERATED DRAWS_SYSTEM_BAR_BACKGROUNDS
10-31 06:37:55.537  3628  3628 D VRI[MainActivity]:   pfl=NO_MOVE_ANIMATION FORCE_DRAW_STATUS_BAR_BACKGROUND FIT_INSETS_CONTROLLED
10-31 06:37:55.537  3628  3628 D VRI[MainActivity]:   bhv=DEFAULT
10-31 06:37:55.537  3628  3628 D VRI[MainActivity]:   fitSides=} by setLayoutParams
10-31 06:37:55.539  3628  3672 I ReactNativeJS: '[ReminderEngine] Processing reminders, count:', 0
10-31 06:37:55.543  3628  3672 I ReactNativeJS: '[Dominder-Debug] Creating channel:', '{"id":"silent-v2","name":"Silent Notifications","importance":2,"vibration":false}'
10-31 06:37:55.543  3628  3672 I ReactNativeJS: [AlarmSync] App became active, syncing...
10-31 06:37:55.543  3628  3672 I ReactNativeJS: [AlarmSync] Checking for completed alarms...
10-31 06:37:55.544  3628  3673 D DoMinderDebug: AlarmModule: Retrieved 0 completed alarms
10-31 06:37:55.545  3628  3672 I ReactNativeJS: '[AlarmSync] Found completed alarms:', 0
10-31 06:37:55.546  3628  3673 D DoMinderDebug: AlarmModule: Retrieved 0 snoozed alarms
10-31 06:37:55.547  3628  3628 I ReactNative: [GESTURE HANDLER] Initialize gesture handler for root view com.facebook.react.ReactRootView{7155226 V.E...... ......ID 0,0-1080,2295 #b}
10-31 06:37:55.586  3628  3628 D VRI[MainActivity]: update {(0,0)(fillxfill) sim={adjust=resize forwardNavigation} ty=BASE_APPLICATION wanim=0x10302fd
10-31 06:37:55.586  3628  3628 D VRI[MainActivity]:   fl=LAYOUT_IN_SCREEN FORCE_NOT_FULLSCREEN LAYOUT_INSET_DECOR SPLIT_TOUCH HARDWARE_ACCELERATED DRAWS_SYSTEM_BAR_BACKGROUNDS
10-31 06:37:55.586  3628  3628 D VRI[MainActivity]:   pfl=NO_MOVE_ANIMATION FORCE_DRAW_STATUS_BAR_BACKGROUND FIT_INSETS_CONTROLLED
10-31 06:37:55.586  3628  3628 D VRI[MainActivity]:   bhv=DEFAULT
10-31 06:37:55.586  3628  3628 D VRI[MainActivity]:   fitSides=} by setLayoutParams
10-31 06:37:55.625  3628  3628 D CompatibilityChangeReporter: Compat change id reported: 171228096; UID 10865; state: ENABLED
10-31 06:37:55.934  3628  3672 I ReactNativeJS: '[AlarmSync] Found snoozed alarms:', 0
10-31 06:37:55.934  3628  3672 I ReactNativeJS: '[Dominder-Debug] Creating channel:', '{"id":"alarm-v2","name":"Alarms","importance":4,"sound":"default","vibration":true,"bypassDnd":true}'
10-31 06:37:55.938  3628  3672 I ReactNativeJS: '[ReminderEngine] Processing reminders, count:', 6
10-31 06:37:55.938  3628  3672 I ReactNativeJS: [ReminderEngine] Processing reminder 1761871697647, repeatType: none
10-31 06:37:55.938  3628  3672 I ReactNativeJS: [calculateNextReminderDate] for reminder: 1761871697647, fromDate: 2025-10-31T01:07:55.938Z, repeatType: none, date: 2025-10-31, time: 06:30
10-31 06:37:55.938  3628  3672 I ReactNativeJS: [calculateNextReminderDate] One-time reminder scheduled for: 2025-10-31T01:00:00.000Z, isInFuture: false
10-31 06:37:55.938  3628  3672 I ReactNativeJS: [ReminderEngine] No valid fire time for reminder 1761871697647
10-31 06:37:55.938  3628  3672 I ReactNativeJS: '[ReminderEngine] Reminder details:', { date: '2025-10-31',
10-31 06:37:55.938  3628  3672 I ReactNativeJS:   time: '06:30',
10-31 06:37:55.938  3628  3672 I ReactNativeJS:   snoozeUntil: undefined,
10-31 06:37:55.938  3628  3672 I ReactNativeJS:   nextReminderDate: undefined,
10-31 06:37:55.938  3628  3672 I ReactNativeJS:   repeatType: 'none' }
10-31 06:37:55.938  3628  3672 I ReactNativeJS: [ReminderEngine] Processing reminder 1761871703297, repeatType: none
10-31 06:37:55.938  3628  3672 I ReactNativeJS: [calculateNextReminderDate] for reminder: 1761871703297, fromDate: 2025-10-31T01:07:55.938Z, repeatType: none, date: 2025-10-31, time: 06:30
10-31 06:37:55.938  3628  3672 I ReactNativeJS: [calculateNextReminderDate] One-time reminder scheduled for: 2025-10-31T01:00:00.000Z, isInFuture: false
10-31 06:37:55.938  3628  3672 I ReactNativeJS: [ReminderEngine] No valid fire time for reminder 1761871703297
10-31 06:37:55.939  3628  3672 I ReactNativeJS: '[ReminderEngine] Reminder details:', { date: '2025-10-31',
10-31 06:37:55.939  3628  3672 I ReactNativeJS:   time: '06:30',
10-31 06:37:55.939  3628  3672 I ReactNativeJS:   snoozeUntil: undefined,
10-31 06:37:55.939  3628  3672 I ReactNativeJS:   nextReminderDate: undefined,
10-31 06:37:55.939  3628  3672 I ReactNativeJS:   repeatType: 'none' }
10-31 06:37:55.939  3628  3672 I ReactNativeJS: [ReminderEngine] Processing reminder 1761871708747, repeatType: none
10-31 06:37:55.939  3628  3672 I ReactNativeJS: [calculateNextReminderDate] for reminder: 1761871708747, fromDate: 2025-10-31T01:07:55.938Z, repeatType: none, date: 2025-10-31, time: 06:30
10-31 06:37:55.939  3628  3672 I ReactNativeJS: [calculateNextReminderDate] One-time reminder scheduled for: 2025-10-31T01:00:00.000Z, isInFuture: false
10-31 06:37:55.939  3628  3672 I ReactNativeJS: [ReminderEngine] No valid fire time for reminder 1761871708747
10-31 06:37:55.939  3628  3672 I ReactNativeJS: '[ReminderEngine] Reminder details:', { date: '2025-10-31',
10-31 06:37:55.939  3628  3672 I ReactNativeJS:   time: '06:30',
10-31 06:37:55.939  3628  3672 I ReactNativeJS:   snoozeUntil: undefined,
10-31 06:37:55.939  3628  3672 I ReactNativeJS:   nextReminderDate: undefined,
10-31 06:37:55.939  3628  3672 I ReactNativeJS:   repeatType: 'none' }
10-31 06:37:55.939  3628  3672 I ReactNativeJS: [ReminderEngine] Processing reminder 1761871714350, repeatType: daily
10-31 06:37:55.939  3628  3672 I ReactNativeJS: [ReminderEngine] Reminder 1761871714350 has nextReminderDate: 2025-11-01T01:00:00.000Z
10-31 06:37:55.939  3628  3672 I ReactNativeJS: [ReminderEngine] Scheduling notification for reminder 1761871714350 at 2025-11-01T01:00:00.000Z
10-31 06:37:55.939  3628  3672 I ReactNativeJS: [ReminderEngine] Processing reminder 1761871749316, repeatType: yearly
10-31 06:37:55.939  3628  3672 I ReactNativeJS: [ReminderEngine] Reminder 1761871749316 has nextReminderDate: 2026-10-31T01:00:00.000Z
10-31 06:37:55.939  3628  3672 I ReactNativeJS: [ReminderEngine] Scheduling notification for reminder 1761871749316 at 2026-10-31T01:00:00.000Z
10-31 06:37:55.940  3628  3672 I ReactNativeJS: [ReminderEngine] Processing reminder 1761871765724, repeatType: every
10-31 06:37:55.940  3628  3672 I ReactNativeJS: [ReminderEngine] Reminder 1761871765724 has nextReminderDate: 2025-10-31T02:00:00.000Z
10-31 06:37:55.940  3628  3672 I ReactNativeJS: [ReminderEngine] Scheduling notification for reminder 1761871765724 at 2025-10-31T02:00:00.000Z
10-31 06:37:55.972  3628  3672 I ReactNativeJS: [NotificationService] Scheduling reminder 1761871714350, priority: medium, repeatType: daily
10-31 06:37:55.972  3628  3672 I ReactNativeJS: [NotificationService] Scheduling for 2025-11-01T01:00:00.000Z
10-31 06:37:55.972  3628  3672 I ReactNativeJS: [Dominder-Debug] Base channels ensured
10-31 06:37:55.972  3628  3672 I ReactNativeJS: [NotificationService] Scheduling reminder 1761871749316, priority: medium, repeatType: yearly
10-31 06:37:55.972  3628  3672 I ReactNativeJS: [NotificationService] Scheduling for 2026-10-31T01:00:00.000Z
10-31 06:37:55.972  3628  3672 I ReactNativeJS: [NotificationService] Scheduling reminder 1761871765724, priority: medium, repeatType: every
10-31 06:37:55.972  3628  3672 I ReactNativeJS: [NotificationService] Scheduling for 2025-10-31T02:00:00.000Z
10-31 06:37:56.003  3628  3672 I ReactNativeJS: [NotificationService] Successfully scheduled notification rem-1761871714350
10-31 06:37:56.003  3628  3672 I ReactNativeJS: [ReminderEngine] Successfully scheduled 1761871714350
10-31 06:37:56.003  3628  3672 I ReactNativeJS: [NotificationService] Successfully scheduled notification rem-1761871749316
10-31 06:37:56.003  3628  3672 I ReactNativeJS: [ReminderEngine] Successfully scheduled 1761871749316
10-31 06:37:56.005  3628  3672 I ReactNativeJS: [NotificationService] Successfully scheduled notification rem-1761871765724
10-31 06:37:56.005  3628  3672 I ReactNativeJS: [ReminderEngine] Successfully scheduled 1761871765724
10-31 06:37:56.086  3628  3661 W Parcel  : Expecting binder but got null!
10-31 06:37:56.088  3628  3672 I ReactNativeJS: '[RootLayout] Foreground event:', { type: 7, pressAction: undefined }
10-31 06:37:56.089  3628  3672 I ReactNativeJS: '[RootLayout] Foreground event:', { type: 7, pressAction: undefined }
10-31 06:37:56.089  3628  3672 I ReactNativeJS: '[RootLayout] Foreground event:', { type: 7, pressAction: undefined }
10-31 06:38:00.790  3628  3706 D ProfileInstaller: Skipping profile installation for app.rork.dominder_android_reminder_app
10-31 06:38:04.809  3628  3635 W System  : A resource failed to call release. 
10-31 06:38:12.269  3628  3672 I ReactNativeJS: Cancelling notifications for reminder 1761871749316 (completed: true, paused: false)
10-31 06:38:12.279  3628  3689 I NOTIFEE : (NotificationManager): Removing notification with id rem-1761871749316
10-31 06:38:12.280  3628  3689 I NOTIFEE : (NotificationManager): Removing notification with id rem-1761871749316
10-31 06:38:12.287  3628  3721 I NOTIFEE : (NotificationManager): Removing notification with id rem-1761871749316
10-31 06:38:12.288  3628  3672 I ReactNativeJS: [NotificationService] Cancelled all notifications (scheduled + displayed) for reminder 1761871749316
10-31 06:38:12.288  3628  3672 I ReactNativeJS: [ReminderService] Updating reminder 1761871749316: isActive=true, isCompleted=true, repeatType=yearly
10-31 06:38:12.666  3628  3672 I ReactNativeJS: '[ReminderEngine] Processing reminders, count:', 6
10-31 06:38:12.666  3628  3672 I ReactNativeJS: [ReminderEngine] Processing reminder 1761871697647, repeatType: none
10-31 06:38:12.666  3628  3672 I ReactNativeJS: [calculateNextReminderDate] for reminder: 1761871697647, fromDate: 2025-10-31T01:08:12.666Z, repeatType: none, date: 2025-10-31, time: 06:30
10-31 06:38:12.666  3628  3672 I ReactNativeJS: [calculateNextReminderDate] One-time reminder scheduled for: 2025-10-31T01:00:00.000Z, isInFuture: false
10-31 06:38:12.666  3628  3672 I ReactNativeJS: [ReminderEngine] No valid fire time for reminder 1761871697647
10-31 06:38:12.667  3628  3672 I ReactNativeJS: '[ReminderEngine] Reminder details:', { date: '2025-10-31',
10-31 06:38:12.667  3628  3672 I ReactNativeJS:   time: '06:30',
10-31 06:38:12.667  3628  3672 I ReactNativeJS:   snoozeUntil: undefined,
10-31 06:38:12.667  3628  3672 I ReactNativeJS:   nextReminderDate: undefined,
10-31 06:38:12.667  3628  3672 I ReactNativeJS:   repeatType: 'none' }
10-31 06:38:12.667  3628  3672 I ReactNativeJS: [ReminderEngine] Processing reminder 1761871703297, repeatType: none
10-31 06:38:12.667  3628  3672 I ReactNativeJS: [calculateNextReminderDate] for reminder: 1761871703297, fromDate: 2025-10-31T01:08:12.666Z, repeatType: none, date: 2025-10-31, time: 06:30
10-31 06:38:12.667  3628  3672 I ReactNativeJS: [calculateNextReminderDate] One-time reminder scheduled for: 2025-10-31T01:00:00.000Z, isInFuture: false
10-31 06:38:12.667  3628  3672 I ReactNativeJS: [ReminderEngine] No valid fire time for reminder 1761871703297
10-31 06:38:12.667  3628  3672 I ReactNativeJS: '[ReminderEngine] Reminder details:', { date: '2025-10-31',
10-31 06:38:12.667  3628  3672 I ReactNativeJS:   time: '06:30',
10-31 06:38:12.667  3628  3672 I ReactNativeJS:   snoozeUntil: undefined,
10-31 06:38:12.667  3628  3672 I ReactNativeJS:   nextReminderDate: undefined,
10-31 06:38:12.667  3628  3672 I ReactNativeJS:   repeatType: 'none' }
10-31 06:38:12.667  3628  3672 I ReactNativeJS: [ReminderEngine] Processing reminder 1761871708747, repeatType: none
10-31 06:38:12.667  3628  3672 I ReactNativeJS: [calculateNextReminderDate] for reminder: 1761871708747, fromDate: 2025-10-31T01:08:12.666Z, repeatType: none, date: 2025-10-31, time: 06:30
10-31 06:38:12.667  3628  3672 I ReactNativeJS: [calculateNextReminderDate] One-time reminder scheduled for: 2025-10-31T01:00:00.000Z, isInFuture: false
10-31 06:38:12.667  3628  3672 I ReactNativeJS: [ReminderEngine] No valid fire time for reminder 1761871708747
10-31 06:38:12.667  3628  3672 I ReactNativeJS: '[ReminderEngine] Reminder details:', { date: '2025-10-31',
10-31 06:38:12.667  3628  3672 I ReactNativeJS:   time: '06:30',
10-31 06:38:12.667  3628  3672 I ReactNativeJS:   snoozeUntil: undefined,
10-31 06:38:12.667  3628  3672 I ReactNativeJS:   nextReminderDate: undefined,
10-31 06:38:12.667  3628  3672 I ReactNativeJS:   repeatType: 'none' }
10-31 06:38:15.426  3628  3628 D AndroidRuntime: Shutting down VM
--------- beginning of crash
10-31 06:38:15.427  3628  3628 E AndroidRuntime: FATAL EXCEPTION: main
10-31 06:38:15.427  3628  3628 E AndroidRuntime: Process: app.rork.dominder_android_reminder_app, PID: 3628
10-31 06:38:15.427  3628  3628 E AndroidRuntime: com.facebook.jni.CppException: JS Functions are not convertible to dynamic
10-31 06:38:15.427  3628  3628 E AndroidRuntime: 
10-31 06:38:15.427  3628  3628 E AndroidRuntime: Error: JS Functions are not convertible to dynamic
10-31 06:38:15.427  3628  3628 E AndroidRuntime:     at _updatePropsPaper (native)
10-31 06:38:15.427  3628  3628 E AndroidRuntime:     at flush (:1:383)
10-31 06:38:15.427  3628  3628 E AndroidRuntime:     at anonymous (:1:383)
10-31 06:38:15.427  3628  3628 E AndroidRuntime:     at callMicrotasksOnUIThread_reactNativeReanimated_threadsTs2 (:1:94)
10-31 06:38:15.427  3628  3628 E AndroidRuntime:     at reactNativeReanimated_threadsTs5 (:1:162)
10-31 06:38:15.427  3628  3628 E AndroidRuntime: 	at com.swmansion.worklets.AndroidUIScheduler.triggerUI(Native Method)
10-31 06:38:15.427  3628  3628 E AndroidRuntime: 	at com.swmansion.worklets.AndroidUIScheduler.lambda$new$0(AndroidUIScheduler.java:28)
10-31 06:38:15.427  3628  3628 E AndroidRuntime: 	at com.swmansion.worklets.AndroidUIScheduler.$r8$lambda$Owjjhl033zNSHsU6ZfWQNbZEGbI(Unknown Source:0)
10-31 06:38:15.427  3628  3628 E AndroidRuntime: 	at com.swmansion.worklets.AndroidUIScheduler$$ExternalSyntheticLambda0.run(D8$$SyntheticClass:0)
10-31 06:38:15.427  3628  3628 E AndroidRuntime: 	at com.swmansion.worklets.AndroidUIScheduler$1.runGuarded(AndroidUIScheduler.java:49)
10-31 06:38:15.427  3628  3628 E AndroidRuntime: 	at com.facebook.react.bridge.GuardedRunnable.run(GuardedRunnable.java:29)
10-31 06:38:15.427  3628  3628 E AndroidRuntime: 	at android.os.Handler.handleCallback(Handler.java:984)
10-31 06:38:15.427  3628  3628 E AndroidRuntime: 	at android.os.Handler.dispatchMessage(Handler.java:104)
10-31 06:38:15.427  3628  3628 E AndroidRuntime: 	at android.os.Looper.loopOnce(Looper.java:238)
10-31 06:38:15.427  3628  3628 E AndroidRuntime: 	at android.os.Looper.loop(Looper.java:357)
10-31 06:38:15.427  3628  3628 E AndroidRuntime: 	at android.app.ActivityThread.main(ActivityThread.java:8149)
10-31 06:38:15.427  3628  3628 E AndroidRuntime: 	at java.lang.reflect.Method.invoke(Native Method)
10-31 06:38:15.427  3628  3628 E AndroidRuntime: 	at com.android.internal.os.RuntimeInit$MethodAndArgsCaller.run(RuntimeInit.java:548)
10-31 06:38:15.427  3628  3628 E AndroidRuntime: 	at com.android.internal.os.ZygoteInit.main(ZygoteInit.java:957)
10-31 06:38:15.457  3628  3628 I Process : Sending signal. PID: 3628 SIG: 9
