--------- beginning of main
10-31 20:25:15.558  4085  4085 I id_reminder_app: Using CollectorTypeCC GC.
10-31 20:25:15.562  4085  4085 E id_reminder_app: Not starting debugger since process cannot load the jdwp agent.
10-31 20:25:15.566  4085  4085 D nativeloader: Load libframework-connectivity-tiramisu-jni.so using APEX ns com_android_tethering for caller /apex/com.android.tethering/javalib/framework-connectivity-t.jar: ok
10-31 20:25:15.578  4085  4085 D CompatibilityChangeReporter: Compat change id reported: 171979766; UID 10866; state: ENABLED
10-31 20:25:15.599  4085  4085 D nativeloader: Configuring clns-4 for other apk /data/app/~~6H2thDVAZRAOPEwUf3vmQg==/app.rork.dominder_android_reminder_app-0mCAxazd7da5yNzod2zhjg==/base.apk. target_sdk_version=35, uses_libraries=, library_path=/data/app/~~6H2thDVAZRAOPEwUf3vmQg==/app.rork.dominder_android_reminder_app-0mCAxazd7da5yNzod2zhjg==/lib/arm64:/data/app/~~6H2thDVAZRAOPEwUf3vmQg==/app.rork.dominder_android_reminder_app-0mCAxazd7da5yNzod2zhjg==/base.apk!/lib/arm64-v8a, permitted_path=/data:/mnt/expand:/data/user/0/app.rork.dominder_android_reminder_app
10-31 20:25:15.606  4085  4085 D nativeloader: Load libframework-connectivity-jni.so using APEX ns com_android_tethering for caller /apex/com.android.tethering/javalib/framework-connectivity.jar: ok
10-31 20:25:15.608  4085  4085 V GraphicsEnvironment: ANGLE Developer option for 'app.rork.dominder_android_reminder_app' set to: 'default'
10-31 20:25:15.608  4085  4085 V GraphicsEnvironment: ANGLE GameManagerService for app.rork.dominder_android_reminder_app: false
10-31 20:25:15.608  4085  4085 V GraphicsEnvironment: Neither updatable production driver nor prerelease driver is supported.
10-31 20:25:15.610  4085  4085 D NetworkSecurityConfig: No Network Security Config specified, using platform default
10-31 20:25:15.610  4085  4085 D NetworkSecurityConfig: No Network Security Config specified, using platform default
10-31 20:25:15.622  4085  4085 D WM-WrkMgrInitializer: Initializing WorkManager with default configuration.
10-31 20:25:15.624  4085  4085 D NOTIFEE : (context): received application context
10-31 20:25:15.626  4085  4085 W SoLoader: Initializing SoLoader: 0
10-31 20:25:15.626  4085  4085 W SoLoader: Recording new base apk path: /data/app/~~6H2thDVAZRAOPEwUf3vmQg==/app.rork.dominder_android_reminder_app-0mCAxazd7da5yNzod2zhjg==/base.apk
10-31 20:25:15.626  4085  4085 W SoLoader: Previously recorded 0 base apk paths.
10-31 20:25:15.627  4085  4085 I SoLoader: Preparing SO source: DirectorySoSource[root = /vendor/lib64 flags = 2]
10-31 20:25:15.627  4085  4085 I SoLoader: Preparing SO source: DirectorySoSource[root = /system/lib64 flags = 2]
10-31 20:25:15.627  4085  4085 I SoLoader: Preparing SO source: DirectApkSoSource[root = [/data/app/~~6H2thDVAZRAOPEwUf3vmQg==/app.rork.dominder_android_reminder_app-0mCAxazd7da5yNzod2zhjg==/base.apk!/lib/arm64-v8a]]
10-31 20:25:15.630  4085  4085 I SoLoader: Preparing SO source: ApplicationSoSource[DirectorySoSource[root = /data/app/~~6H2thDVAZRAOPEwUf3vmQg==/app.rork.dominder_android_reminder_app-0mCAxazd7da5yNzod2zhjg==/lib/arm64 flags = 0]]
10-31 20:25:15.630  4085  4085 I SoLoader: init finish: 4 SO sources prepared
10-31 20:25:15.630  4085  4085 W SoLoader: SoLoader initialized: 8
10-31 20:25:15.630  4085  4085 I Typeface: updateThemeFont new=Rookery-Regular;old=sans-serif;new=Rookery-Stacked;old=
10-31 20:25:15.636  4085  4109 D CompatibilityChangeReporter: Compat change id reported: 160794467; UID 10866; state: ENABLED
10-31 20:25:15.637  4085  4085 D AppCompatDelegate: Checking for metadata for AppLocalesMetadataHolderService : Service not found
10-31 20:25:15.660  4085  4085 D nativeloader: Load /data/app/~~6H2thDVAZRAOPEwUf3vmQg==/app.rork.dominder_android_reminder_app-0mCAxazd7da5yNzod2zhjg==/base.apk!/lib/arm64-v8a/libc++_shared.so using class loader ns clns-4 (caller=/data/app/~~6H2thDVAZRAOPEwUf3vmQg==/app.rork.dominder_android_reminder_app-0mCAxazd7da5yNzod2zhjg==/base.apk!classes2.dex): ok
10-31 20:25:15.664  4085  4085 D nativeloader: Load /data/app/~~6H2thDVAZRAOPEwUf3vmQg==/app.rork.dominder_android_reminder_app-0mCAxazd7da5yNzod2zhjg==/base.apk!/lib/arm64-v8a/libjsi.so using class loader ns clns-4 (caller=/data/app/~~6H2thDVAZRAOPEwUf3vmQg==/app.rork.dominder_android_reminder_app-0mCAxazd7da5yNzod2zhjg==/base.apk!classes2.dex): ok
10-31 20:25:15.669  4085  4085 D nativeloader: Load /data/app/~~6H2thDVAZRAOPEwUf3vmQg==/app.rork.dominder_android_reminder_app-0mCAxazd7da5yNzod2zhjg==/base.apk!/lib/arm64-v8a/libfbjni.so using class loader ns clns-4 (caller=/data/app/~~6H2thDVAZRAOPEwUf3vmQg==/app.rork.dominder_android_reminder_app-0mCAxazd7da5yNzod2zhjg==/base.apk!classes2.dex): ok
10-31 20:25:15.675  4085  4085 D nativeloader: Load /data/app/~~6H2thDVAZRAOPEwUf3vmQg==/app.rork.dominder_android_reminder_app-0mCAxazd7da5yNzod2zhjg==/base.apk!/lib/arm64-v8a/libreactnative.so using class loader ns clns-4 (caller=/data/app/~~6H2thDVAZRAOPEwUf3vmQg==/app.rork.dominder_android_reminder_app-0mCAxazd7da5yNzod2zhjg==/base.apk!classes2.dex): ok
10-31 20:25:15.675  4085  4085 D jni_lib_merge: Entering merged library JNI_OnLoad.
10-31 20:25:15.675  4085  4085 D jni_lib_merge: Preparing 11 pre-merged libs (including stub)
10-31 20:25:15.675  4085  4085 D jni_lib_merge: Preparing to register libfabricjni_so.  onload_func: 0x7e09d0ada0
10-31 20:25:15.675  4085  4085 D jni_lib_merge: Preparing to register libreact_devsupportjni_so.  onload_func: 0x7e09ddc9ec
10-31 20:25:15.675  4085  4085 D jni_lib_merge: Preparing to register libreact_featureflagsjni_so.  onload_func: 0x7e09de4c88
10-31 20:25:15.675  4085  4085 D jni_lib_merge: Preparing to register libreact_newarchdefaults_so.  onload_func: 0x7e09e08c70
10-31 20:25:15.675  4085  4085 D jni_lib_merge: Preparing to register libreactnativeblob_so.  onload_func: 0x7e09e8fac4
10-31 20:25:15.675  4085  4085 D jni_lib_merge: Preparing to register libreactnativejni_so.  onload_func: 0x7e09eadaac
10-31 20:25:15.675  4085  4085 D jni_lib_merge: Preparing to register librninstance_so.  onload_func: 0x7e09ec7238
10-31 20:25:15.675  4085  4085 D jni_lib_merge: Preparing to register libturbomodulejsijni_so.  onload_func: 0x7e09f41e60
10-31 20:25:15.675  4085  4085 D jni_lib_merge: Preparing to register libuimanagerjni_so.  onload_func: 0x7e09f49378
10-31 20:25:15.675  4085  4085 D jni_lib_merge: Preparing to register libyoga_so.  onload_func: 0x7e09f4e7cc
10-31 20:25:15.675  4085  4085 D jni_lib_merge: About to register 10 actual methods.
10-31 20:25:15.677  4085  4085 W SoLoader: SoLoader already initialized
10-31 20:25:15.681  4085  4085 D nativeloader: Load /data/app/~~6H2thDVAZRAOPEwUf3vmQg==/app.rork.dominder_android_reminder_app-0mCAxazd7da5yNzod2zhjg==/base.apk!/lib/arm64-v8a/libhermes.so using class loader ns clns-4 (caller=/data/app/~~6H2thDVAZRAOPEwUf3vmQg==/app.rork.dominder_android_reminder_app-0mCAxazd7da5yNzod2zhjg==/base.apk!classes2.dex): ok
10-31 20:25:15.686  4085  4085 D nativeloader: Load /data/app/~~6H2thDVAZRAOPEwUf3vmQg==/app.rork.dominder_android_reminder_app-0mCAxazd7da5yNzod2zhjg==/base.apk!/lib/arm64-v8a/libhermestooling.so using class loader ns clns-4 (caller=/data/app/~~6H2thDVAZRAOPEwUf3vmQg==/app.rork.dominder_android_reminder_app-0mCAxazd7da5yNzod2zhjg==/base.apk!classes2.dex): ok
10-31 20:25:15.686  4085  4085 D jni_lib_merge: Entering merged library JNI_OnLoad.
10-31 20:25:15.686  4085  4085 D jni_lib_merge: Preparing 4 pre-merged libs (including stub)
10-31 20:25:15.686  4085  4085 D jni_lib_merge: Preparing to register libhermes_executor_so.  onload_func: 0x7e8b9e311c
10-31 20:25:15.686  4085  4085 D jni_lib_merge: Preparing to register libhermesinstancejni_so.  onload_func: 0x7e8b9eaa58
10-31 20:25:15.686  4085  4085 D jni_lib_merge: Preparing to register libjsijniprofiler_so.  onload_func: 0x7e8b9eb114
10-31 20:25:15.686  4085  4085 D jni_lib_merge: About to register 3 actual methods.
10-31 20:25:15.686  4085  4085 W SoLoader: SoLoader already initialized
--------- beginning of system
10-31 20:25:15.694  4085  4085 D ViewRootImpl: update {(0,0)(fillxfill) sim={adjust=resize forwardNavigation} ty=BASE_APPLICATION wanim=0x10302fd
10-31 20:25:15.694  4085  4085 D ViewRootImpl:   fl=LAYOUT_IN_SCREEN LAYOUT_INSET_DECOR SPLIT_TOUCH HARDWARE_ACCELERATED DRAWS_SYSTEM_BAR_BACKGROUNDS
10-31 20:25:15.694  4085  4085 D ViewRootImpl:   pfl=NO_MOVE_ANIMATION FORCE_DRAW_STATUS_BAR_BACKGROUND FIT_INSETS_CONTROLLED
10-31 20:25:15.694  4085  4085 D ViewRootImpl:   bhv=DEFAULT
10-31 20:25:15.694  4085  4085 D ViewRootImpl:   fitSides=} by setView
10-31 20:25:15.714  4085  4112 I AdrenoGLES-0: QUALCOMM build                   : 43fc279f3a, I58833f8ed4
10-31 20:25:15.714  4085  4112 I AdrenoGLES-0: Build Date                       : 03/24/23
10-31 20:25:15.714  4085  4112 I AdrenoGLES-0: OpenGL ES Shader Compiler Version: EV031.32.02.17
10-31 20:25:15.714  4085  4112 I AdrenoGLES-0: Local Branch                     : 
10-31 20:25:15.714  4085  4112 I AdrenoGLES-0: Remote Branch                    : 
10-31 20:25:15.714  4085  4112 I AdrenoGLES-0: Remote Branch                    : 
10-31 20:25:15.714  4085  4112 I AdrenoGLES-0: Reconstruct Branch               : 
10-31 20:25:15.714  4085  4112 I AdrenoGLES-0: Build Config                     : S P 10.0.7 AArch64
10-31 20:25:15.714  4085  4112 I AdrenoGLES-0: Driver Path                      : /vendor/lib64/egl/libGLESv2_adreno.so
10-31 20:25:15.721  4085  4112 I AdrenoGLES-0: PFP: 0x016ee197, ME: 0x00000000
10-31 20:25:15.736  4085  4112 I OpenGLRenderer: setGrContext nullptr-->validptr
10-31 20:25:15.739  4085  4112 E OpenGLRenderer: Unable to match the desired swap behavior.
10-31 20:25:15.862  4085  4123 I ExpoModulesCore:  AppContext was initialized
10-31 20:25:15.871  4085  4135 W unknown:ViewManagerPropertyUpdater: Could not find generated setter for class com.facebook.react.views.drawer.ReactDrawerLayoutManager
10-31 20:25:15.872  4085  4135 W unknown:ViewManagerPropertyUpdater: Could not find generated setter for class com.facebook.react.uimanager.LayoutShadowNode
10-31 20:25:15.873  4085  4135 W unknown:ViewManagerPropertyUpdater: Could not find generated setter for class com.facebook.react.views.scroll.ReactHorizontalScrollViewManager
10-31 20:25:15.874  4085  4135 W unknown:ViewManagerPropertyUpdater: Could not find generated setter for class com.facebook.react.views.scroll.ReactHorizontalScrollContainerViewManager
10-31 20:25:15.875  4085  4135 W unknown:ViewManagerPropertyUpdater: Could not find generated setter for class com.facebook.react.views.progressbar.ReactProgressBarViewManager
10-31 20:25:15.875  4085  4135 W unknown:ViewManagerPropertyUpdater: Could not find generated setter for class com.facebook.react.views.progressbar.ProgressBarShadowNode
10-31 20:25:15.876  4085  4135 W unknown:ViewManagerPropertyUpdater: Could not find generated setter for class com.facebook.react.views.scroll.ReactScrollViewManager
10-31 20:25:15.876  4085  4135 W unknown:ViewManagerPropertyUpdater: Could not find generated setter for class com.facebook.react.views.switchview.ReactSwitchManager
10-31 20:25:15.877  4085  4135 W unknown:ViewManagerPropertyUpdater: Could not find generated setter for class com.facebook.react.views.switchview.ReactSwitchShadowNode
10-31 20:25:15.877  4085  4135 W unknown:ViewManagerPropertyUpdater: Could not find generated setter for class com.facebook.react.views.safeareaview.ReactSafeAreaViewManager
10-31 20:25:15.877  4085  4135 W unknown:ViewManagerPropertyUpdater: Could not find generated setter for class com.facebook.react.views.safeareaview.ReactSafeAreaViewShadowNode
10-31 20:25:15.877  4085  4135 W unknown:ViewManagerPropertyUpdater: Could not find generated setter for class com.facebook.react.views.swiperefresh.SwipeRefreshLayoutManager
10-31 20:25:15.877  4085  4135 W unknown:ViewManagerPropertyUpdater: Could not find generated setter for class com.facebook.react.views.text.frescosupport.FrescoBasedReactTextInlineImageViewManager
10-31 20:25:15.878  4085  4135 W unknown:ViewManagerPropertyUpdater: Could not find generated setter for class com.facebook.react.views.text.frescosupport.FrescoBasedReactTextInlineImageShadowNode
10-31 20:25:15.878  4085  4135 W unknown:ViewManagerPropertyUpdater: Could not find generated setter for class com.facebook.react.views.image.ReactImageManager
10-31 20:25:15.878  4085  4135 W unknown:ViewManagerPropertyUpdater: Could not find generated setter for class com.facebook.react.views.modal.ReactModalHostManager
10-31 20:25:15.879  4085  4135 W unknown:ViewManagerPropertyUpdater: Could not find generated setter for class com.facebook.react.views.text.ReactRawTextManager
10-31 20:25:15.879  4085  4135 W unknown:ViewManagerPropertyUpdater: Could not find generated setter for class com.facebook.react.views.text.ReactRawTextShadowNode
10-31 20:25:15.879  4085  4135 W unknown:ViewManagerPropertyUpdater: Could not find generated setter for class com.facebook.react.views.textinput.ReactTextInputManager
10-31 20:25:15.880  4085  4135 W unknown:ViewManagerPropertyUpdater: Could not find generated setter for class com.facebook.react.views.textinput.ReactTextInputShadowNode
10-31 20:25:15.881  4085  4135 W unknown:ViewManagerPropertyUpdater: Could not find generated setter for class com.facebook.react.views.text.ReactTextViewManager
10-31 20:25:15.881  4085  4135 W unknown:ViewManagerPropertyUpdater: Could not find generated setter for class com.facebook.react.views.text.ReactTextShadowNode
10-31 20:25:15.882  4085  4135 W unknown:ViewManagerPropertyUpdater: Could not find generated setter for class com.facebook.react.views.view.ReactViewManager
10-31 20:25:15.882  4085  4135 W unknown:ViewManagerPropertyUpdater: Could not find generated setter for class com.facebook.react.views.text.ReactVirtualTextViewManager
10-31 20:25:15.882  4085  4135 W unknown:ViewManagerPropertyUpdater: Could not find generated setter for class com.facebook.react.views.text.ReactVirtualTextShadowNode
10-31 20:25:15.882  4085  4135 W unknown:ViewManagerPropertyUpdater: Could not find generated setter for class com.facebook.react.views.unimplementedview.ReactUnimplementedViewManager
10-31 20:25:15.882  4085  4135 W unknown:ViewManagerPropertyUpdater: Could not find generated setter for class expo.modules.kotlin.views.GroupViewManagerWrapper
10-31 20:25:15.885  4085  4135 W unknown:ViewManagerPropertyUpdater: Could not find generated setter for class expo.modules.kotlin.views.SimpleViewManagerWrapper
10-31 20:25:15.886  4085  4135 W unknown:ViewManagerPropertyUpdater: Could not find generated setter for class com.swmansion.gesturehandler.react.RNGestureHandlerRootViewManager
10-31 20:25:15.886  4085  4135 W unknown:ViewManagerPropertyUpdater: Could not find generated setter for class com.swmansion.gesturehandler.react.RNGestureHandlerButtonViewManager
10-31 20:25:15.887  4085  4135 W unknown:ViewManagerPropertyUpdater: Could not find generated setter for class com.th3rdwave.safeareacontext.SafeAreaProviderManager
10-31 20:25:15.887  4085  4135 W unknown:ViewManagerPropertyUpdater: Could not find generated setter for class com.th3rdwave.safeareacontext.SafeAreaViewManager
10-31 20:25:15.887  4085  4135 W unknown:ViewManagerPropertyUpdater: Could not find generated setter for class com.th3rdwave.safeareacontext.SafeAreaViewShadowNode
10-31 20:25:15.887  4085  4135 W unknown:ViewManagerPropertyUpdater: Could not find generated setter for class com.swmansion.rnscreens.ScreenContainerViewManager
10-31 20:25:15.887  4085  4135 W unknown:ViewManagerPropertyUpdater: Could not find generated setter for class com.swmansion.rnscreens.ScreenViewManager
10-31 20:25:15.888  4085  4135 W unknown:ViewManagerPropertyUpdater: Could not find generated setter for class com.swmansion.rnscreens.ModalScreenViewManager
10-31 20:25:15.888  4085  4135 W unknown:ViewManagerPropertyUpdater: Could not find generated setter for class com.swmansion.rnscreens.ScreenStackViewManager
10-31 20:25:15.888  4085  4135 W unknown:ViewManagerPropertyUpdater: Could not find generated setter for class com.swmansion.rnscreens.ScreenStackHeaderConfigViewManager
10-31 20:25:15.889  4085  4135 W unknown:ViewManagerPropertyUpdater: Could not find generated setter for class com.swmansion.rnscreens.ScreenStackHeaderSubviewManager
10-31 20:25:15.889  4085  4135 W unknown:ViewManagerPropertyUpdater: Could not find generated setter for class com.swmansion.rnscreens.SearchBarManager
10-31 20:25:15.890  4085  4135 W unknown:ViewManagerPropertyUpdater: Could not find generated setter for class com.swmansion.rnscreens.ScreenFooterManager
10-31 20:25:15.890  4085  4135 W unknown:ViewManagerPropertyUpdater: Could not find generated setter for class com.swmansion.rnscreens.ScreenContentWrapperManager
10-31 20:25:15.890  4085  4135 W unknown:ViewManagerPropertyUpdater: Could not find generated setter for class com.horcrux.svg.RenderableViewManager$DefsViewManager
10-31 20:25:15.890  4085  4135 W unknown:ViewManagerPropertyUpdater: Could not find generated setter for class com.horcrux.svg.VirtualViewManager$RenderableShadowNode
10-31 20:25:15.891  4085  4135 W unknown:ViewManagerPropertyUpdater: Could not find generated setter for class com.horcrux.svg.RenderableViewManager$FeMergeManager
10-31 20:25:15.891  4085  4135 W unknown:ViewManagerPropertyUpdater: Could not find generated setter for class com.horcrux.svg.RenderableViewManager$LinearGradientManager
10-31 20:25:15.892  4085  4135 W unknown:ViewManagerPropertyUpdater: Could not find generated setter for class com.horcrux.svg.RenderableViewManager$FeGaussianBlurManager
10-31 20:25:15.892  4085  4135 W unknown:ViewManagerPropertyUpdater: Could not find generated setter for class com.horcrux.svg.RenderableViewManager$FeColorMatrixManager
10-31 20:25:15.892  4085  4135 W unknown:ViewManagerPropertyUpdater: Could not find generated setter for class com.horcrux.svg.RenderableViewManager$ClipPathViewManager
10-31 20:25:15.893  4085  4135 W unknown:ViewManagerPropertyUpdater: Could not find generated setter for class com.horcrux.svg.RenderableViewManager$SymbolManager
10-31 20:25:15.894  4085  4135 W unknown:ViewManagerPropertyUpdater: Could not find generated setter for class com.horcrux.svg.RenderableViewManager$PatternManager
10-31 20:25:15.895  4085  4135 W unknown:ViewManagerPropertyUpdater: Could not find generated setter for class com.horcrux.svg.RenderableViewManager$FeBlendManager
10-31 20:25:15.895  4085  4135 W unknown:ViewManagerPropertyUpdater: Could not find generated setter for class com.horcrux.svg.SvgViewManager
10-31 20:25:15.895  4085  4135 W unknown:ViewManagerPropertyUpdater: Could not find generated setter for class com.horcrux.svg.RenderableViewManager$UseViewManager
10-31 20:25:15.896  4085  4135 W unknown:ViewManagerPropertyUpdater: Could not find generated setter for class com.horcrux.svg.RenderableViewManager$CircleViewManager
10-31 20:25:15.897  4085  4135 W unknown:ViewManagerPropertyUpdater: Could not find generated setter for class com.horcrux.svg.RenderableViewManager$TSpanViewManager
10-31 20:25:15.897  4085  4135 W unknown:ViewManagerPropertyUpdater: Could not find generated setter for class com.horcrux.svg.RenderableViewManager$FilterManager
10-31 20:25:15.898  4085  4135 W unknown:ViewManagerPropertyUpdater: Could not find generated setter for class com.horcrux.svg.RenderableViewManager$MarkerManager
10-31 20:25:15.899  4085  4135 W unknown:ViewManagerPropertyUpdater: Could not find generated setter for class com.horcrux.svg.RenderableViewManager$ForeignObjectManager
10-31 20:25:15.899  4085  4135 W unknown:ViewManagerPropertyUpdater: Could not find generated setter for class com.horcrux.svg.RenderableViewManager$EllipseViewManager
10-31 20:25:15.900  4085  4135 W unknown:ViewManagerPropertyUpdater: Could not find generated setter for class com.horcrux.svg.RenderableViewManager$LineViewManager
10-31 20:25:15.901  4085  4135 W unknown:ViewManagerPropertyUpdater: Could not find generated setter for class com.horcrux.svg.RenderableViewManager$FeFloodManager
10-31 20:25:15.901  4085  4135 W unknown:ViewManagerPropertyUpdater: Could not find generated setter for class com.horcrux.svg.RenderableViewManager$GroupViewManager
10-31 20:25:15.901  4085  4135 W unknown:ViewManagerPropertyUpdater: Could not find generated setter for class com.horcrux.svg.RenderableViewManager$TextViewManager
10-31 20:25:15.902  4085  4135 W unknown:ViewManagerPropertyUpdater: Could not find generated setter for class com.horcrux.svg.RenderableViewManager$ImageViewManager
10-31 20:25:15.903  4085  4135 W unknown:ViewManagerPropertyUpdater: Could not find generated setter for class com.horcrux.svg.RenderableViewManager$FeCompositeManager
10-31 20:25:15.903  4085  4135 W unknown:ViewManagerPropertyUpdater: Could not find generated setter for class com.horcrux.svg.RenderableViewManager$RadialGradientManager
10-31 20:25:15.904  4085  4135 W unknown:ViewManagerPropertyUpdater: Could not find generated setter for class com.horcrux.svg.RenderableViewManager$MaskManager
10-31 20:25:15.904  4085  4135 W unknown:ViewManagerPropertyUpdater: Could not find generated setter for class com.horcrux.svg.RenderableViewManager$RectViewManager
10-31 20:25:15.905  4085  4135 W unknown:ViewManagerPropertyUpdater: Could not find generated setter for class com.horcrux.svg.RenderableViewManager$TextPathViewManager
10-31 20:25:15.906  4085  4135 W unknown:ViewManagerPropertyUpdater: Could not find generated setter for class com.horcrux.svg.RenderableViewManager$FeOffsetManager
10-31 20:25:15.906  4085  4135 W unknown:ViewManagerPropertyUpdater: Could not find generated setter for class com.horcrux.svg.RenderableViewManager$PathViewManager
10-31 20:25:15.976  4085  4134 D nativeloader: Load /data/app/~~6H2thDVAZRAOPEwUf3vmQg==/app.rork.dominder_android_reminder_app-0mCAxazd7da5yNzod2zhjg==/base.apk!/lib/arm64-v8a/libexpo-modules-core.so using class loader ns clns-4 (caller=/data/app/~~6H2thDVAZRAOPEwUf3vmQg==/app.rork.dominder_android_reminder_app-0mCAxazd7da5yNzod2zhjg==/base.apk!classes2.dex): ok
10-31 20:25:15.980  4085  4134 I ExpoModulesCore:  JSI interop was installed
10-31 20:25:15.988  4085  4134 I ExpoModulesCore:  Constants were exported
10-31 20:25:16.025  4085  4134 D nativeloader: Load /data/app/~~6H2thDVAZRAOPEwUf3vmQg==/app.rork.dominder_android_reminder_app-0mCAxazd7da5yNzod2zhjg==/base.apk!/lib/arm64-v8a/librnscreens.so using class loader ns clns-4 (caller=/data/app/~~6H2thDVAZRAOPEwUf3vmQg==/app.rork.dominder_android_reminder_app-0mCAxazd7da5yNzod2zhjg==/base.apk!classes3.dex): ok
10-31 20:25:16.032  4085  4134 I ReactNativeJS: '[NotificationService] AlarmModule availability:', 'Available'
10-31 20:25:16.032  4085  4134 I ReactNativeJS: '[NotificationService] AlarmModule methods:', [ 'cancelAlarm',
10-31 20:25:16.032  4085  4134 I ReactNativeJS:   'clearCompletedAlarm',
10-31 20:25:16.032  4085  4134 I ReactNativeJS:   'clearSnoozedAlarm',
10-31 20:25:16.032  4085  4134 I ReactNativeJS:   'getAlarmRingtone',
10-31 20:25:16.032  4085  4134 I ReactNativeJS:   'getCompletedAlarms',
10-31 20:25:16.032  4085  4134 I ReactNativeJS:   'getSnoozedAlarms',
10-31 20:25:16.032  4085  4134 I ReactNativeJS:   'openRingtonePicker',
10-31 20:25:16.032  4085  4134 I ReactNativeJS:   'scheduleAlarm',
10-31 20:25:16.032  4085  4134 I ReactNativeJS:   'getConstants' ]
10-31 20:25:16.032  4085  4134 I ReactNativeJS: Running "main"
10-31 20:25:16.046  4085  4134 D nativeloader: Load /data/app/~~6H2thDVAZRAOPEwUf3vmQg==/app.rork.dominder_android_reminder_app-0mCAxazd7da5yNzod2zhjg==/base.apk!/lib/arm64-v8a/libworklets.so using class loader ns clns-4 (caller=/data/app/~~6H2thDVAZRAOPEwUf3vmQg==/app.rork.dominder_android_reminder_app-0mCAxazd7da5yNzod2zhjg==/base.apk!classes2.dex): ok
10-31 20:25:16.051  4085  4134 D nativeloader: Load /data/app/~~6H2thDVAZRAOPEwUf3vmQg==/app.rork.dominder_android_reminder_app-0mCAxazd7da5yNzod2zhjg==/base.apk!/lib/arm64-v8a/libreanimated.so using class loader ns clns-4 (caller=/data/app/~~6H2thDVAZRAOPEwUf3vmQg==/app.rork.dominder_android_reminder_app-0mCAxazd7da5yNzod2zhjg==/base.apk!classes2.dex): ok
10-31 20:25:16.054  4085  4134 W System.err: java.lang.NoSuchFieldException: No field mIsFinished in class Lcom/facebook/react/bridge/queue/MessageQueueThreadImpl; (declaration of 'com.facebook.react.bridge.queue.MessageQueueThreadImpl' appears in /data/app/~~6H2thDVAZRAOPEwUf3vmQg==/app.rork.dominder_android_reminder_app-0mCAxazd7da5yNzod2zhjg==/base.apk!classes2.dex)
10-31 20:25:16.054  4085  4134 W System.err: 	at java.lang.Class.getDeclaredField(Native Method)
10-31 20:25:16.054  4085  4134 W System.err: 	at com.swmansion.worklets.WorkletsMessageQueueThreadBase.quitSynchronous(WorkletsMessageQueueThreadBase.java:53)
10-31 20:25:16.054  4085  4134 W System.err: 	at com.swmansion.reanimated.NativeProxy.initHybrid(Native Method)
10-31 20:25:16.054  4085  4134 W System.err: 	at com.swmansion.reanimated.NativeProxy.<init>(NativeProxy.java:41)
10-31 20:25:16.054  4085  4134 W System.err: 	at com.swmansion.reanimated.NodesManager.initWithContext(NodesManager.java:148)
10-31 20:25:16.054  4085  4134 W System.err: 	at com.swmansion.reanimated.ReanimatedModule.installTurboModule(ReanimatedModule.java:159)
10-31 20:25:16.054  4085  4134 W System.err: 	at com.facebook.jni.NativeRunnable.run(Native Method)
10-31 20:25:16.054  4085  4134 W System.err: 	at android.os.Handler.handleCallback(Handler.java:984)
10-31 20:25:16.054  4085  4134 W System.err: 	at android.os.Handler.dispatchMessage(Handler.java:104)
10-31 20:25:16.054  4085  4134 W System.err: 	at com.facebook.react.bridge.queue.MessageQueueThreadHandler.dispatchMessage(MessageQueueThreadHandler.kt:20)
10-31 20:25:16.054  4085  4134 W System.err: 	at android.os.Looper.loopOnce(Looper.java:238)
10-31 20:25:16.054  4085  4134 W System.err: 	at android.os.Looper.loop(Looper.java:357)
10-31 20:25:16.054  4085  4134 W System.err: 	at com.facebook.react.bridge.queue.MessageQueueThreadImpl$Companion.startNewBackgroundThread$lambda$1(MessageQueueThreadImpl.kt:175)
10-31 20:25:16.054  4085  4134 W System.err: 	at com.facebook.react.bridge.queue.MessageQueueThreadImpl$Companion.$r8$lambda$ldnZnqelhYFctGaUKkOKYj5rxo4(Unknown Source:0)
10-31 20:25:16.054  4085  4134 W System.err: 	at com.facebook.react.bridge.queue.MessageQueueThreadImpl$Companion$$ExternalSyntheticLambda0.run(D8$$SyntheticClass:0)
10-31 20:25:16.054  4085  4134 W System.err: 	at java.lang.Thread.run(Thread.java:1119)
10-31 20:25:16.172  4085  4134 I ReactNativeJS: [useAlarmListeners] Setting up native alarm event listeners...
10-31 20:25:16.172  4085  4134 I ReactNativeJS: [AlarmSync] Hook initialized
10-31 20:25:16.173  4085  4134 I ReactNativeJS: [AlarmSync] Checking for completed alarms...
10-31 20:25:16.173  4085  4134 I ReactNativeJS: [RootLayout] Setting up notification handlers
10-31 20:25:16.174  4085  4134 I ReactNativeJS: [Dominder-Debug] Ensuring base notification channels
10-31 20:25:16.174  4085  4134 I ReactNativeJS: '[Dominder-Debug] Creating channel:', '{"id":"standard-v2","name":"Standard Notifications","importance":4,"sound":"default","vibration":true}'
10-31 20:25:16.177  4085  4135 D DoMinderDebug: AlarmModule: Retrieved 0 completed alarms
10-31 20:25:16.177  4085  4134 I ReactNativeJS: '[AlarmSync] Found completed alarms:', 0
10-31 20:25:16.178  4085  4134 I ReactNativeJS: '[RootLayout] Initial notification:', null
10-31 20:25:16.179  4085  4135 D DoMinderDebug: AlarmModule: Retrieved 0 snoozed alarms
10-31 20:25:16.180  4085  4134 I ReactNativeJS: '[AlarmSync] Found snoozed alarms:', 0
10-31 20:25:16.184  4085  4085 D VRI[MainActivity]: update {(0,0)(fillxfill) sim={adjust=resize forwardNavigation} ty=BASE_APPLICATION wanim=0x10302fd
10-31 20:25:16.184  4085  4085 D VRI[MainActivity]:   fl=LAYOUT_IN_SCREEN LAYOUT_INSET_DECOR SPLIT_TOUCH HARDWARE_ACCELERATED DRAWS_SYSTEM_BAR_BACKGROUNDS
10-31 20:25:16.184  4085  4085 D VRI[MainActivity]:   pfl=NO_MOVE_ANIMATION FORCE_DRAW_STATUS_BAR_BACKGROUND FIT_INSETS_CONTROLLED
10-31 20:25:16.184  4085  4085 D VRI[MainActivity]:   bhv=DEFAULT
10-31 20:25:16.184  4085  4085 D VRI[MainActivity]:   fitSides=} by setLayoutParams
10-31 20:25:16.185  4085  4085 D VRI[MainActivity]: update {(0,0)(fillxfill) sim={adjust=resize forwardNavigation} ty=BASE_APPLICATION wanim=0x10302fd
10-31 20:25:16.185  4085  4085 D VRI[MainActivity]:   fl=LAYOUT_IN_SCREEN FORCE_NOT_FULLSCREEN LAYOUT_INSET_DECOR SPLIT_TOUCH HARDWARE_ACCELERATED DRAWS_SYSTEM_BAR_BACKGROUNDS
10-31 20:25:16.185  4085  4085 D VRI[MainActivity]:   pfl=NO_MOVE_ANIMATION FORCE_DRAW_STATUS_BAR_BACKGROUND FIT_INSETS_CONTROLLED
10-31 20:25:16.185  4085  4085 D VRI[MainActivity]:   bhv=DEFAULT
10-31 20:25:16.185  4085  4085 D VRI[MainActivity]:   fitSides=} by setLayoutParams
10-31 20:25:16.186  4085  4085 D VRI[MainActivity]: update {(0,0)(fillxfill) sim={adjust=resize forwardNavigation} ty=BASE_APPLICATION wanim=0x10302fd
10-31 20:25:16.186  4085  4085 D VRI[MainActivity]:   fl=LAYOUT_IN_SCREEN FORCE_NOT_FULLSCREEN LAYOUT_INSET_DECOR SPLIT_TOUCH HARDWARE_ACCELERATED DRAWS_SYSTEM_BAR_BACKGROUNDS
10-31 20:25:16.186  4085  4085 D VRI[MainActivity]:   pfl=NO_MOVE_ANIMATION FORCE_DRAW_STATUS_BAR_BACKGROUND FIT_INSETS_CONTROLLED
10-31 20:25:16.186  4085  4085 D VRI[MainActivity]:   bhv=DEFAULT
10-31 20:25:16.186  4085  4085 D VRI[MainActivity]:   fitSides=} by setLayoutParams
10-31 20:25:16.198  4085  4135 W unknown:ViewManagerPropertyUpdater: Could not find generated setter for class com.swmansion.rnscreens.ScreenStackHeaderConfigShadowNode
10-31 20:25:16.200  4085  4085 D CompatibilityChangeReporter: Compat change id reported: 210923482; UID 10866; state: ENABLED
10-31 20:25:16.204  4085  4135 W unknown:ViewManagerPropertyUpdater: Could not find generated setter for class com.swmansion.rnscreens.ScreensShadowNode
10-31 20:25:16.206  4085  4134 I ReactNativeJS: '[ReminderEngine] Processing reminders, count:', 0
10-31 20:25:16.211  4085  4085 D VRI[MainActivity]: update {(0,0)(fillxfill) sim={adjust=resize forwardNavigation} ty=BASE_APPLICATION wanim=0x10302fd
10-31 20:25:16.211  4085  4085 D VRI[MainActivity]:   fl=LAYOUT_IN_SCREEN FORCE_NOT_FULLSCREEN LAYOUT_INSET_DECOR SPLIT_TOUCH HARDWARE_ACCELERATED DRAWS_SYSTEM_BAR_BACKGROUNDS
10-31 20:25:16.211  4085  4085 D VRI[MainActivity]:   pfl=NO_MOVE_ANIMATION FORCE_DRAW_STATUS_BAR_BACKGROUND FIT_INSETS_CONTROLLED
10-31 20:25:16.211  4085  4085 D VRI[MainActivity]:   bhv=DEFAULT
10-31 20:25:16.211  4085  4085 D VRI[MainActivity]:   fitSides=} by setLayoutParams
10-31 20:25:16.215  4085  4134 I ReactNativeJS: '[ReminderEngine] Processing reminders, count:', 0
10-31 20:25:16.216  4085  4134 I ReactNativeJS: '[Dominder-Debug] Creating channel:', '{"id":"silent-v2","name":"Silent Notifications","importance":2,"vibration":false}'
10-31 20:25:16.217  4085  4134 I ReactNativeJS: [AlarmSync] App became active, syncing...
10-31 20:25:16.217  4085  4134 I ReactNativeJS: [AlarmSync] Checking for completed alarms...
10-31 20:25:16.218  4085  4085 I ReactNative: [GESTURE HANDLER] Initialize gesture handler for root view com.facebook.react.ReactRootView{27fbe67 V.E...... ......ID 0,0-1080,2295 #b}
10-31 20:25:16.226  4085  4134 I ReactNativeJS: '[Dominder-Debug] Creating channel:', '{"id":"alarm-v2","name":"Alarms","importance":4,"sound":"default","vibration":true,"bypassDnd":true}'
10-31 20:25:16.725  4085  4085 W SafeAreaView: Timed out waiting for layout.
10-31 20:25:16.726  4085  4135 D DoMinderDebug: AlarmModule: Retrieved 0 completed alarms
10-31 20:25:16.727  4085  4134 I ReactNativeJS: '[AlarmSync] Found completed alarms:', 0
10-31 20:25:16.735  4085  4135 D DoMinderDebug: AlarmModule: Retrieved 0 snoozed alarms
10-31 20:25:16.740  4085  4085 D VRI[MainActivity]: update {(0,0)(fillxfill) sim={adjust=resize forwardNavigation} ty=BASE_APPLICATION wanim=0x10302fd
10-31 20:25:16.740  4085  4085 D VRI[MainActivity]:   fl=LAYOUT_IN_SCREEN FORCE_NOT_FULLSCREEN LAYOUT_INSET_DECOR SPLIT_TOUCH HARDWARE_ACCELERATED DRAWS_SYSTEM_BAR_BACKGROUNDS
10-31 20:25:16.740  4085  4085 D VRI[MainActivity]:   pfl=NO_MOVE_ANIMATION FORCE_DRAW_STATUS_BAR_BACKGROUND FIT_INSETS_CONTROLLED
10-31 20:25:16.740  4085  4085 D VRI[MainActivity]:   bhv=DEFAULT
10-31 20:25:16.740  4085  4085 D VRI[MainActivity]:   fitSides=} by setLayoutParams
10-31 20:25:16.741  4085  4085 I Choreographer: Skipped 30 frames!  The application may be doing too much work on its main thread.
10-31 20:25:16.759  4085  4085 D CompatibilityChangeReporter: Compat change id reported: 171228096; UID 10866; state: ENABLED
10-31 20:25:17.113  4085  4134 I ReactNativeJS: '[ReminderEngine] Processing reminders, count:', 20
10-31 20:25:17.114  4085  4134 I ReactNativeJS: [ReminderEngine] Processing reminder 1761889406084, repeatType: none
10-31 20:25:17.114  4085  4134 I ReactNativeJS: [calculateNextReminderDate] for reminder: 1761889406084, fromDate: 2025-10-31T14:55:17.113Z, repeatType: none, date: 2025-10-31, time: 11:30
10-31 20:25:17.114  4085  4134 I ReactNativeJS: [calculateNextReminderDate] One-time reminder scheduled for: 2025-10-31T06:00:00.000Z, isInFuture: false
10-31 20:25:17.114  4085  4134 I ReactNativeJS: [ReminderEngine] No valid fire time for reminder 1761889406084
10-31 20:25:17.114  4085  4134 I ReactNativeJS: '[ReminderEngine] Reminder details:', { date: '2025-10-31',
10-31 20:25:17.114  4085  4134 I ReactNativeJS:   time: '11:30',
10-31 20:25:17.114  4085  4134 I ReactNativeJS:   snoozeUntil: undefined,
10-31 20:25:17.114  4085  4134 I ReactNativeJS:   nextReminderDate: undefined,
10-31 20:25:17.114  4085  4134 I ReactNativeJS:   repeatType: 'none' }
10-31 20:25:17.114  4085  4134 I ReactNativeJS: [ReminderEngine] Processing reminder 1761906102561, repeatType: daily
10-31 20:25:17.114  4085  4134 I ReactNativeJS: [ReminderEngine] Reminder 1761906102561 has nextReminderDate: 2025-11-01T10:40:00.000Z
10-31 20:25:17.114  4085  4134 I ReactNativeJS: [ReminderEngine] Scheduling notification for reminder 1761906102561 at 2025-11-01T10:40:00.000Z
10-31 20:25:17.114  4085  4134 I ReactNativeJS: [ReminderEngine] Processing reminder 1761906130533, repeatType: none
10-31 20:25:17.114  4085  4134 I ReactNativeJS: [calculateNextReminderDate] for reminder: 1761906130533, fromDate: 2025-10-31T14:55:17.113Z, repeatType: none, date: 2025-10-31, time: 16:10
10-31 20:25:17.114  4085  4134 I ReactNativeJS: [calculateNextReminderDate] One-time reminder scheduled for: 2025-10-31T10:40:00.000Z, isInFuture: false
10-31 20:25:17.114  4085  4134 I ReactNativeJS: [ReminderEngine] No valid fire time for reminder 1761906130533
10-31 20:25:17.114  4085  4134 I ReactNativeJS: '[ReminderEngine] Reminder details:', { date: '2025-10-31',
10-31 20:25:17.114  4085  4134 I ReactNativeJS:   time: '16:10',
10-31 20:25:17.114  4085  4134 I ReactNativeJS:   snoozeUntil: undefined,
10-31 20:25:17.114  4085  4134 I ReactNativeJS:   nextReminderDate: undefined,
10-31 20:25:17.114  4085  4134 I ReactNativeJS:   repeatType: 'none' }
10-31 20:25:17.114  4085  4134 I ReactNativeJS: [ReminderEngine] Processing reminder 1761906178286, repeatType: none
10-31 20:25:17.114  4085  4134 I ReactNativeJS: [calculateNextReminderDate] for reminder: 1761906178286, fromDate: 2025-10-31T14:55:17.113Z, repeatType: none, date: 2025-10-31, time: 16:10
10-31 20:25:17.115  4085  4134 I ReactNativeJS: [calculateNextReminderDate] One-time reminder scheduled for: 2025-10-31T10:40:00.000Z, isInFuture: false
10-31 20:25:17.115  4085  4134 I ReactNativeJS: [ReminderEngine] No valid fire time for reminder 1761906178286
10-31 20:25:17.115  4085  4134 I ReactNativeJS: '[ReminderEngine] Reminder details:', { date: '2025-10-31',
10-31 20:25:17.115  4085  4134 I ReactNativeJS:   time: '16:10',
10-31 20:25:17.115  4085  4134 I ReactNativeJS:   snoozeUntil: undefined,
10-31 20:25:17.115  4085  4134 I ReactNativeJS:   nextReminderDate: undefined,
10-31 20:25:17.115  4085  4134 I ReactNativeJS:   repeatType: 'none' }
10-31 20:25:17.115  4085  4134 I ReactNativeJS: [ReminderEngine] Processing reminder 1761906184733, repeatType: none
10-31 20:25:17.115  4085  4134 I ReactNativeJS: [calculateNextReminderDate] for reminder: 1761906184733, fromDate: 2025-10-31T14:55:17.113Z, repeatType: none, date: 2025-10-31, time: 16:10
10-31 20:25:17.115  4085  4134 I ReactNativeJS: [calculateNextReminderDate] One-time reminder scheduled for: 2025-10-31T10:40:00.000Z, isInFuture: false
10-31 20:25:17.115  4085  4134 I ReactNativeJS: [ReminderEngine] No valid fire time for reminder 1761906184733
10-31 20:25:17.115  4085  4134 I ReactNativeJS: '[ReminderEngine] Reminder details:', { date: '2025-10-31',
10-31 20:25:17.115  4085  4134 I ReactNativeJS:   time: '16:10',
10-31 20:25:17.115  4085  4134 I ReactNativeJS:   snoozeUntil: undefined,
10-31 20:25:17.115  4085  4134 I ReactNativeJS:   nextReminderDate: undefined,
10-31 20:25:17.115  4085  4134 I ReactNativeJS:   repeatType: 'none' }
10-31 20:25:17.115  4085  4134 I ReactNativeJS: [ReminderEngine] Processing reminder 1761906199639, repeatType: every
10-31 20:25:17.115  4085  4134 I ReactNativeJS: [ReminderEngine] Reminder 1761906199639 has nextReminderDate: 2025-10-31T15:40:00.000Z
10-31 20:25:17.115  4085  4134 I ReactNativeJS: [ReminderEngine] Scheduling notification for reminder 1761906199639 at 2025-10-31T15:40:00.000Z
10-31 20:25:17.137  4085  4134 I ReactNativeJS: [Dominder-Debug] Base channels ensured
10-31 20:25:17.137  4085  4134 I ReactNativeJS: '[AlarmSync] Found snoozed alarms:', 0
10-31 20:25:17.138  4085  4134 I ReactNativeJS: [NotificationService] Scheduling reminder 1761906102561, priority: medium, repeatType: daily
10-31 20:25:17.138  4085  4134 I ReactNativeJS: [NotificationService] Scheduling for 2025-11-01T10:40:00.000Z
10-31 20:25:17.138  4085  4134 I ReactNativeJS: [NotificationService] Scheduling reminder 1761906199639, priority: medium, repeatType: every
10-31 20:25:17.138  4085  4134 I ReactNativeJS: [NotificationService] Scheduling for 2025-10-31T15:40:00.000Z
10-31 20:25:17.166  4085  4134 I ReactNativeJS: [NotificationService] Successfully scheduled notification rem-1761906102561
10-31 20:25:17.166  4085  4134 I ReactNativeJS: [ReminderEngine] Successfully scheduled 1761906102561
10-31 20:25:17.168  4085  4134 I ReactNativeJS: [NotificationService] Successfully scheduled notification rem-1761906199639
10-31 20:25:17.169  4085  4134 I ReactNativeJS: [ReminderEngine] Successfully scheduled 1761906199639
10-31 20:25:17.324  4085  4112 W Parcel  : Expecting binder but got null!
10-31 20:25:17.326  4085  4134 I ReactNativeJS: '[RootLayout] Foreground event:', { type: 7, pressAction: undefined }
10-31 20:25:17.326  4085  4134 I ReactNativeJS: '[RootLayout] Foreground event:', { type: 7, pressAction: undefined }
10-31 20:25:18.788  4085  4134 I ReactNativeJS: Cancelling notifications for reminder 1761906184733 (completed: true, paused: false)
10-31 20:25:18.789  4085  4150 I NOTIFEE : (NotificationManager): Removing notification with id rem-1761906184733
10-31 20:25:18.790  4085  4150 I NOTIFEE : (NotificationManager): Removing notification with id rem-1761906184733
10-31 20:25:18.801  4085  4165 I NOTIFEE : (NotificationManager): Removing notification with id rem-1761906184733
10-31 20:25:18.802  4085  4134 I ReactNativeJS: [NotificationService] Cancelled all notifications (scheduled + displayed) for reminder 1761906184733
10-31 20:25:18.802  4085  4134 I ReactNativeJS: [ReminderService] Updating reminder 1761906184733: isActive=true, isCompleted=true, repeatType=none
10-31 20:25:19.229  4085  4134 I ReactNativeJS: '[ReminderEngine] Processing reminders, count:', 20
10-31 20:25:19.229  4085  4134 I ReactNativeJS: [ReminderEngine] Processing reminder 1761889406084, repeatType: none
10-31 20:25:19.229  4085  4134 I ReactNativeJS: [calculateNextReminderDate] for reminder: 1761889406084, fromDate: 2025-10-31T14:55:19.229Z, repeatType: none, date: 2025-10-31, time: 11:30
10-31 20:25:19.229  4085  4134 I ReactNativeJS: [calculateNextReminderDate] One-time reminder scheduled for: 2025-10-31T06:00:00.000Z, isInFuture: false
10-31 20:25:19.229  4085  4134 I ReactNativeJS: [ReminderEngine] No valid fire time for reminder 1761889406084
10-31 20:25:19.229  4085  4134 I ReactNativeJS: '[ReminderEngine] Reminder details:', { date: '2025-10-31',
10-31 20:25:19.229  4085  4134 I ReactNativeJS:   time: '11:30',
10-31 20:25:19.229  4085  4134 I ReactNativeJS:   snoozeUntil: undefined,
10-31 20:25:19.229  4085  4134 I ReactNativeJS:   nextReminderDate: undefined,
10-31 20:25:19.229  4085  4134 I ReactNativeJS:   repeatType: 'none' }
10-31 20:25:19.230  4085  4134 I ReactNativeJS: [ReminderEngine] Processing reminder 1761906130533, repeatType: none
10-31 20:25:19.230  4085  4134 I ReactNativeJS: [calculateNextReminderDate] for reminder: 1761906130533, fromDate: 2025-10-31T14:55:19.229Z, repeatType: none, date: 2025-10-31, time: 16:10
10-31 20:25:19.230  4085  4134 I ReactNativeJS: [calculateNextReminderDate] One-time reminder scheduled for: 2025-10-31T10:40:00.000Z, isInFuture: false
10-31 20:25:19.230  4085  4134 I ReactNativeJS: [ReminderEngine] No valid fire time for reminder 1761906130533
10-31 20:25:19.230  4085  4134 I ReactNativeJS: '[ReminderEngine] Reminder details:', { date: '2025-10-31',
10-31 20:25:19.230  4085  4134 I ReactNativeJS:   time: '16:10',
10-31 20:25:19.230  4085  4134 I ReactNativeJS:   snoozeUntil: undefined,
10-31 20:25:19.230  4085  4134 I ReactNativeJS:   nextReminderDate: undefined,
10-31 20:25:19.230  4085  4134 I ReactNativeJS:   repeatType: 'none' }
10-31 20:25:19.230  4085  4134 I ReactNativeJS: [ReminderEngine] Processing reminder 1761906178286, repeatType: none
10-31 20:25:19.230  4085  4134 I ReactNativeJS: [calculateNextReminderDate] for reminder: 1761906178286, fromDate: 2025-10-31T14:55:19.229Z, repeatType: none, date: 2025-10-31, time: 16:10
10-31 20:25:19.230  4085  4134 I ReactNativeJS: [calculateNextReminderDate] One-time reminder scheduled for: 2025-10-31T10:40:00.000Z, isInFuture: false
10-31 20:25:19.230  4085  4134 I ReactNativeJS: [ReminderEngine] No valid fire time for reminder 1761906178286
10-31 20:25:19.230  4085  4134 I ReactNativeJS: '[ReminderEngine] Reminder details:', { date: '2025-10-31',
10-31 20:25:19.230  4085  4134 I ReactNativeJS:   time: '16:10',
10-31 20:25:19.230  4085  4134 I ReactNativeJS:   snoozeUntil: undefined,
10-31 20:25:19.230  4085  4134 I ReactNativeJS:   nextReminderDate: undefined,
10-31 20:25:19.230  4085  4134 I ReactNativeJS:   repeatType: 'none' }
10-31 20:25:20.845  4085  4168 D ProfileInstaller: Skipping profile installation for app.rork.dominder_android_reminder_app
10-31 20:25:26.129  4085  4092 I id_reminder_app: Background concurrent copying GC freed 30MB AllocSpace bytes, 22(988KB) LOS objects, 49% free, 8585KB/16MB, paused 372us,35us total 107.095ms
10-31 20:25:26.149  4085  4094 W System  : A resource failed to call release. 
10-31 20:25:46.187  4085  4134 I ReactNativeJS: [AlarmSync] Checking for completed alarms...
10-31 20:25:46.188  4085  4135 D DoMinderDebug: AlarmModule: Retrieved 0 completed alarms
10-31 20:25:46.189  4085  4134 I ReactNativeJS: '[AlarmSync] Found completed alarms:', 0
10-31 20:25:46.190  4085  4135 D DoMinderDebug: AlarmModule: Retrieved 0 snoozed alarms
10-31 20:25:46.190  4085  4134 I ReactNativeJS: '[AlarmSync] Found snoozed alarms:', 0
10-31 20:25:46.224  4085  4134 I ReactNativeJS: '[ReminderEngine] Processing reminders, count:', 20
10-31 20:25:46.224  4085  4134 I ReactNativeJS: [ReminderEngine] Processing reminder 1761889406084, repeatType: none
10-31 20:25:46.225  4085  4134 I ReactNativeJS: [calculateNextReminderDate] for reminder: 1761889406084, fromDate: 2025-10-31T14:55:46.224Z, repeatType: none, date: 2025-10-31, time: 11:30
10-31 20:25:46.225  4085  4134 I ReactNativeJS: [calculateNextReminderDate] One-time reminder scheduled for: 2025-10-31T06:00:00.000Z, isInFuture: false
10-31 20:25:46.225  4085  4134 I ReactNativeJS: [ReminderEngine] No valid fire time for reminder 1761889406084
10-31 20:25:46.225  4085  4134 I ReactNativeJS: '[ReminderEngine] Reminder details:', { date: '2025-10-31',
10-31 20:25:46.225  4085  4134 I ReactNativeJS:   time: '11:30',
10-31 20:25:46.225  4085  4134 I ReactNativeJS:   snoozeUntil: undefined,
10-31 20:25:46.225  4085  4134 I ReactNativeJS:   nextReminderDate: undefined,
10-31 20:25:46.225  4085  4134 I ReactNativeJS:   repeatType: 'none' }
10-31 20:25:46.225  4085  4134 I ReactNativeJS: [ReminderEngine] Processing reminder 1761906130533, repeatType: none
10-31 20:25:46.225  4085  4134 I ReactNativeJS: [calculateNextReminderDate] for reminder: 1761906130533, fromDate: 2025-10-31T14:55:46.224Z, repeatType: none, date: 2025-10-31, time: 16:10
10-31 20:25:46.225  4085  4134 I ReactNativeJS: [calculateNextReminderDate] One-time reminder scheduled for: 2025-10-31T10:40:00.000Z, isInFuture: false
10-31 20:25:46.226  4085  4134 I ReactNativeJS: [ReminderEngine] No valid fire time for reminder 1761906130533
10-31 20:25:46.226  4085  4134 I ReactNativeJS: '[ReminderEngine] Reminder details:', { date: '2025-10-31',
10-31 20:25:46.226  4085  4134 I ReactNativeJS:   time: '16:10',
10-31 20:25:46.226  4085  4134 I ReactNativeJS:   snoozeUntil: undefined,
10-31 20:25:46.226  4085  4134 I ReactNativeJS:   nextReminderDate: undefined,
10-31 20:25:46.226  4085  4134 I ReactNativeJS:   repeatType: 'none' }
10-31 20:25:46.226  4085  4134 I ReactNativeJS: [ReminderEngine] Processing reminder 1761906178286, repeatType: none
10-31 20:25:46.226  4085  4134 I ReactNativeJS: [calculateNextReminderDate] for reminder: 1761906178286, fromDate: 2025-10-31T14:55:46.224Z, repeatType: none, date: 2025-10-31, time: 16:10
10-31 20:25:46.226  4085  4134 I ReactNativeJS: [calculateNextReminderDate] One-time reminder scheduled for: 2025-10-31T10:40:00.000Z, isInFuture: false
10-31 20:25:46.226  4085  4134 I ReactNativeJS: [ReminderEngine] No valid fire time for reminder 1761906178286
10-31 20:25:46.227  4085  4134 I ReactNativeJS: '[ReminderEngine] Reminder details:', { date: '2025-10-31',
10-31 20:25:46.227  4085  4134 I ReactNativeJS:   time: '16:10',
10-31 20:25:46.227  4085  4134 I ReactNativeJS:   snoozeUntil: undefined,
10-31 20:25:46.227  4085  4134 I ReactNativeJS:   nextReminderDate: undefined,
10-31 20:25:46.227  4085  4134 I ReactNativeJS:   repeatType: 'none' }
10-31 20:26:16.194  4085  4134 I ReactNativeJS: [AlarmSync] Checking for completed alarms...
10-31 20:26:16.195  4085  4135 D DoMinderDebug: AlarmModule: Retrieved 0 completed alarms
10-31 20:26:16.196  4085  4134 I ReactNativeJS: '[AlarmSync] Found completed alarms:', 0
10-31 20:26:16.196  4085  4135 D DoMinderDebug: AlarmModule: Retrieved 0 snoozed alarms
10-31 20:26:16.197  4085  4134 I ReactNativeJS: '[AlarmSync] Found snoozed alarms:', 0
10-31 20:26:16.232  4085  4134 I ReactNativeJS: '[ReminderEngine] Processing reminders, count:', 20
10-31 20:26:16.232  4085  4134 I ReactNativeJS: [ReminderEngine] Processing reminder 1761889406084, repeatType: none
10-31 20:26:16.232  4085  4134 I ReactNativeJS: [calculateNextReminderDate] for reminder: 1761889406084, fromDate: 2025-10-31T14:56:16.232Z, repeatType: none, date: 2025-10-31, time: 11:30
10-31 20:26:16.232  4085  4134 I ReactNativeJS: [calculateNextReminderDate] One-time reminder scheduled for: 2025-10-31T06:00:00.000Z, isInFuture: false
10-31 20:26:16.232  4085  4134 I ReactNativeJS: [ReminderEngine] No valid fire time for reminder 1761889406084
10-31 20:26:16.232  4085  4134 I ReactNativeJS: '[ReminderEngine] Reminder details:', { date: '2025-10-31',
10-31 20:26:16.232  4085  4134 I ReactNativeJS:   time: '11:30',
10-31 20:26:16.232  4085  4134 I ReactNativeJS:   snoozeUntil: undefined,
10-31 20:26:16.232  4085  4134 I ReactNativeJS:   nextReminderDate: undefined,
10-31 20:26:16.232  4085  4134 I ReactNativeJS:   repeatType: 'none' }
10-31 20:26:16.233  4085  4134 I ReactNativeJS: [ReminderEngine] Processing reminder 1761906130533, repeatType: none
10-31 20:26:16.233  4085  4134 I ReactNativeJS: [calculateNextReminderDate] for reminder: 1761906130533, fromDate: 2025-10-31T14:56:16.232Z, repeatType: none, date: 2025-10-31, time: 16:10
10-31 20:26:16.233  4085  4134 I ReactNativeJS: [calculateNextReminderDate] One-time reminder scheduled for: 2025-10-31T10:40:00.000Z, isInFuture: false
10-31 20:26:16.233  4085  4134 I ReactNativeJS: [ReminderEngine] No valid fire time for reminder 1761906130533
10-31 20:26:16.233  4085  4134 I ReactNativeJS: '[ReminderEngine] Reminder details:', { date: '2025-10-31',
10-31 20:26:16.233  4085  4134 I ReactNativeJS:   time: '16:10',
10-31 20:26:16.233  4085  4134 I ReactNativeJS:   snoozeUntil: undefined,
10-31 20:26:16.233  4085  4134 I ReactNativeJS:   nextReminderDate: undefined,
10-31 20:26:16.233  4085  4134 I ReactNativeJS:   repeatType: 'none' }
10-31 20:26:16.233  4085  4134 I ReactNativeJS: [ReminderEngine] Processing reminder 1761906178286, repeatType: none
10-31 20:26:16.233  4085  4134 I ReactNativeJS: [calculateNextReminderDate] for reminder: 1761906178286, fromDate: 2025-10-31T14:56:16.232Z, repeatType: none, date: 2025-10-31, time: 16:10
10-31 20:26:16.233  4085  4134 I ReactNativeJS: [calculateNextReminderDate] One-time reminder scheduled for: 2025-10-31T10:40:00.000Z, isInFuture: false
10-31 20:26:16.233  4085  4134 I ReactNativeJS: [ReminderEngine] No valid fire time for reminder 1761906178286
10-31 20:26:16.234  4085  4134 I ReactNativeJS: '[ReminderEngine] Reminder details:', { date: '2025-10-31',
10-31 20:26:16.234  4085  4134 I ReactNativeJS:   time: '16:10',
10-31 20:26:16.234  4085  4134 I ReactNativeJS:   snoozeUntil: undefined,
10-31 20:26:16.234  4085  4134 I ReactNativeJS:   nextReminderDate: undefined,
10-31 20:26:16.234  4085  4134 I ReactNativeJS:   repeatType: 'none' }
