--------- beginning of main
11-04 07:00:18.694 20376 20376 I id_reminder_app: Using CollectorTypeCC GC.
11-04 07:00:18.698 20376 20376 E id_reminder_app: Not starting debugger since process cannot load the jdwp agent.
11-04 07:00:18.701 20376 20376 D nativeloader: Load libframework-connectivity-tiramisu-jni.so using APEX ns com_android_tethering for caller /apex/com.android.tethering/javalib/framework-connectivity-t.jar: ok
11-04 07:00:18.711 20376 20376 D CompatibilityChangeReporter: Compat change id reported: 171979766; UID 10879; state: ENABLED
11-04 07:00:18.732 20376 20376 D nativeloader: Configuring clns-4 for other apk /data/app/~~MUNzdzkQKR6TN5SV9iV07g==/app.rork.dominder_android_reminder_app-btRaRTB7N5wLTKgiQW7Vkg==/base.apk. target_sdk_version=35, uses_libraries=, library_path=/data/app/~~MUNzdzkQKR6TN5SV9iV07g==/app.rork.dominder_android_reminder_app-btRaRTB7N5wLTKgiQW7Vkg==/lib/arm64:/data/app/~~MUNzdzkQKR6TN5SV9iV07g==/app.rork.dominder_android_reminder_app-btRaRTB7N5wLTKgiQW7Vkg==/base.apk!/lib/arm64-v8a, permitted_path=/data:/mnt/expand:/data/user/0/app.rork.dominder_android_reminder_app
11-04 07:00:18.740 20376 20376 D nativeloader: Load libframework-connectivity-jni.so using APEX ns com_android_tethering for caller /apex/com.android.tethering/javalib/framework-connectivity.jar: ok
11-04 07:00:18.742 20376 20376 V GraphicsEnvironment: ANGLE Developer option for 'app.rork.dominder_android_reminder_app' set to: 'default'
11-04 07:00:18.743 20376 20376 V GraphicsEnvironment: ANGLE GameManagerService for app.rork.dominder_android_reminder_app: false
11-04 07:00:18.743 20376 20376 V GraphicsEnvironment: Neither updatable production driver nor prerelease driver is supported.
11-04 07:00:18.745 20376 20376 D NetworkSecurityConfig: No Network Security Config specified, using platform default
11-04 07:00:18.745 20376 20376 D NetworkSecurityConfig: No Network Security Config specified, using platform default
11-04 07:00:18.755 20376 20376 D WM-WrkMgrInitializer: Initializing WorkManager with default configuration.
11-04 07:00:18.762 20376 20376 D NOTIFEE : (context): received application context
11-04 07:00:18.765 20376 20376 W SoLoader: Initializing SoLoader: 0
11-04 07:00:18.765 20376 20376 W SoLoader: Recording new base apk path: /data/app/~~MUNzdzkQKR6TN5SV9iV07g==/app.rork.dominder_android_reminder_app-btRaRTB7N5wLTKgiQW7Vkg==/base.apk
11-04 07:00:18.765 20376 20376 W SoLoader: Previously recorded 0 base apk paths.
11-04 07:00:18.766 20376 20376 I SoLoader: Preparing SO source: DirectorySoSource[root = /vendor/lib64 flags = 2]
11-04 07:00:18.766 20376 20376 I SoLoader: Preparing SO source: DirectorySoSource[root = /system/lib64 flags = 2]
11-04 07:00:18.766 20376 20376 I SoLoader: Preparing SO source: DirectApkSoSource[root = [/data/app/~~MUNzdzkQKR6TN5SV9iV07g==/app.rork.dominder_android_reminder_app-btRaRTB7N5wLTKgiQW7Vkg==/base.apk!/lib/arm64-v8a]]
11-04 07:00:18.769 20376 20376 I SoLoader: Preparing SO source: ApplicationSoSource[DirectorySoSource[root = /data/app/~~MUNzdzkQKR6TN5SV9iV07g==/app.rork.dominder_android_reminder_app-btRaRTB7N5wLTKgiQW7Vkg==/lib/arm64 flags = 0]]
11-04 07:00:18.769 20376 20376 I SoLoader: init finish: 4 SO sources prepared
11-04 07:00:18.769 20376 20376 W SoLoader: SoLoader initialized: 8
11-04 07:00:18.775 20376 20392 D CompatibilityChangeReporter: Compat change id reported: 160794467; UID 10879; state: ENABLED
11-04 07:00:18.778 20376 20376 D nativeloader: Load /data/app/~~MUNzdzkQKR6TN5SV9iV07g==/app.rork.dominder_android_reminder_app-btRaRTB7N5wLTKgiQW7Vkg==/base.apk!/lib/arm64-v8a/libc++_shared.so using class loader ns clns-4 (caller=/data/app/~~MUNzdzkQKR6TN5SV9iV07g==/app.rork.dominder_android_reminder_app-btRaRTB7N5wLTKgiQW7Vkg==/base.apk!classes2.dex): ok
11-04 07:00:18.783 20376 20376 D nativeloader: Load /data/app/~~MUNzdzkQKR6TN5SV9iV07g==/app.rork.dominder_android_reminder_app-btRaRTB7N5wLTKgiQW7Vkg==/base.apk!/lib/arm64-v8a/libjsi.so using class loader ns clns-4 (caller=/data/app/~~MUNzdzkQKR6TN5SV9iV07g==/app.rork.dominder_android_reminder_app-btRaRTB7N5wLTKgiQW7Vkg==/base.apk!classes2.dex): ok
11-04 07:00:18.788 20376 20376 D nativeloader: Load /data/app/~~MUNzdzkQKR6TN5SV9iV07g==/app.rork.dominder_android_reminder_app-btRaRTB7N5wLTKgiQW7Vkg==/base.apk!/lib/arm64-v8a/libfbjni.so using class loader ns clns-4 (caller=/data/app/~~MUNzdzkQKR6TN5SV9iV07g==/app.rork.dominder_android_reminder_app-btRaRTB7N5wLTKgiQW7Vkg==/base.apk!classes2.dex): ok
11-04 07:00:18.794 20376 20376 D nativeloader: Load /data/app/~~MUNzdzkQKR6TN5SV9iV07g==/app.rork.dominder_android_reminder_app-btRaRTB7N5wLTKgiQW7Vkg==/base.apk!/lib/arm64-v8a/libreactnative.so using class loader ns clns-4 (caller=/data/app/~~MUNzdzkQKR6TN5SV9iV07g==/app.rork.dominder_android_reminder_app-btRaRTB7N5wLTKgiQW7Vkg==/base.apk!classes2.dex): ok
11-04 07:00:18.794 20376 20376 D jni_lib_merge: Entering merged library JNI_OnLoad.
11-04 07:00:18.794 20376 20376 D jni_lib_merge: Preparing 11 pre-merged libs (including stub)
11-04 07:00:18.794 20376 20376 D jni_lib_merge: Preparing to register libfabricjni_so.  onload_func: 0x76726dc4c4
11-04 07:00:18.794 20376 20376 D jni_lib_merge: Preparing to register libreact_devsupportjni_so.  onload_func: 0x76727ae110
11-04 07:00:18.794 20376 20376 D jni_lib_merge: Preparing to register libreact_featureflagsjni_so.  onload_func: 0x76727b63ac
11-04 07:00:18.794 20376 20376 D jni_lib_merge: Preparing to register libreact_newarchdefaults_so.  onload_func: 0x76727da3c8
11-04 07:00:18.794 20376 20376 D jni_lib_merge: Preparing to register libreactnativeblob_so.  onload_func: 0x767286121c
11-04 07:00:18.794 20376 20376 D jni_lib_merge: Preparing to register libreactnativejni_so.  onload_func: 0x767287f204
11-04 07:00:18.794 20376 20376 D jni_lib_merge: Preparing to register librninstance_so.  onload_func: 0x7672898990
11-04 07:00:18.794 20376 20376 D jni_lib_merge: Preparing to register libturbomodulejsijni_so.  onload_func: 0x767291387c
11-04 07:00:18.794 20376 20376 D jni_lib_merge: Preparing to register libuimanagerjni_so.  onload_func: 0x767291ad94
11-04 07:00:18.794 20376 20376 D jni_lib_merge: Preparing to register libyoga_so.  onload_func: 0x76729201e8
11-04 07:00:18.794 20376 20376 D jni_lib_merge: About to register 10 actual methods.
11-04 07:00:18.803 20376 20376 D nativeloader: Load /data/app/~~MUNzdzkQKR6TN5SV9iV07g==/app.rork.dominder_android_reminder_app-btRaRTB7N5wLTKgiQW7Vkg==/base.apk!/lib/arm64-v8a/libreact_codegen_rnscreens.so using class loader ns clns-4 (caller=/data/app/~~MUNzdzkQKR6TN5SV9iV07g==/app.rork.dominder_android_reminder_app-btRaRTB7N5wLTKgiQW7Vkg==/base.apk!classes2.dex): ok
11-04 07:00:18.803 20376 20376 D jni_lib_merge: Entering merged library JNI_OnLoad.
11-04 07:00:18.803 20376 20376 D jni_lib_merge: Preparing 11 pre-merged libs (including stub)
11-04 07:00:18.803 20376 20376 D jni_lib_merge: Preparing to register libfabricjni_so.  onload_func: 0x76726dc4c4
11-04 07:00:18.803 20376 20376 D jni_lib_merge: Preparing to register libreact_devsupportjni_so.  onload_func: 0x76727ae110
11-04 07:00:18.803 20376 20376 D jni_lib_merge: Preparing to register libreact_featureflagsjni_so.  onload_func: 0x76727b63ac
11-04 07:00:18.803 20376 20376 D jni_lib_merge: Preparing to register libreact_newarchdefaults_so.  onload_func: 0x76727da3c8
11-04 07:00:18.803 20376 20376 D jni_lib_merge: Preparing to register libreactnativeblob_so.  onload_func: 0x767286121c
11-04 07:00:18.803 20376 20376 D jni_lib_merge: Preparing to register libreactnativejni_so.  onload_func: 0x767287f204
11-04 07:00:18.803 20376 20376 D jni_lib_merge: Preparing to register librninstance_so.  onload_func: 0x7672898990
11-04 07:00:18.803 20376 20376 D jni_lib_merge: Preparing to register libturbomodulejsijni_so.  onload_func: 0x767291387c
11-04 07:00:18.803 20376 20376 D jni_lib_merge: Preparing to register libuimanagerjni_so.  onload_func: 0x767291ad94
11-04 07:00:18.803 20376 20376 D jni_lib_merge: Preparing to register libyoga_so.  onload_func: 0x76729201e8
11-04 07:00:18.803 20376 20376 D jni_lib_merge: About to register 10 actual methods.
11-04 07:00:18.808 20376 20376 D nativeloader: Load /data/app/~~MUNzdzkQKR6TN5SV9iV07g==/app.rork.dominder_android_reminder_app-btRaRTB7N5wLTKgiQW7Vkg==/base.apk!/lib/arm64-v8a/libreact_codegen_rnsvg.so using class loader ns clns-4 (caller=/data/app/~~MUNzdzkQKR6TN5SV9iV07g==/app.rork.dominder_android_reminder_app-btRaRTB7N5wLTKgiQW7Vkg==/base.apk!classes2.dex): ok
11-04 07:00:18.808 20376 20376 D jni_lib_merge: Entering merged library JNI_OnLoad.
11-04 07:00:18.808 20376 20376 D jni_lib_merge: Preparing 11 pre-merged libs (including stub)
11-04 07:00:18.808 20376 20376 D jni_lib_merge: Preparing to register libfabricjni_so.  onload_func: 0x76726dc4c4
11-04 07:00:18.808 20376 20376 D jni_lib_merge: Preparing to register libreact_devsupportjni_so.  onload_func: 0x76727ae110
11-04 07:00:18.808 20376 20376 D jni_lib_merge: Preparing to register libreact_featureflagsjni_so.  onload_func: 0x76727b63ac
11-04 07:00:18.808 20376 20376 D jni_lib_merge: Preparing to register libreact_newarchdefaults_so.  onload_func: 0x76727da3c8
11-04 07:00:18.808 20376 20376 D jni_lib_merge: Preparing to register libreactnativeblob_so.  onload_func: 0x767286121c
11-04 07:00:18.808 20376 20376 D jni_lib_merge: Preparing to register libreactnativejni_so.  onload_func: 0x767287f204
11-04 07:00:18.808 20376 20376 D jni_lib_merge: Preparing to register librninstance_so.  onload_func: 0x7672898990
11-04 07:00:18.808 20376 20376 D jni_lib_merge: Preparing to register libturbomodulejsijni_so.  onload_func: 0x767291387c
11-04 07:00:18.808 20376 20376 D jni_lib_merge: Preparing to register libuimanagerjni_so.  onload_func: 0x767291ad94
11-04 07:00:18.808 20376 20376 D jni_lib_merge: Preparing to register libyoga_so.  onload_func: 0x76729201e8
11-04 07:00:18.808 20376 20376 D jni_lib_merge: About to register 10 actual methods.
11-04 07:00:18.812 20376 20376 D nativeloader: Load /data/app/~~MUNzdzkQKR6TN5SV9iV07g==/app.rork.dominder_android_reminder_app-btRaRTB7N5wLTKgiQW7Vkg==/base.apk!/lib/arm64-v8a/libreact_codegen_safeareacontext.so using class loader ns clns-4 (caller=/data/app/~~MUNzdzkQKR6TN5SV9iV07g==/app.rork.dominder_android_reminder_app-btRaRTB7N5wLTKgiQW7Vkg==/base.apk!classes2.dex): ok
11-04 07:00:18.815 20376 20376 D nativeloader: Load /data/app/~~MUNzdzkQKR6TN5SV9iV07g==/app.rork.dominder_android_reminder_app-btRaRTB7N5wLTKgiQW7Vkg==/base.apk!/lib/arm64-v8a/libappmodules.so using class loader ns clns-4 (caller=/data/app/~~MUNzdzkQKR6TN5SV9iV07g==/app.rork.dominder_android_reminder_app-btRaRTB7N5wLTKgiQW7Vkg==/base.apk!classes2.dex): ok
11-04 07:00:18.816 20376 20376 I Typeface: updateThemeFont new=Rookery-Regular;old=sans-serif;new=Rookery-Stacked;old=
11-04 07:00:18.822 20376 20376 D AppCompatDelegate: Checking for metadata for AppLocalesMetadataHolderService : Service not found
11-04 07:00:18.841 20376 20376 W unknown:BridgelessReact: ReactHost{0}.startSurface(surfaceId = 0): Schedule
11-04 07:00:18.842 20376 20376 W unknown:BridgelessReact: ReactHost{0}.attachSurface(surfaceId = 0)
11-04 07:00:18.842 20376 20406 W unknown:BridgelessReact: ReactHost{0}.getOrCreateReactInstanceTask()
11-04 07:00:18.842 20376 20406 W unknown:BridgelessReact: ReactHost{0}.getOrCreateReactInstanceTask(): Start
11-04 07:00:18.842 20376 20406 W unknown:BridgelessReact: ReactHost{0}.getJSBundleLoader()
11-04 07:00:18.842 20376 20406 W unknown:BridgelessReact: ReactHost{0}.getOrCreateReactContext(): Creating BridgelessReactContext
11-04 07:00:18.842 20376 20406 W unknown:BridgelessReact: ReactHost{0}.getOrCreateReactInstanceTask(): Creating ReactInstance
11-04 07:00:18.844 20376 20376 W unknown:BridgelessReact: ReactHost{0}.onHostResume(activity)
11-04 07:00:18.845 20376 20376 W unknown:BridgelessReact: ReactContext.onHostResume()
--------- beginning of system
11-04 07:00:18.851 20376 20376 D ViewRootImpl: update {(0,0)(fillxfill) sim={adjust=resize forwardNavigation} ty=BASE_APPLICATION wanim=0x10302fd
11-04 07:00:18.851 20376 20376 D ViewRootImpl:   fl=LAYOUT_IN_SCREEN LAYOUT_INSET_DECOR SPLIT_TOUCH HARDWARE_ACCELERATED DRAWS_SYSTEM_BAR_BACKGROUNDS
11-04 07:00:18.851 20376 20376 D ViewRootImpl:   pfl=NO_MOVE_ANIMATION FORCE_DRAW_STATUS_BAR_BACKGROUND FIT_INSETS_CONTROLLED
11-04 07:00:18.851 20376 20376 D ViewRootImpl:   bhv=DEFAULT
11-04 07:00:18.851 20376 20376 D ViewRootImpl:   fitSides=} by setView
11-04 07:00:18.852 20376 20406 D nativeloader: Load /data/app/~~MUNzdzkQKR6TN5SV9iV07g==/app.rork.dominder_android_reminder_app-btRaRTB7N5wLTKgiQW7Vkg==/base.apk!/lib/arm64-v8a/libhermes.so using class loader ns clns-4 (caller=/data/app/~~MUNzdzkQKR6TN5SV9iV07g==/app.rork.dominder_android_reminder_app-btRaRTB7N5wLTKgiQW7Vkg==/base.apk!classes2.dex): ok
11-04 07:00:18.854 20376 20406 D nativeloader: Load /data/app/~~MUNzdzkQKR6TN5SV9iV07g==/app.rork.dominder_android_reminder_app-btRaRTB7N5wLTKgiQW7Vkg==/base.apk!/lib/arm64-v8a/libhermestooling.so using class loader ns clns-4 (caller=/data/app/~~MUNzdzkQKR6TN5SV9iV07g==/app.rork.dominder_android_reminder_app-btRaRTB7N5wLTKgiQW7Vkg==/base.apk!classes2.dex): ok
11-04 07:00:18.854 20376 20406 D jni_lib_merge: Entering merged library JNI_OnLoad.
11-04 07:00:18.854 20376 20406 D jni_lib_merge: Preparing 4 pre-merged libs (including stub)
11-04 07:00:18.854 20376 20406 D jni_lib_merge: Preparing to register libhermes_executor_so.  onload_func: 0x76f3ce611c
11-04 07:00:18.854 20376 20406 D jni_lib_merge: Preparing to register libhermesinstancejni_so.  onload_func: 0x76f3ceda58
11-04 07:00:18.854 20376 20406 D jni_lib_merge: Preparing to register libjsijniprofiler_so.  onload_func: 0x76f3cee114
11-04 07:00:18.854 20376 20406 D jni_lib_merge: About to register 3 actual methods.
11-04 07:00:18.886 20376 20399 I AdrenoGLES-0: QUALCOMM build                   : 43fc279f3a, I58833f8ed4
11-04 07:00:18.886 20376 20399 I AdrenoGLES-0: Build Date                       : 03/24/23
11-04 07:00:18.886 20376 20399 I AdrenoGLES-0: OpenGL ES Shader Compiler Version: EV031.32.02.17
11-04 07:00:18.886 20376 20399 I AdrenoGLES-0: Local Branch                     : 
11-04 07:00:18.886 20376 20399 I AdrenoGLES-0: Remote Branch                    : 
11-04 07:00:18.886 20376 20399 I AdrenoGLES-0: Remote Branch                    : 
11-04 07:00:18.886 20376 20399 I AdrenoGLES-0: Reconstruct Branch               : 
11-04 07:00:18.886 20376 20399 I AdrenoGLES-0: Build Config                     : S P 10.0.7 AArch64
11-04 07:00:18.886 20376 20399 I AdrenoGLES-0: Driver Path                      : /vendor/lib64/egl/libGLESv2_adreno.so
11-04 07:00:18.896 20376 20399 I AdrenoGLES-0: PFP: 0x016ee197, ME: 0x00000000
11-04 07:00:18.911 20376 20399 I OpenGLRenderer: setGrContext nullptr-->validptr
11-04 07:00:18.914 20376 20399 E OpenGLRenderer: Unable to match the desired swap behavior.
11-04 07:00:19.034 20376 20406 I ExpoModulesCore:  AppContext was initialized
11-04 07:00:19.037 20376 20406 W ReactNativeJNI: Component property map contains multiple entries for 'borderColor'. Ensure all calls to convertRawProp use a consistent prefix, name and suffix.
11-04 07:00:19.037 20376 20406 W ReactNativeJNI: Component property map contains multiple entries for 'borderStyle'. Ensure all calls to convertRawProp use a consistent prefix, name and suffix.
11-04 07:00:19.037 20376 20406 W ReactNativeJNI: Component property map contains multiple entries for 'borderRadius'. Ensure all calls to convertRawProp use a consistent prefix, name and suffix.
11-04 07:00:19.037 20376 20406 W ReactNativeJNI: Component property map contains multiple entries for 'borderEndColor'. Ensure all calls to convertRawProp use a consistent prefix, name and suffix.
11-04 07:00:19.037 20376 20406 W ReactNativeJNI: Component property map contains multiple entries for 'borderTopColor'. Ensure all calls to convertRawProp use a consistent prefix, name and suffix.
11-04 07:00:19.037 20376 20406 W ReactNativeJNI: Component property map contains multiple entries for 'borderLeftColor'. Ensure all calls to convertRawProp use a consistent prefix, name and suffix.
11-04 07:00:19.037 20376 20406 W ReactNativeJNI: Component property map contains multiple entries for 'borderBlockColor'. Ensure all calls to convertRawProp use a consistent prefix, name and suffix.
11-04 07:00:19.037 20376 20406 W ReactNativeJNI: Component property map contains multiple entries for 'borderRightColor'. Ensure all calls to convertRawProp use a consistent prefix, name and suffix.
11-04 07:00:19.037 20376 20406 W ReactNativeJNI: Component property map contains multiple entries for 'borderStartColor'. Ensure all calls to convertRawProp use a consistent prefix, name and suffix.
11-04 07:00:19.037 20376 20406 W ReactNativeJNI: Component property map contains multiple entries for 'borderBottomColor'. Ensure all calls to convertRawProp use a consistent prefix, name and suffix.
11-04 07:00:19.037 20376 20406 W ReactNativeJNI: Component property map contains multiple entries for 'borderEndEndRadius'. Ensure all calls to convertRawProp use a consistent prefix, name and suffix.
11-04 07:00:19.037 20376 20406 W ReactNativeJNI: Component property map contains multiple entries for 'borderTopEndRadius'. Ensure all calls to convertRawProp use a consistent prefix, name and suffix.
11-04 07:00:19.037 20376 20406 W ReactNativeJNI: Component property map contains multiple entries for 'borderBlockEndColor'. Ensure all calls to convertRawProp use a consistent prefix, name and suffix.
11-04 07:00:19.037 20376 20406 W ReactNativeJNI: Component property map contains multiple entries for 'borderTopLeftRadius'. Ensure all calls to convertRawProp use a consistent prefix, name and suffix.
11-04 07:00:19.037 20376 20406 W ReactNativeJNI: Component property map contains multiple entries for 'borderEndStartRadius'. Ensure all calls to convertRawProp use a consistent prefix, name and suffix.
11-04 07:00:19.037 20376 20406 W ReactNativeJNI: Component property map contains multiple entries for 'borderStartEndRadius'. Ensure all calls to convertRawProp use a consistent prefix, name and suffix.
11-04 07:00:19.037 20376 20406 W ReactNativeJNI: Component property map contains multiple entries for 'borderTopRightRadius'. Ensure all calls to convertRawProp use a consistent prefix, name and suffix.
11-04 07:00:19.037 20376 20406 W ReactNativeJNI: Component property map contains multiple entries for 'borderTopStartRadius'. Ensure all calls to convertRawProp use a consistent prefix, name and suffix.
11-04 07:00:19.037 20376 20406 W ReactNativeJNI: Component property map contains multiple entries for 'borderBlockStartColor'. Ensure all calls to convertRawProp use a consistent prefix, name and suffix.
11-04 07:00:19.037 20376 20406 W ReactNativeJNI: Component property map contains multiple entries for 'borderBottomEndRadius'. Ensure all calls to convertRawProp use a consistent prefix, name and suffix.
11-04 07:00:19.037 20376 20406 W ReactNativeJNI: Component property map contains multiple entries for 'borderBottomLeftRadius'. Ensure all calls to convertRawProp use a consistent prefix, name and suffix.
11-04 07:00:19.037 20376 20406 W ReactNativeJNI: Component property map contains multiple entries for 'borderStartStartRadius'. Ensure all calls to convertRawProp use a consistent prefix, name and suffix.
11-04 07:00:19.037 20376 20406 W ReactNativeJNI: Component property map contains multiple entries for 'borderBottomRightRadius'. Ensure all calls to convertRawProp use a consistent prefix, name and suffix.
11-04 07:00:19.037 20376 20406 W ReactNativeJNI: Component property map contains multiple entries for 'borderBottomStartRadius'. Ensure all calls to convertRawProp use a consistent prefix, name and suffix.
11-04 07:00:19.057 20376 20406 W ReactNativeJNI: Component property map contains multiple entries for 'borderColor'. Ensure all calls to convertRawProp use a consistent prefix, name and suffix.
11-04 07:00:19.057 20376 20406 W ReactNativeJNI: Component property map contains multiple entries for 'borderStyle'. Ensure all calls to convertRawProp use a consistent prefix, name and suffix.
11-04 07:00:19.066 20376 20406 W unknown:BridgelessReact: ReactHost{0}.getOrCreateReactInstanceTask(): Loading JS Bundle
11-04 07:00:19.066 20376 20406 W unknown:BridgelessReact: ReactHost{0}.getOrCreateReactInstanceTask(): Calling DevSupportManagerBase.onNewReactContextCreated(reactContext)
11-04 07:00:19.067 20376 20406 W unknown:BridgelessReact: ReactHost{0}.startSurface(surfaceId = 0): Execute
11-04 07:00:19.071 20376 20376 W unknown:BridgelessReact: ReactContext.onHostResume()
11-04 07:00:19.071 20376 20376 W unknown:BridgelessReact: ReactHost{0}.getOrCreateReactInstanceTask(): Executing ReactInstanceEventListeners
11-04 07:00:19.085 20376 20407 D nativeloader: Load /data/app/~~MUNzdzkQKR6TN5SV9iV07g==/app.rork.dominder_android_reminder_app-btRaRTB7N5wLTKgiQW7Vkg==/base.apk!/lib/arm64-v8a/libexpo-modules-core.so using class loader ns clns-4 (caller=/data/app/~~MUNzdzkQKR6TN5SV9iV07g==/app.rork.dominder_android_reminder_app-btRaRTB7N5wLTKgiQW7Vkg==/base.apk!classes2.dex): ok
11-04 07:00:19.094 20376 20407 D CompatibilityChangeReporter: Compat change id reported: 210923482; UID 10879; state: ENABLED
11-04 07:00:19.096 20376 20407 W unknown:ViewManagerPropertyUpdater: Could not find generated setter for class com.th3rdwave.safeareacontext.SafeAreaProviderManager
11-04 07:00:19.098 20376 20407 W unknown:ViewManagerPropertyUpdater: Could not find generated setter for class com.facebook.react.uimanager.LayoutShadowNode
11-04 07:00:19.099 20376 20407 W unknown:ViewManagerPropertyUpdater: Could not find generated setter for class com.swmansion.rnscreens.SearchBarManager
11-04 07:00:19.100 20376 20407 W unknown:ViewManagerPropertyUpdater: Could not find generated setter for class com.swmansion.rnscreens.ScreenFooterManager
11-04 07:00:19.100 20376 20407 W unknown:ViewManagerPropertyUpdater: Could not find generated setter for class expo.modules.kotlin.views.GroupViewManagerWrapper
11-04 07:00:19.101 20376 20407 W unknown:ViewManagerPropertyUpdater: Could not find generated setter for class com.swmansion.rnscreens.ScreenContainerViewManager
11-04 07:00:19.102 20376 20407 W unknown:ViewManagerPropertyUpdater: Could not find generated setter for class com.swmansion.rnscreens.ModalScreenViewManager
11-04 07:00:19.103 20376 20407 W unknown:ViewManagerPropertyUpdater: Could not find generated setter for class com.swmansion.rnscreens.ScreenStackHeaderConfigViewManager
11-04 07:00:19.104 20376 20407 W unknown:ViewManagerPropertyUpdater: Could not find generated setter for class com.swmansion.rnscreens.ScreenContentWrapperManager
11-04 07:00:19.104 20376 20407 W unknown:ViewManagerPropertyUpdater: Could not find generated setter for class com.th3rdwave.safeareacontext.SafeAreaViewManager
11-04 07:00:19.105 20376 20407 W unknown:ViewManagerPropertyUpdater: Could not find generated setter for class com.th3rdwave.safeareacontext.SafeAreaViewShadowNode
11-04 07:00:19.105 20376 20407 W unknown:ViewManagerPropertyUpdater: Could not find generated setter for class com.shopify.reactnative.flash_list.AutoLayoutViewManager
11-04 07:00:19.105 20376 20407 W unknown:ViewManagerPropertyUpdater: Could not find generated setter for class com.shopify.reactnative.flash_list.CellContainerManager
11-04 07:00:19.105 20376 20407 W unknown:ViewManagerPropertyUpdater: Could not find generated setter for class com.swmansion.rnscreens.ScreenViewManager
11-04 07:00:19.106 20376 20407 W unknown:ViewManagerPropertyUpdater: Could not find generated setter for class expo.modules.kotlin.views.SimpleViewManagerWrapper
11-04 07:00:19.107 20376 20407 W unknown:ViewManagerPropertyUpdater: Could not find generated setter for class com.swmansion.rnscreens.ScreenStackHeaderSubviewManager
11-04 07:00:19.107 20376 20407 W unknown:ViewManagerPropertyUpdater: Could not find generated setter for class com.swmansion.rnscreens.ScreenStackViewManager
11-04 07:00:19.127 20376 20407 W unknown:ViewManagerPropertyUpdater: Could not find generated setter for class com.horcrux.svg.RenderableViewManager$DefsViewManager
11-04 07:00:19.127 20376 20407 W unknown:ViewManagerPropertyUpdater: Could not find generated setter for class com.horcrux.svg.VirtualViewManager$RenderableShadowNode
11-04 07:00:19.129 20376 20407 W unknown:ViewManagerPropertyUpdater: Could not find generated setter for class com.horcrux.svg.RenderableViewManager$FeMergeManager
11-04 07:00:19.130 20376 20407 W unknown:ViewManagerPropertyUpdater: Could not find generated setter for class com.facebook.react.views.safeareaview.ReactSafeAreaViewManager
11-04 07:00:19.130 20376 20407 W unknown:ViewManagerPropertyUpdater: Could not find generated setter for class com.facebook.react.views.safeareaview.ReactSafeAreaViewShadowNode
11-04 07:00:19.131 20376 20407 W unknown:ViewManagerPropertyUpdater: Could not find generated setter for class com.horcrux.svg.RenderableViewManager$LinearGradientManager
11-04 07:00:19.133 20376 20407 W unknown:ViewManagerPropertyUpdater: Could not find generated setter for class com.horcrux.svg.RenderableViewManager$FeGaussianBlurManager
11-04 07:00:19.134 20376 20407 W unknown:ViewManagerPropertyUpdater: Could not find generated setter for class com.facebook.react.views.progressbar.ReactProgressBarViewManager
11-04 07:00:19.134 20376 20407 W unknown:ViewManagerPropertyUpdater: Could not find generated setter for class com.facebook.react.views.progressbar.ProgressBarShadowNode
11-04 07:00:19.135 20376 20407 W unknown:ViewManagerPropertyUpdater: Could not find generated setter for class com.facebook.react.views.scroll.ReactHorizontalScrollViewManager
11-04 07:00:19.137 20376 20407 W unknown:ViewManagerPropertyUpdater: Could not find generated setter for class com.facebook.react.views.text.ReactTextViewManager
11-04 07:00:19.138 20376 20407 W unknown:ViewManagerPropertyUpdater: Could not find generated setter for class com.facebook.react.views.text.ReactTextShadowNode
11-04 07:00:19.139 20376 20407 W unknown:ViewManagerPropertyUpdater: Could not find generated setter for class com.horcrux.svg.RenderableViewManager$FeColorMatrixManager
11-04 07:00:19.141 20376 20407 W unknown:ViewManagerPropertyUpdater: Could not find generated setter for class com.facebook.react.views.scroll.ReactHorizontalScrollContainerViewManager
11-04 07:00:19.142 20376 20407 W unknown:ViewManagerPropertyUpdater: Could not find generated setter for class com.horcrux.svg.RenderableViewManager$ClipPathViewManager
11-04 07:00:19.144 20376 20407 W unknown:ViewManagerPropertyUpdater: Could not find generated setter for class com.horcrux.svg.RenderableViewManager$SymbolManager
11-04 07:00:19.146 20376 20407 W unknown:ViewManagerPropertyUpdater: Could not find generated setter for class com.horcrux.svg.RenderableViewManager$PatternManager
11-04 07:00:19.148 20376 20407 W unknown:ViewManagerPropertyUpdater: Could not find generated setter for class com.horcrux.svg.RenderableViewManager$FeBlendManager
11-04 07:00:19.149 20376 20407 W unknown:ViewManagerPropertyUpdater: Could not find generated setter for class com.facebook.react.views.view.ReactViewManager
11-04 07:00:19.150 20376 20407 W unknown:ViewManagerPropertyUpdater: Could not find generated setter for class com.horcrux.svg.SvgViewManager
11-04 07:00:19.152 20376 20407 W unknown:ViewManagerPropertyUpdater: Could not find generated setter for class com.facebook.react.views.switchview.ReactSwitchManager
11-04 07:00:19.152 20376 20407 W unknown:ViewManagerPropertyUpdater: Could not find generated setter for class com.facebook.react.views.switchview.ReactSwitchShadowNode
11-04 07:00:19.153 20376 20407 W unknown:ViewManagerPropertyUpdater: Could not find generated setter for class com.horcrux.svg.RenderableViewManager$UseViewManager
11-04 07:00:19.155 20376 20407 W unknown:ViewManagerPropertyUpdater: Could not find generated setter for class com.horcrux.svg.RenderableViewManager$CircleViewManager
11-04 07:00:19.156 20376 20407 W unknown:ViewManagerPropertyUpdater: Could not find generated setter for class com.horcrux.svg.RenderableViewManager$TSpanViewManager
11-04 07:00:19.158 20376 20407 W unknown:ViewManagerPropertyUpdater: Could not find generated setter for class com.horcrux.svg.RenderableViewManager$FilterManager
11-04 07:00:19.159 20376 20407 W unknown:ViewManagerPropertyUpdater: Could not find generated setter for class com.horcrux.svg.RenderableViewManager$MarkerManager
11-04 07:00:19.161 20376 20407 W unknown:ViewManagerPropertyUpdater: Could not find generated setter for class com.swmansion.gesturehandler.react.RNGestureHandlerButtonViewManager
11-04 07:00:19.163 20376 20407 W unknown:ViewManagerPropertyUpdater: Could not find generated setter for class com.facebook.react.views.modal.ReactModalHostManager
11-04 07:00:19.164 20376 20407 W unknown:ViewManagerPropertyUpdater: Could not find generated setter for class com.horcrux.svg.RenderableViewManager$ForeignObjectManager
11-04 07:00:19.166 20376 20407 W unknown:ViewManagerPropertyUpdater: Could not find generated setter for class com.horcrux.svg.RenderableViewManager$EllipseViewManager
11-04 07:00:19.167 20376 20407 W unknown:ViewManagerPropertyUpdater: Could not find generated setter for class com.horcrux.svg.RenderableViewManager$LineViewManager
11-04 07:00:19.169 20376 20407 W unknown:ViewManagerPropertyUpdater: Could not find generated setter for class com.facebook.react.views.text.frescosupport.FrescoBasedReactTextInlineImageViewManager
11-04 07:00:19.169 20376 20407 W unknown:ViewManagerPropertyUpdater: Could not find generated setter for class com.facebook.react.views.text.frescosupport.FrescoBasedReactTextInlineImageShadowNode
11-04 07:00:19.170 20376 20407 W unknown:ViewManagerPropertyUpdater: Could not find generated setter for class com.horcrux.svg.RenderableViewManager$FeFloodManager
11-04 07:00:19.171 20376 20407 W unknown:ViewManagerPropertyUpdater: Could not find generated setter for class com.horcrux.svg.RenderableViewManager$GroupViewManager
11-04 07:00:19.173 20376 20407 W unknown:ViewManagerPropertyUpdater: Could not find generated setter for class com.horcrux.svg.RenderableViewManager$TextViewManager
11-04 07:00:19.174 20376 20407 W unknown:ViewManagerPropertyUpdater: Could not find generated setter for class com.horcrux.svg.RenderableViewManager$ImageViewManager
11-04 07:00:19.176 20376 20407 W unknown:ViewManagerPropertyUpdater: Could not find generated setter for class com.horcrux.svg.RenderableViewManager$FeCompositeManager
11-04 07:00:19.177 20376 20407 W unknown:ViewManagerPropertyUpdater: Could not find generated setter for class com.facebook.react.views.image.ReactImageManager
11-04 07:00:19.179 20376 20407 W unknown:ViewManagerPropertyUpdater: Could not find generated setter for class com.horcrux.svg.RenderableViewManager$RadialGradientManager
11-04 07:00:19.180 20376 20407 W unknown:ViewManagerPropertyUpdater: Could not find generated setter for class com.horcrux.svg.RenderableViewManager$MaskManager
11-04 07:00:19.182 20376 20407 W unknown:ViewManagerPropertyUpdater: Could not find generated setter for class com.facebook.react.views.unimplementedview.ReactUnimplementedViewManager
11-04 07:00:19.183 20376 20407 W unknown:ViewManagerPropertyUpdater: Could not find generated setter for class com.horcrux.svg.RenderableViewManager$RectViewManager
11-04 07:00:19.184 20376 20407 W unknown:ViewManagerPropertyUpdater: Could not find generated setter for class com.horcrux.svg.RenderableViewManager$TextPathViewManager
11-04 07:00:19.186 20376 20407 W unknown:ViewManagerPropertyUpdater: Could not find generated setter for class com.facebook.react.views.scroll.ReactScrollViewManager
11-04 07:00:19.188 20376 20407 W unknown:ViewManagerPropertyUpdater: Could not find generated setter for class com.horcrux.svg.RenderableViewManager$FeOffsetManager
11-04 07:00:19.189 20376 20407 W unknown:ViewManagerPropertyUpdater: Could not find generated setter for class com.horcrux.svg.RenderableViewManager$PathViewManager
11-04 07:00:19.191 20376 20407 W unknown:ViewManagerPropertyUpdater: Could not find generated setter for class com.facebook.react.views.drawer.ReactDrawerLayoutManager
11-04 07:00:19.192 20376 20407 W unknown:ViewManagerPropertyUpdater: Could not find generated setter for class com.facebook.react.views.text.ReactVirtualTextViewManager
11-04 07:00:19.192 20376 20407 W unknown:ViewManagerPropertyUpdater: Could not find generated setter for class com.facebook.react.views.text.ReactVirtualTextShadowNode
11-04 07:00:19.194 20376 20407 W unknown:ViewManagerPropertyUpdater: Could not find generated setter for class com.facebook.react.views.swiperefresh.SwipeRefreshLayoutManager
11-04 07:00:19.195 20376 20407 W unknown:ViewManagerPropertyUpdater: Could not find generated setter for class com.facebook.react.views.text.ReactRawTextManager
11-04 07:00:19.195 20376 20407 W unknown:ViewManagerPropertyUpdater: Could not find generated setter for class com.facebook.react.views.text.ReactRawTextShadowNode
11-04 07:00:19.195 20376 20407 W unknown:ViewManagerPropertyUpdater: Could not find generated setter for class com.facebook.react.views.textinput.ReactTextInputManager
11-04 07:00:19.196 20376 20407 W unknown:ViewManagerPropertyUpdater: Could not find generated setter for class com.facebook.react.views.textinput.ReactTextInputShadowNode
11-04 07:00:19.198 20376 20407 W unknown:ViewManagerPropertyUpdater: Could not find generated setter for class com.swmansion.gesturehandler.react.RNGestureHandlerRootViewManager
11-04 07:00:19.203 20376 20407 W BridgelessReactContext: [WARNING] Bridgeless doesn't support CatalystInstance. Accessing an API that's not part of the new architecture is not encouraged usage.
11-04 07:00:19.207 20376 20407 I ExpoModulesCore:  JSI interop was installed
11-04 07:00:19.215 20376 20407 I ExpoModulesCore:  Constants were exported
11-04 07:00:19.251 20376 20407 D nativeloader: Load /data/app/~~MUNzdzkQKR6TN5SV9iV07g==/app.rork.dominder_android_reminder_app-btRaRTB7N5wLTKgiQW7Vkg==/base.apk!/lib/arm64-v8a/librnscreens.so using class loader ns clns-4 (caller=/data/app/~~MUNzdzkQKR6TN5SV9iV07g==/app.rork.dominder_android_reminder_app-btRaRTB7N5wLTKgiQW7Vkg==/base.apk!classes3.dex): ok
11-04 07:00:19.258 20376 20407 I ReactNativeJS: '[NotificationService] AlarmModule availability:', 'Available'
11-04 07:00:19.258 20376 20407 I ReactNativeJS: '[NotificationService] AlarmModule methods:', [ 'scheduleAlarm' ]
11-04 07:00:19.258 20376 20407 I ReactNativeJS: Running "main"
11-04 07:00:19.277 20376 20407 D nativeloader: Load /data/app/~~MUNzdzkQKR6TN5SV9iV07g==/app.rork.dominder_android_reminder_app-btRaRTB7N5wLTKgiQW7Vkg==/base.apk!/lib/arm64-v8a/libworklets.so using class loader ns clns-4 (caller=/data/app/~~MUNzdzkQKR6TN5SV9iV07g==/app.rork.dominder_android_reminder_app-btRaRTB7N5wLTKgiQW7Vkg==/base.apk!classes2.dex): ok
11-04 07:00:19.284 20376 20407 D nativeloader: Load /data/app/~~MUNzdzkQKR6TN5SV9iV07g==/app.rork.dominder_android_reminder_app-btRaRTB7N5wLTKgiQW7Vkg==/base.apk!/lib/arm64-v8a/libreanimated.so using class loader ns clns-4 (caller=/data/app/~~MUNzdzkQKR6TN5SV9iV07g==/app.rork.dominder_android_reminder_app-btRaRTB7N5wLTKgiQW7Vkg==/base.apk!classes2.dex): ok
11-04 07:00:19.287 20376 20407 W System.err: java.lang.NoSuchFieldException: No field mIsFinished in class Lcom/facebook/react/bridge/queue/MessageQueueThreadImpl; (declaration of 'com.facebook.react.bridge.queue.MessageQueueThreadImpl' appears in /data/app/~~MUNzdzkQKR6TN5SV9iV07g==/app.rork.dominder_android_reminder_app-btRaRTB7N5wLTKgiQW7Vkg==/base.apk!classes2.dex)
11-04 07:00:19.287 20376 20407 W System.err: 	at java.lang.Class.getDeclaredField(Native Method)
11-04 07:00:19.287 20376 20407 W System.err: 	at com.swmansion.worklets.WorkletsMessageQueueThreadBase.quitSynchronous(WorkletsMessageQueueThreadBase.java:54)
11-04 07:00:19.288 20376 20407 W System.err: 	at com.swmansion.reanimated.NativeProxy.initHybrid(Native Method)
11-04 07:00:19.288 20376 20407 W System.err: 	at com.swmansion.reanimated.NativeProxy.<init>(NativeProxy.java:47)
11-04 07:00:19.288 20376 20407 W System.err: 	at com.swmansion.reanimated.NodesManager.initWithContext(NodesManager.java:148)
11-04 07:00:19.288 20376 20407 W System.err: 	at com.swmansion.reanimated.ReanimatedModule.installTurboModule(ReanimatedModule.java:159)
11-04 07:00:19.288 20376 20407 W System.err: 	at com.facebook.jni.NativeRunnable.run(Native Method)
11-04 07:00:19.288 20376 20407 W System.err: 	at android.os.Handler.handleCallback(Handler.java:984)
11-04 07:00:19.288 20376 20407 W System.err: 	at android.os.Handler.dispatchMessage(Handler.java:104)
11-04 07:00:19.288 20376 20407 W System.err: 	at com.facebook.react.bridge.queue.MessageQueueThreadHandler.dispatchMessage(MessageQueueThreadHandler.kt:20)
11-04 07:00:19.288 20376 20407 W System.err: 	at android.os.Looper.loopOnce(Looper.java:238)
11-04 07:00:19.288 20376 20407 W System.err: 	at android.os.Looper.loop(Looper.java:357)
11-04 07:00:19.288 20376 20407 W System.err: 	at com.facebook.react.bridge.queue.MessageQueueThreadImpl$Companion.startNewBackgroundThread$lambda$1(MessageQueueThreadImpl.kt:175)
11-04 07:00:19.288 20376 20407 W System.err: 	at com.facebook.react.bridge.queue.MessageQueueThreadImpl$Companion.$r8$lambda$ldnZnqelhYFctGaUKkOKYj5rxo4(Unknown Source:0)
11-04 07:00:19.288 20376 20407 W System.err: 	at com.facebook.react.bridge.queue.MessageQueueThreadImpl$Companion$$ExternalSyntheticLambda0.run(D8$$SyntheticClass:0)
11-04 07:00:19.288 20376 20407 W System.err: 	at java.lang.Thread.run(Thread.java:1119)
11-04 07:00:19.376 20376 20407 I ReactNativeJS: [useAlarmListeners] Setting up native alarm event listeners...
11-04 07:00:19.376 20376 20407 I ReactNativeJS: [AlarmSync] Hook initialized
11-04 07:00:19.376 20376 20407 I ReactNativeJS: [AlarmSync] Checking for completed alarms...
11-04 07:00:19.377 20376 20407 I ReactNativeJS: [RootLayout] Setting up notification handlers
11-04 07:00:19.377 20376 20407 I ReactNativeJS: [Dominder-Debug] Ensuring base notification channels
11-04 07:00:19.377 20376 20407 I ReactNativeJS: '[Dominder-Debug] Creating channel:', '{"id":"standard-v2","name":"Standard Notifications","importance":4,"sound":"default","vibration":true}'
11-04 07:00:19.378 20376 20408 D DoMinderDebug: AlarmModule: Retrieved 0 completed alarms
11-04 07:00:19.380 20376 20407 I ReactNativeJS: '[AlarmSync] Found completed alarms:', 0
11-04 07:00:19.381 20376 20407 I ReactNativeJS: '[RootLayout] Initial notification:', null
11-04 07:00:19.381 20376 20408 D DoMinderDebug: AlarmModule: Retrieved 0 snoozed alarms
11-04 07:00:19.381 20376 20407 I ReactNativeJS: '[Dominder-Debug] Creating channel:', '{"id":"silent-v2","name":"Silent Notifications","importance":2,"vibration":false}'
11-04 07:00:19.381 20376 20407 I ReactNativeJS: '[AlarmSync] Found snoozed alarms:', 0
11-04 07:00:19.382 20376 20407 I ReactNativeJS: '[Dominder-Debug] Creating channel:', '{"id":"alarm-v2","name":"Alarms","importance":4,"sound":"default","vibration":true,"bypassDnd":true}'
11-04 07:00:19.383 20376 20376 D VRI[MainActivity]: update {(0,0)(fillxfill) sim={adjust=resize forwardNavigation} ty=BASE_APPLICATION wanim=0x10302fd
11-04 07:00:19.383 20376 20376 D VRI[MainActivity]:   fl=LAYOUT_IN_SCREEN LAYOUT_INSET_DECOR SPLIT_TOUCH HARDWARE_ACCELERATED DRAWS_SYSTEM_BAR_BACKGROUNDS
11-04 07:00:19.383 20376 20376 D VRI[MainActivity]:   pfl=NO_MOVE_ANIMATION FORCE_DRAW_STATUS_BAR_BACKGROUND FIT_INSETS_CONTROLLED
11-04 07:00:19.383 20376 20376 D VRI[MainActivity]:   bhv=DEFAULT
11-04 07:00:19.383 20376 20376 D VRI[MainActivity]:   fitSides=} by setLayoutParams
11-04 07:00:19.385 20376 20376 D VRI[MainActivity]: update {(0,0)(fillxfill) sim={adjust=resize forwardNavigation} ty=BASE_APPLICATION wanim=0x10302fd
11-04 07:00:19.385 20376 20376 D VRI[MainActivity]:   fl=LAYOUT_IN_SCREEN FORCE_NOT_FULLSCREEN LAYOUT_INSET_DECOR SPLIT_TOUCH HARDWARE_ACCELERATED DRAWS_SYSTEM_BAR_BACKGROUNDS
11-04 07:00:19.385 20376 20376 D VRI[MainActivity]:   pfl=NO_MOVE_ANIMATION FORCE_DRAW_STATUS_BAR_BACKGROUND FIT_INSETS_CONTROLLED
11-04 07:00:19.385 20376 20376 D VRI[MainActivity]:   bhv=DEFAULT
11-04 07:00:19.385 20376 20376 D VRI[MainActivity]:   fitSides=} by setLayoutParams
11-04 07:00:19.386 20376 20376 D VRI[MainActivity]: update {(0,0)(fillxfill) sim={adjust=resize forwardNavigation} ty=BASE_APPLICATION wanim=0x10302fd
11-04 07:00:19.386 20376 20376 D VRI[MainActivity]:   fl=LAYOUT_IN_SCREEN FORCE_NOT_FULLSCREEN LAYOUT_INSET_DECOR SPLIT_TOUCH HARDWARE_ACCELERATED DRAWS_SYSTEM_BAR_BACKGROUNDS
11-04 07:00:19.386 20376 20376 D VRI[MainActivity]:   pfl=NO_MOVE_ANIMATION FORCE_DRAW_STATUS_BAR_BACKGROUND FIT_INSETS_CONTROLLED
11-04 07:00:19.386 20376 20376 D VRI[MainActivity]:   bhv=DEFAULT
11-04 07:00:19.386 20376 20376 D VRI[MainActivity]:   fitSides=} by setLayoutParams
11-04 07:00:19.407 20376 20407 I ReactNativeJS: '[ReminderEngine] Processing reminders, count:', 0
11-04 07:00:19.408 20376 20376 W [RNScreens]: backTitle prop is not available on Android
11-04 07:00:19.408 20376 20376 W [RNScreens]: backTitleFontFamily prop is not available on Android
11-04 07:00:19.408 20376 20376 W [RNScreens]: disableBackButtonMenu prop is not available on Android
11-04 07:00:19.408 20376 20376 W [RNScreens]: backTitleVisible prop is not available on Android
11-04 07:00:19.408 20376 20376 W [RNScreens]: largeTitleHideShadow prop is not available on Android
11-04 07:00:19.409 20376 20376 W [RNScreens]: largeTitleFontWeight prop is not available on Android
11-04 07:00:19.409 20376 20376 W [RNScreens]: largeTitleFontFamily prop is not available on Android
11-04 07:00:19.454 20376 20376 D CompatibilityChangeReporter: Compat change id reported: 171228096; UID 10879; state: ENABLED
11-04 07:00:19.497 20376 20407 E ReactNativeJS: Error: Rendered fewer hooks than expected. This may be caused by an accidental early return statement.
11-04 07:00:19.497 20376 20407 E ReactNativeJS: 
11-04 07:00:19.497 20376 20407 E ReactNativeJS: This error is located at:
11-04 07:00:19.497 20376 20407 E ReactNativeJS:     at SceneView (address at index.android.bundle:1:946046)
11-04 07:00:19.497 20376 20407 E ReactNativeJS:     at RNSScreenContentWrapper (<anonymous>)
11-04 07:00:19.497 20376 20407 E ReactNativeJS:     at ScreenContentWrapper (<anonymous>)
11-04 07:00:19.497 20376 20407 E ReactNativeJS:     at DebugContainer (<anonymous>)
11-04 07:00:19.497 20376 20407 E ReactNativeJS:     at RNSScreen (<anonymous>)
11-04 07:00:19.497 20376 20407 E ReactNativeJS:     at anonymous (address at index.android.bundle:1:586528)
11-04 07:00:19.497 20376 20407 E ReactNativeJS:     at Suspender (address at index.android.bundle:1:1044549)
11-04 07:00:19.497 20376 20407 E ReactNativeJS:     at Suspense (<anonymous>)
11-04 07:00:19.497 20376 20407 E ReactNativeJS:     at Freeze (address at index.android.bundle:1:1044610)
11-04 07:00:19.497 20376 20407 E ReactNativeJS:     at DelayedFreeze (address at index.android.bundle:1:1043804)
11-04 07:00:19.497 20376 20407 E ReactNativeJS:     at InnerScreen (address at index.android.bundle:1:1041415)
11-04 07:00:19.497 20376 20407 E ReactNativeJS:     at anonymous (address at index.android.bundle:1:1043082)
11-04 07:00:19.497 20376 20407 E ReactNativeJS:     at ScreenStackItem (address at index.android.bundle:1:1053327)
11-04 07:00:19.497 20376 20407 E ReactNativeJS:     at SceneView (address at index.android.bundle:1:984745)
11-04 07:00:19.497 20376 20407 E ReactNativeJS:     at RNSScreenStack (<anonymous>)
11-04 07:00:19.497 20376 20407 E ReactNativeJS:     at anonymous (address at index.android.bundle:1:1052304)
11-04 07:00:19.497 20376 20407 E ReactNativeJS:     at ScreenStack (address at index.android.bundle:1:1051583)
11-04 07:00:19.497 20376 20407 E ReactNativeJS:     at FrameSizeProviderInner (address at index.android.bundle:1:1023590)
11-04 07:00:19.497 20376 20407 E ReactNativeJS:     at FrameSizeProvider (address at index.android.bundle:1:1023511)
11-04 07:00:19.497 20376 20407 E ReactNativeJS:     at RCTView (<anonymous>)
11-04 07:00:19.497 20376 20407 E ReactNativeJS:     at anonymous (address at index.android.bundle:1:406356)
11-04 07:00:19.497 20376 20407 E ReactNativeJS:     at SafeAreaProviderCompat (address at index.android.bundle:1:1036597)
11-04 07:00:19.497 20376 20407 E ReactNativeJS:     at NativeStackView (address at index.android.bundle:1:983326)
11-04 07:00:19.497 20376 20407 E ReactNativeJS:     at PreventRemoveProvider (address at index.android.bundle:1:925545)
11-04 07:00:19.497 20376 20407 E ReactNativeJS:     at NavigationStateListenerProvider (address at index.android.bundle:1:955106)
11-04 07:00:19.497 20376 20407 E ReactNativeJS:     at NavigationContent (address at index.android.bundle:1:942415)
11-04 07:00:19.497 20376 20407 E ReactNativeJS:     at anonymous (address at index.android.bundle:1:942318)
11-04 07:00:19.497 20376 20407 E ReactNativeJS:     at NativeStackNavigator (address at index.android.bundle:1:981935)
11-04 07:00:19.497 20376 20407 E ReactNativeJS:     at anonymous (address at index.android.bundle:1:1061912)
11-04 07:00:19.497 20376 20407 E ReactNativeJS:     at RootLayoutNav (<anonymous>)
11-04 07:00:19.497 20376 20407 E ReactNativeJS:     at anonymous (address at index.android.bundle:1:1654765)
11-04 07:00:19.497 20376 20407 E ReactNativeJS:     at RNGestureHandlerRootView (<anonymous>)
11-04 07:00:19.497 20376 20407 E ReactNativeJS:     at GestureHandlerRootView (address at index.android.bundle:1:1580465)
11-04 07:00:19.497 20376 20407 E ReactNativeJS:     at ErrorBoundaryImpl (address at index.android.bundle:1:1675110)
11-04 07:00:19.497 20376 20407 E ReactNativeJS:     at ErrorBoundary (<anonymous>)
11-04 07:00:19.497 20376 20407 E ReactNativeJS:     at anonymous (address at index.android.bundle:1:1654765)
11-04 07:00:19.497 20376 20407 E ReactNativeJS:     at AppContent (address at index.android.bundle:1:1178302)
11-04 07:00:19.497 20376 20407 E ReactNativeJS:     at QueryClientProvider (address at index.android.bundle:1:1248057)
11-04 07:00:19.497 20376 20407 E ReactNativeJS:     at RootLayout (<anonymous>)
11-04 07:00:19.497 20376 20407 E ReactNativeJS:     at Suspense (<anonymous>)
11-04 07:00:19.497 20376 20407 E ReactNativeJS:     at Route (address at index.android.bundle:1:1062986)
11-04 07:00:19.497 20376 20407 E ReactNativeJS:     at BaseRoute (address at index.android.bundle:1:1066863)
11-04 07:00:19.497 20376 20407 E ReactNativeJS:     at StaticContainer (address at index.android.bundle:1:948510)
11-04 07:00:19.497 20376 20407 E ReactNativeJS:     at EnsureSingleNavigator (address at index.android.bundle:1:889884)
11-04 07:00:19.497 20376 20407 E ReactNativeJS:     at SceneView (address at index.android.bundle:1:946046)
11-04 07:00:19.497 20376 20407 E ReactNativeJS:     at PreventRemoveProvider (address at index.android.bundle:1:925545)
11-04 07:00:19.497 20376 20407 E ReactNativeJS:     at NavigationStateListenerProvider (address at index.android.bundle:1:955106)
11-04 07:00:19.497 20376 20407 E ReactNativeJS:     at NavigationContent (address at index.android.bundle:1:942415)
11-04 07:00:19.497 20376 20407 E ReactNativeJS:     at anonymous (address at index.android.bundle:1:942318)
11-04 07:00:19.497 20376 20407 E ReactNativeJS:     at Content (address at index.android.bundle:1:1169698)
11-04 07:00:19.497 20376 20407 E ReactNativeJS:     at RNCSafeAreaProvider (<anonymous>)
11-04 07:00:19.497 20376 20407 E ReactNativeJS:     at SafeAreaProvider (address at index.android.bundle:1:1020065)
11-04 07:00:19.497 20376 20407 E ReactNativeJS:     at wrapper (address at index.android.bundle:1:1168761)
11-04 07:00:19.497 20376 20407 E ReactNativeJS:     at ThemeProvider (address at index.android.bundle:1:893114)
11-04 07:00:19.497 20376 20407 E ReactNativeJS:     at EnsureSingleNavigator (address at index.android.bundle:1:889884)
11-04 07:00:19.497 20376 20407 E ReactNativeJS:     at BaseNavigationContainer (address at index.android.bundle:1:868360)
11-04 07:00:19.497 20376 20407 E ReactNativeJS:     at NavigationContainerInner (address at index.android.bundle:1:1171503)
11-04 07:00:19.497 20376 20407 E ReactNativeJS:     at ContextNavigator (address at index.android.bundle:1:1168959)
11-04 07:00:19.497 20376 20407 E ReactNativeJS:     at ExpoRoot (address at index.android.bundle:1:1168668)
11-04 07:00:19.497 20376 20407 E ReactNativeJS:     at App (<anonymous>)
11-04 07:00:19.497 20376 20407 E ReactNativeJS:     at RCTView (<anonymous>)
11-04 07:00:19.497 20376 20407 E ReactNativeJS:     at anonymous (address at index.android.bundle:1:406356)
11-04 07:00:19.497 20376 20407 E ReactNativeJS:     at AppContainer (address at index.android.bundle:1:405556), js engine: hermes
11-04 07:00:19.498 20376 20407 E ReactNativeJS: '[ErrorBoundary] caught', { [Error: Rendered fewer hooks than expected. This may be caused by an accidental early return statement.]
