12-25 11:14:33.275 12609 12643 D jni_lib_merge: Preparing to register libturbomodulejsijni_so.  onload_func: 0x783d54787c
12-25 11:14:33.275 12609 12643 D jni_lib_merge: Preparing to register libuimanagerjni_so.  onload_func: 0x783d54ed94
12-25 11:14:33.275 12609 12643 D jni_lib_merge: Preparing to register libyoga_so.  onload_func: 0x783d5541e8
12-25 11:14:33.275 12609 12643 D jni_lib_merge: About to register 10 actual methods.
12-25 11:14:33.284 12609 12643 I ReactNativeJS: '[RootLayout] Foreground event:', { type: 7, pressAction: undefined }
12-25 11:14:33.285 12609 12609 D VRI[MainActivity]: update {(0,0)(fillxfill) gr=CENTER sim={adjust=resize} ty=APPLICATION fmt=TRANSPARENT wanim=0x7f11012e
12-25 11:14:33.285 12609 12609 D VRI[MainActivity]:   fl=LAYOUT_IN_SCREEN LAYOUT_INSET_DECOR SPLIT_TOUCH HARDWARE_ACCELERATED DRAWS_SYSTEM_BAR_BACKGROUNDS
12-25 11:14:33.285 12609 12609 D VRI[MainActivity]:   pfl=NO_MOVE_ANIMATION FORCE_DRAW_STATUS_BAR_BACKGROUND FIT_INSETS_CONTROLLED
12-25 11:14:33.285 12609 12609 D VRI[MainActivity]:   bhv=DEFAULT
12-25 11:14:33.285 12609 12609 D VRI[MainActivity]:   fitSides=} by setLayoutParams
12-25 11:14:33.286 12609 12609 D VRI[MainActivity]: update {(0,0)(fillxfill) gr=CENTER sim={adjust=resize} ty=APPLICATION fmt=TRANSPARENT wanim=0x7f11012e
12-25 11:14:33.286 12609 12609 D VRI[MainActivity]:   fl=LAYOUT_IN_SCREEN LAYOUT_INSET_DECOR SPLIT_TOUCH HARDWARE_ACCELERATED DRAWS_SYSTEM_BAR_BACKGROUNDS
12-25 11:14:33.286 12609 12609 D VRI[MainActivity]:   pfl=NO_MOVE_ANIMATION FORCE_DRAW_STATUS_BAR_BACKGROUND FIT_INSETS_CONTROLLED
12-25 11:14:33.286 12609 12609 D VRI[MainActivity]:   bhv=DEFAULT
12-25 11:14:33.286 12609 12609 D VRI[MainActivity]:   fitSides=} by setLayoutParams
12-25 11:14:37.887 12609 12858 D ProfileInstaller: Installing profile for app.rork.dominder_android_reminder_app
12-25 11:14:41.942 12609 12616 W System  : A resource failed to call release. 
12-25 11:14:53.752 12609 12609 W unknown:BridgelessReact: ReactHost{0}.onUserLeaveHint(activity)
12-25 11:14:53.754 12609 12609 W unknown:BridgelessReact: ReactHost{0}.onHostPause(activity)
12-25 11:14:53.754 12609 12609 W unknown:BridgelessReact: ReactContext.onHostPause()
12-25 11:14:57.726 12609 12609 W unknown:BridgelessReact: ReactHost{0}.onHostResume(activity)
12-25 11:14:57.726 12609 12609 W unknown:BridgelessReact: ReactContext.onHostResume()
12-25 11:14:57.727 12609 12643 I ReactNativeJS: [AlarmSync] App became active, syncing...
12-25 11:14:57.727 12609 12643 I ReactNativeJS: [AlarmSync] Checking for completed alarms...
12-25 11:14:57.728 12609 12644 D DoMinderDebug: AlarmModule: Retrieved 0 completed alarms
12-25 11:14:57.730 12609 12643 I ReactNativeJS: '[AlarmSync] Found completed alarms:', 0
12-25 11:14:57.731 12609 12644 D DoMinderDebug: AlarmModule: Retrieved 0 snoozed alarms
12-25 11:14:57.732 12609 12643 I ReactNativeJS: '[AlarmSync] Found snoozed alarms:', 0
12-25 11:14:57.739 12609 12609 D VRI[MainActivity]: update {(0,0)(fillxfill) gr=CENTER sim={adjust=resize} ty=APPLICATION fmt=TRANSPARENT wanim=0x7f11012e
12-25 11:14:57.739 12609 12609 D VRI[MainActivity]:   fl=LAYOUT_IN_SCREEN LAYOUT_INSET_DECOR SPLIT_TOUCH HARDWARE_ACCELERATED DRAWS_SYSTEM_BAR_BACKGROUNDS
12-25 11:14:57.739 12609 12609 D VRI[MainActivity]:   pfl=NO_MOVE_ANIMATION FORCE_DRAW_STATUS_BAR_BACKGROUND FIT_INSETS_CONTROLLED
12-25 11:14:57.739 12609 12609 D VRI[MainActivity]:   bhv=DEFAULT
12-25 11:14:57.739 12609 12609 D VRI[MainActivity]:   fitSides=} by setLayoutParams
12-25 11:14:57.741 12609 12609 D VRI[MainActivity]: update {(0,0)(fillxfill) gr=CENTER sim={adjust=resize} ty=APPLICATION fmt=TRANSPARENT wanim=0x7f11012e
12-25 11:14:57.741 12609 12609 D VRI[MainActivity]:   fl=LAYOUT_IN_SCREEN LAYOUT_INSET_DECOR SPLIT_TOUCH HARDWARE_ACCELERATED DRAWS_SYSTEM_BAR_BACKGROUNDS
12-25 11:14:57.741 12609 12609 D VRI[MainActivity]:   pfl=NO_MOVE_ANIMATION FORCE_DRAW_STATUS_BAR_BACKGROUND FIT_INSETS_CONTROLLED
12-25 11:14:57.741 12609 12609 D VRI[MainActivity]:   bhv=DEFAULT
12-25 11:14:57.741 12609 12609 D VRI[MainActivity]:   fitSides=} by setLayoutParams
12-25 11:15:02.931 12609 12643 I ReactNativeJS: [AlarmSync] Checking for completed alarms...
12-25 11:15:02.932 12609 12644 D DoMinderDebug: AlarmModule: Retrieved 0 completed alarms
12-25 11:15:02.932 12609 12643 I ReactNativeJS: '[AlarmSync] Found completed alarms:', 0
12-25 11:15:02.933 12609 12644 D DoMinderDebug: AlarmModule: Retrieved 0 snoozed alarms
12-25 11:15:02.933 12609 12643 I ReactNativeJS: '[AlarmSync] Found snoozed alarms:', 0
12-25 11:15:02.989 12609 12643 I ReactNativeJS: '[ReminderEngine] Processing reminders, count:', 0
12-25 11:15:17.139 12609 12637 D Surface : Surface::disconnect
12-25 11:15:17.139 12609 12637 D BufferQueueProducer: [VRI[MainActivity]#1(BLAST Consumer)1](id:314100000001,api:1,p:12609,c:12609) disconnect: api 1
12-25 11:15:17.188 12609 12643 E ReactNativeJS: TypeError: undefined is not a function
12-25 11:15:17.188 12609 12643 E ReactNativeJS: 
12-25 11:15:17.188 12609 12643 E ReactNativeJS: This error is located at:
12-25 11:15:17.188 12609 12643 E ReactNativeJS:     at OnboardingFlow (address at index.android.bundle:1:2001298)
12-25 11:15:17.188 12609 12643 E ReactNativeJS:     at HomeScreen (address at index.android.bundle:1:1826797)
12-25 11:15:17.188 12609 12643 E ReactNativeJS:     at Suspense (<anonymous>)
12-25 11:15:17.188 12609 12643 E ReactNativeJS:     at Route (address at index.android.bundle:1:1501738)
12-25 11:15:17.188 12609 12643 E ReactNativeJS:     at BaseRoute (address at index.android.bundle:1:1505615)
12-25 11:15:17.188 12609 12643 E ReactNativeJS:     at StaticContainer (address at index.android.bundle:1:1387798)
12-25 11:15:17.188 12609 12643 E ReactNativeJS:     at EnsureSingleNavigator (address at index.android.bundle:1:1329155)
12-25 11:15:17.188 12609 12643 E ReactNativeJS:     at SceneView (address at index.android.bundle:1:1385332)
12-25 11:15:17.188 12609 12643 E ReactNativeJS:     at RNSScreenContentWrapper (<anonymous>)
12-25 11:15:17.188 12609 12643 E ReactNativeJS:     at ScreenContentWrapper (<anonymous>)
12-25 11:15:17.188 12609 12643 E ReactNativeJS:     at DebugContainer (<anonymous>)
12-25 11:15:17.188 12609 12643 E ReactNativeJS:     at RNSScreen (<anonymous>)
12-25 11:15:17.188 12609 12643 E ReactNativeJS:     at anonymous (address at index.android.bundle:1:595890)
12-25 11:15:17.188 12609 12643 E ReactNativeJS:     at Suspender (address at index.android.bundle:1:1483546)
12-25 11:15:17.188 12609 12643 E ReactNativeJS:     at Suspense (<anonymous>)
12-25 11:15:17.188 12609 12643 E ReactNativeJS:     at Freeze (address at index.android.bundle:1:1483607)
12-25 11:15:17.188 12609 12643 E ReactNativeJS:     at DelayedFreeze (address at index.android.bundle:1:1482801)
12-25 11:15:17.188 12609 12643 E ReactNativeJS:     at InnerScreen (address at index.android.bundle:1:1480412)
12-25 11:15:17.188 12609 12643 E ReactNativeJS:     at anonymous (address at index.android.bundle:1:1482079)
12-25 11:15:17.188 12609 12643 E ReactNativeJS:     at ScreenStackItem (address at index.android.bundle:1:1492076)
12-25 11:15:17.188 12609 12643 E ReactNativeJS:     at SceneView (address at index.android.bundle:1:1423739)
12-25 11:15:17.188 12609 12643 E ReactNativeJS:     at RNSScreenStack (<anonymous>)
12-25 11:15:17.188 12609 12643 E ReactNativeJS:     at anonymous (address at index.android.bundle:1:1491052)
12-25 11:15:17.188 12609 12643 E ReactNativeJS:     at ScreenStack (address at index.android.bundle:1:1490331)
12-25 11:15:17.188 12609 12643 E ReactNativeJS:     at FrameSizeProviderInner (address at index.android.bundle:1:1462587)
12-25 11:15:17.188 12609 12643 E ReactNativeJS:     at FrameSizeProvider (address at index.android.bundle:1:1462508)
12-25 11:15:17.188 12609 12643 E ReactNativeJS:     at RCTView (<anonymous>)
12-25 11:15:17.188 12609 12643 E ReactNativeJS:     at anonymous (address at index.android.bundle:1:415683)
12-25 11:15:17.188 12609 12643 E ReactNativeJS:     at SafeAreaProviderCompat (address at index.android.bundle:1:1475594)
12-25 11:15:17.188 12609 12643 E ReactNativeJS:     at NativeStackView (address at index.android.bundle:1:1422320)
12-25 11:15:17.188 12609 12643 E ReactNativeJS:     at PreventRemoveProvider (address at index.android.bundle:1:1364825)
12-25 11:15:17.188 12609 12643 E ReactNativeJS:     at NavigationStateListenerProvider (address at index.android.bundle:1:1394394)
12-25 11:15:17.188 12609 12643 E ReactNativeJS:     at NavigationContent (address at index.android.bundle:1:1381699)
12-25 11:15:17.188 12609 12643 E ReactNativeJS:     at anonymous (address at index.android.bundle:1:1381602)
12-25 11:15:17.188 12609 12643 E ReactNativeJS:     at NativeStackNavigator (address at index.android.bundle:1:1420929)
12-25 11:15:17.188 12609 12643 E ReactNativeJS:     at anonymous (address at index.android.bundle:1:1500664)
12-25 11:15:17.188 12609 12643 E ReactNativeJS:     at RootLayoutNav (<anonymous>)
12-25 11:15:17.188 12609 12643 E ReactNativeJS:     at anonymous (address at index.android.bundle:1:1745057)
12-25 11:15:17.188 12609 12643 E ReactNativeJS:     at RNGestureHandlerRootView (<anonymous>)
12-25 11:15:17.188 12609 12643 E ReactNativeJS:     at GestureHandlerRootView (address at index.android.bundle:1:1134844)
12-25 11:15:17.188 12609 12643 E ReactNativeJS:     at ErrorBoundaryImpl (address at index.android.bundle:1:1771486)
12-25 11:15:17.188 12609 12643 E ReactNativeJS:     at ErrorBoundary (<anonymous>)
12-25 11:15:17.188 12609 12643 E ReactNativeJS:     at anonymous (address at index.android.bundle:1:1745057)
12-25 11:15:17.188 12609 12643 E ReactNativeJS:     at AppContent (address at index.android.bundle:1:1617071)
12-25 11:15:17.188 12609 12643 E ReactNativeJS:     at QueryClientProvider (address at index.android.bundle:1:1688198)
12-25 11:15:17.188 12609 12643 E ReactNativeJS:     at RootLayout (<anonymous>)
12-25 11:15:17.188 12609 12643 E ReactNativeJS:     at Suspense (<anonymous>)
12-25 11:15:17.188 12609 12643 E ReactNativeJS:     at Route (address at index.android.bundle:1:1501738)
12-25 11:15:17.188 12609 12643 E ReactNativeJS:     at BaseRoute (address at index.android.bundle:1:1505615)
12-25 11:15:17.188 12609 12643 E ReactNativeJS:     at StaticContainer (address at index.android.bundle:1:1387798)
12-25 11:15:17.188 12609 12643 E ReactNativeJS:     at EnsureSingleNavigator (address at index.android.bundle:1:1329155)
12-25 11:15:17.188 12609 12643 E ReactNativeJS:     at SceneView (address at index.android.bundle:1:1385332)
12-25 11:15:17.188 12609 12643 E ReactNativeJS:     at PreventRemoveProvider (address at index.android.bundle:1:1364825)
12-25 11:15:17.188 12609 12643 E ReactNativeJS:     at NavigationStateListenerProvider (address at index.android.bundle:1:1394394)
12-25 11:15:17.188 12609 12643 E ReactNativeJS:     at NavigationContent (address at index.android.bundle:1:1381699)
12-25 11:15:17.188 12609 12643 E ReactNativeJS:     at anonymous (address at index.android.bundle:1:1381602)
12-25 11:15:17.188 12609 12643 E ReactNativeJS:     at Content (address at index.android.bundle:1:1608451)
12-25 11:15:17.188 12609 12643 E ReactNativeJS:     at RNCSafeAreaProvider (<anonymous>)
12-25 11:15:17.188 12609 12643 E ReactNativeJS:     at SafeAreaProvider (address at index.android.bundle:1:1459060)
12-25 11:15:17.188 12609 12643 E ReactNativeJS:     at wrapper (address at index.android.bundle:1:1607514)
12-25 11:15:17.188 12609 12643 E ReactNativeJS:     at ThemeProvider (address at index.android.bundle:1:1332385)
12-25 11:15:17.188 12609 12643 E ReactNativeJS:     at EnsureSingleNavigator (address at index.android.bundle:1:1329155)
12-25 11:15:17.188 12609 12643 E ReactNativeJS:     at BaseNavigationContainer (address at index.android.bundle:1:1307629)
12-25 11:15:17.188 12609 12643 E ReactNativeJS:     at NavigationContainerInner (address at index.android.bundle:1:1610256)
12-25 11:15:17.188 12609 12643 E ReactNativeJS:     at ContextNavigator (address at index.android.bundle:1:1607712)
12-25 11:15:17.188 12609 12643 E ReactNativeJS:     at ExpoRoot (address at index.android.bundle:1:1607421)
12-25 11:15:17.188 12609 12643 E ReactNativeJS:     at App (<anonymous>)
12-25 11:15:17.188 12609 12643 E ReactNativeJS:     at RCTView (<anonymous>)
12-25 11:15:17.188 12609 12643 E ReactNativeJS:     at anonymous (address at index.android.bundle:1:415683)
12-25 11:15:17.188 12609 12643 E ReactNativeJS:     at AppContainer (address at index.android.bundle:1:414883), js engine: hermes
12-25 11:15:17.191 12609 12643 E ReactNativeJS: '[ErrorBoundary] caught', { [TypeError: undefined is not a function]
12-25 11:15:17.191 12609 12643 E ReactNativeJS:   componentStack: '\n    at OnboardingFlow (address at index.android.bundle:1:2001298)\n    at HomeScreen (address at index.android.bundle:1:1826797)\n    at Suspense (<anonymous>)\n    at Route (address at index.android.bundle:1:1501738)\n    at BaseRoute (address at index.android.bundle:1:1505615)\n    at StaticContainer (address at index.android.bundle:1:1387798)\n    at EnsureSingleNavigator (address at index.android.bundle:1:1329155)\n    at SceneView (address at index.android.bundle:1:1385332)\n    at RNSScreenContentWrapper (<anonymous>)\n    at ScreenContentWrapper (<anonymous>)\n    at DebugContainer (<anonymous>)\n    at RNSScreen (<anonymous>)\n    at anonymous (address at index.android.bundle:1:595890)\n    at Suspender (address at index.android.bundle:1:1483546)\n    at Suspense (<anonymous>)\n    at Freeze (address at index.android.bundle:1:1483607)\n    at DelayedFreeze (address at index.android.bundle:1:1482801)\n    at InnerScreen (address at index.android.bundle:1:1480412)\n    at anonymous (address at index.android.bundle:1:1482079)\n    at ScreenStackItem (address at index.android.bundle:1:1492076)\n    at SceneView (address at index.android.bundle:1:1423739)\n    at RNSScreenStack (<anonymous>)\n    at anonymous (address at index.android.bundle:1:1491052)\n    at ScreenStack (address at index.android.bundle:1:1490331)\n    at FrameSizeProviderInner (address at index.android.bundle:1:1462587)\n    at FrameSizeProvider (address at index.android.bundle:1:1462508)\n    at RCTView (<anonymous>)\n    at anonymous (address at index.android.bundle:1:415683)\n    at SafeAreaProviderCompat (address at index.android.bundle:1:1475594)\n    at NativeStackView (address at index.android.bundle:1:1422320)\n    at PreventRemoveProvider (address at index.android.bundle:1:1364825)\n    at NavigationStateListenerProvider (address at index.android.bundle:1:1394394)\n    at NavigationContent (address at index.android.bundle:1:1381699)\n    at anonymous (address at index.android.bundle:1:1381602)\n    at NativeStackNavigator (address at index.android.bundle:1:1420929)\n    at anonymous (address at index.android.bundle:1:1500664)\n    at RootLayoutNav (<anonymous>)\n    at anonymous (address at index.android.bundle:1:1745057)\n    at RNGestureHandlerRootView (<anonymous>)\n    at GestureHandlerRootView (address at index.android.bundle:1:1134844)\n    at ErrorBoundaryImpl (address at index.android.bundle:1:1771486)\n    at ErrorBoundary (<anonymous>)\n    at anonymous (address at index.android.bundle:1:1745057)\n    at AppContent (address at index.android.bundle:1:1617071)\n    at QueryClientProvider (address at index.android.bundle:1:1688198)\n    at RootLayout (<anonymous>)\n    at Suspense (<anonymous>)\n    at Route (address at index.android.bundle:1:1501738)\n    at BaseRoute (address at index.android.bundle:1:1505615)\n    at StaticContainer (address at index.android.bundle:1:1387798)\n    at EnsureSingleNavigator (address at index.android.bundle:1:1329155)\n    at SceneView (address at index.android.bundle:1:1385332)\n    at PreventRemoveProvider (address at index.android.bundle:1:1364825)\n    at NavigationStateListenerProvider (address at index.android.bundle:1:1394394)\n    at NavigationContent (address at index.android.bundle:1:1381699)\n    at anonymous (address at index.android.bundle:1:1381602)\n    at Content (address at index.android.bundle:1:1608451)\n    at RNCSafeAreaProvider (<anonymous>)\n    at SafeAreaProvider (address at index.android.bundle:1:1459060)\n    at wrapper (address at index.android.bundle:1:1607514)\n    at ThemeProvider (address at index.android.bundle:1:1332385)\n    at EnsureSingleNavigator (address at index.android.bundle:1:1329155)\n    at BaseNavigationContainer (address at index.android.bundle:1:1307629)\n    at NavigationContainerInner (address at index.android.bundle:1:1610256)\n    at ContextNavigator (address at index.android.bundle:1:1607712)\n    at ExpoRoot (address at index.android.bundle:1:1607421)\
12-25 11:15:17.191 12609 12643 E ReactNativeJS:   isComponentError: true }, { componentStack: '\n    at OnboardingFlow (address at index.android.bundle:1:2001298)\n    at HomeScreen (address at index.android.bundle:1:1826797)\n    at Suspense (<anonymous>)\n    at Route (address at index.android.bundle:1:1501738)\n    at BaseRoute (address at index.android.bundle:1:1505615)\n    at StaticContainer (address at index.android.bundle:1:1387798)\n    at EnsureSingleNavigator (address at index.android.bundle:1:1329155)\n    at SceneView (address at index.android.bundle:1:1385332)\n    at RNSScreenContentWrapper (<anonymous>)\n    at ScreenContentWrapper (<anonymous>)\n    at DebugContainer (<anonymous>)\n    at RNSScreen (<anonymous>)\n    at anonymous (address at index.android.bundle:1:595890)\n    at Suspender (address at index.android.bundle:1:1483546)\n    at Suspense (<anonymous>)\n    at Freeze (address at index.android.bundle:1:1483607)\n    at DelayedFreeze (address at index.android.bundle:1:1482801)\n    at InnerScreen (address at index.android.bundle:1:1480412)\n    at anonymous (address at index.android.bundle:1:1482079)\n    at ScreenStackItem (address at index.android.bundle:1:1492076)\n    at SceneView (address at index.android.bundle:1:1423739)\n    at RNSScreenStack (<anonymous>)\n    at anonymous (address at index.android.bundle:1:1491052)\n    at ScreenStack (address at index.android.bundle:1:1490331)\n    at FrameSizeProviderInner (address at index.android.bundle:1:1462587)\n    at FrameSizeProvider (address at index.android.bundle:1:1462508)\n    at RCTView (<anonymous>)\n    at anonymous (address at index.android.bundle:1:415683)\n    at SafeAreaProviderCompat (address at index.android.bundle:1:1475594)\n    at NativeStackView (address at index.android.bundle:1:1422320)\n    at PreventRemoveProvider (address at index.android.bundle:1:1364825)\n    at NavigationStateListenerProvider (address at index.android.bundle:1:1394394)\n    at NavigationContent (address at index.android.bundle:1:1381699)\n    at anonymous (address at index.android.bundle:1:1381602)\n    at NativeStackNavigator (address at index.android.bundle:1:1420929)\n    at anonymous (address at index.android.bundle:1:1500664)\n    at RootLayoutNav (<anonymous>)\n    at anonymous (address at index.android.bundle:1:1745057)\n    at RNGestureHandlerRootView (<anonymous>)\n    at GestureHandlerRootView (address at index.android.bundle:1:1134844)\n    at ErrorBoundaryImpl (address at index.android.bundle:1:1771486)\n    at ErrorBoundary (<anonymous>)\n    at anonymous (address at index.android.bundle:1:1745057)\n    at AppContent (address at index.android.bundle:1:1617071)\n    at QueryClientProvider (address at index.android.bundle:1:1688198)\n    at RootLayout (<anonymous>)\n    at Suspense (<anonymous>)\n    at Route (address at index.android.bundle:1:1501738)\n    at BaseRoute (address at index.android.bundle:1:1505615)\n    at StaticContainer (address at index.android.bundle:1:1387798)\n    at EnsureSingleNavigator (address at index.android.bundle:1:1329155)\n    at SceneView (address at index.android.bundle:1:1385332)\n    at PreventRemoveProvider (address at index.android.bundle:1:1364825)\n    at NavigationStateListenerProvider (address at index.android.bundle:1:1394394)\n    at NavigationContent (address at index.android.bundle:1:1381699)\n    at anonymous (address at index.android.bundle:1:1381602)\n    at Content (address at index.android.bundle:1:1608451)\n    at RNCSafeAreaProvider (<anonymous>)\n    at SafeAreaProvider (address at index.android.bundle:1:1459060)\n    at wrapper (address at index.android.bundle:1:1607514)\n    at ThemeProvider (address at index.android.bundle:1:1332385)\n    at EnsureSingleNavigator (address at index.android.bundle:1:1329155)\n    at BaseNavigationContainer (address at index.android.bundle:1:1307629)\n    at NavigationContainerInner (address at index.android.bundle:1:1610256)\n    at ContextNavigator (address at index.android.bundle:1:1607712)\n    at ExpoRoot (address at index.android.bundle:1:1607421)\n   
12-25 11:15:17.209 12609 12644 E unknown:ReactNative: TypeError: undefined is not a function
12-25 11:15:17.209 12609 12644 E unknown:ReactNative: 
12-25 11:15:17.209 12609 12644 E unknown:ReactNative: This error is located at:
12-25 11:15:17.209 12609 12644 E unknown:ReactNative:     at OnboardingFlow (address at index.android.bundle:1:2001298)
12-25 11:15:17.209 12609 12644 E unknown:ReactNative:     at HomeScreen (address at index.android.bundle:1:1826797)
12-25 11:15:17.209 12609 12644 E unknown:ReactNative:     at Suspense (<anonymous>)
12-25 11:15:17.209 12609 12644 E unknown:ReactNative:     at Route (address at index.android.bundle:1:1501738)
12-25 11:15:17.209 12609 12644 E unknown:ReactNative:     at BaseRoute (address at index.android.bundle:1:1505615)
12-25 11:15:17.209 12609 12644 E unknown:ReactNative:     at StaticContainer (address at index.android.bundle:1:1387798)
12-25 11:15:17.209 12609 12644 E unknown:ReactNative:     at EnsureSingleNavigator (address at index.android.bundle:1:1329155)
12-25 11:15:17.209 12609 12644 E unknown:ReactNative:     at SceneView (address at index.android.bundle:1:1385332)
12-25 11:15:17.209 12609 12644 E unknown:ReactNative:     at RNSScreenContentWrapper (<anonymous>)
12-25 11:15:17.209 12609 12644 E unknown:ReactNative:     at ScreenContentWrapper (<anonymous>)
12-25 11:15:17.209 12609 12644 E unknown:ReactNative:     at DebugContainer (<anonymous>)
12-25 11:15:17.209 12609 12644 E unknown:ReactNative:     at RNSScreen (<anonymous>)
12-25 11:15:17.209 12609 12644 E unknown:ReactNative:     at anonymous (address at index.android.bundle:1:595890)
12-25 11:15:17.209 12609 12644 E unknown:ReactNative:     at Suspender (address at index.android.bundle:1:1483546)
12-25 11:15:17.209 12609 12644 E unknown:ReactNative:     at Suspense (<anonymous>)
12-25 11:15:17.209 12609 12644 E unknown:ReactNative:     at Freeze (address at index.android.bundle:1:1483607)
12-25 11:15:17.209 12609 12644 E unknown:ReactNative:     at DelayedFreeze (address at index.android.bundle:1:1482801)
12-25 11:15:17.209 12609 12644 E unknown:ReactNative:     at InnerScreen (address at index.android.bundle:1:1480412)
12-25 11:15:17.209 12609 12644 E unknown:ReactNative:     at anonymous (address at index.android.bundle:1:1482079)
12-25 11:15:17.209 12609 12644 E unknown:ReactNative:     at ScreenStackItem (address at index.android.bundle:1:1492076)
12-25 11:15:17.209 12609 12644 E unknown:ReactNative:     at SceneView (address at index.android.bundle:1:1423739)
12-25 11:15:17.209 12609 12644 E unknown:ReactNative:     at RNSScreenStack (<anonymous>)
12-25 11:15:17.209 12609 12644 E unknown:ReactNative:     at anonymous (address at index.android.bundle:1:1491052)
12-25 11:15:17.209 12609 12644 E unknown:ReactNative:     at ScreenStack (address at index.android.bundle:1:1490331)
12-25 11:15:17.209 12609 12644 E unknown:ReactNative:     at FrameSizeProviderInner (address at index.android.bundle:1:1462587)
12-25 11:15:17.209 12609 12644 E unknown:ReactNative:     at FrameSizeProvider (address at index.android.bundle:1:1462508)
12-25 11:15:17.209 12609 12644 E unknown:ReactNative:     at RCTView (<anonymous>)
12-25 11:15:17.209 12609 12644 E unknown:ReactNative:     at anonymous (address at index.android.bundle:1:415683)
12-25 11:15:17.209 12609 12644 E unknown:ReactNative:     at SafeAreaProviderCompat (address at index.android.bundle:1:1475594)
12-25 11:15:17.209 12609 12644 E unknown:ReactNative:     at NativeStackView (address at index.android.bundle:1:1422320)
12-25 11:15:17.209 12609 12644 E unknown:ReactNative:     at PreventRemoveProvider (address at index.android.bundle:1:1364825)
12-25 11:15:17.209 12609 12644 E unknown:ReactNative:     at NavigationStateListenerProvider (address at index.android.bundle:1:1394394)
12-25 11:15:17.209 12609 12644 E unknown:ReactNative:     at NavigationContent (address at index.android.bundle:1:1381699)
12-25 11:15:17.209 12609 12644 E unknown:ReactNative:     at anonymous (address at index.android.bundle:1:1381602)
12-25 11:15:17.209 12609 12644 E unknown:ReactNative:     at NativeStackNavigator (address at index.android.bundle:1:1420929)
12-25 11:15:17.209 12609 12644 E unknown:ReactNative:     at anonymous (address at index.android.bundle:1:1500664)
12-25 11:15:17.209 12609 12644 E unknown:ReactNative:     at RootLayoutNav (<anonymous>)
12-25 11:15:17.209 12609 12644 E unknown:ReactNative:     at anonymous (address at index.android.bundle:1:1745057)
12-25 11:15:17.209 12609 12644 E unknown:ReactNative:     at RNGestureHandlerRootView (<anonymous>)
12-25 11:15:17.209 12609 12644 E unknown:ReactNative:     at GestureHandlerRootView (address at index.android.bundle:1:1134844)
12-25 11:15:17.209 12609 12644 E unknown:ReactNative:     at ErrorBoundaryImpl (address at index.android.bundle:1:1771486)
12-25 11:15:17.209 12609 12644 E unknown:ReactNative:     at ErrorBoundary (<anonymous>)
12-25 11:15:17.209 12609 12644 E unknown:ReactNative:     at anonymous (address at index.android.bundle:1:1745057)
12-25 11:15:17.209 12609 12644 E unknown:ReactNative:     at AppContent (address at index.android.bundle:1:1617071)
12-25 11:15:17.209 12609 12644 E unknown:ReactNative:     at QueryClientProvider (address at index.android.bundle:1:1688198)
12-25 11:15:17.209 12609 12644 E unknown:ReactNative:     at RootLayout (<anonymous>)
12-25 11:15:17.209 12609 12644 E unknown:ReactNative:     at Suspense (<anonymous>)
12-25 11:15:17.209 12609 12644 E unknown:ReactNative:     at Route (address at index.android.bundle:1:1501738)
12-25 11:15:17.209 12609 12644 E unknown:ReactNative:     at BaseRoute (address at index.android.bundle:1:1505615)
12-25 11:15:17.209 12609 12644 E unknown:ReactNative:     at StaticContainer (address at index.android.bundle:1:1387798)
12-25 11:15:17.209 12609 12644 E unknown:ReactNative:     at EnsureSingleNavigator (address at index.android.bundle:1:1329155)
12-25 11:15:17.209 12609 12644 E unknown:ReactNative:     at SceneView (address at index.android.bundle:1:1385332)
12-25 11:15:17.209 12609 12644 E unknown:ReactNative:     at PreventRemoveProvider (address at index.android.bundle:1:1364825)
12-25 11:15:17.209 12609 12644 E unknown:ReactNative:     at NavigationStateListenerProvider (address at index.android.bundle:1:1394394)
12-25 11:15:17.209 12609 12644 E unknown:ReactNative:     at NavigationContent (address at index.android.bundle:1:1381699)
12-25 11:15:17.209 12609 12644 E unknown:ReactNative:     at anonymous (address at index.android.bundle:1:1381602)
12-25 11:15:17.209 12609 12644 E unknown:ReactNative:     at Content (address at index.android.bundle:1:1608451)
12-25 11:15:17.209 12609 12644 E unknown:ReactNative:     at RNCSafeAreaProvider (<anonymous>)
12-25 11:15:17.209 12609 12644 E unknown:ReactNative:     at SafeAreaProvider (address at index.android.bundle:1:1459060)
12-25 11:15:17.209 12609 12644 E unknown:ReactNative:     at wrapper (address at index.android.bundle:1:1607514)
12-25 11:15:17.209 12609 12644 E unknown:ReactNative:     at ThemeProvider (address at index.android.bundle:1:1332385)
12-25 11:15:17.209 12609 12644 E unknown:ReactNative:     at EnsureSingleNavigator (address at index.android.bundle:1:1329155)
12-25 11:15:17.209 12609 12644 E unknown:ReactNative:     at BaseNavigationContainer (address at index.android.bundle:1:1307629)
12-25 11:15:17.209 12609 12644 E unknown:ReactNative:     at NavigationContainerInner (address at index.android.bundle:1:1610256)
12-25 11:15:17.209 12609 12644 E unknown:ReactNative:     at ContextNavigator (address at index.android.bundle:1:1607712)
12-25 11:15:17.209 12609 12644 E unknown:ReactNative:     at ExpoRoot (address at index.android.bundle:1:1607421)
12-25 11:15:17.209 12609 12644 E unknown:ReactNative:     at App (<anonymous>)
12-25 11:15:17.209 12609 12644 E unknown:ReactNative:     at RCTView (<anonymous>)
12-25 11:15:17.209 12609 12644 E unknown:ReactNative:     at anonymous (address at index.android.bundle:1:415683)
12-25 11:15:17.209 12609 12644 E unknown:ReactNative:     at AppContainer (address at index.android.bundle:1:414883), js engine: hermes, stack:
12-25 11:15:17.209 12609 12644 E unknown:ReactNative: anonymous@1:2002786
12-25 11:15:17.209 12609 12644 E unknown:ReactNative: commitHookEffectListUnmount@1:276286
12-25 11:15:17.209 12609 12644 E unknown:ReactNative: commitPassiveUnmountOnFiber@1:284284
12-25 11:15:17.209 12609 12644 E unknown:ReactNative: recursivelyTraversePassiveUnmountEffects@1:283985
12-25 11:15:17.209 12609 12644 E unknown:ReactNative: commitPassiveUnmountOnFiber@1:284248
12-25 11:15:17.209 12609 12644 E unknown:ReactNative: recursivelyTraversePassiveUnmountEffects@1:283985
12-25 11:15:17.209 12609 12644 E unknown:ReactNative: commitPassiveUnmountOnFiber@1:284155
12-25 11:15:17.209 12609 12644 E unknown:ReactNative: recursivelyTraversePassiveUnmountEffects@1:283985
12-25 11:15:17.209 12609 12644 E unknown:ReactNative: commitPassiveUnmountOnFiber@1:284077
12-25 11:15:17.209 12609 12644 E unknown:ReactNative: recursivelyTraversePassiveUnmountEffects@1:283985
12-25 11:15:17.209 12609 12644 E unknown:ReactNative: commitPassiveUnmountOnFiber@1:284077
12-25 11:15:17.209 12609 12644 E unknown:ReactNative: recursivelyTraversePassiveUnmountEffects@1:283985
12-25 11:15:17.209 12609 12644 E unknown:ReactNative: commitPassiveUnmountOnFiber@1:284077
12-25 11:15:17.209 12609 12644 E unknown:ReactNative: recursivelyTraversePassiveUnmountEffects@1:283985
12-25 11:15:17.209 12609 12644 E unknown:ReactNative: commitPassiveUnmountOnFiber@1:284248
12-25 11:15:17.209 12609 12644 E unknown:ReactNative: recursivelyTraversePassiveUnmountEffects@1:283985
12-25 11:15:17.209 12609 12644 E unknown:ReactNative: commitPassiveUnmountOnFiber@1:284248
12-25 11:15:17.209 12609 12644 E unknown:ReactNative: recursivelyTraversePassiveUnmountEffects@1:283985
12-25 11:15:17.209 12609 12644 E unknown:ReactNative: commitPassiveUnmountOnFiber@1:284248
12-25 11:15:17.209 12609 12644 E unknown:ReactNative: recursivelyTraversePassiveUnmountEffects@1:283985
12-25 11:15:17.209 12609 12644 E unknown:ReactNative: commitPassiveUnmountOnFiber@1:284077
12-25 11:15:17.209 12609 12644 E unknown:ReactNative: recursivelyTraversePassiveUnmountEffects@1:283985
12-25 11:15:17.209 12609 12644 E unknown:ReactNative: commitPassiveUnmountOnFiber@1:284077
12-25 11:15:17.209 12609 12644 E unknown:ReactNative: recursivelyTraversePassiveUnmountEffects@1:283985
12-25 11:15:17.209 12609 12644 E unknown:ReactNative: commitPassiveUnmountOnFiber@1:284248
12-25 11:15:17.209 12609 12644 E unknown:ReactNative: recursivelyTraversePassiveUnmountEffects@1:283985
12-25 11:15:17.209 12609 12644 E unknown:ReactNative: commitPassiveUnmountOnFiber@1:284077
12-25 11:15:17.209 12609 12644 E unknown:ReactNative: recursivelyTraversePassiveUnmountEffects@1:283985
12-25 11:15:17.209 12609 12644 E unknown:ReactNative: commitPassiveUnmountOnFiber@1:284077
12-25 11:15:17.209 12609 12644 E unknown:ReactNative: recursivelyTraversePassiveUnmountEffects@1:283985
12-25 11:15:17.209 12609 12644 E unknown:ReactNative: commitPassiveUnmountOnFiber@1:284248
12-25 11:15:17.209 12609 12644 E unknown:ReactNative: recursivelyTraversePassiveUnmountEffects@1:283985
12-25 11:15:17.209 12609 12644 E unknown:ReactNative: commitPassiveUnmountOnFiber@1:284077
12-25 11:15:17.209 12609 12644 E unknown:ReactNative: recursivelyTraversePassiveUnmountEffects@1:283985
12-25 11:15:17.209 12609 12644 E unknown:ReactNative: commitPassiveUnmountOnFiber@1:284077
12-25 11:15:17.209 12609 12644 E unknown:ReactNative: recursivelyTraversePassiveUnmountEffects@1:283985
12-25 11:15:17.209 12609 12644 E unknown:ReactNative: commitPassiveUnmountOnFiber@1:284077
12-25 11:15:17.209 12609 12644 E unknown:ReactNative: recursivelyTraversePassiveUnmountEffects@1:283985
12-25 11:15:17.209 12609 12644 E unknown:ReactNative: commitPassiveUnmountOnFiber@1:284077
12-25 11:15:17.209 12609 12644 E unknown:ReactNative: recursivelyTraversePassiveUnmountEffects@1:283985
12-25 11:15:17.209 12609 12644 E unknown:ReactNative: commitPassiveUnmountOnFiber@1:284077
12-25 11:15:17.209 12609 12644 E unknown:ReactNative: recursivelyTraversePassiveUnmountEffects@1:283985
12-25 11:15:17.209 12609 12644 E unknown:ReactNative: commitPassiveUnmountOnFiber@1:284077
12-25 11:15:17.209 12609 12644 E unknown:ReactNative: recursivelyTraversePassiveUnmountEffects@1:283985
12-25 11:15:17.209 12609 12644 E unknown:ReactNative: commitPassiveUnmountOnFiber@1:284077
12-25 11:15:17.209 12609 12644 E unknown:ReactNative: recursivelyTraversePassiveUnmountEffects@1:283985
12-25 11:15:17.209 12609 12644 E unknown:ReactNative: commitPassiveUnmountOnFiber@1:284077
12-25 11:15:17.209 12609 12644 E unknown:ReactNative: recursivelyTraversePassiveUnmountEffects@1:283985
12-25 11:15:17.209 12609 12644 E unknown:ReactNative: commitPassiveUnmountOnFiber@1:284248
12-25 11:15:17.209 12609 12644 E unknown:ReactNative: recursivelyTraversePassiveUnmountEffects@1:283985
12-25 11:15:17.209 12609 12644 E unknown:ReactNative: recursivelyTraversePassiveUnmountEffects@1:283985
12-25 11:15:17.209 12609 12644 E unknown:ReactNative: commitPassiveUnmountOnFiber@1:284248
12-25 11:15:17.209 12609 12644 E unknown:ReactNative: recursivelyTraversePassiveUnmountEffects@1:283985
12-25 11:15:17.209 12609 12644 E unknown:ReactNative: commitPassiveUnmountOnFiber@1:284077
12-25 11:15:17.209 12609 12644 E unknown:ReactNative: recursivelyTraversePassiveUnmountEffects@1:283985
12-25 11:15:17.209 12609 12644 E unknown:ReactNative: commitPassiveUnmountOnFiber@1:284248
12-25 11:15:17.209 12609 12644 E unknown:ReactNative: recursivelyTraversePassiveUnmountEffects@1:283985
12-25 11:15:17.209 12609 12644 E unknown:ReactNative: commitPassiveUnmountOnFiber@1:284077
12-25 11:15:17.209 12609 12644 E unknown:ReactNative: recursivelyTraversePassiveUnmountEffects@1:283985
12-25 11:15:17.209 12609 12644 E unknown:ReactNative: commitPassiveUnmountOnFiber@1:284077
12-25 11:15:17.209 12609 12644 E unknown:ReactNative: recursivelyTraversePassiveUnmountEffects@1:283985
12-25 11:15:17.209 12609 12644 E unknown:ReactNative: commitPassiveUnmountOnFiber@1:284077
12-25 11:15:17.209 12609 12644 E unknown:ReactNative: recursivelyTraversePassiveUnmountEffects@1:283985
12-25 11:15:17.209 12609 12644 E unknown:ReactNative: commitPassiveUnmountOnFiber@1:284077
12-25 11:15:17.209 12609 12644 E unknown:ReactNative: recursivelyTraversePassiveUnmountEffects@1:283985
12-25 11:15:17.209 12609 12644 E unknown:ReactNative: commitPassiveUnmountOnFiber@1:284077
12-25 11:15:17.209 12609 12644 E unknown:ReactNative: recursivelyTraversePassiveUnmountEffects@1:283985
12-25 11:15:17.209 12609 12644 E unknown:ReactNative: commitPassiveUnmountOnFiber@1:284077
12-25 11:15:17.209 12609 12644 E unknown:ReactNative: recursivelyTraversePassiveUnmountEffects@1:283985
12-25 11:15:17.209 12609 12644 E unknown:ReactNative: commitPassiveUnmountOnFiber@1:284248
12-25 11:15:17.209 12609 12644 E unknown:ReactNative: recursivelyTraversePassiveUnmountEffects@1:283985
12-25 11:15:17.209 12609 12644 E unknown:ReactNative: commitPassiveUnmountOnFiber@1:284077
12-25 11:15:17.209 12609 12644 E unknown:ReactNative: recursivelyTraversePassiveUnmountEffects@1:283985
12-25 11:15:17.209 12609 12644 E unknown:ReactNative: commitPassiveUnmountOnFiber@1:284077
12-25 11:15:17.209 12609 12644 E unknown:ReactNative: recursivelyTraversePassiveUnmountEffects@1:283985
12-25 11:15:17.209 12609 12644 E unknown:ReactNative: commitPassiveUnmountOnFiber@1:284077
12-25 11:15:17.209 12609 12644 E unknown:ReactNative: recursivelyTraversePassiveUnmountEffects@1:283985
12-25 11:15:17.209 12609 12644 E unknown:ReactNative: commitPassiveUnmountOnFiber@1:284248
12-25 11:15:17.209 12609 12644 E unknown:ReactNative: recursivelyTraversePassiveUnmountEffects@1:283985
12-25 11:15:17.209 12609 12644 E unknown:ReactNative: commitPassiveUnmountOnFiber@1:284077
12-25 11:15:17.209 12609 12644 E unknown:ReactNative: recursivelyTraversePassiveUnmountEffects@1:283985
12-25 11:15:17.209 12609 12644 E unknown:ReactNative: commitPassiveUnmountOnFiber@1:284248
12-25 11:15:17.209 12609 12644 E unknown:ReactNative: recursivelyTraversePassiveUnmountEffects@1:283985
12-25 11:15:17.209 12609 12644 E unknown:ReactNative: commitPassiveUnmountOnFiber@1:284248
12-25 11:15:17.209 12609 12644 E unknown:ReactNative: recursivelyTraversePassiveUnmountEffects@1:283985
12-25 11:15:17.209 12609 12644 E unknown:ReactNative: commitPassiveUnmountOnFiber@1:284248
12-25 11:15:17.209 12609 12644 E unknown:ReactNative: recursivelyTraversePassiveUnmountEffects@1:283985
12-25 11:15:17.209 12609 12644 E unknown:ReactNative: commitPassiveUnmountOnFiber@1:284077
12-25 11:15:17.209 12609 12644 E unknown:ReactNative: recursivelyTraversePassiveUnmountEffects@1:283985
12-25 11:15:17.209 12609 12644 E unknown:ReactNative: commitPassiveUnmountOnFiber@1:284248
12-25 11:15:17.209 12609 12644 E unknown:ReactNative: recursivelyTraversePassiveUnmountEffects@1:283985
12-25 11:15:17.209 12609 12644 E unknown:ReactNative: commitPassiveUnmountOnFiber@1:284077
12-25 11:15:17.209 12609 12644 E unknown:ReactNative: recursivelyTraversePassiveUnmountEffects@1:283985
12-25 11:15:17.209 12609 12644 E unknown:ReactNative: commitPassiveUnmountOnFiber@1:284248
12-25 11:15:17.209 12609 12644 E unknown:ReactNative: recursivelyTraversePassiveUnmountEffects@1:283985
12-25 11:15:17.209 12609 12644 E unknown:ReactNative: commitPassiveUnmountOnFiber@1:284077
12-25 11:15:17.209 12609 12644 E unknown:ReactNative: recursivelyTraversePassiveUnmountEffects@1:283985
12-25 11:15:17.209 12609 12644 E unknown:ReactNative: commitPassiveUnmountOnFiber@1:284231
12-25 11:15:17.209 12609 12644 E unknown:ReactNative: flushPassiveEffects@1:291301
12-25 11:15:17.209 12609 12644 E unknown:ReactNative: anonymous@1:291039
12-25 11:15:17.226 12609 12644 E unknown:ReactNative: console.error: [ErrorBoundary] caught TypeError: undefined is not a function {"componentStack":"\n    at OnboardingFlow (address at index.android.bundle:1:2001298)\n    at HomeScreen (address at ind...(truncated)..."}, js engine: hermes, stack:
12-25 11:15:17.226 12609 12644 E unknown:ReactNative: _construct@1:131000
12-25 11:15:17.226 12609 12644 E unknown:ReactNative: Wrapper@1:130654
12-25 11:15:17.226 12609 12644 E unknown:ReactNative: _callSuper@1:128485
12-25 11:15:17.226 12609 12644 E unknown:ReactNative: SyntheticError@1:130141
12-25 11:15:17.226 12609 12644 E unknown:ReactNative: reactConsoleErrorHandler@1:129752
12-25 11:15:17.226 12609 12644 E unknown:ReactNative: componentDidCatch@1:1771626
12-25 11:15:17.226 12609 12644 E unknown:ReactNative: anonymous@1:257818
12-25 11:15:17.226 12609 12644 E unknown:ReactNative: callCallback@1:241168
12-25 11:15:17.226 12609 12644 E unknown:ReactNative: commitCallbacks@1:241254
12-25 11:15:17.226 12609 12644 E unknown:ReactNative: commitClassCallbacks@1:276401
12-25 11:15:17.226 12609 12644 E unknown:ReactNative: commitLayoutEffectOnFiber@1:278205
12-25 11:15:17.226 12609 12644 E unknown:ReactNative: recursivelyTraverseLayoutEffects@1:280656
12-25 11:15:17.226 12609 12644 E unknown:ReactNative: commitLayoutEffectOnFiber@1:278261
12-25 11:15:17.226 12609 12644 E unknown:ReactNative: recursivelyTraverseLayoutEffects@1:280656
12-25 11:15:17.226 12609 12644 E unknown:ReactNative: commitLayoutEffectOnFiber@1:278307
12-25 11:15:17.226 12609 12644 E unknown:ReactNative: recursivelyTraverseLayoutEffects@1:280656
12-25 11:15:17.226 12609 12644 E unknown:ReactNative: commitLayoutEffectOnFiber@1:278261
12-25 11:15:17.226 12609 12644 E unknown:ReactNative: recursivelyTraverseLayoutEffects@1:280656
12-25 11:15:17.226 12609 12644 E unknown:ReactNative: commitLayoutEffectOnFiber@1:278261
12-25 11:15:17.226 12609 12644 E unknown:ReactNative: recursivelyTraverseLayoutEffects@1:280656
12-25 11:15:17.226 12609 12644 E unknown:ReactNative: commitLayoutEffectOnFiber@1:278307
12-25 11:15:17.226 12609 12644 E unknown:ReactNative: recursivelyTraverseLayoutEffects@1:280656
12-25 11:15:17.226 12609 12644 E unknown:ReactNative: commitLayoutEffectOnFiber@1:278261
12-25 11:15:17.226 12609 12644 E unknown:ReactNative: recursivelyTraverseLayoutEffects@1:280656
12-25 11:15:17.226 12609 12644 E unknown:ReactNative: commitLayoutEffectOnFiber@1:278261
12-25 11:15:17.226 12609 12644 E unknown:ReactNative: recursivelyTraverseLayoutEffects@1:280656
12-25 11:15:17.226 12609 12644 E unknown:ReactNative: commitLayoutEffectOnFiber@1:277556
12-25 11:15:17.226 12609 12644 E unknown:ReactNative: recursivelyTraverseLayoutEffects@1:280656
12-25 11:15:17.226 12609 12644 E unknown:ReactNative: commitLayoutEffectOnFiber@1:277678
12-25 11:15:17.226 12609 12644 E unknown:ReactNative: recursivelyTraverseLayoutEffects@1:280656
12-25 11:15:17.226 12609 12644 E unknown:ReactNative: commitLayoutEffectOnFiber@1:278307
12-25 11:15:17.226 12609 12644 E unknown:ReactNative: recursivelyTraverseLayoutEffects@1:280656
12-25 11:15:17.226 12609 12644 E unknown:ReactNative: commitLayoutEffectOnFiber@1:278307
12-25 11:15:17.226 12609 12644 E unknown:ReactNative: recursivelyTraverseLayoutEffects@1:280656
12-25 11:15:17.226 12609 12644 E unknown:ReactNative: commitLayoutEffectOnFiber@1:278261
12-25 11:15:17.226 12609 12644 E unknown:ReactNative: recursivelyTraverseLayoutEffects@1:280656
12-25 11:15:17.226 12609 12644 E unknown:ReactNative: commitLayoutEffectOnFiber@1:278261
12-25 11:15:17.226 12609 12644 E unknown:ReactNative: recursivelyTraverseLayoutEffects@1:280656
12-25 11:15:17.226 12609 12644 E unknown:ReactNative: commitLayoutEffectOnFiber@1:278261
12-25 11:15:17.226 12609 12644 E unknown:ReactNative: recursivelyTraverseLayoutEffects@1:280656
12-25 11:15:17.226 12609 12644 E unknown:ReactNative: commitLayoutEffectOnFiber@1:278307
12-25 11:15:17.226 12609 12644 E unknown:ReactNative: recursivelyTraverseLayoutEffects@1:280656
12-25 11:15:17.226 12609 12644 E unknown:ReactNative: commitLayoutEffectOnFiber@1:278307
12-25 11:15:17.226 12609 12644 E unknown:ReactNative: recursivelyTraverseLayoutEffects@1:280656
12-25 11:15:17.226 12609 12644 E unknown:ReactNative: commitLayoutEffectOnFiber@1:278261
12-25 11:15:17.226 12609 12644 E unknown:ReactNative: recursivelyTraverseLayoutEffects@1:280656
12-25 11:15:17.226 12609 12644 E unknown:ReactNative: commitLayoutEffectOnFiber@1:278261
12-25 11:15:17.226 12609 12644 E unknown:ReactNative: recursivelyTraverseLayoutEffects@1:280656
12-25 11:15:17.226 12609 12644 E unknown:ReactNative: commitLayoutEffectOnFiber@1:278307
12-25 11:15:17.226 12609 12644 E unknown:ReactNative: recursivelyTraverseLayoutEffects@1:280656
12-25 11:15:17.226 12609 12644 E unknown:ReactNative: commitLayoutEffectOnFiber@1:278307
12-25 11:15:17.226 12609 12644 E unknown:ReactNative: recursivelyTraverseLayoutEffects@1:280656
12-25 11:15:17.226 12609 12644 E unknown:ReactNative: commitLayoutEffectOnFiber@1:278307
12-25 11:15:17.226 12609 12644 E unknown:ReactNative: recursivelyTraverseLayoutEffects@1:280656
12-25 11:15:17.226 12609 12644 E unknown:ReactNative: commitLayoutEffectOnFiber@1:278307
12-25 11:15:17.226 12609 12644 E unknown:ReactNative: recursivelyTraverseLayoutEffects@1:280656
12-25 11:15:17.226 12609 12644 E unknown:ReactNative: commitLayoutEffectOnFiber@1:278307
12-25 11:15:17.226 12609 12644 E unknown:ReactNative: recursivelyTraverseLayoutEffects@1:280656
12-25 11:15:17.226 12609 12644 E unknown:ReactNative: commitLayoutEffectOnFiber@1:278307
12-25 11:15:17.226 12609 12644 E unknown:ReactNative: recursivelyTraverseLayoutEffects@1:280656
12-25 11:15:17.226 12609 12644 E unknown:ReactNative: commitLayoutEffectOnFiber@1:278261
12-25 11:15:17.226 12609 12644 E unknown:ReactNative: recursivelyTraverseLayoutEffects@1:280656
12-25 11:15:17.226 12609 12644 E unknown:ReactNative: commitLayoutEffectOnFiber@1:278307
12-25 11:15:17.226 12609 12644 E unknown:ReactNative: recursivelyTraverseLayoutEffects@1:280656
12-25 11:15:17.226 12609 12644 E unknown:ReactNative: commitLayoutEffectOnFiber@1:278307
12-25 11:15:17.226 12609 12644 E unknown:ReactNative: recursivelyTraverseLayoutEffects@1:280656
12-25 11:15:17.226 12609 12644 E unknown:ReactNative: commitLayoutEffectOnFiber@1:278307
12-25 11:15:17.226 12609 12644 E unknown:ReactNative: recursivelyTraverseLayoutEffects@1:280656
12-25 11:15:17.226 12609 12644 E unknown:ReactNative: commitLayoutEffectOnFiber@1:278261
12-25 11:15:17.226 12609 12644 E unknown:ReactNative: recursivelyTraverseLayoutEffects@1:280656
12-25 11:15:17.226 12609 12644 E unknown:ReactNative: commitLayoutEffectOnFiber@1:278307
12-25 11:15:17.226 12609 12644 E unknown:ReactNative: recursivelyTraverseLayoutEffects@1:280656
12-25 11:15:17.226 12609 12644 E unknown:ReactNative: commitLayoutEffectOnFiber@1:278261
12-25 11:15:17.226 12609 12644 E unknown:ReactNative: recursivelyTraverseLayoutEffects@1:280656
12-25 11:15:17.226 12609 12644 E unknown:ReactNative: commitLayoutEffectOnFiber@1:278261
12-25 11:15:17.226 12609 12644 E unknown:ReactNative: recursivelyTraverseLayoutEffects@1:280656
12-25 11:15:17.226 12609 12644 E unknown:ReactNative: commitLayoutEffectOnFiber@1:278261
12-25 11:15:17.226 12609 12644 E unknown:ReactNative: recursivelyTraverseLayoutEffects@1:280656
12-25 11:15:17.226 12609 12644 E unknown:ReactNative: commitLayoutEffectOnFiber@1:277728
12-25 11:15:17.226 12609 12644 E unknown:ReactNative: recursivelyTraverseLayoutEffects@1:280656
12-25 11:15:17.226 12609 12644 E unknown:ReactNative: commitLayoutEffectOnFiber@1:278261
12-25 11:15:17.226 12609 12644 E unknown:ReactNative: recursivelyTraverseLayoutEffects@1:280656
12-25 11:15:17.226 12609 12644 E unknown:ReactNative: commitLayoutEffectOnFiber@1:278307
12-25 11:15:17.226 12609 12644 E unknown:ReactNative: recursivelyTraverseLayoutEffects@1:280656
12-25 11:15:17.226 12609 12644 E unknown:ReactNative: commitLayoutEffectOnFiber@1:278261
12-25 11:15:17.226 12609 12644 E unknown:ReactNative: recursivelyTraverseLayoutEffects@1:280656
12-25 11:15:17.226 12609 12644 E unknown:ReactNative: commitLayoutEffectOnFiber@1:278307
12-25 11:15:17.226 12609 12644 E unknown:ReactNative: recursivelyTraverseLayoutEffects@1:280656
12-25 11:15:17.226 12609 12644 E unknown:ReactNative: commitLayoutEffectOnFiber@1:277829
12-25 11:15:17.226 12609 12644 E unknown:ReactNative: commitRootImpl@1:290700
12-25 11:15:17.226 12609 12644 E unknown:ReactNative: commitRootWhenReady@1:286549
12-25 11:15:17.226 12609 12644 E unknown:ReactNative: performWorkOnRoot@1:286016
12-25 11:15:17.226 12609 12644 E unknown:ReactNative: performSyncWorkOnRoot@1:238913
12-25 11:15:17.226 12609 12644 E unknown:ReactNative: flushSyncWorkAcrossRoots_impl@1:237926
12-25 11:15:17.226 12609 12644 E unknown:ReactNative: flushPassiveEffects@1:291342
12-25 11:15:17.226 12609 12644 E unknown:ReactNative: anonymous@1:291039
12-25 11:15:17.246 12609 12609 I ReactNative: [GESTURE HANDLER] Tearing down gesture handler registered for root view com.facebook.react.runtime.ReactSurfaceView{af607e V.E...... .......D 0,0-1080,2400 #b}
12-25 11:15:17.247 12609 12643 I ReactNativeJNI: instanceHandle is null, event of type topDetached will be dropped
12-25 11:15:17.252 12609 12609 D VRI[MainActivity]: update {(0,0)(fillxfill) sim={adjust=pan} ty=BASE_APPLICATION wanim=0x10302fd
12-25 11:15:17.252 12609 12609 D VRI[MainActivity]:   fl=LAYOUT_IN_SCREEN FORCE_NOT_FULLSCREEN LAYOUT_INSET_DECOR SPLIT_TOUCH HARDWARE_ACCELERATED DRAWS_SYSTEM_BAR_BACKGROUNDS
12-25 11:15:17.252 12609 12609 D VRI[MainActivity]:   pfl=NO_MOVE_ANIMATION FORCE_DRAW_STATUS_BAR_BACKGROUND FIT_INSETS_CONTROLLED
12-25 11:15:17.252 12609 12609 D VRI[MainActivity]:   bhv=DEFAULT
12-25 11:15:17.252 12609 12609 D VRI[MainActivity]:   fitSides=} by setLayoutParams
12-25 11:15:23.030 12609 12643 I ReactNativeJS: [ErrorBoundary] reset pressed
12-25 11:15:23.057 12609 12643 I ReactNativeJS: '[Selection] Mode changed:', false, 'Selected count:', 0
12-25 11:15:23.058 12609 12643 I ReactNativeJS: '[ReminderEngine] Processing reminders, count:', 0
12-25 11:15:23.062 12609 12609 W [RNScreens]: backTitleVisible prop is not available on Android
12-25 11:15:23.062 12609 12609 W [RNScreens]: backTitleFontFamily prop is not available on Android
12-25 11:15:23.062 12609 12609 W [RNScreens]: disableBackButtonMenu prop is not available on Android
12-25 11:15:23.062 12609 12609 W [RNScreens]: largeTitleFontFamily prop is not available on Android
12-25 11:15:23.062 12609 12609 W [RNScreens]: largeTitleFontWeight prop is not available on Android
12-25 11:15:23.062 12609 12609 W [RNScreens]: largeTitleHideShadow prop is not available on Android
12-25 11:15:23.066 12609 12609 D VRI[MainActivity]: update {(0,0)(fillxfill) sim={adjust=pan} ty=BASE_APPLICATION wanim=0x10302fd
12-25 11:15:23.066 12609 12609 D VRI[MainActivity]:   fl=LAYOUT_IN_SCREEN FORCE_NOT_FULLSCREEN LAYOUT_INSET_DECOR SPLIT_TOUCH HARDWARE_ACCELERATED DRAWS_SYSTEM_BAR_BACKGROUNDS
12-25 11:15:23.066 12609 12609 D VRI[MainActivity]:   pfl=NO_MOVE_ANIMATION FORCE_DRAW_STATUS_BAR_BACKGROUND FIT_INSETS_CONTROLLED
12-25 11:15:23.066 12609 12609 D VRI[MainActivity]:   bhv=DEFAULT
