--------- beginning of system
01-25 15:56:16.983 19613 19613 D ViewRootImpl: update {(0,0)(fillxfill) sim={adjust=pan forwardNavigation} ty=BASE_APPLICATION wanim=0x10302fd
01-25 15:56:16.983 19613 19613 D ViewRootImpl:   fl=LAYOUT_IN_SCREEN LAYOUT_INSET_DECOR SPLIT_TOUCH HARDWARE_ACCELERATED DRAWS_SYSTEM_BAR_BACKGROUNDS
01-25 15:56:16.983 19613 19613 D ViewRootImpl:   pfl=NO_MOVE_ANIMATION FORCE_DRAW_STATUS_BAR_BACKGROUND FIT_INSETS_CONTROLLED
01-25 15:56:16.983 19613 19613 D ViewRootImpl:   bhv=DEFAULT
01-25 15:56:16.983 19613 19613 D ViewRootImpl:   fitSides=} by setView
01-25 15:56:17.898 19613 19613 D VRI[MainActivity]: update {(0,0)(fillxfill) sim={adjust=pan forwardNavigation} ty=BASE_APPLICATION wanim=0x10302fd
01-25 15:56:17.898 19613 19613 D VRI[MainActivity]:   fl=LAYOUT_IN_SCREEN LAYOUT_INSET_DECOR SPLIT_TOUCH HARDWARE_ACCELERATED DRAWS_SYSTEM_BAR_BACKGROUNDS
01-25 15:56:17.898 19613 19613 D VRI[MainActivity]:   pfl=NO_MOVE_ANIMATION FORCE_DRAW_STATUS_BAR_BACKGROUND FIT_INSETS_CONTROLLED
01-25 15:56:17.898 19613 19613 D VRI[MainActivity]:   bhv=DEFAULT
01-25 15:56:17.898 19613 19613 D VRI[MainActivity]:   fitSides=} by setLayoutParams
01-25 15:56:17.900 19613 19613 D VRI[MainActivity]: update {(0,0)(fillxfill) sim={adjust=pan forwardNavigation} ty=BASE_APPLICATION wanim=0x10302fd
01-25 15:56:17.900 19613 19613 D VRI[MainActivity]:   fl=LAYOUT_IN_SCREEN FORCE_NOT_FULLSCREEN LAYOUT_INSET_DECOR SPLIT_TOUCH HARDWARE_ACCELERATED DRAWS_SYSTEM_BAR_BACKGROUNDS
01-25 15:56:17.900 19613 19613 D VRI[MainActivity]:   pfl=NO_MOVE_ANIMATION FORCE_DRAW_STATUS_BAR_BACKGROUND FIT_INSETS_CONTROLLED
01-25 15:56:17.900 19613 19613 D VRI[MainActivity]:   bhv=DEFAULT
01-25 15:56:17.900 19613 19613 D VRI[MainActivity]:   fitSides=} by setLayoutParams
01-25 15:56:17.902 19613 19613 D VRI[MainActivity]: update {(0,0)(fillxfill) sim={adjust=pan forwardNavigation} ty=BASE_APPLICATION wanim=0x10302fd
01-25 15:56:17.902 19613 19613 D VRI[MainActivity]:   fl=LAYOUT_IN_SCREEN FORCE_NOT_FULLSCREEN LAYOUT_INSET_DECOR SPLIT_TOUCH HARDWARE_ACCELERATED DRAWS_SYSTEM_BAR_BACKGROUNDS
01-25 15:56:17.902 19613 19613 D VRI[MainActivity]:   pfl=NO_MOVE_ANIMATION FORCE_DRAW_STATUS_BAR_BACKGROUND FIT_INSETS_CONTROLLED
01-25 15:56:17.902 19613 19613 D VRI[MainActivity]:   bhv=DEFAULT
01-25 15:56:17.902 19613 19613 D VRI[MainActivity]:   fitSides=} by setLayoutParams
01-25 15:56:17.994 19613 19613 D VRI[MainActivity]: update {(0,0)(fillxfill) sim={adjust=pan forwardNavigation} ty=BASE_APPLICATION wanim=0x10302fd
01-25 15:56:17.994 19613 19613 D VRI[MainActivity]:   fl=LAYOUT_IN_SCREEN FORCE_NOT_FULLSCREEN LAYOUT_INSET_DECOR SPLIT_TOUCH HARDWARE_ACCELERATED DRAWS_SYSTEM_BAR_BACKGROUNDS
01-25 15:56:17.994 19613 19613 D VRI[MainActivity]:   pfl=NO_MOVE_ANIMATION FORCE_DRAW_STATUS_BAR_BACKGROUND FIT_INSETS_CONTROLLED
01-25 15:56:17.994 19613 19613 D VRI[MainActivity]:   bhv=DEFAULT
01-25 15:56:17.994 19613 19613 D VRI[MainActivity]:   fitSides=} by setLayoutParams
--------- beginning of main
01-25 15:59:53.015 19613 19613 W unknown:BridgelessReact: ReactHost{0}.onHostResume(activity)
01-25 15:59:53.016 19613 19613 W unknown:BridgelessReact: ReactContext.onHostResume()
01-25 15:59:53.019 19613 20292 I ReactNativeJS: [AlarmSync] App became active, syncing...
01-25 15:59:53.019 19613 20292 I ReactNativeJS: [AlarmSync] Checking for completed alarms...
01-25 15:59:53.019 19613 20293 D DoMinderDebug: AlarmModule: getAllNativeReminderStates found 1 reminders
01-25 15:59:53.020 19613 20292 I ReactNativeJS: '[AlarmSync] Syncing native states for', 1, 'reminders'
01-25 15:59:53.025 19613 19613 D VRI[MainActivity]: update {(0,0)(fillxfill) sim={adjust=pan forwardNavigation} ty=BASE_APPLICATION wanim=0x10302fd
01-25 15:59:53.025 19613 19613 D VRI[MainActivity]:   fl=LAYOUT_IN_SCREEN FORCE_NOT_FULLSCREEN LAYOUT_INSET_DECOR SPLIT_TOUCH HARDWARE_ACCELERATED DRAWS_SYSTEM_BAR_BACKGROUNDS
01-25 15:59:53.025 19613 19613 D VRI[MainActivity]:   pfl=NO_MOVE_ANIMATION FORCE_DRAW_STATUS_BAR_BACKGROUND USE_BLAST APPEARANCE_CONTROLLED FIT_INSETS_CONTROLLED
01-25 15:59:53.025 19613 19613 D VRI[MainActivity]:   apr=LIGHT_STATUS_BARS
01-25 15:59:53.025 19613 19613 D VRI[MainActivity]:   bhv=DEFAULT
01-25 15:59:53.025 19613 19613 D VRI[MainActivity]:   fitSides=} by setLayoutParams
01-25 15:59:53.026 19613 20292 I ReactNativeJS: [AlarmSync] Sync already in progress, skipping
01-25 15:59:53.027 19613 20293 D DoMinderDebug: AlarmModule: Retrieved 0 completed alarms
01-25 15:59:53.029 19613 20292 I ReactNativeJS: '[AlarmSync] Found completed alarms:', 0
01-25 15:59:53.031 19613 20293 D DoMinderDebug: AlarmModule: Retrieved 0 snoozed alarms
01-25 15:59:53.032 19613 20292 I ReactNativeJS: '[ReminderEngine] Processing reminders, count:', 1
01-25 15:59:53.033 19613 20292 I ReactNativeJS: '[AlarmSync] Found snoozed alarms:', 0
01-25 15:59:53.035 19613 20293 D DoMinderDebug: AlarmModule: Retrieved 0 deleted alarms
01-25 15:59:53.037 19613 20292 I ReactNativeJS: '[AlarmSync] Found deleted alarms:', 0
01-25 15:59:53.037 19613 20285 E OpenGLRenderer: Unable to match the desired swap behavior.
01-25 15:59:56.217 19613 20292 I ReactNativeJS: Cancelling notifications for reminder 1769336302435 (completed: true, paused: false)
01-25 15:59:56.218 19613 23108 I NOTIFEE : (NotificationManager): Removing notification with id rem-1769336302435
01-25 15:59:56.218 19613 23108 I NOTIFEE : (NotificationManager): Removing notification with id rem-1769336302435
01-25 15:59:56.236 19613 23109 I NOTIFEE : (NotificationManager): Removing notification with id rem-1769336302435
01-25 15:59:56.240 19613 23108 I NOTIFEE : (NotificationManager): Removing notification with id missed-1769336302435
01-25 15:59:56.241 19613 23108 I NOTIFEE : (NotificationManager): Removing notification with id missed-1769336302435
01-25 15:59:56.243 19613 23109 I NOTIFEE : (NotificationManager): Removing notification with id missed-1769336302435
01-25 15:59:56.248 19613 20293 D DoMinderDebug: AlarmModule: Cleared metadata for 1769336302435
01-25 15:59:56.250 19613 20292 I ReactNativeJS: [NotificationService] Cancelled all notifications (scheduled + displayed) for reminder 1769336302435
01-25 15:59:56.250 19613 20292 I ReactNativeJS: [ReminderService] Updating reminder 1769336302435: isActive=true, isCompleted=true, repeatType=none
01-25 15:59:56.252 19613 20292 I ReactNativeJS: [RootLayout] remindersChanged event received, invalidating queries.
01-25 15:59:56.288 19613 20292 I ReactNativeJS: '[ReminderEngine] Processing reminders, count:', 1
01-25 16:00:10.874 19613 19613 D ViewRootImpl: update {(0,0)(fillxfill) gr=CENTER sim={adjust=resize forwardNavigation} ty=APPLICATION fmt=TRANSPARENT wanim=0x7f11012e
01-25 16:00:10.874 19613 19613 D ViewRootImpl:   fl=NOT_FOCUSABLE LAYOUT_IN_SCREEN LAYOUT_INSET_DECOR SPLIT_TOUCH HARDWARE_ACCELERATED DRAWS_SYSTEM_BAR_BACKGROUNDS
01-25 16:00:10.874 19613 19613 D ViewRootImpl:   pfl=NO_MOVE_ANIMATION FORCE_DRAW_STATUS_BAR_BACKGROUND FIT_INSETS_CONTROLLED
01-25 16:00:10.874 19613 19613 D ViewRootImpl:   bhv=DEFAULT
01-25 16:00:10.874 19613 19613 D ViewRootImpl:   fitSides=} by setView
01-25 16:00:10.884 19613 19613 D VRI[MainActivity]: update {(0,0)(fillxfill) gr=CENTER sim={adjust=resize} ty=APPLICATION fmt=TRANSPARENT wanim=0x7f11012e
01-25 16:00:10.884 19613 19613 D VRI[MainActivity]:   fl=LAYOUT_IN_SCREEN LAYOUT_INSET_DECOR SPLIT_TOUCH HARDWARE_ACCELERATED DRAWS_SYSTEM_BAR_BACKGROUNDS
01-25 16:00:10.884 19613 19613 D VRI[MainActivity]:   pfl=NO_MOVE_ANIMATION FORCE_DRAW_STATUS_BAR_BACKGROUND FIT_INSETS_CONTROLLED
01-25 16:00:10.884 19613 19613 D VRI[MainActivity]:   bhv=DEFAULT
01-25 16:00:10.884 19613 19613 D VRI[MainActivity]:   fitSides=} by setLayoutParams
01-25 16:00:10.909 19613 20285 E OpenGLRenderer: Unable to match the desired swap behavior.
01-25 16:00:10.928 19613 20285 W Parcel  : Expecting binder but got null!
01-25 16:00:10.936 19613 19613 D VRI[MainActivity]: update {(0,0)(fillxfill) gr=CENTER sim={adjust=resize} ty=APPLICATION fmt=TRANSPARENT wanim=0x7f11012e
01-25 16:00:10.936 19613 19613 D VRI[MainActivity]:   fl=LAYOUT_IN_SCREEN LAYOUT_INSET_DECOR SPLIT_TOUCH HARDWARE_ACCELERATED DRAWS_SYSTEM_BAR_BACKGROUNDS
01-25 16:00:10.936 19613 19613 D VRI[MainActivity]:   pfl=NO_MOVE_ANIMATION FORCE_DRAW_STATUS_BAR_BACKGROUND FIT_INSETS_CONTROLLED
01-25 16:00:10.936 19613 19613 D VRI[MainActivity]:   bhv=DEFAULT
01-25 16:00:10.936 19613 19613 D VRI[MainActivity]:   fitSides=} by setLayoutParams
01-25 16:00:10.938 19613 19613 D VRI[MainActivity]: update {(0,0)(fillxfill) gr=CENTER sim={adjust=resize} ty=APPLICATION fmt=TRANSPARENT wanim=0x7f11012e
01-25 16:00:10.938 19613 19613 D VRI[MainActivity]:   fl=LAYOUT_IN_SCREEN LAYOUT_INSET_DECOR SPLIT_TOUCH HARDWARE_ACCELERATED DRAWS_SYSTEM_BAR_BACKGROUNDS
01-25 16:00:10.938 19613 19613 D VRI[MainActivity]:   pfl=NO_MOVE_ANIMATION FORCE_DRAW_STATUS_BAR_BACKGROUND FIT_INSETS_CONTROLLED
01-25 16:00:10.938 19613 19613 D VRI[MainActivity]:   bhv=DEFAULT
01-25 16:00:10.938 19613 19613 D VRI[MainActivity]:   fitSides=} by setLayoutParams
01-25 16:00:12.573 19613 19613 D CompatibilityChangeReporter: Compat change id reported: 163400105; UID 11083; state: ENABLED
01-25 16:00:12.573 19613 19613 D InputMethodManager: showSoftInput() view=com.facebook.react.views.textinput.ReactEditText{21f2683 VFED..CL. .F.P..ID 0,0-920,99 #13e aid=1073741824} flags=0 reason=SHOW_SOFT_INPUT
01-25 16:00:12.583 19613 19613 D InputMethodManager: showSoftInput() view=com.facebook.react.views.textinput.ReactEditText{21f2683 VFED..CL. .F.P.... 0,0-920,99 #13e aid=1073741824} flags=0 reason=SHOW_SOFT_INPUT
01-25 16:00:12.741 19613 19613 W OnBackInvokedCallback: OnBackInvokedCallback is not enabled for the application.
01-25 16:00:12.741 19613 19613 W OnBackInvokedCallback: Set 'android:enableOnBackInvokedCallback="true"' in the application manifest.
01-25 16:00:12.779 19613 19613 D InsetsController: show(ime(), fromIme=true)
01-25 16:00:15.438 19613 19613 W unknown:BridgelessReact: ReactHost{0}.onUserLeaveHint(activity)
01-25 16:00:15.439 19613 19613 W unknown:BridgelessReact: ReactHost{0}.onHostPause(activity)
01-25 16:00:15.439 19613 19613 W unknown:BridgelessReact: ReactContext.onHostPause()
01-25 16:00:17.718 19613 19613 W unknown:BridgelessReact: ReactHost{0}.onHostResume(activity)
01-25 16:00:17.718 19613 19613 W unknown:BridgelessReact: ReactContext.onHostResume()
01-25 16:00:17.720 19613 20292 I ReactNativeJS: [AlarmSync] App became active, syncing...
01-25 16:00:17.720 19613 20292 I ReactNativeJS: [AlarmSync] Checking for completed alarms...
01-25 16:00:17.722 19613 20293 D DoMinderDebug: AlarmModule: getAllNativeReminderStates found 0 reminders
01-25 16:00:17.723 19613 20293 D DoMinderDebug: AlarmModule: Retrieved 0 completed alarms
01-25 16:00:17.724 19613 20292 I ReactNativeJS: '[AlarmSync] Found completed alarms:', 0
01-25 16:00:17.724 19613 19613 D VRI[MainActivity]: update {(0,0)(fillxfill) gr=CENTER sim={adjust=resize} ty=APPLICATION fmt=TRANSPARENT wanim=0x7f11012e
01-25 16:00:17.724 19613 19613 D VRI[MainActivity]:   fl=LAYOUT_IN_SCREEN LAYOUT_INSET_DECOR SPLIT_TOUCH HARDWARE_ACCELERATED DRAWS_SYSTEM_BAR_BACKGROUNDS
01-25 16:00:17.724 19613 19613 D VRI[MainActivity]:   pfl=NO_MOVE_ANIMATION FORCE_DRAW_STATUS_BAR_BACKGROUND FIT_INSETS_CONTROLLED
01-25 16:00:17.724 19613 19613 D VRI[MainActivity]:   bhv=DEFAULT
01-25 16:00:17.724 19613 19613 D VRI[MainActivity]:   fitSides=} by setLayoutParams
01-25 16:00:17.725 19613 20293 D DoMinderDebug: AlarmModule: Retrieved 0 snoozed alarms
01-25 16:00:17.726 19613 19613 D VRI[MainActivity]: update {(0,0)(fillxfill) gr=CENTER sim={adjust=resize} ty=APPLICATION fmt=TRANSPARENT wanim=0x7f11012e
01-25 16:00:17.726 19613 19613 D VRI[MainActivity]:   fl=LAYOUT_IN_SCREEN LAYOUT_INSET_DECOR SPLIT_TOUCH HARDWARE_ACCELERATED DRAWS_SYSTEM_BAR_BACKGROUNDS
01-25 16:00:17.726 19613 19613 D VRI[MainActivity]:   pfl=NO_MOVE_ANIMATION FORCE_DRAW_STATUS_BAR_BACKGROUND FIT_INSETS_CONTROLLED
01-25 16:00:17.726 19613 19613 D VRI[MainActivity]:   bhv=DEFAULT
01-25 16:00:17.726 19613 19613 D VRI[MainActivity]:   fitSides=} by setLayoutParams
01-25 16:00:17.727 19613 20292 I ReactNativeJS: '[AlarmSync] Found snoozed alarms:', 0
01-25 16:00:17.727 19613 20293 D DoMinderDebug: AlarmModule: Retrieved 0 deleted alarms
01-25 16:00:17.729 19613 19613 D VRI[MainActivity]: update {(0,0)(fillxfill) sim={adjust=pan forwardNavigation} ty=BASE_APPLICATION wanim=0x10302fd
01-25 16:00:17.729 19613 19613 D VRI[MainActivity]:   fl=LAYOUT_IN_SCREEN FORCE_NOT_FULLSCREEN LAYOUT_INSET_DECOR SPLIT_TOUCH HARDWARE_ACCELERATED DRAWS_SYSTEM_BAR_BACKGROUNDS
01-25 16:00:17.729 19613 19613 D VRI[MainActivity]:   pfl=NO_MOVE_ANIMATION FORCE_DRAW_STATUS_BAR_BACKGROUND USE_BLAST APPEARANCE_CONTROLLED FIT_INSETS_CONTROLLED
01-25 16:00:17.729 19613 19613 D VRI[MainActivity]:   apr=LIGHT_STATUS_BARS
01-25 16:00:17.729 19613 19613 D VRI[MainActivity]:   bhv=DEFAULT
01-25 16:00:17.729 19613 19613 D VRI[MainActivity]:   fitSides=} by setLayoutParams
01-25 16:00:17.732 19613 20292 I ReactNativeJS: '[AlarmSync] Found deleted alarms:', 0
01-25 16:00:21.565 19613 19613 D ViewRootImpl: update {(0,0)(fillxfill) gr=CENTER sim={adjust=resize forwardNavigation} ty=APPLICATION fmt=TRANSPARENT wanim=0x7f11012e
01-25 16:00:21.565 19613 19613 D ViewRootImpl:   fl=NOT_FOCUSABLE LAYOUT_IN_SCREEN LAYOUT_INSET_DECOR SPLIT_TOUCH HARDWARE_ACCELERATED DRAWS_SYSTEM_BAR_BACKGROUNDS
01-25 16:00:21.565 19613 19613 D ViewRootImpl:   pfl=NO_MOVE_ANIMATION FORCE_DRAW_STATUS_BAR_BACKGROUND FIT_INSETS_CONTROLLED
01-25 16:00:21.565 19613 19613 D ViewRootImpl:   bhv=DEFAULT
01-25 16:00:21.565 19613 19613 D ViewRootImpl:   fitSides=} by setView
01-25 16:00:21.573 19613 19613 D VRI[MainActivity]: update {(0,0)(fillxfill) gr=CENTER sim={adjust=resize} ty=APPLICATION fmt=TRANSPARENT wanim=0x7f11012e
01-25 16:00:21.573 19613 19613 D VRI[MainActivity]:   fl=LAYOUT_IN_SCREEN LAYOUT_INSET_DECOR SPLIT_TOUCH HARDWARE_ACCELERATED DRAWS_SYSTEM_BAR_BACKGROUNDS
01-25 16:00:21.573 19613 19613 D VRI[MainActivity]:   pfl=NO_MOVE_ANIMATION FORCE_DRAW_STATUS_BAR_BACKGROUND FIT_INSETS_CONTROLLED
01-25 16:00:21.573 19613 19613 D VRI[MainActivity]:   bhv=DEFAULT
01-25 16:00:21.573 19613 19613 D VRI[MainActivity]:   fitSides=} by setLayoutParams
01-25 16:00:21.593 19613 20285 E OpenGLRenderer: Unable to match the desired swap behavior.
01-25 16:00:21.602 19613 20285 W Parcel  : Expecting binder but got null!
01-25 16:00:21.614 19613 19613 D VRI[MainActivity]: update {(0,0)(fillxfill) gr=CENTER sim={adjust=resize} ty=APPLICATION fmt=TRANSPARENT wanim=0x7f11012e
01-25 16:00:21.614 19613 19613 D VRI[MainActivity]:   fl=LAYOUT_IN_SCREEN LAYOUT_INSET_DECOR SPLIT_TOUCH HARDWARE_ACCELERATED DRAWS_SYSTEM_BAR_BACKGROUNDS
01-25 16:00:21.614 19613 19613 D VRI[MainActivity]:   pfl=NO_MOVE_ANIMATION FORCE_DRAW_STATUS_BAR_BACKGROUND FIT_INSETS_CONTROLLED
01-25 16:00:21.614 19613 19613 D VRI[MainActivity]:   bhv=DEFAULT
01-25 16:00:21.614 19613 19613 D VRI[MainActivity]:   fitSides=} by setLayoutParams
01-25 16:00:21.615 19613 19613 D VRI[MainActivity]: update {(0,0)(fillxfill) gr=CENTER sim={adjust=resize} ty=APPLICATION fmt=TRANSPARENT wanim=0x7f11012e
01-25 16:00:21.615 19613 19613 D VRI[MainActivity]:   fl=LAYOUT_IN_SCREEN LAYOUT_INSET_DECOR SPLIT_TOUCH HARDWARE_ACCELERATED DRAWS_SYSTEM_BAR_BACKGROUNDS
01-25 16:00:21.615 19613 19613 D VRI[MainActivity]:   pfl=NO_MOVE_ANIMATION FORCE_DRAW_STATUS_BAR_BACKGROUND FIT_INSETS_CONTROLLED
01-25 16:00:21.615 19613 19613 D VRI[MainActivity]:   bhv=DEFAULT
01-25 16:00:21.615 19613 19613 D VRI[MainActivity]:   fitSides=} by setLayoutParams
01-25 16:00:23.032 19613 20292 I ReactNativeJS: [AlarmSync] Checking for completed alarms...
01-25 16:00:23.033 19613 20293 D DoMinderDebug: AlarmModule: getAllNativeReminderStates found 0 reminders
01-25 16:00:23.034 19613 20293 D DoMinderDebug: AlarmModule: Retrieved 0 completed alarms
01-25 16:00:23.043 19613 20292 I ReactNativeJS: '[AlarmSync] Found completed alarms:', 0
01-25 16:00:23.043 19613 20293 D DoMinderDebug: AlarmModule: Retrieved 0 snoozed alarms
01-25 16:00:23.043 19613 20292 I ReactNativeJS: '[ReminderEngine] Processing reminders, count:', 1
01-25 16:00:23.044 19613 20292 I ReactNativeJS: '[AlarmSync] Found snoozed alarms:', 0
01-25 16:00:23.044 19613 20293 D DoMinderDebug: AlarmModule: Retrieved 0 deleted alarms
01-25 16:00:23.044 19613 20292 I ReactNativeJS: '[AlarmSync] Found deleted alarms:', 0
01-25 16:00:29.169 19613 20285 D Surface : Surface::disconnect
01-25 16:00:29.170 19613 20285 D BufferQueueProducer: [VRI[MainActivity]#3(BLAST Consumer)3](id:4c9d00000003,api:1,p:19613,c:19613) disconnect: api 1
01-25 16:00:30.406 19613 20292 I ReactNativeJS: [ReminderService] Adding reminder 1769337030404: isActive=true, isCompleted=false, repeatType=none
01-25 16:00:30.522 19613 20292 I ReactNativeJS: '[ReminderEngine] Processing reminders, count:', 2
01-25 16:00:30.522 19613 20292 I ReactNativeJS: [ReminderEngine] Processing reminder 1769337030404, repeatType: none
01-25 16:00:30.522 19613 20292 I ReactNativeJS: [calculateNextReminderDate] for reminder: 1769337030404, fromDate: 2026-01-25T10:30:30.522Z, repeatType: none, date: 2026-01-25, time: 16:02
01-25 16:00:30.523 19613 20292 I ReactNativeJS: [calculateNextReminderDate] One-time reminder scheduled for: 2026-01-25T10:32:00.000Z, isInFuture: true
01-25 16:00:30.523 19613 20292 I ReactNativeJS: [ReminderEngine] Scheduling notification for reminder 1769337030404 at 2026-01-25T10:32:00.000Z
01-25 16:00:30.523 19613 20292 I ReactNativeJS: [RootLayout] remindersChanged event received, invalidating queries.
01-25 16:00:30.581 19613 20292 I ReactNativeJS: [NotificationService] SCHEDULE_EXACT_ALARM permission granted - using exact timing
01-25 16:00:30.582 19613 20292 I ReactNativeJS: [NotificationService] Scheduling reminder 1769337030404, priority: high, repeatType: none
01-25 16:00:30.582 19613 20292 I ReactNativeJS: [NotificationService] Scheduling for 2026-01-25T10:32:00.000Z
01-25 16:00:30.589 19613 20293 D DoMinderDebug: AlarmModule: Stored metadata for 1769337030404 - repeatType=none, everyValue=1, multiSelect=false
01-25 16:00:30.589 19613 20292 I ReactNativeJS: [NotificationService] Stored metadata for native alarm 1769337030404
01-25 16:00:30.590 19613 20293 D DoMinderDebug: AlarmModule: Scheduling alarm broadcast for 1769337030404 at 1.76933712E12
01-25 16:00:30.591 19613 20293 D DoMinderDebug: AlarmModule: Successfully scheduled alarm broadcast
01-25 16:00:30.591 19613 20285 D Surface : Surface::disconnect
01-25 16:00:30.591 19613 20285 D BufferQueueProducer: [VRI[MainActivity]#2(BLAST Consumer)2](id:4c9d00000002,api:1,p:19613,c:19613) disconnect: api 1
01-25 16:00:30.592 19613 20292 I ReactNativeJS: [NotificationService] Scheduled native alarm for rem-1769337030404 with priority high
01-25 16:00:30.592 19613 20292 I ReactNativeJS: [ReminderEngine] Successfully scheduled 1769337030404
01-25 16:00:30.605 19613 20292 I ReactNativeJNI: instanceHandle is null, event of type topBlur will be dropped
01-25 16:00:30.613 19613 19613 E unknown:MountItemDispatcher: Unhandled SoftException
01-25 16:00:30.613 19613 19613 E unknown:MountItemDispatcher: com.facebook.react.bridge.ReactNoCrashSoftException: Caught exception executing ViewCommand: DispatchStringCommandMountItem [318] blur
01-25 16:00:30.613 19613 19613 E unknown:MountItemDispatcher: 	at com.facebook.react.fabric.mounting.MountItemDispatcher.dispatchMountItems(MountItemDispatcher.java:222)
01-25 16:00:30.613 19613 19613 E unknown:MountItemDispatcher: 	at com.facebook.react.fabric.mounting.MountItemDispatcher.tryDispatchMountItems(MountItemDispatcher.java:122)
01-25 16:00:30.613 19613 19613 E unknown:MountItemDispatcher: 	at com.facebook.react.fabric.FabricUIManager$DispatchUIFrameCallback.doFrameGuarded(FabricUIManager.java:1396)
01-25 16:00:30.613 19613 19613 E unknown:MountItemDispatcher: 	at com.facebook.react.uimanager.GuardedFrameCallback.doFrame(GuardedFrameCallback.kt:25)
01-25 16:00:30.613 19613 19613 E unknown:MountItemDispatcher: 	at com.facebook.react.modules.core.ReactChoreographer.frameCallback$lambda$1(ReactChoreographer.kt:59)
01-25 16:00:30.613 19613 19613 E unknown:MountItemDispatcher: 	at com.facebook.react.modules.core.ReactChoreographer.$r8$lambda$nSkFhrr5T7rop_XKwzlLov4NLLw(Unknown Source:0)
01-25 16:00:30.613 19613 19613 E unknown:MountItemDispatcher: 	at com.facebook.react.modules.core.ReactChoreographer$$ExternalSyntheticLambda0.doFrame(D8$$SyntheticClass:0)
01-25 16:00:30.613 19613 19613 E unknown:MountItemDispatcher: 	at android.view.Choreographer$CallbackRecord.run(Choreographer.java:1229)
01-25 16:00:30.613 19613 19613 E unknown:MountItemDispatcher: 	at android.view.Choreographer$CallbackRecord.run(Choreographer.java:1239)
01-25 16:00:30.613 19613 19613 E unknown:MountItemDispatcher: 	at android.view.Choreographer.doCallbacks(Choreographer.java:899)
01-25 16:00:30.613 19613 19613 E unknown:MountItemDispatcher: 	at android.view.Choreographer.doFrame(Choreographer.java:827)
01-25 16:00:30.613 19613 19613 E unknown:MountItemDispatcher: 	at android.view.Choreographer$FrameDisplayEventReceiver.run(Choreographer.java:1214)
01-25 16:00:30.613 19613 19613 E unknown:MountItemDispatcher: 	at android.os.Handler.handleCallback(Handler.java:984)
01-25 16:00:30.613 19613 19613 E unknown:MountItemDispatcher: 	at android.os.Handler.dispatchMessage(Handler.java:104)
01-25 16:00:30.613 19613 19613 E unknown:MountItemDispatcher: 	at android.os.Looper.loopOnce(Looper.java:238)
01-25 16:00:30.613 19613 19613 E unknown:MountItemDispatcher: 	at android.os.Looper.loop(Looper.java:357)
01-25 16:00:30.613 19613 19613 E unknown:MountItemDispatcher: 	at android.app.ActivityThread.main(ActivityThread.java:8149)
01-25 16:00:30.613 19613 19613 E unknown:MountItemDispatcher: 	at java.lang.reflect.Method.invoke(Native Method)
01-25 16:00:30.613 19613 19613 E unknown:MountItemDispatcher: 	at com.android.internal.os.RuntimeInit$MethodAndArgsCaller.run(RuntimeInit.java:548)
01-25 16:00:30.613 19613 19613 E unknown:MountItemDispatcher: 	at com.android.internal.os.ZygoteInit.main(ZygoteInit.java:957)
01-25 16:00:30.613 19613 19613 E unknown:MountItemDispatcher: Caused by: com.facebook.react.bridge.RetryableMountingLayerException: Unable to find viewState for tag: 318 for commandId: blur
01-25 16:00:30.613 19613 19613 E unknown:MountItemDispatcher: 	at com.facebook.react.fabric.mounting.SurfaceMountingManager.receiveCommand(SurfaceMountingManager.java:742)
01-25 16:00:30.613 19613 19613 E unknown:MountItemDispatcher: 	at com.facebook.react.fabric.mounting.MountingManager.receiveCommand(MountingManager.java:282)
01-25 16:00:30.613 19613 19613 E unknown:MountItemDispatcher: 	at com.facebook.react.fabric.mounting.mountitems.DispatchStringCommandMountItem.execute(DispatchStringCommandMountItem.kt:23)
01-25 16:00:30.613 19613 19613 E unknown:MountItemDispatcher: 	at com.facebook.react.fabric.mounting.MountItemDispatcher.executeOrEnqueue(MountItemDispatcher.java:370)
01-25 16:00:30.613 19613 19613 E unknown:MountItemDispatcher: 	at com.facebook.react.fabric.mounting.MountItemDispatcher.dispatchMountItems(MountItemDispatcher.java:205)
01-25 16:00:30.613 19613 19613 E unknown:MountItemDispatcher: 	... 19 more
01-25 16:00:30.667 19613 20292 I ReactNativeJS: '[ReminderEngine] Processing reminders, count:', 2
01-25 16:00:53.033 19613 20292 I ReactNativeJS: [AlarmSync] Checking for completed alarms...
01-25 16:00:53.035 19613 20293 D DoMinderDebug: AlarmModule: getAllNativeReminderStates found 1 reminders
01-25 16:00:53.036 19613 20292 I ReactNativeJS: '[AlarmSync] Syncing native states for', 1, 'reminders'
01-25 16:00:53.036 19613 20293 D DoMinderDebug: AlarmModule: Retrieved 0 completed alarms
01-25 16:00:53.036 19613 20292 I ReactNativeJS: '[ReminderEngine] Processing reminders, count:', 2
01-25 16:00:53.037 19613 20292 I ReactNativeJS: '[AlarmSync] Found completed alarms:', 0
01-25 16:00:53.037 19613 20293 D DoMinderDebug: AlarmModule: Retrieved 0 snoozed alarms
01-25 16:00:53.038 19613 20292 I ReactNativeJS: '[AlarmSync] Found snoozed alarms:', 0
01-25 16:00:53.038 19613 20293 D DoMinderDebug: AlarmModule: Retrieved 0 deleted alarms
01-25 16:00:53.038 19613 20292 I ReactNativeJS: '[AlarmSync] Found deleted alarms:', 0
01-25 16:01:23.045 19613 20292 I ReactNativeJS: [AlarmSync] Checking for completed alarms...
01-25 16:01:23.046 19613 20293 D DoMinderDebug: AlarmModule: getAllNativeReminderStates found 1 reminders
01-25 16:01:23.047 19613 20292 I ReactNativeJS: '[AlarmSync] Syncing native states for', 1, 'reminders'
01-25 16:01:23.048 19613 20293 D DoMinderDebug: AlarmModule: Retrieved 0 completed alarms
01-25 16:01:23.048 19613 20292 I ReactNativeJS: '[ReminderEngine] Processing reminders, count:', 2
01-25 16:01:23.049 19613 20292 I ReactNativeJS: '[AlarmSync] Found completed alarms:', 0
01-25 16:01:23.049 19613 20293 D DoMinderDebug: AlarmModule: Retrieved 0 snoozed alarms
01-25 16:01:23.050 19613 20292 I ReactNativeJS: '[AlarmSync] Found snoozed alarms:', 0
01-25 16:01:23.050 19613 20293 D DoMinderDebug: AlarmModule: Retrieved 0 deleted alarms
01-25 16:01:23.051 19613 20292 I ReactNativeJS: '[AlarmSync] Found deleted alarms:', 0
01-25 16:01:30.685 19613 19613 W unknown:BridgelessReact: ReactHost{0}.onHostPause(activity)
01-25 16:01:30.688 19613 19613 W unknown:BridgelessReact: ReactContext.onHostPause()
01-25 16:01:30.713 19613 20291 I ReactNativeJNI: Memory warning (pressure level: TRIM_MEMORY_UI_HIDDEN) received by JS VM, ignoring because it's non-severe
01-25 16:01:30.736 19613 20285 D Surface : Surface::disconnect
01-25 16:01:30.736 19613 20285 D BufferQueueProducer: [VRI[MainActivity]#1(BLAST Consumer)1](id:4c9d00000001,api:1,p:19613,c:19613) disconnect: api 1
01-25 16:01:57.237 19613 19613 W unknown:BridgelessReact: ReactHost{0}.onHostResume(activity)
01-25 16:01:57.237 19613 19613 W unknown:BridgelessReact: ReactContext.onHostResume()
01-25 16:01:57.238 19613 20292 I ReactNativeJS: [AlarmSync] App became active, syncing...
01-25 16:01:57.238 19613 20292 I ReactNativeJS: [AlarmSync] Checking for completed alarms...
01-25 16:01:57.239 19613 20293 D DoMinderDebug: AlarmModule: getAllNativeReminderStates found 1 reminders
01-25 16:01:57.240 19613 20292 I ReactNativeJS: '[AlarmSync] Syncing native states for', 1, 'reminders'
01-25 16:01:57.240 19613 20293 D DoMinderDebug: AlarmModule: Retrieved 0 completed alarms
01-25 16:01:57.243 19613 20292 I ReactNativeJS: '[AlarmSync] Found completed alarms:', 0
01-25 16:01:57.246 19613 20293 D DoMinderDebug: AlarmModule: Retrieved 0 snoozed alarms
01-25 16:01:57.246 19613 20292 I ReactNativeJS: '[AlarmSync] Found snoozed alarms:', 0
01-25 16:01:57.247 19613 20293 D DoMinderDebug: AlarmModule: Retrieved 0 deleted alarms
01-25 16:01:57.248 19613 20292 I ReactNativeJS: '[AlarmSync] Found deleted alarms:', 0
01-25 16:01:57.249 19613 19613 D VRI[MainActivity]: update {(0,0)(fillxfill) sim={adjust=pan forwardNavigation} ty=BASE_APPLICATION wanim=0x10302fd
01-25 16:01:57.249 19613 19613 D VRI[MainActivity]:   fl=LAYOUT_IN_SCREEN FORCE_NOT_FULLSCREEN LAYOUT_INSET_DECOR SPLIT_TOUCH HARDWARE_ACCELERATED DRAWS_SYSTEM_BAR_BACKGROUNDS
01-25 16:01:57.249 19613 19613 D VRI[MainActivity]:   pfl=NO_MOVE_ANIMATION FORCE_DRAW_STATUS_BAR_BACKGROUND USE_BLAST APPEARANCE_CONTROLLED FIT_INSETS_CONTROLLED
01-25 16:01:57.249 19613 19613 D VRI[MainActivity]:   apr=LIGHT_STATUS_BARS
01-25 16:01:57.249 19613 19613 D VRI[MainActivity]:   bhv=DEFAULT
01-25 16:01:57.249 19613 19613 D VRI[MainActivity]:   fitSides=} by setLayoutParams
01-25 16:01:57.257 19613 20292 I ReactNativeJS: [AlarmSync] Checking for completed alarms...
01-25 16:01:57.259 19613 20293 D DoMinderDebug: AlarmModule: getAllNativeReminderStates found 1 reminders
01-25 16:01:57.261 19613 20292 I ReactNativeJS: '[AlarmSync] Syncing native states for', 1, 'reminders'
01-25 16:01:57.263 19613 20293 D DoMinderDebug: AlarmModule: Retrieved 0 completed alarms
01-25 16:01:57.264 19613 20292 I ReactNativeJS: '[ReminderEngine] Processing reminders, count:', 2
01-25 16:01:57.265 19613 20292 I ReactNativeJS: '[AlarmSync] Found completed alarms:', 0
01-25 16:01:57.266 19613 20293 D DoMinderDebug: AlarmModule: Retrieved 0 snoozed alarms
01-25 16:01:57.267 19613 20292 I ReactNativeJS: '[AlarmSync] Found snoozed alarms:', 0
01-25 16:01:57.267 19613 20285 E OpenGLRenderer: Unable to match the desired swap behavior.
01-25 16:01:57.269 19613 20293 D DoMinderDebug: AlarmModule: Retrieved 0 deleted alarms
01-25 16:01:57.270 19613 20292 I ReactNativeJS: '[AlarmSync] Found deleted alarms:', 0
01-25 16:01:59.266 19613 19613 W unknown:BridgelessReact: ReactHost{0}.onHostPause(activity)
01-25 16:01:59.266 19613 19613 W unknown:BridgelessReact: ReactContext.onHostPause()
01-25 16:01:59.279 19613 20285 D Surface : Surface::disconnect
01-25 16:01:59.280 19613 20285 D BufferQueueProducer: [VRI[MainActivity]#4(BLAST Consumer)4](id:4c9d00000004,api:1,p:19613,c:19613) disconnect: api 1
01-25 16:01:59.294 19613 20291 I ReactNativeJNI: Memory warning (pressure level: TRIM_MEMORY_UI_HIDDEN) received by JS VM, ignoring because it's non-severe
