--------- beginning of main
10-26 13:57:56.047  5370  5370 I id_reminder_app: Using CollectorTypeCC GC.
10-26 13:57:56.051  5370  5370 E id_reminder_app: Not starting debugger since process cannot load the jdwp agent.
10-26 13:57:56.054  5370  5370 D nativeloader: Load libframework-connectivity-tiramisu-jni.so using APEX ns com_android_tethering for caller /apex/com.android.tethering/javalib/framework-connectivity-t.jar: ok
10-26 13:57:56.065  5370  5370 D CompatibilityChangeReporter: Compat change id reported: 171979766; UID 10850; state: ENABLED
10-26 13:57:56.097  5370  5370 D nativeloader: Configuring clns-4 for other apk /data/app/~~lX3ylI-LaWduHaw5lSwDXw==/app.rork.dominder_android_reminder_app-ban3SydWAUrjc2us7X3ToQ==/base.apk. target_sdk_version=35, uses_libraries=, library_path=/data/app/~~lX3ylI-LaWduHaw5lSwDXw==/app.rork.dominder_android_reminder_app-ban3SydWAUrjc2us7X3ToQ==/lib/arm64:/data/app/~~lX3ylI-LaWduHaw5lSwDXw==/app.rork.dominder_android_reminder_app-ban3SydWAUrjc2us7X3ToQ==/base.apk!/lib/arm64-v8a, permitted_path=/data:/mnt/expand:/data/user/0/app.rork.dominder_android_reminder_app
10-26 13:57:56.104  5370  5370 D nativeloader: Load libframework-connectivity-jni.so using APEX ns com_android_tethering for caller /apex/com.android.tethering/javalib/framework-connectivity.jar: ok
10-26 13:57:56.106  5370  5370 V GraphicsEnvironment: ANGLE Developer option for 'app.rork.dominder_android_reminder_app' set to: 'default'
10-26 13:57:56.107  5370  5370 V GraphicsEnvironment: ANGLE GameManagerService for app.rork.dominder_android_reminder_app: false
10-26 13:57:56.107  5370  5370 V GraphicsEnvironment: Neither updatable production driver nor prerelease driver is supported.
10-26 13:57:56.108  5370  5370 D NetworkSecurityConfig: No Network Security Config specified, using platform default
10-26 13:57:56.109  5370  5370 D NetworkSecurityConfig: No Network Security Config specified, using platform default
10-26 13:57:56.119  5370  5370 D WM-WrkMgrInitializer: Initializing WorkManager with default configuration.
10-26 13:57:56.122  5370  5370 D NOTIFEE : (context): received application context
10-26 13:57:56.125  5370  5370 W SoLoader: Initializing SoLoader: 0
10-26 13:57:56.126  5370  5370 W SoLoader: Recording new base apk path: /data/app/~~lX3ylI-LaWduHaw5lSwDXw==/app.rork.dominder_android_reminder_app-ban3SydWAUrjc2us7X3ToQ==/base.apk
10-26 13:57:56.126  5370  5370 W SoLoader: Previously recorded 0 base apk paths.
10-26 13:57:56.126  5370  5370 I SoLoader: Preparing SO source: DirectorySoSource[root = /vendor/lib64 flags = 2]
10-26 13:57:56.126  5370  5370 I SoLoader: Preparing SO source: DirectorySoSource[root = /system/lib64 flags = 2]
10-26 13:57:56.126  5370  5370 I SoLoader: Preparing SO source: DirectApkSoSource[root = [/data/app/~~lX3ylI-LaWduHaw5lSwDXw==/app.rork.dominder_android_reminder_app-ban3SydWAUrjc2us7X3ToQ==/base.apk!/lib/arm64-v8a]]
10-26 13:57:56.129  5370  5370 I SoLoader: Preparing SO source: ApplicationSoSource[DirectorySoSource[root = /data/app/~~lX3ylI-LaWduHaw5lSwDXw==/app.rork.dominder_android_reminder_app-ban3SydWAUrjc2us7X3ToQ==/lib/arm64 flags = 0]]
10-26 13:57:56.129  5370  5370 I SoLoader: init finish: 4 SO sources prepared
10-26 13:57:56.130  5370  5370 W SoLoader: SoLoader initialized: 8
10-26 13:57:56.130  5370  5370 I Typeface: updateThemeFont new=Rookery-Regular;old=sans-serif;new=Rookery-Stacked;old=
10-26 13:57:56.137  5370  5388 D CompatibilityChangeReporter: Compat change id reported: 160794467; UID 10850; state: ENABLED
10-26 13:57:56.137  5370  5370 D AppCompatDelegate: Checking for metadata for AppLocalesMetadataHolderService : Service not found
10-26 13:57:56.160  5370  5370 D nativeloader: Load /data/app/~~lX3ylI-LaWduHaw5lSwDXw==/app.rork.dominder_android_reminder_app-ban3SydWAUrjc2us7X3ToQ==/base.apk!/lib/arm64-v8a/libc++_shared.so using class loader ns clns-4 (caller=/data/app/~~lX3ylI-LaWduHaw5lSwDXw==/app.rork.dominder_android_reminder_app-ban3SydWAUrjc2us7X3ToQ==/base.apk!classes2.dex): ok
10-26 13:57:56.164  5370  5370 D nativeloader: Load /data/app/~~lX3ylI-LaWduHaw5lSwDXw==/app.rork.dominder_android_reminder_app-ban3SydWAUrjc2us7X3ToQ==/base.apk!/lib/arm64-v8a/libjsi.so using class loader ns clns-4 (caller=/data/app/~~lX3ylI-LaWduHaw5lSwDXw==/app.rork.dominder_android_reminder_app-ban3SydWAUrjc2us7X3ToQ==/base.apk!classes2.dex): ok
10-26 13:57:56.169  5370  5370 D nativeloader: Load /data/app/~~lX3ylI-LaWduHaw5lSwDXw==/app.rork.dominder_android_reminder_app-ban3SydWAUrjc2us7X3ToQ==/base.apk!/lib/arm64-v8a/libfbjni.so using class loader ns clns-4 (caller=/data/app/~~lX3ylI-LaWduHaw5lSwDXw==/app.rork.dominder_android_reminder_app-ban3SydWAUrjc2us7X3ToQ==/base.apk!classes2.dex): ok
10-26 13:57:56.174  5370  5370 D nativeloader: Load /data/app/~~lX3ylI-LaWduHaw5lSwDXw==/app.rork.dominder_android_reminder_app-ban3SydWAUrjc2us7X3ToQ==/base.apk!/lib/arm64-v8a/libreactnative.so using class loader ns clns-4 (caller=/data/app/~~lX3ylI-LaWduHaw5lSwDXw==/app.rork.dominder_android_reminder_app-ban3SydWAUrjc2us7X3ToQ==/base.apk!classes2.dex): ok
10-26 13:57:56.174  5370  5370 D jni_lib_merge: Entering merged library JNI_OnLoad.
10-26 13:57:56.174  5370  5370 D jni_lib_merge: Preparing 11 pre-merged libs (including stub)
10-26 13:57:56.174  5370  5370 D jni_lib_merge: Preparing to register libfabricjni_so.  onload_func: 0x7e06a94da0
10-26 13:57:56.175  5370  5370 D jni_lib_merge: Preparing to register libreact_devsupportjni_so.  onload_func: 0x7e06b669ec
10-26 13:57:56.175  5370  5370 D jni_lib_merge: Preparing to register libreact_featureflagsjni_so.  onload_func: 0x7e06b6ec88
10-26 13:57:56.175  5370  5370 D jni_lib_merge: Preparing to register libreact_newarchdefaults_so.  onload_func: 0x7e06b92c70
10-26 13:57:56.175  5370  5370 D jni_lib_merge: Preparing to register libreactnativeblob_so.  onload_func: 0x7e06c19ac4
10-26 13:57:56.175  5370  5370 D jni_lib_merge: Preparing to register libreactnativejni_so.  onload_func: 0x7e06c37aac
10-26 13:57:56.175  5370  5370 D jni_lib_merge: Preparing to register librninstance_so.  onload_func: 0x7e06c51238
10-26 13:57:56.175  5370  5370 D jni_lib_merge: Preparing to register libturbomodulejsijni_so.  onload_func: 0x7e06ccbe60
10-26 13:57:56.175  5370  5370 D jni_lib_merge: Preparing to register libuimanagerjni_so.  onload_func: 0x7e06cd3378
10-26 13:57:56.175  5370  5370 D jni_lib_merge: Preparing to register libyoga_so.  onload_func: 0x7e06cd87cc
10-26 13:57:56.175  5370  5370 D jni_lib_merge: About to register 10 actual methods.
10-26 13:57:56.177  5370  5370 W SoLoader: SoLoader already initialized
10-26 13:57:56.181  5370  5370 D nativeloader: Load /data/app/~~lX3ylI-LaWduHaw5lSwDXw==/app.rork.dominder_android_reminder_app-ban3SydWAUrjc2us7X3ToQ==/base.apk!/lib/arm64-v8a/libhermes.so using class loader ns clns-4 (caller=/data/app/~~lX3ylI-LaWduHaw5lSwDXw==/app.rork.dominder_android_reminder_app-ban3SydWAUrjc2us7X3ToQ==/base.apk!classes2.dex): ok
10-26 13:57:56.186  5370  5370 D nativeloader: Load /data/app/~~lX3ylI-LaWduHaw5lSwDXw==/app.rork.dominder_android_reminder_app-ban3SydWAUrjc2us7X3ToQ==/base.apk!/lib/arm64-v8a/libhermestooling.so using class loader ns clns-4 (caller=/data/app/~~lX3ylI-LaWduHaw5lSwDXw==/app.rork.dominder_android_reminder_app-ban3SydWAUrjc2us7X3ToQ==/base.apk!classes2.dex): ok
10-26 13:57:56.186  5370  5370 D jni_lib_merge: Entering merged library JNI_OnLoad.
10-26 13:57:56.186  5370  5370 D jni_lib_merge: Preparing 4 pre-merged libs (including stub)
10-26 13:57:56.186  5370  5370 D jni_lib_merge: Preparing to register libhermes_executor_so.  onload_func: 0x7e8bad711c
10-26 13:57:56.186  5370  5370 D jni_lib_merge: Preparing to register libhermesinstancejni_so.  onload_func: 0x7e8badea58
10-26 13:57:56.186  5370  5370 D jni_lib_merge: Preparing to register libjsijniprofiler_so.  onload_func: 0x7e8badf114
10-26 13:57:56.186  5370  5370 D jni_lib_merge: About to register 3 actual methods.
10-26 13:57:56.186  5370  5370 W SoLoader: SoLoader already initialized
--------- beginning of system
10-26 13:57:56.196  5370  5370 D ViewRootImpl: update {(0,0)(fillxfill) sim={adjust=resize forwardNavigation} ty=BASE_APPLICATION wanim=0x10302fd
10-26 13:57:56.196  5370  5370 D ViewRootImpl:   fl=LAYOUT_IN_SCREEN LAYOUT_INSET_DECOR SPLIT_TOUCH HARDWARE_ACCELERATED DRAWS_SYSTEM_BAR_BACKGROUNDS
10-26 13:57:56.196  5370  5370 D ViewRootImpl:   pfl=NO_MOVE_ANIMATION FORCE_DRAW_STATUS_BAR_BACKGROUND FIT_INSETS_CONTROLLED
10-26 13:57:56.196  5370  5370 D ViewRootImpl:   bhv=DEFAULT
10-26 13:57:56.196  5370  5370 D ViewRootImpl:   fitSides=} by setView
10-26 13:57:56.218  5370  5396 I AdrenoGLES-0: QUALCOMM build                   : 43fc279f3a, I58833f8ed4
10-26 13:57:56.218  5370  5396 I AdrenoGLES-0: Build Date                       : 03/24/23
10-26 13:57:56.218  5370  5396 I AdrenoGLES-0: OpenGL ES Shader Compiler Version: EV031.32.02.17
10-26 13:57:56.218  5370  5396 I AdrenoGLES-0: Local Branch                     : 
10-26 13:57:56.218  5370  5396 I AdrenoGLES-0: Remote Branch                    : 
10-26 13:57:56.218  5370  5396 I AdrenoGLES-0: Remote Branch                    : 
10-26 13:57:56.218  5370  5396 I AdrenoGLES-0: Reconstruct Branch               : 
10-26 13:57:56.218  5370  5396 I AdrenoGLES-0: Build Config                     : S P 10.0.7 AArch64
10-26 13:57:56.218  5370  5396 I AdrenoGLES-0: Driver Path                      : /vendor/lib64/egl/libGLESv2_adreno.so
10-26 13:57:56.224  5370  5396 I AdrenoGLES-0: PFP: 0x016ee197, ME: 0x00000000
10-26 13:57:56.242  5370  5396 I OpenGLRenderer: setGrContext nullptr-->validptr
10-26 13:57:56.246  5370  5396 E OpenGLRenderer: Unable to match the desired swap behavior.
10-26 13:57:56.360  5370  5407 I ExpoModulesCore:  AppContext was initialized
10-26 13:57:56.368  5370  5422 W unknown:ViewManagerPropertyUpdater: Could not find generated setter for class com.facebook.react.views.drawer.ReactDrawerLayoutManager
10-26 13:57:56.369  5370  5422 W unknown:ViewManagerPropertyUpdater: Could not find generated setter for class com.facebook.react.uimanager.LayoutShadowNode
10-26 13:57:56.371  5370  5422 W unknown:ViewManagerPropertyUpdater: Could not find generated setter for class com.facebook.react.views.scroll.ReactHorizontalScrollViewManager
10-26 13:57:56.371  5370  5422 W unknown:ViewManagerPropertyUpdater: Could not find generated setter for class com.facebook.react.views.scroll.ReactHorizontalScrollContainerViewManager
10-26 13:57:56.372  5370  5422 W unknown:ViewManagerPropertyUpdater: Could not find generated setter for class com.facebook.react.views.progressbar.ReactProgressBarViewManager
10-26 13:57:56.372  5370  5422 W unknown:ViewManagerPropertyUpdater: Could not find generated setter for class com.facebook.react.views.progressbar.ProgressBarShadowNode
10-26 13:57:56.373  5370  5422 W unknown:ViewManagerPropertyUpdater: Could not find generated setter for class com.facebook.react.views.scroll.ReactScrollViewManager
10-26 13:57:56.374  5370  5422 W unknown:ViewManagerPropertyUpdater: Could not find generated setter for class com.facebook.react.views.switchview.ReactSwitchManager
10-26 13:57:56.374  5370  5422 W unknown:ViewManagerPropertyUpdater: Could not find generated setter for class com.facebook.react.views.switchview.ReactSwitchShadowNode
10-26 13:57:56.374  5370  5422 W unknown:ViewManagerPropertyUpdater: Could not find generated setter for class com.facebook.react.views.safeareaview.ReactSafeAreaViewManager
10-26 13:57:56.374  5370  5422 W unknown:ViewManagerPropertyUpdater: Could not find generated setter for class com.facebook.react.views.safeareaview.ReactSafeAreaViewShadowNode
10-26 13:57:56.374  5370  5422 W unknown:ViewManagerPropertyUpdater: Could not find generated setter for class com.facebook.react.views.swiperefresh.SwipeRefreshLayoutManager
10-26 13:57:56.375  5370  5422 W unknown:ViewManagerPropertyUpdater: Could not find generated setter for class com.facebook.react.views.text.frescosupport.FrescoBasedReactTextInlineImageViewManager
10-26 13:57:56.375  5370  5422 W unknown:ViewManagerPropertyUpdater: Could not find generated setter for class com.facebook.react.views.text.frescosupport.FrescoBasedReactTextInlineImageShadowNode
10-26 13:57:56.375  5370  5422 W unknown:ViewManagerPropertyUpdater: Could not find generated setter for class com.facebook.react.views.image.ReactImageManager
10-26 13:57:56.376  5370  5422 W unknown:ViewManagerPropertyUpdater: Could not find generated setter for class com.facebook.react.views.modal.ReactModalHostManager
10-26 13:57:56.376  5370  5422 W unknown:ViewManagerPropertyUpdater: Could not find generated setter for class com.facebook.react.views.text.ReactRawTextManager
10-26 13:57:56.376  5370  5422 W unknown:ViewManagerPropertyUpdater: Could not find generated setter for class com.facebook.react.views.text.ReactRawTextShadowNode
10-26 13:57:56.377  5370  5422 W unknown:ViewManagerPropertyUpdater: Could not find generated setter for class com.facebook.react.views.textinput.ReactTextInputManager
10-26 13:57:56.378  5370  5422 W unknown:ViewManagerPropertyUpdater: Could not find generated setter for class com.facebook.react.views.textinput.ReactTextInputShadowNode
10-26 13:57:56.378  5370  5422 W unknown:ViewManagerPropertyUpdater: Could not find generated setter for class com.facebook.react.views.text.ReactTextViewManager
10-26 13:57:56.379  5370  5422 W unknown:ViewManagerPropertyUpdater: Could not find generated setter for class com.facebook.react.views.text.ReactTextShadowNode
10-26 13:57:56.379  5370  5422 W unknown:ViewManagerPropertyUpdater: Could not find generated setter for class com.facebook.react.views.view.ReactViewManager
10-26 13:57:56.379  5370  5422 W unknown:ViewManagerPropertyUpdater: Could not find generated setter for class com.facebook.react.views.text.ReactVirtualTextViewManager
10-26 13:57:56.380  5370  5422 W unknown:ViewManagerPropertyUpdater: Could not find generated setter for class com.facebook.react.views.text.ReactVirtualTextShadowNode
10-26 13:57:56.380  5370  5422 W unknown:ViewManagerPropertyUpdater: Could not find generated setter for class com.facebook.react.views.unimplementedview.ReactUnimplementedViewManager
10-26 13:57:56.380  5370  5422 W unknown:ViewManagerPropertyUpdater: Could not find generated setter for class expo.modules.kotlin.views.GroupViewManagerWrapper
10-26 13:57:56.383  5370  5422 W unknown:ViewManagerPropertyUpdater: Could not find generated setter for class expo.modules.kotlin.views.SimpleViewManagerWrapper
10-26 13:57:56.383  5370  5422 W unknown:ViewManagerPropertyUpdater: Could not find generated setter for class com.swmansion.gesturehandler.react.RNGestureHandlerRootViewManager
10-26 13:57:56.384  5370  5422 W unknown:ViewManagerPropertyUpdater: Could not find generated setter for class com.swmansion.gesturehandler.react.RNGestureHandlerButtonViewManager
10-26 13:57:56.384  5370  5422 W unknown:ViewManagerPropertyUpdater: Could not find generated setter for class com.th3rdwave.safeareacontext.SafeAreaProviderManager
10-26 13:57:56.384  5370  5422 W unknown:ViewManagerPropertyUpdater: Could not find generated setter for class com.th3rdwave.safeareacontext.SafeAreaViewManager
10-26 13:57:56.385  5370  5422 W unknown:ViewManagerPropertyUpdater: Could not find generated setter for class com.th3rdwave.safeareacontext.SafeAreaViewShadowNode
10-26 13:57:56.385  5370  5422 W unknown:ViewManagerPropertyUpdater: Could not find generated setter for class com.swmansion.rnscreens.ScreenContainerViewManager
10-26 13:57:56.385  5370  5422 W unknown:ViewManagerPropertyUpdater: Could not find generated setter for class com.swmansion.rnscreens.ScreenViewManager
10-26 13:57:56.386  5370  5422 W unknown:ViewManagerPropertyUpdater: Could not find generated setter for class com.swmansion.rnscreens.ModalScreenViewManager
10-26 13:57:56.386  5370  5422 W unknown:ViewManagerPropertyUpdater: Could not find generated setter for class com.swmansion.rnscreens.ScreenStackViewManager
10-26 13:57:56.386  5370  5422 W unknown:ViewManagerPropertyUpdater: Could not find generated setter for class com.swmansion.rnscreens.ScreenStackHeaderConfigViewManager
10-26 13:57:56.387  5370  5422 W unknown:ViewManagerPropertyUpdater: Could not find generated setter for class com.swmansion.rnscreens.ScreenStackHeaderSubviewManager
10-26 13:57:56.387  5370  5422 W unknown:ViewManagerPropertyUpdater: Could not find generated setter for class com.swmansion.rnscreens.SearchBarManager
10-26 13:57:56.387  5370  5422 W unknown:ViewManagerPropertyUpdater: Could not find generated setter for class com.swmansion.rnscreens.ScreenFooterManager
10-26 13:57:56.387  5370  5422 W unknown:ViewManagerPropertyUpdater: Could not find generated setter for class com.swmansion.rnscreens.ScreenContentWrapperManager
10-26 13:57:56.387  5370  5422 W unknown:ViewManagerPropertyUpdater: Could not find generated setter for class com.horcrux.svg.RenderableViewManager$DefsViewManager
10-26 13:57:56.388  5370  5422 W unknown:ViewManagerPropertyUpdater: Could not find generated setter for class com.horcrux.svg.VirtualViewManager$RenderableShadowNode
10-26 13:57:56.388  5370  5422 W unknown:ViewManagerPropertyUpdater: Could not find generated setter for class com.horcrux.svg.RenderableViewManager$FeMergeManager
10-26 13:57:56.389  5370  5422 W unknown:ViewManagerPropertyUpdater: Could not find generated setter for class com.horcrux.svg.RenderableViewManager$LinearGradientManager
10-26 13:57:56.389  5370  5422 W unknown:ViewManagerPropertyUpdater: Could not find generated setter for class com.horcrux.svg.RenderableViewManager$FeGaussianBlurManager
10-26 13:57:56.390  5370  5422 W unknown:ViewManagerPropertyUpdater: Could not find generated setter for class com.horcrux.svg.RenderableViewManager$FeColorMatrixManager
10-26 13:57:56.390  5370  5422 W unknown:ViewManagerPropertyUpdater: Could not find generated setter for class com.horcrux.svg.RenderableViewManager$ClipPathViewManager
10-26 13:57:56.391  5370  5422 W unknown:ViewManagerPropertyUpdater: Could not find generated setter for class com.horcrux.svg.RenderableViewManager$SymbolManager
10-26 13:57:56.391  5370  5422 W unknown:ViewManagerPropertyUpdater: Could not find generated setter for class com.horcrux.svg.RenderableViewManager$PatternManager
10-26 13:57:56.392  5370  5422 W unknown:ViewManagerPropertyUpdater: Could not find generated setter for class com.horcrux.svg.RenderableViewManager$FeBlendManager
10-26 13:57:56.392  5370  5422 W unknown:ViewManagerPropertyUpdater: Could not find generated setter for class com.horcrux.svg.SvgViewManager
10-26 13:57:56.393  5370  5422 W unknown:ViewManagerPropertyUpdater: Could not find generated setter for class com.horcrux.svg.RenderableViewManager$UseViewManager
10-26 13:57:56.393  5370  5422 W unknown:ViewManagerPropertyUpdater: Could not find generated setter for class com.horcrux.svg.RenderableViewManager$CircleViewManager
10-26 13:57:56.394  5370  5422 W unknown:ViewManagerPropertyUpdater: Could not find generated setter for class com.horcrux.svg.RenderableViewManager$TSpanViewManager
10-26 13:57:56.395  5370  5422 W unknown:ViewManagerPropertyUpdater: Could not find generated setter for class com.horcrux.svg.RenderableViewManager$FilterManager
10-26 13:57:56.395  5370  5422 W unknown:ViewManagerPropertyUpdater: Could not find generated setter for class com.horcrux.svg.RenderableViewManager$MarkerManager
10-26 13:57:56.396  5370  5422 W unknown:ViewManagerPropertyUpdater: Could not find generated setter for class com.horcrux.svg.RenderableViewManager$ForeignObjectManager
10-26 13:57:56.397  5370  5422 W unknown:ViewManagerPropertyUpdater: Could not find generated setter for class com.horcrux.svg.RenderableViewManager$EllipseViewManager
10-26 13:57:56.397  5370  5422 W unknown:ViewManagerPropertyUpdater: Could not find generated setter for class com.horcrux.svg.RenderableViewManager$LineViewManager
10-26 13:57:56.398  5370  5422 W unknown:ViewManagerPropertyUpdater: Could not find generated setter for class com.horcrux.svg.RenderableViewManager$FeFloodManager
10-26 13:57:56.398  5370  5422 W unknown:ViewManagerPropertyUpdater: Could not find generated setter for class com.horcrux.svg.RenderableViewManager$GroupViewManager
10-26 13:57:56.399  5370  5422 W unknown:ViewManagerPropertyUpdater: Could not find generated setter for class com.horcrux.svg.RenderableViewManager$TextViewManager
10-26 13:57:56.399  5370  5422 W unknown:ViewManagerPropertyUpdater: Could not find generated setter for class com.horcrux.svg.RenderableViewManager$ImageViewManager
10-26 13:57:56.400  5370  5422 W unknown:ViewManagerPropertyUpdater: Could not find generated setter for class com.horcrux.svg.RenderableViewManager$FeCompositeManager
10-26 13:57:56.400  5370  5422 W unknown:ViewManagerPropertyUpdater: Could not find generated setter for class com.horcrux.svg.RenderableViewManager$RadialGradientManager
10-26 13:57:56.401  5370  5422 W unknown:ViewManagerPropertyUpdater: Could not find generated setter for class com.horcrux.svg.RenderableViewManager$MaskManager
10-26 13:57:56.401  5370  5422 W unknown:ViewManagerPropertyUpdater: Could not find generated setter for class com.horcrux.svg.RenderableViewManager$RectViewManager
10-26 13:57:56.402  5370  5422 W unknown:ViewManagerPropertyUpdater: Could not find generated setter for class com.horcrux.svg.RenderableViewManager$TextPathViewManager
10-26 13:57:56.403  5370  5422 W unknown:ViewManagerPropertyUpdater: Could not find generated setter for class com.horcrux.svg.RenderableViewManager$FeOffsetManager
10-26 13:57:56.403  5370  5422 W unknown:ViewManagerPropertyUpdater: Could not find generated setter for class com.horcrux.svg.RenderableViewManager$PathViewManager
10-26 13:57:56.471  5370  5421 D nativeloader: Load /data/app/~~lX3ylI-LaWduHaw5lSwDXw==/app.rork.dominder_android_reminder_app-ban3SydWAUrjc2us7X3ToQ==/base.apk!/lib/arm64-v8a/libexpo-modules-core.so using class loader ns clns-4 (caller=/data/app/~~lX3ylI-LaWduHaw5lSwDXw==/app.rork.dominder_android_reminder_app-ban3SydWAUrjc2us7X3ToQ==/base.apk!classes2.dex): ok
10-26 13:57:56.476  5370  5421 I ExpoModulesCore:  JSI interop was installed
10-26 13:57:56.483  5370  5421 I ExpoModulesCore:  Constants were exported
10-26 13:57:56.523  5370  5421 D nativeloader: Load /data/app/~~lX3ylI-LaWduHaw5lSwDXw==/app.rork.dominder_android_reminder_app-ban3SydWAUrjc2us7X3ToQ==/base.apk!/lib/arm64-v8a/librnscreens.so using class loader ns clns-4 (caller=/data/app/~~lX3ylI-LaWduHaw5lSwDXw==/app.rork.dominder_android_reminder_app-ban3SydWAUrjc2us7X3ToQ==/base.apk!classes2.dex): ok
10-26 13:57:56.529  5370  5421 I ReactNativeJS: '[NotificationService] AlarmModule availability:', 'Available'
10-26 13:57:56.530  5370  5421 I ReactNativeJS: '[NotificationService] AlarmModule methods:', [ 'cancelAlarm',
10-26 13:57:56.530  5370  5421 I ReactNativeJS:   'clearCompletedAlarm',
10-26 13:57:56.530  5370  5421 I ReactNativeJS:   'clearSnoozedAlarm',
10-26 13:57:56.530  5370  5421 I ReactNativeJS:   'getAlarmRingtone',
10-26 13:57:56.530  5370  5421 I ReactNativeJS:   'getCompletedAlarms',
10-26 13:57:56.530  5370  5421 I ReactNativeJS:   'getSnoozedAlarms',
10-26 13:57:56.530  5370  5421 I ReactNativeJS:   'openRingtonePicker',
10-26 13:57:56.530  5370  5421 I ReactNativeJS:   'scheduleAlarm',
10-26 13:57:56.530  5370  5421 I ReactNativeJS:   'getConstants' ]
10-26 13:57:56.530  5370  5421 I ReactNativeJS: Running "main"
10-26 13:57:56.594  5370  5421 I ReactNativeJS: [useAlarmListeners] Setting up native alarm event listeners...
10-26 13:57:56.594  5370  5421 I ReactNativeJS: [AlarmSync] Hook initialized
10-26 13:57:56.594  5370  5421 I ReactNativeJS: [AlarmSync] Checking for completed alarms...
10-26 13:57:56.595  5370  5421 I ReactNativeJS: [RootLayout] Setting up notification handlers
10-26 13:57:56.595  5370  5421 I ReactNativeJS: [Dominder-Debug] Ensuring base notification channels
10-26 13:57:56.596  5370  5421 I ReactNativeJS: '[Dominder-Debug] Creating channel:', '{"id":"standard-v2","name":"Standard Notifications","importance":4,"sound":"default","vibration":true}'
10-26 13:57:56.596  5370  5422 D DoMinderDebug: AlarmModule: Retrieved 0 completed alarms
10-26 13:57:56.598  5370  5421 I ReactNativeJS: '[AlarmSync] Found completed alarms:', 0
10-26 13:57:56.599  5370  5421 I ReactNativeJS: '[RootLayout] Initial notification:', null
10-26 13:57:56.600  5370  5422 D DoMinderDebug: AlarmModule: Retrieved 0 snoozed alarms
10-26 13:57:56.600  5370  5421 I ReactNativeJS: '[AlarmSync] Found snoozed alarms:', 0
10-26 13:57:56.602  5370  5370 D VRI[MainActivity]: update {(0,0)(fillxfill) sim={adjust=resize forwardNavigation} ty=BASE_APPLICATION wanim=0x10302fd
10-26 13:57:56.602  5370  5370 D VRI[MainActivity]:   fl=LAYOUT_IN_SCREEN LAYOUT_INSET_DECOR SPLIT_TOUCH HARDWARE_ACCELERATED DRAWS_SYSTEM_BAR_BACKGROUNDS
10-26 13:57:56.602  5370  5370 D VRI[MainActivity]:   pfl=NO_MOVE_ANIMATION FORCE_DRAW_STATUS_BAR_BACKGROUND FIT_INSETS_CONTROLLED
10-26 13:57:56.602  5370  5370 D VRI[MainActivity]:   bhv=DEFAULT
10-26 13:57:56.602  5370  5370 D VRI[MainActivity]:   fitSides=} by setLayoutParams
10-26 13:57:56.604  5370  5370 D VRI[MainActivity]: update {(0,0)(fillxfill) sim={adjust=resize forwardNavigation} ty=BASE_APPLICATION wanim=0x10302fd
10-26 13:57:56.604  5370  5370 D VRI[MainActivity]:   fl=LAYOUT_IN_SCREEN FORCE_NOT_FULLSCREEN LAYOUT_INSET_DECOR SPLIT_TOUCH HARDWARE_ACCELERATED DRAWS_SYSTEM_BAR_BACKGROUNDS
10-26 13:57:56.604  5370  5370 D VRI[MainActivity]:   pfl=NO_MOVE_ANIMATION FORCE_DRAW_STATUS_BAR_BACKGROUND FIT_INSETS_CONTROLLED
10-26 13:57:56.604  5370  5370 D VRI[MainActivity]:   bhv=DEFAULT
10-26 13:57:56.604  5370  5370 D VRI[MainActivity]:   fitSides=} by setLayoutParams
10-26 13:57:56.605  5370  5370 D VRI[MainActivity]: update {(0,0)(fillxfill) sim={adjust=resize forwardNavigation} ty=BASE_APPLICATION wanim=0x10302fd
10-26 13:57:56.605  5370  5370 D VRI[MainActivity]:   fl=LAYOUT_IN_SCREEN FORCE_NOT_FULLSCREEN LAYOUT_INSET_DECOR SPLIT_TOUCH HARDWARE_ACCELERATED DRAWS_SYSTEM_BAR_BACKGROUNDS
10-26 13:57:56.605  5370  5370 D VRI[MainActivity]:   pfl=NO_MOVE_ANIMATION FORCE_DRAW_STATUS_BAR_BACKGROUND FIT_INSETS_CONTROLLED
10-26 13:57:56.605  5370  5370 D VRI[MainActivity]:   bhv=DEFAULT
10-26 13:57:56.605  5370  5370 D VRI[MainActivity]:   fitSides=} by setLayoutParams
10-26 13:57:56.618  5370  5422 W unknown:ViewManagerPropertyUpdater: Could not find generated setter for class com.swmansion.rnscreens.ScreenStackHeaderConfigShadowNode
10-26 13:57:56.622  5370  5422 W unknown:ViewManagerPropertyUpdater: Could not find generated setter for class com.swmansion.rnscreens.ScreensShadowNode
10-26 13:57:56.624  5370  5370 D CompatibilityChangeReporter: Compat change id reported: 210923482; UID 10850; state: ENABLED
10-26 13:57:56.625  5370  5421 I ReactNativeJS: '[ReminderEngine] Processing reminders, count:', 0
10-26 13:57:56.630  5370  5370 I ReactNative: [GESTURE HANDLER] Initialize gesture handler for root view com.facebook.react.ReactRootView{86c90d6 V.E...... ......ID 0,0-1080,2295 #b}
10-26 13:57:56.633  5370  5421 I ReactNativeJS: '[ReminderEngine] Processing reminders, count:', 0
10-26 13:57:56.635  5370  5421 I ReactNativeJS: '[Dominder-Debug] Creating channel:', '{"id":"silent-v2","name":"Silent Notifications","importance":2,"vibration":false}'
10-26 13:57:56.635  5370  5421 I ReactNativeJS: [AlarmSync] App became active, syncing...
10-26 13:57:56.635  5370  5421 I ReactNativeJS: [AlarmSync] Checking for completed alarms...
10-26 13:57:57.136  5370  5370 W SafeAreaView: Timed out waiting for layout.
10-26 13:57:57.139  5370  5422 D DoMinderDebug: AlarmModule: Retrieved 0 completed alarms
10-26 13:57:57.139  5370  5421 I ReactNativeJS: '[AlarmSync] Found completed alarms:', 0
10-26 13:57:57.140  5370  5421 I ReactNativeJS: '[Dominder-Debug] Creating channel:', '{"id":"alarm-v2","name":"Alarms","importance":4,"sound":"default","vibration":true,"bypassDnd":true}'
10-26 13:57:57.144  5370  5370 D VRI[MainActivity]: update {(0,0)(fillxfill) sim={adjust=resize forwardNavigation} ty=BASE_APPLICATION wanim=0x10302fd
10-26 13:57:57.144  5370  5370 D VRI[MainActivity]:   fl=LAYOUT_IN_SCREEN FORCE_NOT_FULLSCREEN LAYOUT_INSET_DECOR SPLIT_TOUCH HARDWARE_ACCELERATED DRAWS_SYSTEM_BAR_BACKGROUNDS
10-26 13:57:57.144  5370  5370 D VRI[MainActivity]:   pfl=NO_MOVE_ANIMATION FORCE_DRAW_STATUS_BAR_BACKGROUND FIT_INSETS_CONTROLLED
10-26 13:57:57.144  5370  5370 D VRI[MainActivity]:   bhv=DEFAULT
10-26 13:57:57.144  5370  5370 D VRI[MainActivity]:   fitSides=} by setLayoutParams
10-26 13:57:57.144  5370  5422 D DoMinderDebug: AlarmModule: Retrieved 0 snoozed alarms
10-26 13:57:57.146  5370  5370 D VRI[MainActivity]: update {(0,0)(fillxfill) sim={adjust=resize forwardNavigation} layoutInDisplayCutoutMode=shortEdges ty=BASE_APPLICATION wanim=0x10302fd
10-26 13:57:57.146  5370  5370 D VRI[MainActivity]:   fl=LAYOUT_IN_SCREEN FULLSCREEN FORCE_NOT_FULLSCREEN LAYOUT_INSET_DECOR SPLIT_TOUCH HARDWARE_ACCELERATED DRAWS_SYSTEM_BAR_BACKGROUNDS
10-26 13:57:57.146  5370  5370 D VRI[MainActivity]:   pfl=NO_MOVE_ANIMATION FORCE_DRAW_STATUS_BAR_BACKGROUND FIT_INSETS_CONTROLLED
10-26 13:57:57.146  5370  5370 D VRI[MainActivity]:   bhv=DEFAULT
10-26 13:57:57.146  5370  5370 D VRI[MainActivity]:   fitSides=} by setLayoutParams
10-26 13:57:57.147  5370  5370 D VRI[MainActivity]: update {(0,0)(fillxfill) sim={adjust=resize forwardNavigation} layoutInDisplayCutoutMode=shortEdges ty=BASE_APPLICATION wanim=0x10302fd
10-26 13:57:57.147  5370  5370 D VRI[MainActivity]:   fl=LAYOUT_IN_SCREEN FULLSCREEN LAYOUT_INSET_DECOR SPLIT_TOUCH HARDWARE_ACCELERATED DRAWS_SYSTEM_BAR_BACKGROUNDS
10-26 13:57:57.147  5370  5370 D VRI[MainActivity]:   pfl=NO_MOVE_ANIMATION FORCE_DRAW_STATUS_BAR_BACKGROUND FIT_INSETS_CONTROLLED
10-26 13:57:57.147  5370  5370 D VRI[MainActivity]:   bhv=DEFAULT
10-26 13:57:57.147  5370  5370 D VRI[MainActivity]:   fitSides=} by setLayoutParams
10-26 13:57:57.149  5370  5370 I Choreographer: Skipped 46 frames!  The application may be doing too much work on its main thread.
10-26 13:57:57.161  5370  5370 D VRI[MainActivity]: update {(0,0)(fillxfill) sim={adjust=resize forwardNavigation} layoutInDisplayCutoutMode=shortEdges ty=BASE_APPLICATION wanim=0x10302fd
10-26 13:57:57.161  5370  5370 D VRI[MainActivity]:   fl=LAYOUT_IN_SCREEN FULLSCREEN LAYOUT_INSET_DECOR SPLIT_TOUCH HARDWARE_ACCELERATED DRAWS_SYSTEM_BAR_BACKGROUNDS
10-26 13:57:57.161  5370  5370 D VRI[MainActivity]:   pfl=NO_MOVE_ANIMATION FORCE_DRAW_STATUS_BAR_BACKGROUND FIT_INSETS_CONTROLLED
10-26 13:57:57.161  5370  5370 D VRI[MainActivity]:   bhv=DEFAULT
10-26 13:57:57.161  5370  5370 D VRI[MainActivity]:   fitSides=} by setLayoutParams
10-26 13:57:57.191  5370  5370 D CompatibilityChangeReporter: Compat change id reported: 171228096; UID 10850; state: ENABLED
10-26 13:57:57.288  5370  5421 I ReactNativeJS: '[AlarmSync] Found snoozed alarms:', 0
10-26 13:57:57.289  5370  5421 I ReactNativeJS: [Dominder-Debug] Base channels ensured
10-26 13:57:57.290  5370  5421 I ReactNativeJS: '[ReminderEngine] Processing reminders, count:', 3
10-26 13:57:57.290  5370  5421 I ReactNativeJS: [ReminderEngine] Processing reminder 1761466189324, repeatType: none
10-26 13:57:57.290  5370  5421 I ReactNativeJS: [calculateNextReminderDate] for reminder: 1761466189324, fromDate: 2025-10-26T08:27:57.290Z, repeatType: none, date: 2025-10-26, time: 13:41
10-26 13:57:57.290  5370  5421 I ReactNativeJS: [calculateNextReminderDate] One-time reminder scheduled for: 2025-10-26T08:11:00.000Z, isInFuture: false
10-26 13:57:57.290  5370  5421 I ReactNativeJS: [ReminderEngine] No valid fire time for reminder 1761466189324
10-26 13:57:57.290  5370  5421 I ReactNativeJS: '[ReminderEngine] Reminder details:', { date: '2025-10-26',
10-26 13:57:57.290  5370  5421 I ReactNativeJS:   time: '13:41',
10-26 13:57:57.290  5370  5421 I ReactNativeJS:   snoozeUntil: undefined,
10-26 13:57:57.290  5370  5421 I ReactNativeJS:   nextReminderDate: undefined,
10-26 13:57:57.290  5370  5421 I ReactNativeJS:   repeatType: 'none' }
10-26 13:57:57.290  5370  5421 I ReactNativeJS: [ReminderEngine] Processing reminder 1761466373971, repeatType: every
10-26 13:57:57.290  5370  5421 I ReactNativeJS: [ReminderEngine] Reminder 1761466373971 has nextReminderDate: 2025-10-26T08:28:00.000Z
10-26 13:57:57.290  5370  5421 I ReactNativeJS: [ReminderEngine] Scheduling notification for reminder 1761466373971 at 2025-10-26T08:28:00.000Z
10-26 13:57:57.291  5370  5421 I ReactNativeJS: [ReminderEngine] Processing reminder 1761467268359, repeatType: every
10-26 13:57:57.291  5370  5421 I ReactNativeJS: [ReminderEngine] Reminder 1761467268359 has nextReminderDate: 2025-10-26T08:28:00.000Z
10-26 13:57:57.291  5370  5421 I ReactNativeJS: [ReminderEngine] Scheduling notification for reminder 1761467268359 at 2025-10-26T08:28:00.000Z
10-26 13:57:57.305  5370  5396 W Parcel  : Expecting binder but got null!
10-26 13:57:57.305  5370  5421 I ReactNativeJS: [NotificationService] Scheduling reminder 1761466373971, priority: medium, repeatType: every
10-26 13:57:57.305  5370  5421 I ReactNativeJS: [NotificationService] Scheduling for 2025-10-26T08:28:00.000Z
10-26 13:57:57.306  5370  5421 I ReactNativeJS: [NotificationService] Scheduling reminder 1761467268359, priority: medium, repeatType: every
10-26 13:57:57.306  5370  5421 I ReactNativeJS: [NotificationService] Scheduling for 2025-10-26T08:28:00.000Z
10-26 13:57:57.326  5370  5421 I ReactNativeJS: [NotificationService] Successfully scheduled notification rem-1761466373971
10-26 13:57:57.326  5370  5421 I ReactNativeJS: [ReminderEngine] Successfully scheduled 1761466373971
10-26 13:57:57.328  5370  5421 I ReactNativeJS: [NotificationService] Successfully scheduled notification rem-1761467268359
10-26 13:57:57.328  5370  5421 I ReactNativeJS: [ReminderEngine] Successfully scheduled 1761467268359
10-26 13:57:57.367  5370  5421 I ReactNativeJS: '[RootLayout] Foreground event:', { type: 7, pressAction: undefined }
10-26 13:57:57.367  5370  5421 I ReactNativeJS: '[RootLayout] Foreground event:', { type: 7, pressAction: undefined }
10-26 13:58:01.248  5370  5447 D ProfileInstaller: Skipping profile installation for app.rork.dominder_android_reminder_app
10-26 13:58:02.372  5370  5421 I ReactNativeJS: '[RootLayout] Foreground event:', { type: 3, pressAction: undefined }
10-26 13:58:02.373  5370  5421 I ReactNativeJS: '[RootLayout] Foreground event:', { type: 3, pressAction: undefined }
10-26 13:58:06.310  5370  5377 W System  : A resource failed to call release. 
10-26 13:58:26.603  5370  5421 I ReactNativeJS: [AlarmSync] Checking for completed alarms...
10-26 13:58:26.604  5370  5422 D DoMinderDebug: AlarmModule: Retrieved 0 completed alarms
10-26 13:58:26.605  5370  5421 I ReactNativeJS: '[AlarmSync] Found completed alarms:', 0
10-26 13:58:26.605  5370  5422 D DoMinderDebug: AlarmModule: Retrieved 0 snoozed alarms
10-26 13:58:26.605  5370  5421 I ReactNativeJS: '[AlarmSync] Found snoozed alarms:', 0
10-26 13:58:26.627  5370  5421 I ReactNativeJS: '[ReminderEngine] Processing reminders, count:', 3
10-26 13:58:26.627  5370  5421 I ReactNativeJS: [ReminderEngine] Processing reminder 1761466189324, repeatType: none
10-26 13:58:26.627  5370  5421 I ReactNativeJS: [calculateNextReminderDate] for reminder: 1761466189324, fromDate: 2025-10-26T08:28:26.627Z, repeatType: none, date: 2025-10-26, time: 13:41
10-26 13:58:26.627  5370  5421 I ReactNativeJS: [calculateNextReminderDate] One-time reminder scheduled for: 2025-10-26T08:11:00.000Z, isInFuture: false
10-26 13:58:26.628  5370  5421 I ReactNativeJS: [ReminderEngine] No valid fire time for reminder 1761466189324
10-26 13:58:26.628  5370  5421 I ReactNativeJS: '[ReminderEngine] Reminder details:', { date: '2025-10-26',
10-26 13:58:26.628  5370  5421 I ReactNativeJS:   time: '13:41',
10-26 13:58:26.628  5370  5421 I ReactNativeJS:   snoozeUntil: undefined,
10-26 13:58:26.628  5370  5421 I ReactNativeJS:   nextReminderDate: undefined,
10-26 13:58:26.628  5370  5421 I ReactNativeJS:   repeatType: 'none' }
10-26 13:58:56.605  5370  5421 I ReactNativeJS: [AlarmSync] Checking for completed alarms...
10-26 13:58:56.605  5370  5422 D DoMinderDebug: AlarmModule: Retrieved 0 completed alarms
10-26 13:58:56.606  5370  5421 I ReactNativeJS: '[AlarmSync] Found completed alarms:', 0
10-26 13:58:56.607  5370  5422 D DoMinderDebug: AlarmModule: Retrieved 0 snoozed alarms
10-26 13:58:56.607  5370  5421 I ReactNativeJS: '[AlarmSync] Found snoozed alarms:', 0
10-26 13:58:56.629  5370  5421 I ReactNativeJS: '[ReminderEngine] Processing reminders, count:', 3
10-26 13:58:56.629  5370  5421 I ReactNativeJS: [ReminderEngine] Processing reminder 1761466189324, repeatType: none
10-26 13:58:56.629  5370  5421 I ReactNativeJS: [calculateNextReminderDate] for reminder: 1761466189324, fromDate: 2025-10-26T08:28:56.629Z, repeatType: none, date: 2025-10-26, time: 13:41
10-26 13:58:56.630  5370  5421 I ReactNativeJS: [calculateNextReminderDate] One-time reminder scheduled for: 2025-10-26T08:11:00.000Z, isInFuture: false
10-26 13:58:56.630  5370  5421 I ReactNativeJS: [ReminderEngine] No valid fire time for reminder 1761466189324
10-26 13:58:56.630  5370  5421 I ReactNativeJS: '[ReminderEngine] Reminder details:', { date: '2025-10-26',
10-26 13:58:56.630  5370  5421 I ReactNativeJS:   time: '13:41',
10-26 13:58:56.630  5370  5421 I ReactNativeJS:   snoozeUntil: undefined,
10-26 13:58:56.630  5370  5421 I ReactNativeJS:   nextReminderDate: undefined,
10-26 13:58:56.630  5370  5421 I ReactNativeJS:   repeatType: 'none' }
