10-31 20:26:18.585  4085  4134 I ReactNativeJNI: Memory warning (pressure level: TRIM_MEMORY_UI_HIDDEN) received by JS VM, ignoring because it's non-severe
10-31 20:26:18.608  4085  4112 D Surface : Surface::disconnect
10-31 20:26:18.608  4085  4112 D BufferQueueProducer: [VRI[MainActivity]#0(BLAST Consumer)0](id:ff500000000,api:1,p:4085,c:4085) disconnect: api 1
10-31 20:26:31.044  4085  4134 I ReactNativeJS: [AlarmSync] App became active, syncing...
10-31 20:26:31.044  4085  4134 I ReactNativeJS: [AlarmSync] Checking for completed alarms...
10-31 20:26:31.045  4085  4135 D DoMinderDebug: AlarmModule: Retrieved 0 completed alarms
10-31 20:26:31.047  4085  4134 I ReactNativeJS: '[AlarmSync] Found completed alarms:', 0
10-31 20:26:31.049  4085  4135 D DoMinderDebug: AlarmModule: Retrieved 0 snoozed alarms
10-31 20:26:31.050  4085  4134 I ReactNativeJS: '[AlarmSync] Found snoozed alarms:', 0
10-31 20:26:31.050  4085  4085 D VRI[MainActivity]: update {(0,0)(fillxfill) sim={adjust=resize forwardNavigation} ty=BASE_APPLICATION wanim=0x10302fd
10-31 20:26:31.050  4085  4085 D VRI[MainActivity]:   fl=LAYOUT_IN_SCREEN FORCE_NOT_FULLSCREEN LAYOUT_INSET_DECOR SPLIT_TOUCH HARDWARE_ACCELERATED DRAWS_SYSTEM_BAR_BACKGROUNDS
10-31 20:26:31.050  4085  4085 D VRI[MainActivity]:   pfl=NO_MOVE_ANIMATION FORCE_DRAW_STATUS_BAR_BACKGROUND USE_BLAST APPEARANCE_CONTROLLED FIT_INSETS_CONTROLLED
10-31 20:26:31.050  4085  4085 D VRI[MainActivity]:   apr=LIGHT_STATUS_BARS
10-31 20:26:31.050  4085  4085 D VRI[MainActivity]:   bhv=DEFAULT
10-31 20:26:31.050  4085  4085 D VRI[MainActivity]:   fitSides=} by setLayoutParams
10-31 20:26:31.063  4085  4112 E OpenGLRenderer: Unable to match the desired swap behavior.
10-31 20:26:33.712  4085  4134 I ReactNativeJS: Cancelling notifications for reminder 1761906178286 (completed: true, paused: false)
10-31 20:26:33.713  4085  4278 I NOTIFEE : (NotificationManager): Removing notification with id rem-1761906178286
10-31 20:26:33.714  4085  4278 I NOTIFEE : (NotificationManager): Removing notification with id rem-1761906178286
10-31 20:26:33.728  4085  4279 I NOTIFEE : (NotificationManager): Removing notification with id rem-1761906178286
10-31 20:26:33.729  4085  4134 I ReactNativeJS: [NotificationService] Cancelled all notifications (scheduled + displayed) for reminder 1761906178286
10-31 20:26:33.730  4085  4134 I ReactNativeJS: [ReminderService] Updating reminder 1761906178286: isActive=true, isCompleted=true, repeatType=none
10-31 20:26:34.102  4085  4134 I ReactNativeJS: '[ReminderEngine] Processing reminders, count:', 20
10-31 20:26:34.102  4085  4134 I ReactNativeJS: [ReminderEngine] Processing reminder 1761889406084, repeatType: none
10-31 20:26:34.102  4085  4134 I ReactNativeJS: [calculateNextReminderDate] for reminder: 1761889406084, fromDate: 2025-10-31T14:56:34.102Z, repeatType: none, date: 2025-10-31, time: 11:30
10-31 20:26:34.102  4085  4134 I ReactNativeJS: [calculateNextReminderDate] One-time reminder scheduled for: 2025-10-31T06:00:00.000Z, isInFuture: false
10-31 20:26:34.102  4085  4134 I ReactNativeJS: [ReminderEngine] No valid fire time for reminder 1761889406084
10-31 20:26:34.102  4085  4134 I ReactNativeJS: '[ReminderEngine] Reminder details:', { date: '2025-10-31',
10-31 20:26:34.102  4085  4134 I ReactNativeJS:   time: '11:30',
10-31 20:26:34.102  4085  4134 I ReactNativeJS:   snoozeUntil: undefined,
10-31 20:26:34.102  4085  4134 I ReactNativeJS:   nextReminderDate: undefined,
10-31 20:26:34.102  4085  4134 I ReactNativeJS:   repeatType: 'none' }
10-31 20:26:34.102  4085  4134 I ReactNativeJS: [ReminderEngine] Processing reminder 1761906130533, repeatType: none
10-31 20:26:34.102  4085  4134 I ReactNativeJS: [calculateNextReminderDate] for reminder: 1761906130533, fromDate: 2025-10-31T14:56:34.102Z, repeatType: none, date: 2025-10-31, time: 16:10
10-31 20:26:34.103  4085  4134 I ReactNativeJS: [calculateNextReminderDate] One-time reminder scheduled for: 2025-10-31T10:40:00.000Z, isInFuture: false
10-31 20:26:34.103  4085  4134 I ReactNativeJS: [ReminderEngine] No valid fire time for reminder 1761906130533
10-31 20:26:34.103  4085  4134 I ReactNativeJS: '[ReminderEngine] Reminder details:', { date: '2025-10-31',
10-31 20:26:34.103  4085  4134 I ReactNativeJS:   time: '16:10',
10-31 20:26:34.103  4085  4134 I ReactNativeJS:   snoozeUntil: undefined,
10-31 20:26:34.103  4085  4134 I ReactNativeJS:   nextReminderDate: undefined,
10-31 20:26:34.103  4085  4134 I ReactNativeJS:   repeatType: 'none' }
10-31 20:26:34.689  4085  4134 E ReactNativeJS: TypeError: Object is not a function, js engine: hermes
--------- beginning of crash
10-31 20:26:34.695  4085  4135 E AndroidRuntime: FATAL EXCEPTION: mqt_native_modules
10-31 20:26:34.695  4085  4135 E AndroidRuntime: Process: app.rork.dominder_android_reminder_app, PID: 4085
10-31 20:26:34.695  4085  4135 E AndroidRuntime: com.facebook.react.common.JavascriptException: TypeError: Object is not a function, js engine: hermes, stack:
10-31 20:26:34.695  4085  4135 E AndroidRuntime: anonymous@1:663373
10-31 20:26:34.695  4085  4135 E AndroidRuntime: executeDispatch@1:421134
10-31 20:26:34.695  4085  4135 E AndroidRuntime: executeDispatchesAndReleaseTopLevel@1:424566
10-31 20:26:34.695  4085  4135 E AndroidRuntime: forEachAccumulated@1:422635
10-31 20:26:34.695  4085  4135 E AndroidRuntime: anonymous@1:424938
10-31 20:26:34.695  4085  4135 E AndroidRuntime: batchedUpdatesImpl@1:498056
10-31 20:26:34.695  4085  4135 E AndroidRuntime: batchedUpdates$1@1:424482
10-31 20:26:34.695  4085  4135 E AndroidRuntime: _receiveRootNodeIDEvent@1:424770
10-31 20:26:34.695  4085  4135 E AndroidRuntime: receiveEvent@1:494425
10-31 20:26:34.695  4085  4135 E AndroidRuntime: __callFunction@1:106223
10-31 20:26:34.695  4085  4135 E AndroidRuntime: anonymous@1:104663
10-31 20:26:34.695  4085  4135 E AndroidRuntime: __guard@1:105604
10-31 20:26:34.695  4085  4135 E AndroidRuntime: callFunctionReturnFlushedQueue@1:104621
10-31 20:26:34.695  4085  4135 E AndroidRuntime: 
10-31 20:26:34.695  4085  4135 E AndroidRuntime: 	at com.facebook.react.modules.core.ExceptionsManagerModule.reportException(ExceptionsManagerModule.kt:52)
10-31 20:26:34.695  4085  4135 E AndroidRuntime: 	at java.lang.reflect.Method.invoke(Native Method)
10-31 20:26:34.695  4085  4135 E AndroidRuntime: 	at com.facebook.react.bridge.JavaMethodWrapper.invoke(JavaMethodWrapper.java:372)
10-31 20:26:34.695  4085  4135 E AndroidRuntime: 	at com.facebook.react.bridge.JavaModuleWrapper.invoke(JavaModuleWrapper.java:146)
10-31 20:26:34.695  4085  4135 E AndroidRuntime: 	at com.facebook.jni.NativeRunnable.run(Native Method)
10-31 20:26:34.695  4085  4135 E AndroidRuntime: 	at android.os.Handler.handleCallback(Handler.java:984)
10-31 20:26:34.695  4085  4135 E AndroidRuntime: 	at android.os.Handler.dispatchMessage(Handler.java:104)
10-31 20:26:34.695  4085  4135 E AndroidRuntime: 	at com.facebook.react.bridge.queue.MessageQueueThreadHandler.dispatchMessage(MessageQueueThreadHandler.kt:20)
10-31 20:26:34.695  4085  4135 E AndroidRuntime: 	at android.os.Looper.loopOnce(Looper.java:238)
10-31 20:26:34.695  4085  4135 E AndroidRuntime: 	at android.os.Looper.loop(Looper.java:357)
10-31 20:26:34.695  4085  4135 E AndroidRuntime: 	at com.facebook.react.bridge.queue.MessageQueueThreadImpl$Companion.startNewBackgroundThread$lambda$1(MessageQueueThreadImpl.kt:175)
10-31 20:26:34.695  4085  4135 E AndroidRuntime: 	at com.facebook.react.bridge.queue.MessageQueueThreadImpl$Companion.$r8$lambda$ldnZnqelhYFctGaUKkOKYj5rxo4(Unknown Source:0)
10-31 20:26:34.695  4085  4135 E AndroidRuntime: 	at com.facebook.react.bridge.queue.MessageQueueThreadImpl$Companion$$ExternalSyntheticLambda0.run(D8$$SyntheticClass:0)
10-31 20:26:34.695  4085  4135 E AndroidRuntime: 	at java.lang.Thread.run(Thread.java:1119)
10-31 20:26:34.720  4085  4134 E ReactNativeJS: TypeError: Object is not a function, js engine: hermes
10-31 20:26:34.748  4085  4134 E ReactNativeJS: TypeError: Object is not a function, js engine: hermes
10-31 20:26:34.749  4085  4134 I ReactNativeJNI: Memory warning (pressure level: TRIM_MEMORY_UI_HIDDEN) received by JS VM, ignoring because it's non-severe
10-31 20:26:34.841  4085  4112 D Surface : Surface::disconnect
10-31 20:26:34.842  4085  4112 D BufferQueueProducer: [VRI[MainActivity]#1(BLAST Consumer)1](id:ff500000001,api:1,p:4085,c:4085) disconnect: api 1
10-31 20:26:34.894  4085  4085 E unknown:ReactNative: Tried to remove non-existent frame callback
10-31 20:26:34.939  4085  4134 I ReactNativeJS: [useAlarmListeners] Cleaning up native alarm event listeners.
10-31 20:26:34.939  4085  4134 I ReactNativeJS: [RootLayout] Cleaning up notification handlers
