01-11 11:31:39.058  6347  6388 D DoMinderDebug: AlarmModule: Retrieved 0 snoozed alarms
01-11 11:31:39.058  6347  6387 I ReactNativeJS: '[AlarmSync] Found snoozed alarms:', 0
01-11 11:31:39.058  6347  6388 D DoMinderDebug: AlarmModule: Retrieved 0 deleted alarms
01-11 11:31:39.059  6347  6387 I ReactNativeJS: '[AlarmSync] Found deleted alarms:', 0
01-11 11:31:39.103  6347  6387 I ReactNativeJS: '[ReminderEngine] Processing reminders, count:', 8
01-11 11:31:44.177  6347  6387 I ReactNativeJS: Soft deleting reminder: 1768111057510_hist
01-11 11:31:44.178  6347  6418 I NOTIFEE : (NotificationManager): Removing notification with id rem-1768111057510_hist
01-11 11:31:44.178  6347  6418 I NOTIFEE : (NotificationManager): Removing notification with id rem-1768111057510_hist
01-11 11:31:44.195  6347  6417 I NOTIFEE : (NotificationManager): Removing notification with id rem-1768111057510_hist
01-11 11:31:44.208  6347  6418 I NOTIFEE : (NotificationManager): Removing notification with id missed-1768111057510_hist
01-11 11:31:44.208  6347  6418 I NOTIFEE : (NotificationManager): Removing notification with id missed-1768111057510_hist
01-11 11:31:44.212  6347  6417 I NOTIFEE : (NotificationManager): Removing notification with id missed-1768111057510_hist
01-11 11:31:44.214  6347  6388 D DoMinderDebug: AlarmModule: Cleared metadata for 1768111057510_hist
01-11 11:31:44.214  6347  6387 I ReactNativeJS: [NotificationService] Cancelled all notifications (scheduled + displayed) for reminder 1768111057510_hist
01-11 11:31:44.221  6347  6387 I ReactNativeJS: [RootLayout] remindersChanged event received, invalidating queries.
01-11 11:31:44.223  6347  6387 I ReactNativeJS: Cancelling notifications for reminder 1768111057510 (completed: true, paused: false)
01-11 11:31:44.224  6347  6418 I NOTIFEE : (NotificationManager): Removing notification with id rem-1768111057510
01-11 11:31:44.224  6347  6418 I NOTIFEE : (NotificationManager): Removing notification with id rem-1768111057510
01-11 11:31:44.225  6347  6417 I NOTIFEE : (NotificationManager): Removing notification with id rem-1768111057510
01-11 11:31:44.226  6347  6418 I NOTIFEE : (NotificationManager): Removing notification with id missed-1768111057510
01-11 11:31:44.226  6347  6418 I NOTIFEE : (NotificationManager): Removing notification with id missed-1768111057510
01-11 11:31:44.228  6347  6417 I NOTIFEE : (NotificationManager): Removing notification with id missed-1768111057510
01-11 11:31:44.312  6347  6387 I ReactNativeJS: '[ReminderEngine] Processing reminders, count:', 8
01-11 11:31:44.313  6347  6388 D DoMinderDebug: AlarmModule: Cleared metadata for 1768111057510
01-11 11:31:44.365  6347  6387 I ReactNativeJS: [NotificationService] Cancelled all notifications (scheduled + displayed) for reminder 1768111057510
01-11 11:31:44.365  6347  6387 I ReactNativeJS: [ReminderService] Updating reminder 1768111057510: isActive=false, isCompleted=true, repeatType=every
01-11 11:31:44.371  6347  6387 I ReactNativeJS: [RootLayout] remindersChanged event received, invalidating queries.
01-11 11:31:44.436  6347  6387 I ReactNativeJS: '[ReminderEngine] Processing reminders, count:', 8
01-11 11:31:45.345  6347  6387 I ReactNativeJS: Soft deleting reminder: 1768111176914_hist
01-11 11:31:45.345  6347  6418 I NOTIFEE : (NotificationManager): Removing notification with id rem-1768111176914_hist
01-11 11:31:45.345  6347  6418 I NOTIFEE : (NotificationManager): Removing notification with id rem-1768111176914_hist
01-11 11:31:45.358  6347  6417 I NOTIFEE : (NotificationManager): Removing notification with id rem-1768111176914_hist
01-11 11:31:45.362  6347  6418 I NOTIFEE : (NotificationManager): Removing notification with id missed-1768111176914_hist
01-11 11:31:45.362  6347  6418 I NOTIFEE : (NotificationManager): Removing notification with id missed-1768111176914_hist
01-11 11:31:45.363  6347  6417 I NOTIFEE : (NotificationManager): Removing notification with id missed-1768111176914_hist
01-11 11:31:45.365  6347  6388 D DoMinderDebug: AlarmModule: Cleared metadata for 1768111176914_hist
01-11 11:31:45.365  6347  6387 I ReactNativeJS: [NotificationService] Cancelled all notifications (scheduled + displayed) for reminder 1768111176914_hist
01-11 11:31:45.371  6347  6387 I ReactNativeJS: [RootLayout] remindersChanged event received, invalidating queries.
01-11 11:31:45.373  6347  6387 I ReactNativeJS: Cancelling notifications for reminder 1768111176914 (completed: true, paused: false)
01-11 11:31:45.374  6347  6418 I NOTIFEE : (NotificationManager): Removing notification with id rem-1768111176914
01-11 11:31:45.374  6347  6418 I NOTIFEE : (NotificationManager): Removing notification with id rem-1768111176914
01-11 11:31:45.422  6347  6387 I ReactNativeJS: '[ReminderEngine] Processing reminders, count:', 8
01-11 11:31:45.423  6347  6417 I NOTIFEE : (NotificationManager): Removing notification with id rem-1768111176914
01-11 11:31:45.459  6347  6418 I NOTIFEE : (NotificationManager): Removing notification with id missed-1768111176914
01-11 11:31:45.459  6347  6418 I NOTIFEE : (NotificationManager): Removing notification with id missed-1768111176914
01-11 11:31:45.465  6347  6417 I NOTIFEE : (NotificationManager): Removing notification with id missed-1768111176914
01-11 11:31:45.466  6347  6388 D DoMinderDebug: AlarmModule: Cleared metadata for 1768111176914
01-11 11:31:45.467  6347  6387 I ReactNativeJS: [NotificationService] Cancelled all notifications (scheduled + displayed) for reminder 1768111176914
01-11 11:31:45.467  6347  6387 I ReactNativeJS: [ReminderService] Updating reminder 1768111176914: isActive=false, isCompleted=true, repeatType=every
01-11 11:31:45.473  6347  6387 I ReactNativeJS: [RootLayout] remindersChanged event received, invalidating queries.
01-11 11:31:45.510  6347  6387 I ReactNativeJS: '[ReminderEngine] Processing reminders, count:', 8
01-11 11:31:46.697  6347  6347 D ViewRootImpl: update {(0,0)(fillxfill) gr=CENTER sim={adjust=resize forwardNavigation} ty=APPLICATION fmt=TRANSPARENT wanim=0x7f11012e
01-11 11:31:46.697  6347  6347 D ViewRootImpl:   fl=NOT_FOCUSABLE LAYOUT_IN_SCREEN LAYOUT_INSET_DECOR SPLIT_TOUCH HARDWARE_ACCELERATED DRAWS_SYSTEM_BAR_BACKGROUNDS
01-11 11:31:46.697  6347  6347 D ViewRootImpl:   pfl=NO_MOVE_ANIMATION FORCE_DRAW_STATUS_BAR_BACKGROUND FIT_INSETS_CONTROLLED
01-11 11:31:46.697  6347  6347 D ViewRootImpl:   bhv=DEFAULT
01-11 11:31:46.697  6347  6347 D ViewRootImpl:   fitSides=} by setView
01-11 11:31:46.703  6347  6347 D VRI[MainActivity]: update {(0,0)(fillxfill) gr=CENTER sim={adjust=resize} ty=APPLICATION fmt=TRANSPARENT wanim=0x7f11012e
01-11 11:31:46.703  6347  6347 D VRI[MainActivity]:   fl=LAYOUT_IN_SCREEN LAYOUT_INSET_DECOR SPLIT_TOUCH HARDWARE_ACCELERATED DRAWS_SYSTEM_BAR_BACKGROUNDS
01-11 11:31:46.703  6347  6347 D VRI[MainActivity]:   pfl=NO_MOVE_ANIMATION FORCE_DRAW_STATUS_BAR_BACKGROUND FIT_INSETS_CONTROLLED
01-11 11:31:46.703  6347  6347 D VRI[MainActivity]:   bhv=DEFAULT
01-11 11:31:46.703  6347  6347 D VRI[MainActivity]:   fitSides=} by setLayoutParams
01-11 11:31:46.727  6347  6377 E OpenGLRenderer: Unable to match the desired swap behavior.
01-11 11:31:46.740  6347  6377 W Parcel  : Expecting binder but got null!
01-11 11:31:46.754  6347  6347 D VRI[MainActivity]: update {(0,0)(fillxfill) gr=CENTER sim={adjust=resize} ty=APPLICATION fmt=TRANSPARENT wanim=0x7f11012e
01-11 11:31:46.754  6347  6347 D VRI[MainActivity]:   fl=LAYOUT_IN_SCREEN LAYOUT_INSET_DECOR SPLIT_TOUCH HARDWARE_ACCELERATED DRAWS_SYSTEM_BAR_BACKGROUNDS
01-11 11:31:46.754  6347  6347 D VRI[MainActivity]:   pfl=NO_MOVE_ANIMATION FORCE_DRAW_STATUS_BAR_BACKGROUND FIT_INSETS_CONTROLLED
01-11 11:31:46.754  6347  6347 D VRI[MainActivity]:   bhv=DEFAULT
01-11 11:31:46.754  6347  6347 D VRI[MainActivity]:   fitSides=} by setLayoutParams
01-11 11:31:46.755  6347  6347 D VRI[MainActivity]: update {(0,0)(fillxfill) gr=CENTER sim={adjust=resize} ty=APPLICATION fmt=TRANSPARENT wanim=0x7f11012e
01-11 11:31:46.755  6347  6347 D VRI[MainActivity]:   fl=LAYOUT_IN_SCREEN LAYOUT_INSET_DECOR SPLIT_TOUCH HARDWARE_ACCELERATED DRAWS_SYSTEM_BAR_BACKGROUNDS
01-11 11:31:46.755  6347  6347 D VRI[MainActivity]:   pfl=NO_MOVE_ANIMATION FORCE_DRAW_STATUS_BAR_BACKGROUND FIT_INSETS_CONTROLLED
01-11 11:31:46.755  6347  6347 D VRI[MainActivity]:   bhv=DEFAULT
01-11 11:31:46.755  6347  6347 D VRI[MainActivity]:   fitSides=} by setLayoutParams
01-11 11:32:06.161  6347  6352 I id_reminder_app: Background concurrent copying GC freed 5340KB AllocSpace bytes, 2(104KB) LOS objects, 49% free, 6152KB/12MB, paused 211us,100us total 171.257ms
01-11 11:32:07.737  6347  6347 W unknown:BridgelessReact: ReactHost{0}.onUserLeaveHint(activity)
01-11 11:32:07.739  6347  6347 W unknown:BridgelessReact: ReactHost{0}.onHostPause(activity)
01-11 11:32:07.739  6347  6347 W unknown:BridgelessReact: ReactContext.onHostPause()
01-11 11:32:11.319  6347  6347 W unknown:BridgelessReact: ReactHost{0}.onHostResume(activity)
01-11 11:32:11.319  6347  6347 W unknown:BridgelessReact: ReactContext.onHostResume()
01-11 11:32:11.337  6347  6387 I ReactNativeJS: [AlarmSync] App became active, syncing...
01-11 11:32:11.337  6347  6387 I ReactNativeJS: [AlarmSync] Checking for completed alarms...
01-11 11:32:11.342  6347  6347 D VRI[MainActivity]: update {(0,0)(fillxfill) gr=CENTER sim={adjust=resize} ty=APPLICATION fmt=TRANSPARENT wanim=0x7f11012e
01-11 11:32:11.342  6347  6347 D VRI[MainActivity]:   fl=LAYOUT_IN_SCREEN LAYOUT_INSET_DECOR SPLIT_TOUCH HARDWARE_ACCELERATED DRAWS_SYSTEM_BAR_BACKGROUNDS
01-11 11:32:11.342  6347  6347 D VRI[MainActivity]:   pfl=NO_MOVE_ANIMATION FORCE_DRAW_STATUS_BAR_BACKGROUND FIT_INSETS_CONTROLLED
01-11 11:32:11.342  6347  6347 D VRI[MainActivity]:   bhv=DEFAULT
01-11 11:32:11.342  6347  6347 D VRI[MainActivity]:   fitSides=} by setLayoutParams
01-11 11:32:11.343  6347  6388 D DoMinderDebug: AlarmModule: getAllNativeReminderStates found 0 reminders
01-11 11:32:11.344  6347  6388 D DoMinderDebug: AlarmModule: Retrieved 0 completed alarms
01-11 11:32:11.344  6347  6387 I ReactNativeJS: '[AlarmSync] Found completed alarms:', 0
01-11 11:32:11.345  6347  6388 D DoMinderDebug: AlarmModule: Retrieved 0 snoozed alarms
01-11 11:32:11.345  6347  6387 I ReactNativeJS: '[AlarmSync] Found snoozed alarms:', 0
01-11 11:32:11.345  6347  6347 D VRI[MainActivity]: update {(0,0)(fillxfill) gr=CENTER sim={adjust=resize} ty=APPLICATION fmt=TRANSPARENT wanim=0x7f11012e
01-11 11:32:11.345  6347  6347 D VRI[MainActivity]:   fl=LAYOUT_IN_SCREEN LAYOUT_INSET_DECOR SPLIT_TOUCH HARDWARE_ACCELERATED DRAWS_SYSTEM_BAR_BACKGROUNDS
01-11 11:32:11.345  6347  6347 D VRI[MainActivity]:   pfl=NO_MOVE_ANIMATION FORCE_DRAW_STATUS_BAR_BACKGROUND FIT_INSETS_CONTROLLED
01-11 11:32:11.345  6347  6347 D VRI[MainActivity]:   bhv=DEFAULT
01-11 11:32:11.345  6347  6347 D VRI[MainActivity]:   fitSides=} by setLayoutParams
01-11 11:32:11.349  6347  6388 D DoMinderDebug: AlarmModule: Retrieved 0 deleted alarms
01-11 11:32:11.350  6347  6387 I ReactNativeJS: '[AlarmSync] Found deleted alarms:', 0
01-11 11:32:11.353  6347  6347 D VRI[MainActivity]: update {(0,0)(fillxfill) sim={adjust=pan forwardNavigation} ty=BASE_APPLICATION wanim=0x10302fd
01-11 11:32:11.353  6347  6347 D VRI[MainActivity]:   fl=LAYOUT_IN_SCREEN FORCE_NOT_FULLSCREEN LAYOUT_INSET_DECOR SPLIT_TOUCH HARDWARE_ACCELERATED DRAWS_SYSTEM_BAR_BACKGROUNDS
01-11 11:32:11.353  6347  6347 D VRI[MainActivity]:   pfl=NO_MOVE_ANIMATION FORCE_DRAW_STATUS_BAR_BACKGROUND USE_BLAST APPEARANCE_CONTROLLED FIT_INSETS_CONTROLLED
01-11 11:32:11.353  6347  6347 D VRI[MainActivity]:   apr=LIGHT_STATUS_BARS
01-11 11:32:11.353  6347  6347 D VRI[MainActivity]:   bhv=DEFAULT
01-11 11:32:11.353  6347  6347 D VRI[MainActivity]:   fitSides=} by setLayoutParams
01-11 11:32:11.356  6347  6387 I ReactNativeJS: [AlarmSync] Checking for completed alarms...
01-11 11:32:11.357  6347  6388 D DoMinderDebug: AlarmModule: getAllNativeReminderStates found 0 reminders
01-11 11:32:11.359  6347  6387 I ReactNativeJS: '[ReminderEngine] Processing reminders, count:', 8
01-11 11:32:11.359  6347  6388 D DoMinderDebug: AlarmModule: Retrieved 0 completed alarms
01-11 11:32:11.361  6347  6387 I ReactNativeJS: '[AlarmSync] Found completed alarms:', 0
01-11 11:32:11.362  6347  6388 D DoMinderDebug: AlarmModule: Retrieved 0 snoozed alarms
01-11 11:32:11.362  6347  6387 I ReactNativeJS: '[AlarmSync] Found snoozed alarms:', 0
01-11 11:32:11.363  6347  6388 D DoMinderDebug: AlarmModule: Retrieved 0 deleted alarms
01-11 11:32:11.364  6347  6387 I ReactNativeJS: '[AlarmSync] Found deleted alarms:', 0
01-11 11:32:41.361  6347  6387 I ReactNativeJS: [AlarmSync] Checking for completed alarms...
01-11 11:32:41.362  6347  6388 D DoMinderDebug: AlarmModule: getAllNativeReminderStates found 0 reminders
01-11 11:32:41.364  6347  6388 D DoMinderDebug: AlarmModule: Retrieved 0 completed alarms
01-11 11:32:41.364  6347  6387 I ReactNativeJS: '[ReminderEngine] Processing reminders, count:', 8
01-11 11:32:41.364  6347  6387 I ReactNativeJS: '[AlarmSync] Found completed alarms:', 0
01-11 11:32:41.365  6347  6388 D DoMinderDebug: AlarmModule: Retrieved 0 snoozed alarms
01-11 11:32:41.365  6347  6387 I ReactNativeJS: '[AlarmSync] Found snoozed alarms:', 0
01-11 11:32:41.366  6347  6388 D DoMinderDebug: AlarmModule: Retrieved 0 deleted alarms
01-11 11:32:41.366  6347  6387 I ReactNativeJS: '[AlarmSync] Found deleted alarms:', 0
01-11 11:32:58.402  6347  6347 D ViewRootImpl: update {(0,0)(fillxfill) gr=CENTER sim={adjust=resize forwardNavigation} ty=APPLICATION fmt=TRANSPARENT wanim=0x7f11012e
01-11 11:32:58.402  6347  6347 D ViewRootImpl:   fl=NOT_FOCUSABLE LAYOUT_IN_SCREEN LAYOUT_INSET_DECOR SPLIT_TOUCH HARDWARE_ACCELERATED DRAWS_SYSTEM_BAR_BACKGROUNDS
01-11 11:32:58.402  6347  6347 D ViewRootImpl:   pfl=NO_MOVE_ANIMATION FORCE_DRAW_STATUS_BAR_BACKGROUND FIT_INSETS_CONTROLLED
01-11 11:32:58.402  6347  6347 D ViewRootImpl:   bhv=DEFAULT
01-11 11:32:58.402  6347  6347 D ViewRootImpl:   fitSides=} by setView
01-11 11:32:58.411  6347  6347 D VRI[MainActivity]: update {(0,0)(fillxfill) gr=CENTER sim={adjust=resize} ty=APPLICATION fmt=TRANSPARENT wanim=0x7f11012e
01-11 11:32:58.411  6347  6347 D VRI[MainActivity]:   fl=LAYOUT_IN_SCREEN LAYOUT_INSET_DECOR SPLIT_TOUCH HARDWARE_ACCELERATED DRAWS_SYSTEM_BAR_BACKGROUNDS
01-11 11:32:58.411  6347  6347 D VRI[MainActivity]:   pfl=NO_MOVE_ANIMATION FORCE_DRAW_STATUS_BAR_BACKGROUND FIT_INSETS_CONTROLLED
01-11 11:32:58.411  6347  6347 D VRI[MainActivity]:   bhv=DEFAULT
01-11 11:32:58.411  6347  6347 D VRI[MainActivity]:   fitSides=} by setLayoutParams
01-11 11:32:58.424  6347  6377 E OpenGLRenderer: Unable to match the desired swap behavior.
01-11 11:32:58.431  6347  6377 W Parcel  : Expecting binder but got null!
01-11 11:32:58.440  6347  6347 D VRI[MainActivity]: update {(0,0)(fillxfill) gr=CENTER sim={adjust=resize} ty=APPLICATION fmt=TRANSPARENT wanim=0x7f11012e
01-11 11:32:58.440  6347  6347 D VRI[MainActivity]:   fl=LAYOUT_IN_SCREEN LAYOUT_INSET_DECOR SPLIT_TOUCH HARDWARE_ACCELERATED DRAWS_SYSTEM_BAR_BACKGROUNDS
01-11 11:32:58.440  6347  6347 D VRI[MainActivity]:   pfl=NO_MOVE_ANIMATION FORCE_DRAW_STATUS_BAR_BACKGROUND FIT_INSETS_CONTROLLED
01-11 11:32:58.440  6347  6347 D VRI[MainActivity]:   bhv=DEFAULT
01-11 11:32:58.440  6347  6347 D VRI[MainActivity]:   fitSides=} by setLayoutParams
01-11 11:32:58.441  6347  6347 D VRI[MainActivity]: update {(0,0)(fillxfill) gr=CENTER sim={adjust=resize} ty=APPLICATION fmt=TRANSPARENT wanim=0x7f11012e
01-11 11:32:58.441  6347  6347 D VRI[MainActivity]:   fl=LAYOUT_IN_SCREEN LAYOUT_INSET_DECOR SPLIT_TOUCH HARDWARE_ACCELERATED DRAWS_SYSTEM_BAR_BACKGROUNDS
01-11 11:32:58.441  6347  6347 D VRI[MainActivity]:   pfl=NO_MOVE_ANIMATION FORCE_DRAW_STATUS_BAR_BACKGROUND FIT_INSETS_CONTROLLED
01-11 11:32:58.441  6347  6347 D VRI[MainActivity]:   bhv=DEFAULT
01-11 11:32:58.441  6347  6347 D VRI[MainActivity]:   fitSides=} by setLayoutParams
01-11 11:33:08.234  6347  6377 D Surface : Surface::disconnect
01-11 11:33:08.234  6347  6377 D BufferQueueProducer: [VRI[MainActivity]#2(BLAST Consumer)2](id:18cb00000002,api:1,p:6347,c:6347) disconnect: api 1
01-11 11:33:11.362  6347  6387 I ReactNativeJS: [AlarmSync] Checking for completed alarms...
01-11 11:33:11.362  6347  6388 D DoMinderDebug: AlarmModule: getAllNativeReminderStates found 0 reminders
01-11 11:33:11.365  6347  6388 D DoMinderDebug: AlarmModule: Retrieved 0 completed alarms
01-11 11:33:11.365  6347  6387 I ReactNativeJS: '[ReminderEngine] Processing reminders, count:', 8
01-11 11:33:11.365  6347  6387 I ReactNativeJS: '[AlarmSync] Found completed alarms:', 0
01-11 11:33:11.366  6347  6388 D DoMinderDebug: AlarmModule: Retrieved 0 snoozed alarms
01-11 11:33:11.366  6347  6387 I ReactNativeJS: '[AlarmSync] Found snoozed alarms:', 0
01-11 11:33:11.366  6347  6388 D DoMinderDebug: AlarmModule: Retrieved 0 deleted alarms
01-11 11:33:11.367  6347  6387 I ReactNativeJS: '[AlarmSync] Found deleted alarms:', 0
01-11 11:33:13.106  6347  6347 D ViewRootImpl: update {(0,0)(fillxfill) gr=CENTER sim={adjust=resize forwardNavigation} ty=APPLICATION fmt=TRANSPARENT wanim=0x7f11012e
01-11 11:33:13.106  6347  6347 D ViewRootImpl:   fl=NOT_FOCUSABLE LAYOUT_IN_SCREEN LAYOUT_INSET_DECOR SPLIT_TOUCH HARDWARE_ACCELERATED DRAWS_SYSTEM_BAR_BACKGROUNDS
01-11 11:33:13.106  6347  6347 D ViewRootImpl:   pfl=NO_MOVE_ANIMATION FORCE_DRAW_STATUS_BAR_BACKGROUND FIT_INSETS_CONTROLLED
01-11 11:33:13.106  6347  6347 D ViewRootImpl:   bhv=DEFAULT
01-11 11:33:13.106  6347  6347 D ViewRootImpl:   fitSides=} by setView
01-11 11:33:13.113  6347  6347 D VRI[MainActivity]: update {(0,0)(fillxfill) gr=CENTER sim={adjust=resize} ty=APPLICATION fmt=TRANSPARENT wanim=0x7f11012e
01-11 11:33:13.113  6347  6347 D VRI[MainActivity]:   fl=LAYOUT_IN_SCREEN LAYOUT_INSET_DECOR SPLIT_TOUCH HARDWARE_ACCELERATED DRAWS_SYSTEM_BAR_BACKGROUNDS
01-11 11:33:13.113  6347  6347 D VRI[MainActivity]:   pfl=NO_MOVE_ANIMATION FORCE_DRAW_STATUS_BAR_BACKGROUND FIT_INSETS_CONTROLLED
01-11 11:33:13.113  6347  6347 D VRI[MainActivity]:   bhv=DEFAULT
01-11 11:33:13.113  6347  6347 D VRI[MainActivity]:   fitSides=} by setLayoutParams
01-11 11:33:13.121  6347  6377 E OpenGLRenderer: Unable to match the desired swap behavior.
01-11 11:33:13.131  6347  6377 W Parcel  : Expecting binder but got null!
01-11 11:33:13.183  6347  6347 D VRI[MainActivity]: update {(0,0)(fillxfill) gr=CENTER sim={adjust=resize} ty=APPLICATION fmt=TRANSPARENT wanim=0x7f11012e
01-11 11:33:13.183  6347  6347 D VRI[MainActivity]:   fl=LAYOUT_IN_SCREEN LAYOUT_INSET_DECOR SPLIT_TOUCH HARDWARE_ACCELERATED DRAWS_SYSTEM_BAR_BACKGROUNDS
01-11 11:33:13.183  6347  6347 D VRI[MainActivity]:   pfl=NO_MOVE_ANIMATION FORCE_DRAW_STATUS_BAR_BACKGROUND FIT_INSETS_CONTROLLED
01-11 11:33:13.183  6347  6347 D VRI[MainActivity]:   bhv=DEFAULT
01-11 11:33:13.183  6347  6347 D VRI[MainActivity]:   fitSides=} by setLayoutParams
01-11 11:33:13.184  6347  6347 D VRI[MainActivity]: update {(0,0)(fillxfill) gr=CENTER sim={adjust=resize} ty=APPLICATION fmt=TRANSPARENT wanim=0x7f11012e
01-11 11:33:13.184  6347  6347 D VRI[MainActivity]:   fl=LAYOUT_IN_SCREEN LAYOUT_INSET_DECOR SPLIT_TOUCH HARDWARE_ACCELERATED DRAWS_SYSTEM_BAR_BACKGROUNDS
01-11 11:33:13.184  6347  6347 D VRI[MainActivity]:   pfl=NO_MOVE_ANIMATION FORCE_DRAW_STATUS_BAR_BACKGROUND FIT_INSETS_CONTROLLED
01-11 11:33:13.184  6347  6347 D VRI[MainActivity]:   bhv=DEFAULT
01-11 11:33:13.184  6347  6347 D VRI[MainActivity]:   fitSides=} by setLayoutParams
01-11 11:33:17.011  6347  6347 D ViewRootImpl: update {(0,0)(fillxfill) gr=CENTER sim={adjust=resize forwardNavigation} ty=APPLICATION fmt=TRANSPARENT wanim=0x7f11012e
01-11 11:33:17.011  6347  6347 D ViewRootImpl:   fl=NOT_FOCUSABLE LAYOUT_IN_SCREEN LAYOUT_INSET_DECOR SPLIT_TOUCH HARDWARE_ACCELERATED DRAWS_SYSTEM_BAR_BACKGROUNDS
01-11 11:33:17.011  6347  6347 D ViewRootImpl:   pfl=NO_MOVE_ANIMATION FORCE_DRAW_STATUS_BAR_BACKGROUND FIT_INSETS_CONTROLLED
01-11 11:33:17.011  6347  6347 D ViewRootImpl:   bhv=DEFAULT
01-11 11:33:17.011  6347  6347 D ViewRootImpl:   fitSides=} by setView
01-11 11:33:17.018  6347  6347 D VRI[MainActivity]: update {(0,0)(fillxfill) gr=CENTER sim={adjust=resize} ty=APPLICATION fmt=TRANSPARENT wanim=0x7f11012e
01-11 11:33:17.018  6347  6347 D VRI[MainActivity]:   fl=LAYOUT_IN_SCREEN LAYOUT_INSET_DECOR SPLIT_TOUCH HARDWARE_ACCELERATED DRAWS_SYSTEM_BAR_BACKGROUNDS
01-11 11:33:17.018  6347  6347 D VRI[MainActivity]:   pfl=NO_MOVE_ANIMATION FORCE_DRAW_STATUS_BAR_BACKGROUND FIT_INSETS_CONTROLLED
01-11 11:33:17.018  6347  6347 D VRI[MainActivity]:   bhv=DEFAULT
01-11 11:33:17.018  6347  6347 D VRI[MainActivity]:   fitSides=} by setLayoutParams
01-11 11:33:17.022  6347  6377 D Surface : Surface::disconnect
01-11 11:33:17.022  6347  6377 D BufferQueueProducer: [VRI[MainActivity]#3(BLAST Consumer)3](id:18cb00000003,api:1,p:6347,c:6347) disconnect: api 1
01-11 11:33:17.045  6347  6377 E OpenGLRenderer: Unable to match the desired swap behavior.
01-11 11:33:17.057  6347  6377 W Parcel  : Expecting binder but got null!
01-11 11:33:17.072  6347  6347 D VRI[MainActivity]: update {(0,0)(fillxfill) gr=CENTER sim={adjust=resize} ty=APPLICATION fmt=TRANSPARENT wanim=0x7f11012e
01-11 11:33:17.072  6347  6347 D VRI[MainActivity]:   fl=LAYOUT_IN_SCREEN LAYOUT_INSET_DECOR SPLIT_TOUCH HARDWARE_ACCELERATED DRAWS_SYSTEM_BAR_BACKGROUNDS
01-11 11:33:17.072  6347  6347 D VRI[MainActivity]:   pfl=NO_MOVE_ANIMATION FORCE_DRAW_STATUS_BAR_BACKGROUND FIT_INSETS_CONTROLLED
01-11 11:33:17.072  6347  6347 D VRI[MainActivity]:   bhv=DEFAULT
01-11 11:33:17.072  6347  6347 D VRI[MainActivity]:   fitSides=} by setLayoutParams
01-11 11:33:17.073  6347  6347 D VRI[MainActivity]: update {(0,0)(fillxfill) gr=CENTER sim={adjust=resize} ty=APPLICATION fmt=TRANSPARENT wanim=0x7f11012e
01-11 11:33:17.073  6347  6347 D VRI[MainActivity]:   fl=LAYOUT_IN_SCREEN LAYOUT_INSET_DECOR SPLIT_TOUCH HARDWARE_ACCELERATED DRAWS_SYSTEM_BAR_BACKGROUNDS
01-11 11:33:17.073  6347  6347 D VRI[MainActivity]:   pfl=NO_MOVE_ANIMATION FORCE_DRAW_STATUS_BAR_BACKGROUND FIT_INSETS_CONTROLLED
01-11 11:33:17.073  6347  6347 D VRI[MainActivity]:   bhv=DEFAULT
01-11 11:33:17.073  6347  6347 D VRI[MainActivity]:   fitSides=} by setLayoutParams
01-11 11:33:27.134  6347  6377 D Surface : Surface::disconnect
01-11 11:33:27.134  6347  6377 D BufferQueueProducer: [VRI[MainActivity]#4(BLAST Consumer)4](id:18cb00000004,api:1,p:6347,c:6347) disconnect: api 1
01-11 11:33:31.681  6347  6347 D CompatibilityChangeReporter: Compat change id reported: 163400105; UID 11061; state: ENABLED
01-11 11:33:31.681  6347  6347 D InputMethodManager: showSoftInput() view=com.facebook.react.views.textinput.ReactEditText{c429b63 VFED..CL. .F.P..ID 0,0-920,99 #2d6 aid=1073741824} flags=0 reason=SHOW_SOFT_INPUT
01-11 11:33:31.696  6347  6347 D InputMethodManager: showSoftInput() view=com.facebook.react.views.textinput.ReactEditText{c429b63 VFED..CL. .F.P.... 0,0-920,99 #2d6 aid=1073741824} flags=0 reason=SHOW_SOFT_INPUT
01-11 11:33:31.747  6347  6347 W OnBackInvokedCallback: OnBackInvokedCallback is not enabled for the application.
01-11 11:33:31.747  6347  6347 W OnBackInvokedCallback: Set 'android:enableOnBackInvokedCallback="true"' in the application manifest.
01-11 11:33:31.772  6347  6347 D InsetsController: show(ime(), fromIme=true)
01-11 11:33:32.545  6347  6347 I AssistStructure: Flattened final assist data: 7432 bytes, containing 2 windows, 42 views
01-11 11:33:34.647  6347  6387 I ReactNativeJS: [ReminderService] Adding reminder 1768111414645: isActive=true, isCompleted=false, repeatType=every
01-11 11:33:34.676  6347  6387 I ReactNativeJS: [calculateNextReminderDate] for reminder: 1768111414645, fromDate: 2026-01-11T06:03:34.676Z, repeatType: every, date: 2026-01-11, time: 11:35
01-11 11:33:34.676  6347  6387 I ReactNativeJS: [calculateNextReminderDate] First occurrence at start boundary: 2026-01-11T06:05:00.000Z
01-11 11:33:34.676  6347  6387 I ReactNativeJS: [calculateNextReminderDate] Every 1 minutes, next occurrence: 2026-01-11T06:05:00.000Z
01-11 11:33:34.738  6347  6387 I ReactNativeJS: '[ReminderEngine] Processing reminders, count:', 9
01-11 11:33:34.738  6347  6387 I ReactNativeJS: [ReminderEngine] Processing reminder 1768111414645, repeatType: every
01-11 11:33:34.738  6347  6387 I ReactNativeJS: [calculateNextReminderDate] for reminder: 1768111414645, fromDate: 2026-01-11T06:03:34.738Z, repeatType: every, date: 2026-01-11, time: 11:35
01-11 11:33:34.738  6347  6387 I ReactNativeJS: [calculateNextReminderDate] First occurrence at start boundary: 2026-01-11T06:05:00.000Z
01-11 11:33:34.738  6347  6387 I ReactNativeJS: [calculateNextReminderDate] Every 1 minutes, next occurrence: 2026-01-11T06:05:00.000Z
01-11 11:33:34.738  6347  6387 I ReactNativeJS: [ReminderEngine] Calculated next fire time for 1768111414645: 2026-01-11T06:05:00.000Z, updating reminder
01-11 11:33:34.738  6347  6387 I ReactNativeJS: [ReminderEngine] Scheduling notification for reminder 1768111414645 at 2026-01-11T06:05:00.000Z
01-11 11:33:34.738  6347  6387 I ReactNativeJS: [RootLayout] remindersChanged event received, invalidating queries.
01-11 11:33:34.739  6347  6388 D DoMinderDebug: AlarmModule: getNativeReminderState for 1768111414645: actualTriggerCount=0, isCompleted=false
01-11 11:33:34.783  6347  6387 I ReactNativeJS: [ReminderService] Updating reminder 1768111414645: isActive=true, isCompleted=false, repeatType=every
01-11 11:33:34.786  6347  6387 I ReactNativeJS: '[ReminderEngine] Processing reminders, count:', 9
01-11 11:33:34.786  6347  6387 I ReactNativeJS: [ReminderEngine] Skipping 1768111414645 - scheduling already in progress
01-11 11:33:34.791  6347  6387 I ReactNativeJS: [NotificationService] SCHEDULE_EXACT_ALARM permission granted - using exact timing
01-11 11:33:34.791  6347  6387 I ReactNativeJS: [NotificationService] Scheduling reminder 1768111414645, priority: medium, repeatType: every
01-11 11:33:34.791  6347  6387 I ReactNativeJS: [NotificationService] Skipping sequential delay for 'every' reminder to preserve exact timing
01-11 11:33:34.791  6347  6387 I ReactNativeJS: [NotificationService] Scheduling for 2026-01-11T06:05:00.000Z
01-11 11:33:34.798  6347  6387 I ReactNativeJS: [RootLayout] remindersChanged event received, invalidating queries.
01-11 11:33:34.803  6347  6377 D Surface : Surface::disconnect
01-11 11:33:34.803  6347  6377 D BufferQueueProducer: [VRI[MainActivity]#1(BLAST Consumer)1](id:18cb00000001,api:1,p:6347,c:6347) disconnect: api 1
01-11 11:33:34.814  6347  6387 I ReactNativeJS: [NotificationService] Successfully scheduled notification rem-1768111414645
01-11 11:33:34.814  6347  6387 I ReactNativeJS: [ReminderEngine] Successfully scheduled 1768111414645
01-11 11:33:34.836  6347  6347 W RemoteInputConnectionImpl: requestCursorAnchorInfo on inactive InputConnection
01-11 11:33:34.893  6347  6387 I ReactNativeJS: '[ReminderEngine] Processing reminders, count:', 9
01-11 11:33:34.900  6347  6387 I ReactNativeJNI: instanceHandle is null, event of type topBlur will be dropped
01-11 11:33:34.921  6347  6387 I ReactNativeJS: '[RootLayout] Foreground event:', { type: 7, pressAction: undefined }
01-11 11:33:41.372  6347  6387 I ReactNativeJS: [AlarmSync] Checking for completed alarms...
01-11 11:33:41.372  6347  6388 D DoMinderDebug: AlarmModule: getAllNativeReminderStates found 0 reminders
01-11 11:33:41.374  6347  6388 D DoMinderDebug: AlarmModule: Retrieved 0 completed alarms
01-11 11:33:41.375  6347  6387 I ReactNativeJS: '[ReminderEngine] Processing reminders, count:', 9
01-11 11:33:41.375  6347  6387 I ReactNativeJS: '[AlarmSync] Found completed alarms:', 0
01-11 11:33:41.375  6347  6388 D DoMinderDebug: AlarmModule: Retrieved 0 snoozed alarms
01-11 11:33:41.376  6347  6387 I ReactNativeJS: '[AlarmSync] Found snoozed alarms:', 0
01-11 11:33:41.376  6347  6388 D DoMinderDebug: AlarmModule: Retrieved 0 deleted alarms
01-11 11:33:41.377  6347  6387 I ReactNativeJS: '[AlarmSync] Found deleted alarms:', 0
01-11 11:34:08.050  6347  6347 W unknown:BridgelessReact: ReactHost{0}.onUserLeaveHint(activity)
01-11 11:34:08.051  6347  6347 W unknown:BridgelessReact: ReactHost{0}.onHostPause(activity)
01-11 11:34:08.051  6347  6347 W unknown:BridgelessReact: ReactContext.onHostPause()
01-11 11:34:10.279  6347  6347 W unknown:BridgelessReact: ReactHost{0}.onHostResume(activity)
01-11 11:34:10.279  6347  6347 W unknown:BridgelessReact: ReactContext.onHostResume()
01-11 11:34:10.280  6347  6387 I ReactNativeJS: [AlarmSync] App became active, syncing...
01-11 11:34:10.284  6347  6387 I ReactNativeJS: [AlarmSync] Checking for completed alarms...
01-11 11:34:10.285  6347  6388 D DoMinderDebug: AlarmModule: getAllNativeReminderStates found 0 reminders
01-11 11:34:10.287  6347  6388 D DoMinderDebug: AlarmModule: Retrieved 0 completed alarms
01-11 11:34:10.289  6347  6387 I ReactNativeJS: '[AlarmSync] Found completed alarms:', 0
01-11 11:34:10.289  6347  6388 D DoMinderDebug: AlarmModule: Retrieved 0 snoozed alarms
01-11 11:34:10.289  6347  6387 I ReactNativeJS: '[AlarmSync] Found snoozed alarms:', 0
01-11 11:34:10.291  6347  6388 D DoMinderDebug: AlarmModule: Retrieved 0 deleted alarms
01-11 11:34:10.292  6347  6387 I ReactNativeJS: '[AlarmSync] Found deleted alarms:', 0
01-11 11:34:10.293  6347  6347 D VRI[MainActivity]: update {(0,0)(fillxfill) sim={adjust=pan forwardNavigation} ty=BASE_APPLICATION wanim=0x10302fd
01-11 11:34:10.293  6347  6347 D VRI[MainActivity]:   fl=LAYOUT_IN_SCREEN FORCE_NOT_FULLSCREEN LAYOUT_INSET_DECOR SPLIT_TOUCH HARDWARE_ACCELERATED DRAWS_SYSTEM_BAR_BACKGROUNDS
01-11 11:34:10.293  6347  6347 D VRI[MainActivity]:   pfl=NO_MOVE_ANIMATION FORCE_DRAW_STATUS_BAR_BACKGROUND USE_BLAST APPEARANCE_CONTROLLED FIT_INSETS_CONTROLLED
01-11 11:34:10.293  6347  6347 D VRI[MainActivity]:   apr=LIGHT_STATUS_BARS
01-11 11:34:10.293  6347  6347 D VRI[MainActivity]:   bhv=DEFAULT
01-11 11:34:10.293  6347  6347 D VRI[MainActivity]:   fitSides=} by setLayoutParams
01-11 11:34:11.380  6347  6387 I ReactNativeJS: [AlarmSync] Checking for completed alarms...
01-11 11:34:11.381  6347  6388 D DoMinderDebug: AlarmModule: getAllNativeReminderStates found 0 reminders
01-11 11:34:11.383  6347  6388 D DoMinderDebug: AlarmModule: Retrieved 0 completed alarms
01-11 11:34:11.383  6347  6387 I ReactNativeJS: '[ReminderEngine] Processing reminders, count:', 9
01-11 11:34:11.384  6347  6387 I ReactNativeJS: '[AlarmSync] Found completed alarms:', 0
01-11 11:34:11.384  6347  6388 D DoMinderDebug: AlarmModule: Retrieved 0 snoozed alarms
01-11 11:34:11.384  6347  6387 I ReactNativeJS: '[AlarmSync] Found snoozed alarms:', 0
01-11 11:34:11.385  6347  6388 D DoMinderDebug: AlarmModule: Retrieved 0 deleted alarms
01-11 11:34:11.385  6347  6387 I ReactNativeJS: '[AlarmSync] Found deleted alarms:', 0
01-11 11:34:41.393  6347  6387 I ReactNativeJS: [AlarmSync] Checking for completed alarms...
01-11 11:34:41.394  6347  6388 D DoMinderDebug: AlarmModule: getAllNativeReminderStates found 0 reminders
01-11 11:34:41.396  6347  6388 D DoMinderDebug: AlarmModule: Retrieved 0 completed alarms
01-11 11:34:41.396  6347  6387 I ReactNativeJS: '[ReminderEngine] Processing reminders, count:', 9
01-11 11:34:41.396  6347  6387 I ReactNativeJS: '[AlarmSync] Found completed alarms:', 0
01-11 11:34:41.397  6347  6388 D DoMinderDebug: AlarmModule: Retrieved 0 snoozed alarms
01-11 11:34:41.397  6347  6387 I ReactNativeJS: '[AlarmSync] Found snoozed alarms:', 0
01-11 11:34:41.398  6347  6388 D DoMinderDebug: AlarmModule: Retrieved 0 deleted alarms
01-11 11:34:41.398  6347  6387 I ReactNativeJS: '[AlarmSync] Found deleted alarms:', 0
01-11 11:35:00.047  6347  6387 I ReactNativeJS: '[RootLayout] Foreground event:', { type: 3, pressAction: undefined }
01-11 11:35:00.047  6347  6387 I ReactNativeJS: [RootLayout] Foreground notification delivered for reminder 1768111414645
01-11 11:35:00.052  6347  6387 I ReactNativeJS: [RootLayout] Auto-rescheduling 'every' reminder 1768111414645 (foreground)
01-11 11:35:00.052  6347  6387 I ReactNativeJS: [calculateNextReminderDate] for reminder: 1768111414645, fromDate: 2026-01-11T06:05:00.000Z, repeatType: every, date: 2026-01-11, time: 11:35
01-11 11:35:00.052  6347  6387 I ReactNativeJS: [calculateNextReminderDate] Next occurrence after baseline: 2026-01-11T06:06:00.000Z
01-11 11:35:00.052  6347  6387 I ReactNativeJS: [calculateNextReminderDate] Every 1 minutes, next occurrence: 2026-01-11T06:06:00.000Z
01-11 11:35:00.056  6347  6387 I ReactNativeJS: [ReminderService] Updating reminder 1768111414645: isActive=true, isCompleted=false, repeatType=every
01-11 11:35:00.059  6347  6387 I ReactNativeJS: [RootLayout] remindersChanged event received, invalidating queries.
01-11 11:35:00.061  6347  6388 D DoMinderDebug: AlarmModule: getNativeReminderState for 1768111414645: actualTriggerCount=0, isCompleted=false
01-11 11:35:00.065  6347  6387 I ReactNativeJS: [NotificationService] SCHEDULE_EXACT_ALARM permission granted - using exact timing
01-11 11:35:00.065  6347  6387 I ReactNativeJS: [NotificationService] Scheduling reminder 1768111414645, priority: medium, repeatType: every
01-11 11:35:00.065  6347  6387 I ReactNativeJS: [NotificationService] Skipping sequential delay for 'every' reminder to preserve exact timing
01-11 11:35:00.065  6347  6387 I ReactNativeJS: [NotificationService] Scheduling for 2026-01-11T06:06:00.000Z
01-11 11:35:00.121  6347  6387 I ReactNativeJS: '[ReminderEngine] Processing reminders, count:', 9
01-11 11:35:00.121  6347  6387 I ReactNativeJS: [ReminderEngine] Processing reminder 1768111414645, repeatType: every
01-11 11:35:00.121  6347  6387 I ReactNativeJS: [ReminderEngine] Reminder 1768111414645 has nextReminderDate: 2026-01-11T06:06:00.000Z
01-11 11:35:00.121  6347  6387 I ReactNativeJS: [ReminderEngine] Scheduling notification for reminder 1768111414645 at 2026-01-11T06:06:00.000Z
01-11 11:35:00.121  6347  6387 I ReactNativeJS: [NotificationService] Scheduling already in progress for 1768111414645, skipping duplicate call
01-11 11:35:00.122  6347  6387 I ReactNativeJS: [ReminderEngine] Successfully scheduled 1768111414645
01-11 11:35:00.122  6347  6387 I ReactNativeJS: [NotificationService] Successfully scheduled notification rem-1768111414645
01-11 11:35:00.122  6347  6387 I ReactNativeJS: [RootLayout] Scheduled next occurrence for 1768111414645 at 2026-01-11T06:06:00.000Z (foreground)
01-11 11:35:00.122  6347  6387 I ReactNativeJS: '[RootLayout] Foreground event:', { type: 7, pressAction: undefined }
01-11 11:35:03.297  6347  6347 W unknown:BridgelessReact: ReactHost{0}.onUserLeaveHint(activity)
01-11 11:35:03.298  6347  6347 W unknown:BridgelessReact: ReactHost{0}.onHostPause(activity)
01-11 11:35:03.298  6347  6347 W unknown:BridgelessReact: ReactContext.onHostPause()
01-11 11:35:03.318  6347  6347 D EventBus: No subscribers registered for event class n.o.t.i.f.e.e.i
01-11 11:35:03.319  6347  6347 D EventBus: No subscribers registered for event class org.greenrobot.eventbus.NoSubscriberEvent
01-11 11:35:03.320  6347  6387 I ReactNativeJS: '[RootLayout] Foreground event:', { type: 2, pressAction: 'done' }
01-11 11:35:03.322  6347  7238 I NOTIFEE : (NotificationManager): Removing notification with id rem-1768111414645
01-11 11:35:03.322  6347  7238 I NOTIFEE : (NotificationManager): Removing notification with id rem-1768111414645
01-11 11:35:03.333  6347  6387 I ReactNativeJS: [Scheduler] ========== markReminderDone START ==========
01-11 11:35:03.333  6347  6387 I ReactNativeJS: [Scheduler] reminderId: 1768111414645, shouldIncrementOccurrence: false, triggerTimeMs: undefined
01-11 11:35:03.336  6347  6387 I ReactNativeJS: [Scheduler] Processing 'Done' for repeating reminder 1768111414645
01-11 11:35:03.337  6347  6388 D DoMinderDebug: AlarmModule: getNativeReminderState for 1768111414645: actualTriggerCount=0, isCompleted=false
01-11 11:35:03.338  6347  6387 I ReactNativeJS: [Scheduler] currentOccurred=1, shouldIncrement=false, newOccurrenceCount=1
01-11 11:35:03.338  6347  6387 I ReactNativeJS: [Scheduler] Using reference date for next calculation: 2026-01-11T06:06:00.000Z
01-11 11:35:03.339  6347  6387 I ReactNativeJS: [calculateNextReminderDate] for reminder: 1768111414645, fromDate: 2026-01-11T06:06:00.000Z, repeatType: every, date: 2026-01-11, time: 11:35
01-11 11:35:03.339  6347  6387 I ReactNativeJS: [calculateNextReminderDate] Next occurrence after baseline: 2026-01-11T06:07:00.000Z
01-11 11:35:03.339  6347  6387 I ReactNativeJS: [calculateNextReminderDate] Every 1 minutes, next occurrence: 2026-01-11T06:07:00.000Z
01-11 11:35:03.339  6347  6387 I ReactNativeJS: [Scheduler] Next occurrence calculated: 2026-01-11T06:07:00.000Z
01-11 11:35:03.342  6347  6387 I ReactNativeJS: [ReminderService] Adding reminder 1768111414645_hist: isActive=false, isCompleted=true, repeatType=every
01-11 11:35:03.354  6347  6387 I ReactNativeJS: [RootLayout] remindersChanged event received, invalidating queries.
01-11 11:35:03.355  6347  6387 I ReactNativeJS: [Scheduler] Created history item with trigger at 2026-01-11T06:05:00.000Z
01-11 11:35:03.356  6347  6388 D DoMinderDebug: AlarmModule: getNativeReminderState for 1768111414645: actualTriggerCount=0, isCompleted=false
01-11 11:35:03.358  6347  6387 I ReactNativeJS: [ReminderService] Updating reminder 1768111414645: isActive=true, isCompleted=false, repeatType=every
01-11 11:35:03.366  6347  6387 I ReactNativeJS: [RootLayout] remindersChanged event received, invalidating queries.
01-11 11:35:03.368  6347  6388 D DoMinderDebug: AlarmModule: Updated occurrenceCount for 1768111414645 to 1
01-11 11:35:03.368  6347  6387 I ReactNativeJS: [Scheduler] Synced occurrenceCount 1 to native for 1768111414645
01-11 11:35:03.369  6347  6388 D DoMinderDebug: AlarmModule: getNativeReminderState for 1768111414645: actualTriggerCount=0, isCompleted=false
01-11 11:35:03.374  6347  6347 W unknown:BridgelessReact: ReactHost{0}.onHostResume(activity)
01-11 11:35:03.374  6347  6347 W unknown:BridgelessReact: ReactContext.onHostResume()
01-11 11:35:03.375  6347  6387 I ReactNativeJS: [AlarmSync] App became active, syncing...
01-11 11:35:03.375  6347  6387 I ReactNativeJS: [AlarmSync] Checking for completed alarms...
01-11 11:35:03.376  6347  6388 D DoMinderDebug: AlarmModule: getAllNativeReminderStates found 0 reminders
01-11 11:35:03.376  6347  6387 I ReactNativeJS: [NotificationService] SCHEDULE_EXACT_ALARM permission granted - using exact timing
01-11 11:35:03.376  6347  6387 I ReactNativeJS: [NotificationService] Scheduling reminder 1768111414645, priority: medium, repeatType: every
01-11 11:35:03.376  6347  6387 I ReactNativeJS: [NotificationService] Skipping sequential delay for 'every' reminder to preserve exact timing
01-11 11:35:03.377  6347  6387 I ReactNativeJS: [NotificationService] Scheduling for 2026-01-11T06:07:00.000Z
01-11 11:35:03.383  6347  6347 D VRI[MainActivity]: update {(0,0)(fillxfill) sim={adjust=pan forwardNavigation} ty=BASE_APPLICATION wanim=0x10302fd
01-11 11:35:03.383  6347  6347 D VRI[MainActivity]:   fl=LAYOUT_IN_SCREEN FORCE_NOT_FULLSCREEN LAYOUT_INSET_DECOR SPLIT_TOUCH HARDWARE_ACCELERATED DRAWS_SYSTEM_BAR_BACKGROUNDS
01-11 11:35:03.383  6347  6347 D VRI[MainActivity]:   pfl=NO_MOVE_ANIMATION FORCE_DRAW_STATUS_BAR_BACKGROUND USE_BLAST APPEARANCE_CONTROLLED FIT_INSETS_CONTROLLED
01-11 11:35:03.383  6347  6347 D VRI[MainActivity]:   apr=LIGHT_STATUS_BARS
01-11 11:35:03.383  6347  6347 D VRI[MainActivity]:   bhv=DEFAULT
01-11 11:35:03.383  6347  6347 D VRI[MainActivity]:   fitSides=} by setLayoutParams
01-11 11:35:03.385  6347  6388 D DoMinderDebug: AlarmModule: Retrieved 0 completed alarms
01-11 11:35:03.386  6347  6387 I ReactNativeJS: '[AlarmSync] Found completed alarms:', 0
01-11 11:35:03.387  6347  6388 D DoMinderDebug: AlarmModule: Retrieved 0 snoozed alarms
01-11 11:35:03.387  6347  6387 I ReactNativeJS: '[AlarmSync] Found snoozed alarms:', 0
01-11 11:35:03.388  6347  6388 D DoMinderDebug: AlarmModule: Retrieved 0 deleted alarms
01-11 11:35:03.440  6347  6387 I ReactNativeJS: '[ReminderEngine] Processing reminders, count:', 10
01-11 11:35:03.440  6347  6387 I ReactNativeJS: [ReminderEngine] Processing reminder 1768111414645, repeatType: every
01-11 11:35:03.440  6347  6387 I ReactNativeJS: [ReminderEngine] Reminder 1768111414645 has nextReminderDate: 2026-01-11T06:07:00.000Z
01-11 11:35:03.440  6347  6387 I ReactNativeJS: [ReminderEngine] Scheduling notification for reminder 1768111414645 at 2026-01-11T06:07:00.000Z
01-11 11:35:03.440  6347  6387 I ReactNativeJS: [NotificationService] Scheduling already in progress for 1768111414645, skipping duplicate call
01-11 11:35:03.441  6347  6387 I ReactNativeJS: [ReminderEngine] Successfully scheduled 1768111414645
01-11 11:35:03.441  6347  6387 I ReactNativeJS: '[AlarmSync] Found deleted alarms:', 0
01-11 11:35:03.441  6347  6387 I ReactNativeJS: [NotificationService] Successfully scheduled notification rem-1768111414645
01-11 11:35:03.441  6347  6387 I ReactNativeJS: [Scheduler] Rescheduled 1768111414645 for 2026-01-11T06:07:00.000Z
01-11 11:35:03.441  6347  6387 I ReactNativeJS: [Scheduler] ========== markReminderDone END ==========
01-11 11:35:03.442  6347  6387 I ReactNativeJS: [RootLayout] remindersChanged event received, invalidating queries.
01-11 11:35:03.443  6347  6387 I ReactNativeJS: '[RootLayout] Foreground event:', { type: 7, pressAction: undefined }
01-11 11:35:11.403  6347  6387 I ReactNativeJS: [AlarmSync] Checking for completed alarms...
01-11 11:35:11.403  6347  6388 D DoMinderDebug: AlarmModule: getAllNativeReminderStates found 0 reminders
01-11 11:35:11.405  6347  6388 D DoMinderDebug: AlarmModule: Retrieved 0 completed alarms
01-11 11:35:11.406  6347  6387 I ReactNativeJS: '[ReminderEngine] Processing reminders, count:', 10
01-11 11:35:11.406  6347  6387 I ReactNativeJS: '[AlarmSync] Found completed alarms:', 0
01-11 11:35:11.406  6347  6388 D DoMinderDebug: AlarmModule: Retrieved 0 snoozed alarms
01-11 11:35:11.407  6347  6387 I ReactNativeJS: '[AlarmSync] Found snoozed alarms:', 0
01-11 11:35:11.407  6347  6388 D DoMinderDebug: AlarmModule: Retrieved 0 deleted alarms
01-11 11:35:11.407  6347  6387 I ReactNativeJS: '[AlarmSync] Found deleted alarms:', 0
01-11 11:35:41.405  6347  6387 I ReactNativeJS: [AlarmSync] Checking for completed alarms...
01-11 11:35:41.406  6347  6388 D DoMinderDebug: AlarmModule: getAllNativeReminderStates found 0 reminders
01-11 11:35:41.408  6347  6388 D DoMinderDebug: AlarmModule: Retrieved 0 completed alarms
01-11 11:35:41.408  6347  6387 I ReactNativeJS: '[ReminderEngine] Processing reminders, count:', 10
01-11 11:35:41.409  6347  6387 I ReactNativeJS: '[AlarmSync] Found completed alarms:', 0
01-11 11:35:41.409  6347  6388 D DoMinderDebug: AlarmModule: Retrieved 0 snoozed alarms
01-11 11:35:41.410  6347  6387 I ReactNativeJS: '[AlarmSync] Found snoozed alarms:', 0
01-11 11:35:41.410  6347  6388 D DoMinderDebug: AlarmModule: Retrieved 0 deleted alarms
01-11 11:35:41.410  6347  6387 I ReactNativeJS: '[AlarmSync] Found deleted alarms:', 0
01-11 11:36:11.412  6347  6387 I ReactNativeJS: [AlarmSync] Checking for completed alarms...
01-11 11:36:11.413  6347  6388 D DoMinderDebug: AlarmModule: getAllNativeReminderStates found 0 reminders
01-11 11:36:11.415  6347  6388 D DoMinderDebug: AlarmModule: Retrieved 0 completed alarms
01-11 11:36:11.415  6347  6387 I ReactNativeJS: '[ReminderEngine] Processing reminders, count:', 10
01-11 11:36:11.416  6347  6387 I ReactNativeJS: '[AlarmSync] Found completed alarms:', 0
01-11 11:36:11.416  6347  6388 D DoMinderDebug: AlarmModule: Retrieved 0 snoozed alarms
01-11 11:36:11.416  6347  6387 I ReactNativeJS: '[AlarmSync] Found snoozed alarms:', 0
01-11 11:36:11.417  6347  6388 D DoMinderDebug: AlarmModule: Retrieved 0 deleted alarms
01-11 11:36:11.417  6347  6387 I ReactNativeJS: '[AlarmSync] Found deleted alarms:', 0
01-11 11:36:41.422  6347  6387 I ReactNativeJS: [AlarmSync] Checking for completed alarms...
01-11 11:36:41.423  6347  6388 D DoMinderDebug: AlarmModule: getAllNativeReminderStates found 0 reminders
01-11 11:36:41.425  6347  6388 D DoMinderDebug: AlarmModule: Retrieved 0 completed alarms
01-11 11:36:41.426  6347  6387 I ReactNativeJS: '[ReminderEngine] Processing reminders, count:', 10
01-11 11:36:41.426  6347  6387 I ReactNativeJS: '[AlarmSync] Found completed alarms:', 0
01-11 11:36:41.426  6347  6388 D DoMinderDebug: AlarmModule: Retrieved 0 snoozed alarms
01-11 11:36:41.427  6347  6387 I ReactNativeJS: '[AlarmSync] Found snoozed alarms:', 0
01-11 11:36:41.427  6347  6388 D DoMinderDebug: AlarmModule: Retrieved 0 deleted alarms
01-11 11:36:41.428  6347  6387 I ReactNativeJS: '[AlarmSync] Found deleted alarms:', 0
01-11 11:37:00.031  6347  6387 I ReactNativeJS: '[RootLayout] Foreground event:', { type: 3, pressAction: undefined }
01-11 11:37:00.031  6347  6387 I ReactNativeJS: [RootLayout] Foreground notification delivered for reminder 1768111414645
01-11 11:37:00.032  6347  6387 I ReactNativeJS: [RootLayout] Auto-rescheduling 'every' reminder 1768111414645 (foreground)
01-11 11:37:00.032  6347  6387 I ReactNativeJS: [calculateNextReminderDate] for reminder: 1768111414645, fromDate: 2026-01-11T06:07:00.000Z, repeatType: every, date: 2026-01-11, time: 11:35
01-11 11:37:00.032  6347  6387 I ReactNativeJS: [calculateNextReminderDate] Next occurrence after baseline: 2026-01-11T06:08:00.000Z
01-11 11:37:00.032  6347  6387 I ReactNativeJS: [calculateNextReminderDate] Every 1 minutes, next occurrence: 2026-01-11T06:08:00.000Z
01-11 11:37:00.033  6347  6387 I ReactNativeJS: [ReminderService] Updating reminder 1768111414645: isActive=true, isCompleted=false, repeatType=every
01-11 11:37:00.040  6347  6387 I ReactNativeJS: [RootLayout] remindersChanged event received, invalidating queries.
01-11 11:37:00.042  6347  6388 D DoMinderDebug: AlarmModule: getNativeReminderState for 1768111414645: actualTriggerCount=0, isCompleted=false
01-11 11:37:00.044  6347  6387 I ReactNativeJS: [NotificationService] SCHEDULE_EXACT_ALARM permission granted - using exact timing
01-11 11:37:00.044  6347  6387 I ReactNativeJS: [NotificationService] Scheduling reminder 1768111414645, priority: medium, repeatType: every
01-11 11:37:00.044  6347  6387 I ReactNativeJS: [NotificationService] Skipping sequential delay for 'every' reminder to preserve exact timing
01-11 11:37:00.044  6347  6387 I ReactNativeJS: [NotificationService] Scheduling for 2026-01-11T06:08:00.000Z
01-11 11:37:00.102  6347  6387 I ReactNativeJS: '[ReminderEngine] Processing reminders, count:', 10
01-11 11:37:00.102  6347  6387 I ReactNativeJS: [ReminderEngine] Processing reminder 1768111414645, repeatType: every
01-11 11:37:00.102  6347  6387 I ReactNativeJS: [ReminderEngine] Reminder 1768111414645 has nextReminderDate: 2026-01-11T06:08:00.000Z
01-11 11:37:00.102  6347  6387 I ReactNativeJS: [ReminderEngine] Scheduling notification for reminder 1768111414645 at 2026-01-11T06:08:00.000Z
01-11 11:37:00.102  6347  6387 I ReactNativeJS: [NotificationService] Scheduling already in progress for 1768111414645, skipping duplicate call
01-11 11:37:00.102  6347  6387 I ReactNativeJS: [ReminderEngine] Successfully scheduled 1768111414645
01-11 11:37:00.103  6347  6387 I ReactNativeJS: [NotificationService] Successfully scheduled notification rem-1768111414645
01-11 11:37:00.103  6347  6387 I ReactNativeJS: [RootLayout] Scheduled next occurrence for 1768111414645 at 2026-01-11T06:08:00.000Z (foreground)
01-11 11:37:00.103  6347  6387 I ReactNativeJS: '[RootLayout] Foreground event:', { type: 7, pressAction: undefined }
01-11 11:37:09.883  6347  6347 W unknown:BridgelessReact: ReactHost{0}.onUserLeaveHint(activity)
01-11 11:37:09.884  6347  6347 W unknown:BridgelessReact: ReactHost{0}.onHostPause(activity)
01-11 11:37:09.884  6347  6347 W unknown:BridgelessReact: ReactContext.onHostPause()
01-11 11:37:09.902  6347  6347 D EventBus: No subscribers registered for event class n.o.t.i.f.e.e.i
01-11 11:37:09.902  6347  6347 D EventBus: No subscribers registered for event class org.greenrobot.eventbus.NoSubscriberEvent
01-11 11:37:09.904  6347  6387 I ReactNativeJS: '[RootLayout] Foreground event:', { type: 2, pressAction: 'done' }
01-11 11:37:09.904  6347  7300 I NOTIFEE : (NotificationManager): Removing notification with id rem-1768111414645
01-11 11:37:09.905  6347  7300 I NOTIFEE : (NotificationManager): Removing notification with id rem-1768111414645
01-11 11:37:09.909  6347  6387 I ReactNativeJS: [Scheduler] ========== markReminderDone START ==========
01-11 11:37:09.909  6347  6387 I ReactNativeJS: [Scheduler] reminderId: 1768111414645, shouldIncrementOccurrence: false, triggerTimeMs: undefined
01-11 11:37:09.912  6347  6387 I ReactNativeJS: [Scheduler] Processing 'Done' for repeating reminder 1768111414645
01-11 11:37:09.913  6347  6388 D DoMinderDebug: AlarmModule: getNativeReminderState for 1768111414645: actualTriggerCount=0, isCompleted=false
01-11 11:37:09.914  6347  6387 I ReactNativeJS: [Scheduler] currentOccurred=2, shouldIncrement=false, newOccurrenceCount=2
01-11 11:37:09.914  6347  6387 I ReactNativeJS: [Scheduler] Using reference date for next calculation: 2026-01-11T06:08:00.000Z
01-11 11:37:09.914  6347  6387 I ReactNativeJS: [calculateNextReminderDate] for reminder: 1768111414645, fromDate: 2026-01-11T06:08:00.000Z, repeatType: every, date: 2026-01-11, time: 11:35
01-11 11:37:09.914  6347  6387 I ReactNativeJS: [calculateNextReminderDate] Next occurrence after baseline: 2026-01-11T06:09:00.000Z
01-11 11:37:09.914  6347  6387 I ReactNativeJS: [calculateNextReminderDate] Every 1 minutes, next occurrence: 2026-01-11T06:09:00.000Z
01-11 11:37:09.914  6347  6387 I ReactNativeJS: [Scheduler] Next occurrence calculated: 2026-01-11T06:09:00.000Z
01-11 11:37:09.923  6347  6387 I ReactNativeJS: Cancelling notifications for reminder 1768111414645_hist (completed: true, paused: false)
