01-04 14:49:15.020 11391 11914 I ReactNativeJNI: Memory warning (pressure level: TRIM_MEMORY_UI_HIDDEN) received by JS VM, ignoring because it's non-severe
01-04 14:49:15.156 11391 11397 W System  : A resource failed to call release. 
01-04 14:49:15.418 11391 11563 D Surface : Surface::disconnect
01-04 14:49:15.419 11391 11563 D BufferQueueProducer: [VRI[AlarmActivity]#26(BLAST Consumer)26](id:2c7f0000001a,api:1,p:11391,c:11391) disconnect: api 1
01-04 14:49:15.445 11391 11391 D DoMinderDebug: AlarmActivity: Canceled timeout and time update runnables
01-04 14:49:15.445 11391 11391 D DoMinderDebug: AlarmRingtoneService: stopAlarmRingtone called
01-04 14:49:15.454 11391 11391 D DoMinderDebug: AlarmActivity: WakeLock released
01-04 14:49:15.462 11391 11391 D DoMinderDebug: AlarmRingtoneService: onCreate
01-04 14:49:15.464 11391 11391 D DoMinderDebug: AlarmRingtoneService: onStartCommand - action: app.rork.dominder.STOP_ALARM_RINGTONE
01-04 14:49:15.464 11391 11391 D DoMinderDebug: AlarmRingtoneService: Stopping ringtone service
01-04 14:49:15.464 11391 11391 D DoMinderDebug: AlarmRingtoneService: Stopping ringtone and vibration
01-04 14:49:15.465 11391 11391 D DoMinderDebug: AlarmRingtoneService: Vibration stopped
01-04 14:49:15.469 11391 11391 D DoMinderDebug: AlarmRingtoneService: onDestroy
01-04 14:49:15.469 11391 11391 D DoMinderDebug: AlarmRingtoneService: Stopping ringtone and vibration
01-04 14:49:15.470 11391 11391 D DoMinderDebug: AlarmRingtoneService: Vibration stopped
01-04 14:49:18.851 11391 11391 D DoMinderDebug: AlarmReceiver: Received broadcast
01-04 14:49:18.853 11391 11391 D DoMinderDebug: AlarmReceiver: Starting AlarmRingtoneService for high priority
01-04 14:49:18.854 11391 11391 D DoMinderDebug: AlarmRingtoneService: startAlarmRingtone called - priority: high
01-04 14:49:18.863 11391 11391 D DoMinderDebug: AlarmReceiver: Creating full-screen notification for 1767518070938
01-04 14:49:18.869 11391 11391 D DoMinderDebug: AlarmReceiver: Full-screen notification created and shown
01-04 14:49:18.870 11391 11391 D DoMinderDebug: AlarmRingtoneService: onCreate
01-04 14:49:18.871 11391 11391 D DoMinderDebug: AlarmRingtoneService: onStartCommand - action: app.rork.dominder.START_ALARM_RINGTONE
01-04 14:49:18.871 11391 11391 D DoMinderDebug: AlarmRingtoneService: Starting ringtone for priority: high
01-04 14:49:18.871 11391 11391 D DoMinderDebug: AlarmRingtoneService: Starting foreground service
01-04 14:49:18.874 11391 11391 D DoMinderDebug: AlarmRingtoneService: Starting ringtone and vibration
01-04 14:49:18.875 11391 11391 D DoMinderDebug: AlarmRingtoneService: Settings - sound: true, vibration: true
01-04 14:49:18.877 11391 11391 D DoMinderDebug: AlarmRingtoneService: Using default alarm ringtone
01-04 14:49:18.880 11391 11391 D DoMinderDebug: AlarmRingtoneService: Set alarm volume to 1/7 (10%)
01-04 14:49:18.912 11391 11391 D DoMinderDebug: AlarmRingtoneService: MediaPlayer started playing (looping=true)
01-04 14:49:18.916 11391 11391 D DoMinderDebug: AlarmRingtoneService: Vibration started
01-04 14:49:20.803 11391 11391 D DoMinderDebug: AlarmActivity: onCreate
01-04 14:49:20.814 11391 11391 D DoMinderDebug: AlarmActivity: Wake lock acquired for 10 minutes
01-04 14:49:20.826 11391 11391 D DoMinderDebug: AlarmActivity: Screen will stay on until user action or timeout
01-04 14:49:20.843 11391 11391 D DoMinderDebug: AlarmActivity: Priority = high
01-04 14:49:20.844 11391 11391 D DoMinderDebug: AlarmActivity: 5-minute timeout scheduled
01-04 14:49:20.844 11391 11391 D DoMinderDebug: AlarmActivity: Ringtone service should already be playing
01-04 14:49:20.849 11391 11391 D ViewRootImpl: update {(0,0)(fillxfill) sim={forwardNavigation} ty=BASE_APPLICATION wanim=0x10302fd
01-04 14:49:20.849 11391 11391 D ViewRootImpl:   fl=KEEP_SCREEN_ON LAYOUT_IN_SCREEN LAYOUT_INSET_DECOR SPLIT_TOUCH HARDWARE_ACCELERATED DRAWS_SYSTEM_BAR_BACKGROUNDS
01-04 14:49:20.849 11391 11391 D ViewRootImpl:   pfl=NO_MOVE_ANIMATION FORCE_DRAW_STATUS_BAR_BACKGROUND FIT_INSETS_CONTROLLED
01-04 14:49:20.849 11391 11391 D ViewRootImpl:   bhv=DEFAULT
01-04 14:49:20.849 11391 11391 D ViewRootImpl:   fitSides=} by setView
01-04 14:49:20.864 11391 11563 E OpenGLRenderer: Unable to match the desired swap behavior.
01-04 14:49:20.887 11391 11563 W Parcel  : Expecting binder but got null!
01-04 14:49:21.688 11391 11391 D DoMinderDebug: AlarmActivity: Done clicked for reminderId: 1767518070938
01-04 14:49:21.688 11391 11391 D DoMinderDebug: AlarmRingtoneService: stopAlarmRingtone called
01-04 14:49:21.690 11391 11391 D DoMinderDebug: AlarmActivity: Saved completion to SharedPreferences for 1767518070938
01-04 14:49:21.691 11391 11391 D DoMinderDebug: AlarmActivity: Sending ALARM_DONE broadcast with action: app.rork.dominder.ALARM_DONE, package: app.rork.dominder_android_reminder_app
01-04 14:49:21.691 11391 11391 D DoMinderDebug: AlarmActivity: Broadcast sent successfully
01-04 14:49:21.692 11391 11391 D DoMinderDebug: AlarmRingtoneService: onStartCommand - action: app.rork.dominder.STOP_ALARM_RINGTONE
01-04 14:49:21.692 11391 11391 D DoMinderDebug: AlarmRingtoneService: Stopping ringtone service
01-04 14:49:21.692 11391 11391 D DoMinderDebug: AlarmRingtoneService: Stopping ringtone and vibration
01-04 14:49:21.699 11391 11391 V MediaPlayer: resetDrmState:  mDrmInfo=null mDrmProvisioningThread=null mPrepareDrmInProgress=false mActiveDrmScheme=false
01-04 14:49:21.699 11391 11391 V MediaPlayer: cleanDrmObj: mDrmObj=null mDrmSessionId=null
01-04 14:49:21.705 11391 11391 D DoMinderDebug: AlarmRingtoneService: MediaPlayer stopped and released
01-04 14:49:21.706 11391 11391 D DoMinderDebug: AlarmRingtoneService: Restored original alarm volume to 1
01-04 14:49:21.707 11391 11391 D DoMinderDebug: AlarmRingtoneService: Vibration stopped
01-04 14:49:21.707 11391 11391 D DoMinderDebug: AlarmRingtoneService: Wake lock released
01-04 14:49:21.716 11391 11391 D DoMinderDebug: AlarmActionBridge: ===== onReceive called! =====
01-04 14:49:21.716 11391 11391 D DoMinderDebug: AlarmActionBridge: Received action: app.rork.dominder.ALARM_DONE
01-04 14:49:21.716 11391 11391 D DoMinderDebug: AlarmActionBridge: Intent extras: Bundle[mParcelledData.dataSize=304]
01-04 14:49:21.716 11391 11391 D DoMinderDebug: AlarmActionBridge: ALARM_DONE - reminderId: 1767518070938
01-04 14:49:21.716 11391 11391 D DoMinderDebug: AlarmActionBridge: About to emit alarmDone event to React Native
01-04 14:49:21.716 11391 11391 D DoMinderDebug: AlarmActionBridge: ===== emitEventToReactNative START =====
01-04 14:49:21.716 11391 11391 D DoMinderDebug: AlarmActionBridge: Event name: alarmDone, reminderId: 1767518070938
01-04 14:49:21.716 11391 11391 D DoMinderDebug: AlarmActionBridge: Got application context: app.rork.dominder_android_reminder_app.MainApplication
01-04 14:49:21.716 11391 11391 D DoMinderDebug: AlarmActionBridge: App is ReactApplication 
01-04 14:49:21.717 11391 11391 D DoMinderDebug: AlarmActionBridge: Got ReactInstanceManager: com.facebook.react.ReactInstanceManager@74a677c
01-04 14:49:21.717 11391 11391 D DoMinderDebug: AlarmActionBridge: ReactContext: null
01-04 14:49:21.717 11391 11391 D DoMinderDebug: AlarmActionBridge:  ERROR - ReactContext is NULL! 
01-04 14:49:21.717 11391 11391 D DoMinderDebug: AlarmActionBridge: This means React Native is not running or was killed
01-04 14:49:21.717 11391 11391 D DoMinderDebug: AlarmActionBridge: emitEventToReactNative call completed
01-04 14:49:21.717 11391 11391 D DoMinderDebug: AlarmActionBridge: Attempting native reschedule (interval=1.0 minutes)
01-04 14:49:21.717 11391 11391 D DoMinderDebug: AlarmActionBridge: Scheduling next recurring alarm for 1767518418837
01-04 14:49:21.719 11391 11391 D DoMinderDebug: AlarmActionBridge: Recurring alarm scheduled successfully
01-04 14:49:21.719 11391 11391 W MediaPlayer: mediaplayer went away with unhandled events
01-04 14:49:21.719 11391 11391 W MediaPlayer: mediaplayer went away with unhandled events
01-04 14:49:21.719 11391 11391 D DoMinderDebug: AlarmRingtoneService: onDestroy
01-04 14:49:21.720 11391 11391 D DoMinderDebug: AlarmRingtoneService: Stopping ringtone and vibration
01-04 14:49:21.721 11391 11391 D DoMinderDebug: AlarmRingtoneService: Vibration stopped
01-04 14:49:21.991 11391 11391 D DoMinderDebug: AlarmActivity: Canceled notification with ID: -1377064630
01-04 14:49:21.991 11391 11391 D DoMinderDebug: AlarmActivity: Finishing alarm activity properly
01-04 14:49:22.014 11391 11391 D DoMinderDebug: AlarmActivity: Keeping process alive for JS events
01-04 14:49:22.014 11391 11391 D DoMinderDebug: AlarmActivity: Finish sequence initiated
01-04 14:49:22.029 11391 11914 I ReactNativeJNI: Memory warning (pressure level: TRIM_MEMORY_UI_HIDDEN) received by JS VM, ignoring because it's non-severe
01-04 14:49:22.383 11391 11563 D Surface : Surface::disconnect
01-04 14:49:22.383 11391 11563 D BufferQueueProducer: [VRI[AlarmActivity]#27(BLAST Consumer)27](id:2c7f0000001b,api:1,p:11391,c:11391) disconnect: api 1
01-04 14:49:22.396 11391 11391 D DoMinderDebug: AlarmActivity: Canceled timeout and time update runnables
01-04 14:49:22.396 11391 11391 D DoMinderDebug: AlarmRingtoneService: stopAlarmRingtone called
01-04 14:49:22.408 11391 11391 D DoMinderDebug: AlarmActivity: WakeLock released
01-04 14:49:22.420 11391 11391 D DoMinderDebug: AlarmRingtoneService: onCreate
01-04 14:49:22.425 11391 11391 D DoMinderDebug: AlarmRingtoneService: onStartCommand - action: app.rork.dominder.STOP_ALARM_RINGTONE
01-04 14:49:22.425 11391 11391 D DoMinderDebug: AlarmRingtoneService: Stopping ringtone service
01-04 14:49:22.425 11391 11391 D DoMinderDebug: AlarmRingtoneService: Stopping ringtone and vibration
01-04 14:49:22.426 11391 11391 D DoMinderDebug: AlarmRingtoneService: Vibration stopped
01-04 14:49:22.430 11391 11391 D DoMinderDebug: AlarmRingtoneService: onDestroy
01-04 14:49:22.430 11391 11391 D DoMinderDebug: AlarmRingtoneService: Stopping ringtone and vibration
01-04 14:49:22.430 11391 11391 D DoMinderDebug: AlarmRingtoneService: Vibration stopped
01-04 14:49:23.460 11391 11391 W unknown:BridgelessReact: ReactHost{0}.onHostResume(activity)
01-04 14:49:23.461 11391 11391 W unknown:BridgelessReact: ReactContext.onHostResume()
01-04 14:49:23.464 11391 11915 I ReactNativeJS: [AlarmSync] App became active, syncing...
01-04 14:49:23.464 11391 11915 I ReactNativeJS: [AlarmSync] Checking for completed alarms...
01-04 14:49:23.465 11391 11916 D DoMinderDebug: AlarmModule: Retrieved 2 completed alarms
01-04 14:49:23.468 11391 11915 I ReactNativeJS: '[AlarmSync] Found completed alarms:', 2
01-04 14:49:23.468 11391 11915 I ReactNativeJS: '[AlarmSync] Already processed completion for:', '1767518070938'
01-04 14:49:23.468 11391 11915 I ReactNativeJS: '[AlarmSync] Already processed completion for:', '1767517925302'
01-04 14:49:23.470 11391 11916 D DoMinderDebug: AlarmModule: Retrieved 0 snoozed alarms
01-04 14:49:23.472 11391 11391 D VRI[MainActivity]: update {(0,0)(fillxfill) sim={adjust=pan forwardNavigation} ty=BASE_APPLICATION wanim=0x10302fd
01-04 14:49:23.472 11391 11391 D VRI[MainActivity]:   fl=LAYOUT_IN_SCREEN FORCE_NOT_FULLSCREEN LAYOUT_INSET_DECOR SPLIT_TOUCH HARDWARE_ACCELERATED DRAWS_SYSTEM_BAR_BACKGROUNDS
01-04 14:49:23.472 11391 11391 D VRI[MainActivity]:   pfl=NO_MOVE_ANIMATION FORCE_DRAW_STATUS_BAR_BACKGROUND USE_BLAST APPEARANCE_CONTROLLED FIT_INSETS_CONTROLLED
01-04 14:49:23.472 11391 11391 D VRI[MainActivity]:   apr=LIGHT_STATUS_BARS
01-04 14:49:23.472 11391 11391 D VRI[MainActivity]:   bhv=DEFAULT
01-04 14:49:23.472 11391 11391 D VRI[MainActivity]:   fitSides=} by setLayoutParams
01-04 14:49:23.476 11391 11915 I ReactNativeJS: '[AlarmSync] Found snoozed alarms:', 0
01-04 14:49:23.478 11391 11916 D DoMinderDebug: AlarmModule: Retrieved 0 deleted alarms
01-04 14:49:23.479 11391 11915 I ReactNativeJS: '[AlarmSync] Found deleted alarms:', 0
01-04 14:49:23.486 11391 11563 E OpenGLRenderer: Unable to match the desired swap behavior.
01-04 14:49:25.416 11391 11915 I ReactNativeJS: Cancelling notifications for reminder 1767517925302 (completed: true, paused: false)
01-04 14:49:25.424 11391 17834 I NOTIFEE : (NotificationManager): Removing notification with id rem-1767517925302
01-04 14:49:25.424 11391 17834 I NOTIFEE : (NotificationManager): Removing notification with id rem-1767517925302
01-04 14:49:25.427 11391 17835 I NOTIFEE : (NotificationManager): Removing notification with id rem-1767517925302
01-04 14:49:25.428 11391 17834 I NOTIFEE : (NotificationManager): Removing notification with id missed-1767517925302
01-04 14:49:25.429 11391 17834 I NOTIFEE : (NotificationManager): Removing notification with id missed-1767517925302
01-04 14:49:25.430 11391 17835 I NOTIFEE : (NotificationManager): Removing notification with id missed-1767517925302
01-04 14:49:25.434 11391 11915 I ReactNativeJS: [NotificationService] Cancelled all notifications (scheduled + displayed) for reminder 1767517925302
01-04 14:49:25.434 11391 11915 I ReactNativeJS: [ReminderService] Updating reminder 1767517925302: isActive=true, isCompleted=true, repeatType=every
01-04 14:49:25.437 11391 11915 I ReactNativeJS: [RootLayout] remindersChanged event received, invalidating queries.
01-04 14:49:25.497 11391 11915 I ReactNativeJS: '[ReminderEngine] Processing reminders, count:', 21
01-04 14:49:26.513 11391 11397 W System  : A resource failed to call release. 
01-04 14:49:34.059 11391 11915 I ReactNativeJS: [AlarmSync] Checking for completed alarms...
01-04 14:49:34.060 11391 11916 D DoMinderDebug: AlarmModule: Retrieved 2 completed alarms
01-04 14:49:34.062 11391 11915 I ReactNativeJS: '[AlarmSync] Found completed alarms:', 2
01-04 14:49:34.062 11391 11915 I ReactNativeJS: '[AlarmSync] Already processed completion for:', '1767518070938'
01-04 14:49:34.062 11391 11915 I ReactNativeJS: '[AlarmSync] Already processed completion for:', '1767517925302'
01-04 14:49:34.062 11391 11916 D DoMinderDebug: AlarmModule: Retrieved 0 snoozed alarms
01-04 14:49:34.068 11391 11915 I ReactNativeJS: '[ReminderEngine] Processing reminders, count:', 21
01-04 14:49:34.068 11391 11915 I ReactNativeJS: '[AlarmSync] Found snoozed alarms:', 0
01-04 14:49:34.069 11391 11916 D DoMinderDebug: AlarmModule: Retrieved 0 deleted alarms
01-04 14:49:34.069 11391 11915 I ReactNativeJS: '[AlarmSync] Found deleted alarms:', 0
01-04 14:50:04.061 11391 11915 I ReactNativeJS: [AlarmSync] Checking for completed alarms...
01-04 14:50:04.062 11391 11916 D DoMinderDebug: AlarmModule: Retrieved 2 completed alarms
01-04 14:50:04.064 11391 11915 I ReactNativeJS: '[AlarmSync] Found completed alarms:', 2
01-04 14:50:04.064 11391 11915 I ReactNativeJS: '[AlarmSync] Already processed completion for:', '1767518070938'
01-04 14:50:04.064 11391 11915 I ReactNativeJS: '[AlarmSync] Already processed completion for:', '1767517925302'
01-04 14:50:04.065 11391 11916 D DoMinderDebug: AlarmModule: Retrieved 0 snoozed alarms
01-04 14:50:04.065 11391 11915 I ReactNativeJS: '[ReminderEngine] Processing reminders, count:', 21
01-04 14:50:04.065 11391 11915 I ReactNativeJS: '[AlarmSync] Found snoozed alarms:', 0
01-04 14:50:04.066 11391 11916 D DoMinderDebug: AlarmModule: Retrieved 0 deleted alarms
01-04 14:50:04.066 11391 11915 I ReactNativeJS: '[AlarmSync] Found deleted alarms:', 0
01-04 14:50:18.843 11391 11391 D DoMinderDebug: AlarmReceiver: Received broadcast
01-04 14:50:18.843 11391 11391 D DoMinderDebug: AlarmReceiver: Starting AlarmRingtoneService for high priority
01-04 14:50:18.843 11391 11391 D DoMinderDebug: AlarmRingtoneService: startAlarmRingtone called - priority: high
01-04 14:50:18.846 11391 11391 D DoMinderDebug: AlarmReceiver: Creating full-screen notification for 1767518070938
01-04 14:50:18.849 11391 11391 D DoMinderDebug: AlarmReceiver: Full-screen notification created and shown
01-04 14:50:18.850 11391 11391 D DoMinderDebug: AlarmRingtoneService: onCreate
01-04 14:50:18.851 11391 11391 D DoMinderDebug: AlarmRingtoneService: onStartCommand - action: app.rork.dominder.START_ALARM_RINGTONE
01-04 14:50:18.851 11391 11391 D DoMinderDebug: AlarmRingtoneService: Starting ringtone for priority: high
01-04 14:50:18.851 11391 11391 D DoMinderDebug: AlarmRingtoneService: Starting foreground service
01-04 14:50:18.853 11391 11391 D DoMinderDebug: AlarmRingtoneService: Starting ringtone and vibration
01-04 14:50:18.860 11391 11391 D DoMinderDebug: AlarmRingtoneService: Settings - sound: true, vibration: true
01-04 14:50:18.862 11391 11391 D DoMinderDebug: AlarmRingtoneService: Using default alarm ringtone
01-04 14:50:18.864 11391 11391 D DoMinderDebug: AlarmRingtoneService: Set alarm volume to 1/7 (10%)
01-04 14:50:18.896 11391 11391 D DoMinderDebug: AlarmRingtoneService: MediaPlayer started playing (looping=true)
01-04 14:50:18.900 11391 11391 D DoMinderDebug: AlarmRingtoneService: Vibration started
01-04 14:50:23.892 11391 11915 I ReactNativeJS: '[Selection] Card press:', '1767518070938', 'Mode:', false, 'Suppress:', false
01-04 14:50:23.892 11391 11915 I ReactNativeJS: '[Selection] Opening edit for:', '1767518070938'
01-04 14:50:23.978 11391 11391 D ViewRootImpl: update {(0,0)(fillxfill) gr=CENTER sim={adjust=resize forwardNavigation} ty=APPLICATION fmt=TRANSPARENT wanim=0x7f11012e
01-04 14:50:23.978 11391 11391 D ViewRootImpl:   fl=NOT_FOCUSABLE LAYOUT_IN_SCREEN LAYOUT_INSET_DECOR SPLIT_TOUCH HARDWARE_ACCELERATED DRAWS_SYSTEM_BAR_BACKGROUNDS
01-04 14:50:23.978 11391 11391 D ViewRootImpl:   pfl=NO_MOVE_ANIMATION FORCE_DRAW_STATUS_BAR_BACKGROUND FIT_INSETS_CONTROLLED
01-04 14:50:23.978 11391 11391 D ViewRootImpl:   bhv=DEFAULT
01-04 14:50:23.978 11391 11391 D ViewRootImpl:   fitSides=} by setView
01-04 14:50:23.984 11391 11391 D VRI[MainActivity]: update {(0,0)(fillxfill) gr=CENTER sim={adjust=resize} ty=APPLICATION fmt=TRANSPARENT wanim=0x7f11012e
01-04 14:50:23.984 11391 11391 D VRI[MainActivity]:   fl=LAYOUT_IN_SCREEN LAYOUT_INSET_DECOR SPLIT_TOUCH HARDWARE_ACCELERATED DRAWS_SYSTEM_BAR_BACKGROUNDS
01-04 14:50:23.984 11391 11391 D VRI[MainActivity]:   pfl=NO_MOVE_ANIMATION FORCE_DRAW_STATUS_BAR_BACKGROUND FIT_INSETS_CONTROLLED
01-04 14:50:23.984 11391 11391 D VRI[MainActivity]:   bhv=DEFAULT
01-04 14:50:23.984 11391 11391 D VRI[MainActivity]:   fitSides=} by setLayoutParams
01-04 14:50:24.015 11391 11563 E OpenGLRenderer: Unable to match the desired swap behavior.
01-04 14:50:24.030 11391 11563 W Parcel  : Expecting binder but got null!
01-04 14:50:24.035 11391 11391 D VRI[MainActivity]: update {(0,0)(fillxfill) gr=CENTER sim={adjust=resize} ty=APPLICATION fmt=TRANSPARENT wanim=0x7f11012e
01-04 14:50:24.035 11391 11391 D VRI[MainActivity]:   fl=LAYOUT_IN_SCREEN LAYOUT_INSET_DECOR SPLIT_TOUCH HARDWARE_ACCELERATED DRAWS_SYSTEM_BAR_BACKGROUNDS
01-04 14:50:24.035 11391 11391 D VRI[MainActivity]:   pfl=NO_MOVE_ANIMATION FORCE_DRAW_STATUS_BAR_BACKGROUND FIT_INSETS_CONTROLLED
01-04 14:50:24.035 11391 11391 D VRI[MainActivity]:   bhv=DEFAULT
01-04 14:50:24.035 11391 11391 D VRI[MainActivity]:   fitSides=} by setLayoutParams
01-04 14:50:24.036 11391 11391 D VRI[MainActivity]: update {(0,0)(fillxfill) gr=CENTER sim={adjust=resize} ty=APPLICATION fmt=TRANSPARENT wanim=0x7f11012e
01-04 14:50:24.036 11391 11391 D VRI[MainActivity]:   fl=LAYOUT_IN_SCREEN LAYOUT_INSET_DECOR SPLIT_TOUCH HARDWARE_ACCELERATED DRAWS_SYSTEM_BAR_BACKGROUNDS
01-04 14:50:24.036 11391 11391 D VRI[MainActivity]:   pfl=NO_MOVE_ANIMATION FORCE_DRAW_STATUS_BAR_BACKGROUND FIT_INSETS_CONTROLLED
01-04 14:50:24.036 11391 11391 D VRI[MainActivity]:   bhv=DEFAULT
01-04 14:50:24.036 11391 11391 D VRI[MainActivity]:   fitSides=} by setLayoutParams
01-04 14:50:26.044 11391 11391 W unknown:BridgelessReact: ReactHost{0}.onUserLeaveHint(activity)
01-04 14:50:26.045 11391 11391 W unknown:BridgelessReact: ReactHost{0}.onHostPause(activity)
01-04 14:50:26.045 11391 11391 W unknown:BridgelessReact: ReactContext.onHostPause()
01-04 14:50:26.063 11391 11391 D DoMinderDebug: AlarmActivity: onCreate
01-04 14:50:26.068 11391 11391 D DoMinderDebug: AlarmActivity: Wake lock acquired for 10 minutes
01-04 14:50:26.069 11391 11391 D DoMinderDebug: AlarmActivity: Screen will stay on until user action or timeout
01-04 14:50:26.080 11391 11391 D DoMinderDebug: AlarmActivity: Priority = high
01-04 14:50:26.080 11391 11391 D DoMinderDebug: AlarmActivity: 5-minute timeout scheduled
01-04 14:50:26.080 11391 11391 D DoMinderDebug: AlarmActivity: Ringtone service should already be playing
01-04 14:50:26.084 11391 11391 D ViewRootImpl: update {(0,0)(fillxfill) sim={forwardNavigation} ty=BASE_APPLICATION wanim=0x10302fd
01-04 14:50:26.084 11391 11391 D ViewRootImpl:   fl=KEEP_SCREEN_ON LAYOUT_IN_SCREEN LAYOUT_INSET_DECOR SPLIT_TOUCH HARDWARE_ACCELERATED DRAWS_SYSTEM_BAR_BACKGROUNDS
01-04 14:50:26.084 11391 11391 D ViewRootImpl:   pfl=NO_MOVE_ANIMATION FORCE_DRAW_STATUS_BAR_BACKGROUND FIT_INSETS_CONTROLLED
01-04 14:50:26.084 11391 11391 D ViewRootImpl:   bhv=DEFAULT
01-04 14:50:26.084 11391 11391 D ViewRootImpl:   fitSides=} by setView
01-04 14:50:26.099 11391 11563 E OpenGLRenderer: Unable to match the desired swap behavior.
01-04 14:50:26.114 11391 11563 W Parcel  : Expecting binder but got null!
01-04 14:50:26.407 11391 11563 D Surface : Surface::disconnect
01-04 14:50:26.407 11391 11563 D BufferQueueProducer: [VRI[MainActivity]#29(BLAST Consumer)29](id:2c7f0000001d,api:1,p:11391,c:11391) disconnect: api 1
01-04 14:50:26.414 11391 11563 D Surface : Surface::disconnect
01-04 14:50:26.414 11391 11563 D BufferQueueProducer: [VRI[MainActivity]#28(BLAST Consumer)28](id:2c7f0000001c,api:1,p:11391,c:11391) disconnect: api 1
01-04 14:50:27.129 11391 11391 D DoMinderDebug: AlarmActivity: Done clicked for reminderId: 1767518070938
01-04 14:50:27.129 11391 11391 D DoMinderDebug: AlarmRingtoneService: stopAlarmRingtone called
01-04 14:50:27.132 11391 11391 D DoMinderDebug: AlarmActivity: Saved completion to SharedPreferences for 1767518070938
01-04 14:50:27.132 11391 11391 D DoMinderDebug: AlarmActivity: Sending ALARM_DONE broadcast with action: app.rork.dominder.ALARM_DONE, package: app.rork.dominder_android_reminder_app
01-04 14:50:27.132 11391 11391 D DoMinderDebug: AlarmActivity: Broadcast sent successfully
01-04 14:50:27.133 11391 11391 D DoMinderDebug: AlarmRingtoneService: onStartCommand - action: app.rork.dominder.STOP_ALARM_RINGTONE
01-04 14:50:27.133 11391 11391 D DoMinderDebug: AlarmRingtoneService: Stopping ringtone service
01-04 14:50:27.133 11391 11391 D DoMinderDebug: AlarmRingtoneService: Stopping ringtone and vibration
01-04 14:50:27.139 11391 11391 V MediaPlayer: resetDrmState:  mDrmInfo=null mDrmProvisioningThread=null mPrepareDrmInProgress=false mActiveDrmScheme=false
01-04 14:50:27.139 11391 11391 V MediaPlayer: cleanDrmObj: mDrmObj=null mDrmSessionId=null
01-04 14:50:27.144 11391 11391 D DoMinderDebug: AlarmRingtoneService: MediaPlayer stopped and released
01-04 14:50:27.145 11391 11391 D DoMinderDebug: AlarmRingtoneService: Restored original alarm volume to 1
01-04 14:50:27.146 11391 11391 D DoMinderDebug: AlarmRingtoneService: Vibration stopped
01-04 14:50:27.146 11391 11391 D DoMinderDebug: AlarmRingtoneService: Wake lock released
01-04 14:50:27.155 11391 11391 D DoMinderDebug: AlarmActionBridge: ===== onReceive called! =====
01-04 14:50:27.155 11391 11391 D DoMinderDebug: AlarmActionBridge: Received action: app.rork.dominder.ALARM_DONE
01-04 14:50:27.155 11391 11391 D DoMinderDebug: AlarmActionBridge: Intent extras: Bundle[mParcelledData.dataSize=304]
01-04 14:50:27.155 11391 11391 D DoMinderDebug: AlarmActionBridge: ALARM_DONE - reminderId: 1767518070938
01-04 14:50:27.155 11391 11391 D DoMinderDebug: AlarmActionBridge: About to emit alarmDone event to React Native
01-04 14:50:27.155 11391 11391 D DoMinderDebug: AlarmActionBridge: ===== emitEventToReactNative START =====
01-04 14:50:27.155 11391 11391 D DoMinderDebug: AlarmActionBridge: Event name: alarmDone, reminderId: 1767518070938
01-04 14:50:27.155 11391 11391 D DoMinderDebug: AlarmActionBridge: Got application context: app.rork.dominder_android_reminder_app.MainApplication
01-04 14:50:27.155 11391 11391 D DoMinderDebug: AlarmActionBridge: App is ReactApplication 
01-04 14:50:27.155 11391 11391 D DoMinderDebug: AlarmActionBridge: Got ReactInstanceManager: com.facebook.react.ReactInstanceManager@74a677c
01-04 14:50:27.155 11391 11391 D DoMinderDebug: AlarmActionBridge: ReactContext: null
01-04 14:50:27.155 11391 11391 D DoMinderDebug: AlarmActionBridge:  ERROR - ReactContext is NULL! 
01-04 14:50:27.155 11391 11391 D DoMinderDebug: AlarmActionBridge: This means React Native is not running or was killed
01-04 14:50:27.155 11391 11391 D DoMinderDebug: AlarmActionBridge: emitEventToReactNative call completed
01-04 14:50:27.155 11391 11391 D DoMinderDebug: AlarmActionBridge: Attempting native reschedule (interval=1.0 minutes)
01-04 14:50:27.155 11391 11391 D DoMinderDebug: AlarmActionBridge: Scheduling next recurring alarm for 1767518478837
01-04 14:50:27.157 11391 11391 D DoMinderDebug: AlarmActionBridge: Recurring alarm scheduled successfully
01-04 14:50:27.157 11391 11391 W MediaPlayer: mediaplayer went away with unhandled events
01-04 14:50:27.157 11391 11391 W MediaPlayer: mediaplayer went away with unhandled events
01-04 14:50:27.157 11391 11391 D DoMinderDebug: AlarmRingtoneService: onDestroy
01-04 14:50:27.157 11391 11391 D DoMinderDebug: AlarmRingtoneService: Stopping ringtone and vibration
01-04 14:50:27.158 11391 11391 D DoMinderDebug: AlarmRingtoneService: Vibration stopped
01-04 14:50:27.433 11391 11391 D DoMinderDebug: AlarmActivity: Canceled notification with ID: -1377064630
01-04 14:50:27.433 11391 11391 D DoMinderDebug: AlarmActivity: Finishing alarm activity properly
01-04 14:50:27.452 11391 11391 D DoMinderDebug: AlarmActivity: Keeping process alive for JS events
01-04 14:50:27.452 11391 11391 D DoMinderDebug: AlarmActivity: Finish sequence initiated
01-04 14:50:27.479 11391 11914 I ReactNativeJNI: Memory warning (pressure level: TRIM_MEMORY_UI_HIDDEN) received by JS VM, ignoring because it's non-severe
01-04 14:50:27.864 11391 11563 D Surface : Surface::disconnect
01-04 14:50:27.864 11391 11563 D BufferQueueProducer: [VRI[AlarmActivity]#30(BLAST Consumer)30](id:2c7f0000001e,api:1,p:11391,c:11391) disconnect: api 1
01-04 14:50:27.874 11391 11391 D DoMinderDebug: AlarmActivity: Canceled timeout and time update runnables
01-04 14:50:27.874 11391 11391 D DoMinderDebug: AlarmRingtoneService: stopAlarmRingtone called
01-04 14:50:27.888 11391 11391 D DoMinderDebug: AlarmActivity: WakeLock released
01-04 14:50:27.898 11391 11391 D DoMinderDebug: AlarmRingtoneService: onCreate
01-04 14:50:27.903 11391 11391 D DoMinderDebug: AlarmRingtoneService: onStartCommand - action: app.rork.dominder.STOP_ALARM_RINGTONE
01-04 14:50:27.903 11391 11391 D DoMinderDebug: AlarmRingtoneService: Stopping ringtone service
01-04 14:50:27.903 11391 11391 D DoMinderDebug: AlarmRingtoneService: Stopping ringtone and vibration
01-04 14:50:27.906 11391 11391 D DoMinderDebug: AlarmRingtoneService: Vibration stopped
01-04 14:50:27.913 11391 11391 D DoMinderDebug: AlarmRingtoneService: onDestroy
01-04 14:50:27.913 11391 11391 D DoMinderDebug: AlarmRingtoneService: Stopping ringtone and vibration
01-04 14:50:27.913 11391 11391 D DoMinderDebug: AlarmRingtoneService: Vibration stopped
01-04 14:51:18.850 11391 11391 D DoMinderDebug: AlarmReceiver: Received broadcast
01-04 14:51:18.852 11391 11391 D DoMinderDebug: AlarmReceiver: Starting AlarmRingtoneService for high priority
01-04 14:51:18.853 11391 11391 D DoMinderDebug: AlarmRingtoneService: startAlarmRingtone called - priority: high
01-04 14:51:18.859 11391 11391 D DoMinderDebug: AlarmReceiver: Creating full-screen notification for 1767518070938
01-04 14:51:18.865 11391 11391 D DoMinderDebug: AlarmReceiver: Full-screen notification created and shown
01-04 14:51:18.866 11391 11391 D DoMinderDebug: AlarmRingtoneService: onCreate
01-04 14:51:18.866 11391 11391 D DoMinderDebug: AlarmRingtoneService: onStartCommand - action: app.rork.dominder.START_ALARM_RINGTONE
01-04 14:51:18.866 11391 11391 D DoMinderDebug: AlarmRingtoneService: Starting ringtone for priority: high
01-04 14:51:18.866 11391 11391 D DoMinderDebug: AlarmRingtoneService: Starting foreground service
01-04 14:51:18.868 11391 11391 D DoMinderDebug: AlarmRingtoneService: Starting ringtone and vibration
01-04 14:51:18.868 11391 11391 D DoMinderDebug: AlarmRingtoneService: Settings - sound: true, vibration: true
01-04 14:51:18.870 11391 11391 D DoMinderDebug: AlarmRingtoneService: Using default alarm ringtone
01-04 14:51:18.872 11391 11391 D DoMinderDebug: AlarmRingtoneService: Set alarm volume to 1/7 (10%)
01-04 14:51:18.898 11391 11391 D DoMinderDebug: AlarmRingtoneService: MediaPlayer started playing (looping=true)
01-04 14:51:18.900 11391 11391 D DoMinderDebug: AlarmRingtoneService: Vibration started
