01-11 11:37:09.925  6347  7299 I NOTIFEE : (NotificationManager): Removing notification with id rem-1768111414645_hist
01-11 11:37:09.925  6347  7299 I NOTIFEE : (NotificationManager): Removing notification with id rem-1768111414645_hist
01-11 11:37:09.926  6347  6347 W unknown:BridgelessReact: ReactHost{0}.onHostResume(activity)
01-11 11:37:09.926  6347  6347 W unknown:BridgelessReact: ReactContext.onHostResume()
01-11 11:37:09.926  6347  6387 I ReactNativeJS: [AlarmSync] App became active, syncing...
01-11 11:37:09.926  6347  6387 I ReactNativeJS: [AlarmSync] Checking for completed alarms...
01-11 11:37:09.928  6347  6388 D DoMinderDebug: AlarmModule: getAllNativeReminderStates found 0 reminders
01-11 11:37:09.931  6347  6388 D DoMinderDebug: AlarmModule: Retrieved 0 completed alarms
01-11 11:37:09.932  6347  6387 I ReactNativeJS: '[AlarmSync] Found completed alarms:', 0
01-11 11:37:09.932  6347  6388 D DoMinderDebug: AlarmModule: Retrieved 0 snoozed alarms
01-11 11:37:09.933  6347  7300 I NOTIFEE : (NotificationManager): Removing notification with id rem-1768111414645_hist
01-11 11:37:09.933  6347  6387 I ReactNativeJS: '[AlarmSync] Found snoozed alarms:', 0
01-11 11:37:09.934  6347  6388 D DoMinderDebug: AlarmModule: Retrieved 0 deleted alarms
01-11 11:37:09.935  6347  6387 I ReactNativeJS: '[AlarmSync] Found deleted alarms:', 0
01-11 11:37:09.936  6347  7299 I NOTIFEE : (NotificationManager): Removing notification with id missed-1768111414645_hist
01-11 11:37:09.937  6347  7299 I NOTIFEE : (NotificationManager): Removing notification with id missed-1768111414645_hist
01-11 11:37:09.942  6347  7300 I NOTIFEE : (NotificationManager): Removing notification with id missed-1768111414645_hist
01-11 11:37:09.946  6347  6388 D DoMinderDebug: AlarmModule: Cleared metadata for 1768111414645_hist
01-11 11:37:09.946  6347  6387 I ReactNativeJS: [NotificationService] Cancelled all notifications (scheduled + displayed) for reminder 1768111414645_hist
01-11 11:37:09.946  6347  6387 I ReactNativeJS: [ReminderService] Updating reminder 1768111414645_hist: isActive=false, isCompleted=true, repeatType=every
01-11 11:37:09.949  6347  6387 I ReactNativeJS: [RootLayout] remindersChanged event received, invalidating queries.
01-11 11:37:09.950  6347  6387 I ReactNativeJS: [Scheduler] Updated history with trigger at 2026-01-11T06:07:00.000Z
01-11 11:37:09.950  6347  6388 D DoMinderDebug: AlarmModule: getNativeReminderState for 1768111414645: actualTriggerCount=0, isCompleted=false
01-11 11:37:09.953  6347  6387 I ReactNativeJS: [ReminderService] Updating reminder 1768111414645: isActive=true, isCompleted=false, repeatType=every
01-11 11:37:09.955  6347  6387 I ReactNativeJS: [RootLayout] remindersChanged event received, invalidating queries.
01-11 11:37:09.956  6347  6388 D DoMinderDebug: AlarmModule: Updated occurrenceCount for 1768111414645 to 2
01-11 11:37:10.012  6347  6387 I ReactNativeJS: '[ReminderEngine] Processing reminders, count:', 10
01-11 11:37:10.012  6347  6387 I ReactNativeJS: [Scheduler] Synced occurrenceCount 2 to native for 1768111414645
01-11 11:37:10.013  6347  6388 D DoMinderDebug: AlarmModule: getNativeReminderState for 1768111414645: actualTriggerCount=0, isCompleted=false
01-11 11:37:10.036  6347  6387 I ReactNativeJS: [NotificationService] SCHEDULE_EXACT_ALARM permission granted - using exact timing
01-11 11:37:10.036  6347  6387 I ReactNativeJS: [NotificationService] Scheduling reminder 1768111414645, priority: medium, repeatType: every
01-11 11:37:10.036  6347  6387 I ReactNativeJS: [NotificationService] Skipping sequential delay for 'every' reminder to preserve exact timing
01-11 11:37:10.036  6347  6387 I ReactNativeJS: [NotificationService] Scheduling for 2026-01-11T06:09:00.000Z
01-11 11:37:10.094  6347  6387 I ReactNativeJS: '[ReminderEngine] Processing reminders, count:', 10
01-11 11:37:10.094  6347  6387 I ReactNativeJS: [ReminderEngine] Processing reminder 1768111414645, repeatType: every
01-11 11:37:10.094  6347  6387 I ReactNativeJS: [ReminderEngine] Reminder 1768111414645 has nextReminderDate: 2026-01-11T06:09:00.000Z
01-11 11:37:10.094  6347  6387 I ReactNativeJS: [ReminderEngine] Scheduling notification for reminder 1768111414645 at 2026-01-11T06:09:00.000Z
01-11 11:37:10.094  6347  6387 I ReactNativeJS: [NotificationService] Scheduling already in progress for 1768111414645, skipping duplicate call
01-11 11:37:10.095  6347  6387 I ReactNativeJS: [ReminderEngine] Successfully scheduled 1768111414645
01-11 11:37:10.095  6347  6387 I ReactNativeJS: [NotificationService] Successfully scheduled notification rem-1768111414645
01-11 11:37:10.095  6347  6387 I ReactNativeJS: [Scheduler] Rescheduled 1768111414645 for 2026-01-11T06:09:00.000Z
01-11 11:37:10.095  6347  6387 I ReactNativeJS: [Scheduler] ========== markReminderDone END ==========
01-11 11:37:10.095  6347  6387 I ReactNativeJS: [RootLayout] remindersChanged event received, invalidating queries.
01-11 11:37:10.096  6347  6387 I ReactNativeJS: '[RootLayout] Foreground event:', { type: 7, pressAction: undefined }
01-11 11:37:11.427  6347  6387 I ReactNativeJS: [AlarmSync] Checking for completed alarms...
01-11 11:37:11.427  6347  6388 D DoMinderDebug: AlarmModule: getAllNativeReminderStates found 0 reminders
01-11 11:37:11.428  6347  6388 D DoMinderDebug: AlarmModule: Retrieved 0 completed alarms
01-11 11:37:11.429  6347  6387 I ReactNativeJS: '[ReminderEngine] Processing reminders, count:', 10
01-11 11:37:11.429  6347  6387 I ReactNativeJS: '[AlarmSync] Found completed alarms:', 0
01-11 11:37:11.429  6347  6388 D DoMinderDebug: AlarmModule: Retrieved 0 snoozed alarms
01-11 11:37:11.429  6347  6387 I ReactNativeJS: '[AlarmSync] Found snoozed alarms:', 0
01-11 11:37:11.430  6347  6388 D DoMinderDebug: AlarmModule: Retrieved 0 deleted alarms
01-11 11:37:11.430  6347  6387 I ReactNativeJS: '[AlarmSync] Found deleted alarms:', 0
