11-03 23:01:35.058 30953 30991 E ReactNativeJS:   componentStack: '\n    at SceneView (address at index.android.bundle:1:946046)\n    at RNSScreenContentWrapper (<anonymous>)\n    at ScreenContentWrapper (<anonymous>)\n    at DebugContainer (<anonymous>)\n    at RNSScreen (<anonymous>)\n    at anonymous (address at index.android.bundle:1:586528)\n    at Suspender (address at index.android.bundle:1:1044549)\n    at Suspense (<anonymous>)\n    at Freeze (address at index.android.bundle:1:1044610)\n    at DelayedFreeze (address at index.android.bundle:1:1043804)\n    at InnerScreen (address at index.android.bundle:1:1041415)\n    at anonymous (address at index.android.bundle:1:1043082)\n    at ScreenStackItem (address at index.android.bundle:1:1053327)\n    at SceneView (address at index.android.bundle:1:984745)\n    at RNSScreenStack (<anonymous>)\n    at anonymous (address at index.android.bundle:1:1052304)\n    at ScreenStack (address at index.android.bundle:1:1051583)\n    at FrameSizeProviderInner (address at index.android.bundle:1:1023590)\n    at FrameSizeProvider (address at index.android.bundle:1:1023511)\n    at RCTView (<anonymous>)\n    at anonymous (address at index.android.bundle:1:406356)\n    at SafeAreaProviderCompat (address at index.android.bundle:1:1036597)\n    at NativeStackView (address at index.android.bundle:1:983326)\n    at PreventRemoveProvider (address at index.android.bundle:1:925545)\n    at NavigationStateListenerProvider (address at index.android.bundle:1:955106)\n    at NavigationContent (address at index.android.bundle:1:942415)\n    at anonymous (address at index.android.bundle:1:942318)\n    at NativeStackNavigator (address at index.android.bundle:1:981935)\n    at anonymous (address at index.android.bundle:1:1061912)\n    at RootLayoutNav (<anonymous>)\n    at anonymous (address at index.android.bundle:1:1654765)\n    at RNGestureHandlerRootView (<anonymous>)\n    at GestureHandlerRootView (address at index.android.bundle:1:1580465)\n    at ErrorBoundaryImpl (address at index.android.bundle:1:1675110)\n    at ErrorBoundary (<anonymous>)\n    at anonymous (address at index.android.bundle:1:1654765)\n    at AppContent (address at index.android.bundle:1:1178302)\n    at QueryClientProvider (address at index.android.bundle:1:1248057)\n    at RootLayout (<anonymous>)\n    at Suspense (<anonymous>)\n    at Route (address at index.android.bundle:1:1062986)\n    at BaseRoute (address at index.android.bundle:1:1066863)\n    at StaticContainer (address at index.android.bundle:1:948510)\n    at EnsureSingleNavigator (address at index.android.bundle:1:889884)\n    at SceneView (address at index.android.bundle:1:946046)\n    at PreventRemoveProvider (address at index.android.bundle:1:925545)\n    at NavigationStateListenerProvider (address at index.android.bundle:1:955106)\n    at NavigationContent (address at index.android.bundle:1:942415)\n    at anonymous (address at index.android.bundle:1:942318)\n    at Content (address at index.android.bundle:1:1169698)\n    at RNCSafeAreaProvider (<anonymous>)\n    at SafeAreaProvider (address at index.android.bundle:1:1020065)\n    at wrapper (address at index.android.bundle:1:1168761)\n    at ThemeProvider (address at index.android.bundle:1:893114)\n    at EnsureSingleNavigator (address at index.android.bundle:1:889884)\n    at BaseNavigationContainer (address at index.android.bundle:1:868360)\n    at NavigationContainerInner (address at index.android.bundle:1:1171503)\n    at ContextNavigator (address at index.android.bundle:1:1168959)\n    at ExpoRoot (address at index.android.bundle:1:1168668)\n    at App (<anonymous>)\n    at RCTView (<anonymous>)\n    at anonymous (address at index.android.bundle:1:406356)\n    at AppContainer (address at index.android.bundle:1:405556)',
11-03 23:01:35.058 30953 30991 E ReactNativeJS:   isComponentError: true }, { componentStack: '\n    at SceneView (address at index.android.bundle:1:946046)\n    at RNSScreenContentWrapper (<anonymous>)\n    at ScreenContentWrapper (<anonymous>)\n    at DebugContainer (<anonymous>)\n    at RNSScreen (<anonymous>)\n    at anonymous (address at index.android.bundle:1:586528)\n    at Suspender (address at index.android.bundle:1:1044549)\n    at Suspense (<anonymous>)\n    at Freeze (address at index.android.bundle:1:1044610)\n    at DelayedFreeze (address at index.android.bundle:1:1043804)\n    at InnerScreen (address at index.android.bundle:1:1041415)\n    at anonymous (address at index.android.bundle:1:1043082)\n    at ScreenStackItem (address at index.android.bundle:1:1053327)\n    at SceneView (address at index.android.bundle:1:984745)\n    at RNSScreenStack (<anonymous>)\n    at anonymous (address at index.android.bundle:1:1052304)\n    at ScreenStack (address at index.android.bundle:1:1051583)\n    at FrameSizeProviderInner (address at index.android.bundle:1:1023590)\n    at FrameSizeProvider (address at index.android.bundle:1:1023511)\n    at RCTView (<anonymous>)\n    at anonymous (address at index.android.bundle:1:406356)\n    at SafeAreaProviderCompat (address at index.android.bundle:1:1036597)\n    at NativeStackView (address at index.android.bundle:1:983326)\n    at PreventRemoveProvider (address at index.android.bundle:1:925545)\n    at NavigationStateListenerProvider (address at index.android.bundle:1:955106)\n    at NavigationContent (address at index.android.bundle:1:942415)\n    at anonymous (address at index.android.bundle:1:942318)\n    at NativeStackNavigator (address at index.android.bundle:1:981935)\n    at anonymous (address at index.android.bundle:1:1061912)\n    at RootLayoutNav (<anonymous>)\n    at anonymous (address at index.android.bundle:1:1654765)\n    at RNGestureHandlerRootView (<anonymous>)\n    at GestureHandlerRootView (address at index.android.bundle:1:1580465)\n    at ErrorBoundaryImpl (address at index.android.bundle:1:1675110)\n    at ErrorBoundary (<anonymous>)\n    at anonymous (address at index.android.bundle:1:1654765)\n    at AppContent (address at index.android.bundle:1:1178302)\n    at QueryClientProvider (address at index.android.bundle:1:1248057)\n    at RootLayout (<anonymous>)\n    at Suspense (<anonymous>)\n    at Route (address at index.android.bundle:1:1062986)\n    at BaseRoute (address at index.android.bundle:1:1066863)\n    at StaticContainer (address at index.android.bundle:1:948510)\n    at EnsureSingleNavigator (address at index.android.bundle:1:889884)\n    at SceneView (address at index.android.bundle:1:946046)\n    at PreventRemoveProvider (address at index.android.bundle:1:925545)\n    at NavigationStateListenerProvider (address at index.android.bundle:1:955106)\n    at NavigationContent (address at index.android.bundle:1:942415)\n    at anonymous (address at index.android.bundle:1:942318)\n    at Content (address at index.android.bundle:1:1169698)\n    at RNCSafeAreaProvider (<anonymous>)\n    at SafeAreaProvider (address at index.android.bundle:1:1020065)\n    at wrapper (address at index.android.bundle:1:1168761)\n    at ThemeProvider (address at index.android.bundle:1:893114)\n    at EnsureSingleNavigator (address at index.android.bundle:1:889884)\n    at BaseNavigationContainer (address at index.android.bundle:1:868360)\n    at NavigationContainerInner (address at index.android.bundle:1:1171503)\n    at ContextNavigator (address at index.android.bundle:1:1168959)\n    at ExpoRoot (address at index.android.bundle:1:1168668)\n    at App (<anonymous>)\n    at RCTView (<anonymous>)\n    at anonymous (address at index.android.bundle:1:406356)\n    at AppContainer (address at index.android.bundle:1:405556)' }
11-03 23:01:35.058 30953 30992 E unknown:ReactNative: Error: Rendered fewer hooks than expected. This may be caused by an accidental early return statement.
11-03 23:01:35.058 30953 30992 E unknown:ReactNative: 
11-03 23:01:35.058 30953 30992 E unknown:ReactNative: This error is located at:
11-03 23:01:35.058 30953 30992 E unknown:ReactNative:     at SceneView (address at index.android.bundle:1:946046)
11-03 23:01:35.058 30953 30992 E unknown:ReactNative:     at RNSScreenContentWrapper (<anonymous>)
11-03 23:01:35.058 30953 30992 E unknown:ReactNative:     at ScreenContentWrapper (<anonymous>)
11-03 23:01:35.058 30953 30992 E unknown:ReactNative:     at DebugContainer (<anonymous>)
11-03 23:01:35.058 30953 30992 E unknown:ReactNative:     at RNSScreen (<anonymous>)
11-03 23:01:35.058 30953 30992 E unknown:ReactNative:     at anonymous (address at index.android.bundle:1:586528)
11-03 23:01:35.058 30953 30992 E unknown:ReactNative:     at Suspender (address at index.android.bundle:1:1044549)
11-03 23:01:35.058 30953 30992 E unknown:ReactNative:     at Suspense (<anonymous>)
11-03 23:01:35.058 30953 30992 E unknown:ReactNative:     at Freeze (address at index.android.bundle:1:1044610)
11-03 23:01:35.058 30953 30992 E unknown:ReactNative:     at DelayedFreeze (address at index.android.bundle:1:1043804)
11-03 23:01:35.058 30953 30992 E unknown:ReactNative:     at InnerScreen (address at index.android.bundle:1:1041415)
11-03 23:01:35.058 30953 30992 E unknown:ReactNative:     at anonymous (address at index.android.bundle:1:1043082)
11-03 23:01:35.058 30953 30992 E unknown:ReactNative:     at ScreenStackItem (address at index.android.bundle:1:1053327)
11-03 23:01:35.058 30953 30992 E unknown:ReactNative:     at SceneView (address at index.android.bundle:1:984745)
11-03 23:01:35.058 30953 30992 E unknown:ReactNative:     at RNSScreenStack (<anonymous>)
11-03 23:01:35.058 30953 30992 E unknown:ReactNative:     at anonymous (address at index.android.bundle:1:1052304)
11-03 23:01:35.058 30953 30992 E unknown:ReactNative:     at ScreenStack (address at index.android.bundle:1:1051583)
11-03 23:01:35.058 30953 30992 E unknown:ReactNative:     at FrameSizeProviderInner (address at index.android.bundle:1:1023590)
11-03 23:01:35.058 30953 30992 E unknown:ReactNative:     at FrameSizeProvider (address at index.android.bundle:1:1023511)
11-03 23:01:35.058 30953 30992 E unknown:ReactNative:     at RCTView (<anonymous>)
11-03 23:01:35.058 30953 30992 E unknown:ReactNative:     at anonymous (address at index.android.bundle:1:406356)
11-03 23:01:35.058 30953 30992 E unknown:ReactNative:     at SafeAreaProviderCompat (address at index.android.bundle:1:1036597)
11-03 23:01:35.058 30953 30992 E unknown:ReactNative:     at NativeStackView (address at index.android.bundle:1:983326)
11-03 23:01:35.058 30953 30992 E unknown:ReactNative:     at PreventRemoveProvider (address at index.android.bundle:1:925545)
11-03 23:01:35.058 30953 30992 E unknown:ReactNative:     at NavigationStateListenerProvider (address at index.android.bundle:1:955106)
11-03 23:01:35.058 30953 30992 E unknown:ReactNative:     at NavigationContent (address at index.android.bundle:1:942415)
11-03 23:01:35.058 30953 30992 E unknown:ReactNative:     at anonymous (address at index.android.bundle:1:942318)
11-03 23:01:35.058 30953 30992 E unknown:ReactNative:     at NativeStackNavigator (address at index.android.bundle:1:981935)
11-03 23:01:35.058 30953 30992 E unknown:ReactNative:     at anonymous (address at index.android.bundle:1:1061912)
11-03 23:01:35.058 30953 30992 E unknown:ReactNative:     at RootLayoutNav (<anonymous>)
11-03 23:01:35.058 30953 30992 E unknown:ReactNative:     at anonymous (address at index.android.bundle:1:1654765)
11-03 23:01:35.058 30953 30992 E unknown:ReactNative:     at RNGestureHandlerRootView (<anonymous>)
11-03 23:01:35.058 30953 30992 E unknown:ReactNative:     at GestureHandlerRootView (address at index.android.bundle:1:1580465)
11-03 23:01:35.058 30953 30992 E unknown:ReactNative:     at ErrorBoundaryImpl (address at index.android.bundle:1:1675110)
11-03 23:01:35.058 30953 30992 E unknown:ReactNative:     at ErrorBoundary (<anonymous>)
11-03 23:01:35.058 30953 30992 E unknown:ReactNative:     at anonymous (address at index.android.bundle:1:1654765)
11-03 23:01:35.058 30953 30992 E unknown:ReactNative:     at AppContent (address at index.android.bundle:1:1178302)
11-03 23:01:35.058 30953 30992 E unknown:ReactNative:     at QueryClientProvider (address at index.android.bundle:1:1248057)
11-03 23:01:35.058 30953 30992 E unknown:ReactNative:     at RootLayout (<anonymous>)
11-03 23:01:35.058 30953 30992 E unknown:ReactNative:     at Suspense (<anonymous>)
11-03 23:01:35.058 30953 30992 E unknown:ReactNative:     at Route (address at index.android.bundle:1:1062986)
11-03 23:01:35.058 30953 30992 E unknown:ReactNative:     at BaseRoute (address at index.android.bundle:1:1066863)
11-03 23:01:35.058 30953 30992 E unknown:ReactNative:     at StaticContainer (address at index.android.bundle:1:948510)
11-03 23:01:35.058 30953 30992 E unknown:ReactNative:     at EnsureSingleNavigator (address at index.android.bundle:1:889884)
11-03 23:01:35.058 30953 30992 E unknown:ReactNative:     at SceneView (address at index.android.bundle:1:946046)
11-03 23:01:35.058 30953 30992 E unknown:ReactNative:     at PreventRemoveProvider (address at index.android.bundle:1:925545)
11-03 23:01:35.058 30953 30992 E unknown:ReactNative:     at NavigationStateListenerProvider (address at index.android.bundle:1:955106)
11-03 23:01:35.058 30953 30992 E unknown:ReactNative:     at NavigationContent (address at index.android.bundle:1:942415)
11-03 23:01:35.058 30953 30992 E unknown:ReactNative:     at anonymous (address at index.android.bundle:1:942318)
11-03 23:01:35.058 30953 30992 E unknown:ReactNative:     at Content (address at index.android.bundle:1:1169698)
11-03 23:01:35.058 30953 30992 E unknown:ReactNative:     at RNCSafeAreaProvider (<anonymous>)
11-03 23:01:35.058 30953 30992 E unknown:ReactNative:     at SafeAreaProvider (address at index.android.bundle:1:1020065)
11-03 23:01:35.058 30953 30992 E unknown:ReactNative:     at wrapper (address at index.android.bundle:1:1168761)
11-03 23:01:35.058 30953 30992 E unknown:ReactNative:     at ThemeProvider (address at index.android.bundle:1:893114)
11-03 23:01:35.058 30953 30992 E unknown:ReactNative:     at EnsureSingleNavigator (address at index.android.bundle:1:889884)
11-03 23:01:35.058 30953 30992 E unknown:ReactNative:     at BaseNavigationContainer (address at index.android.bundle:1:868360)
11-03 23:01:35.058 30953 30992 E unknown:ReactNative:     at NavigationContainerInner (address at index.android.bundle:1:1171503)
11-03 23:01:35.058 30953 30992 E unknown:ReactNative:     at ContextNavigator (address at index.android.bundle:1:1168959)
11-03 23:01:35.058 30953 30992 E unknown:ReactNative:     at ExpoRoot (address at index.android.bundle:1:1168668)
11-03 23:01:35.058 30953 30992 E unknown:ReactNative:     at App (<anonymous>)
11-03 23:01:35.058 30953 30992 E unknown:ReactNative:     at RCTView (<anonymous>)
11-03 23:01:35.058 30953 30992 E unknown:ReactNative:     at anonymous (address at index.android.bundle:1:406356)
11-03 23:01:35.058 30953 30992 E unknown:ReactNative:     at AppContainer (address at index.android.bundle:1:405556), js engine: hermes, stack:
11-03 23:01:35.058 30953 30992 E unknown:ReactNative: finishRenderingHooks@1:239437
11-03 23:01:35.058 30953 30992 E unknown:ReactNative: renderWithHooks@1:239284
11-03 23:01:35.058 30953 30992 E unknown:ReactNative: updateFunctionComponent@1:251690
11-03 23:01:35.058 30953 30992 E unknown:ReactNative: beginWork@1:259378
11-03 23:01:35.058 30953 30992 E unknown:ReactNative: performUnitOfWork@1:280017
11-03 23:01:35.058 30953 30992 E unknown:ReactNative: workLoopSync@1:279049
11-03 23:01:35.058 30953 30992 E unknown:ReactNative: renderRootSync@1:278881
11-03 23:01:35.058 30953 30992 E unknown:ReactNative: performWorkOnRoot@1:276369
11-03 23:01:35.058 30953 30992 E unknown:ReactNative: performSyncWorkOnRoot@1:229588
11-03 23:01:35.058 30953 30992 E unknown:ReactNative: flushSyncWorkAcrossRoots_impl@1:228601
11-03 23:01:35.058 30953 30992 E unknown:ReactNative: processRootScheduleInMicrotask@1:228945
11-03 23:01:35.058 30953 30992 E unknown:ReactNative: anonymous@1:229687
11-03 23:01:35.065 30953 30992 E unknown:ReactNative: console.error: [ErrorBoundary] caught Error: Rendered fewer hooks than expected. This may be caused by an accidental early return statement. {"componentStack":"\n    at SceneView (address at index.android.bundle:1:946046)\n    at RNSScreenContentWrapper (<anonym...(truncated)..."}, js engine: hermes, stack:
11-03 23:01:35.065 30953 30992 E unknown:ReactNative: _construct@1:121713
11-03 23:01:35.065 30953 30992 E unknown:ReactNative: Wrapper@1:121367
11-03 23:01:35.065 30953 30992 E unknown:ReactNative: _callSuper@1:119198
11-03 23:01:35.065 30953 30992 E unknown:ReactNative: SyntheticError@1:120854
11-03 23:01:35.065 30953 30992 E unknown:ReactNative: reactConsoleErrorHandler@1:120465
11-03 23:01:35.065 30953 30992 E unknown:ReactNative: componentDidCatch@1:1675249
11-03 23:01:35.065 30953 30992 E unknown:ReactNative: anonymous@1:248493
11-03 23:01:35.065 30953 30992 E unknown:ReactNative: callCallback@1:231843
11-03 23:01:35.065 30953 30992 E unknown:ReactNative: commitCallbacks@1:231929
11-03 23:01:35.065 30953 30992 E unknown:ReactNative: commitClassCallbacks@1:267075
11-03 23:01:35.065 30953 30992 E unknown:ReactNative: commitLayoutEffectOnFiber@1:268879
11-03 23:01:35.065 30953 30992 E unknown:ReactNative: recursivelyTraverseLayoutEffects@1:271330
11-03 23:01:35.065 30953 30992 E unknown:ReactNative: commitLayoutEffectOnFiber@1:268935
11-03 23:01:35.065 30953 30992 E unknown:ReactNative: recursivelyTraverseLayoutEffects@1:271330
11-03 23:01:35.065 30953 30992 E unknown:ReactNative: commitLayoutEffectOnFiber@1:268981
11-03 23:01:35.065 30953 30992 E unknown:ReactNative: recursivelyTraverseLayoutEffects@1:271330
11-03 23:01:35.065 30953 30992 E unknown:ReactNative: commitLayoutEffectOnFiber@1:268935
11-03 23:01:35.065 30953 30992 E unknown:ReactNative: recursivelyTraverseLayoutEffects@1:271330
11-03 23:01:35.065 30953 30992 E unknown:ReactNative: commitLayoutEffectOnFiber@1:268935
11-03 23:01:35.065 30953 30992 E unknown:ReactNative: recursivelyTraverseLayoutEffects@1:271330
11-03 23:01:35.065 30953 30992 E unknown:ReactNative: commitLayoutEffectOnFiber@1:268981
11-03 23:01:35.065 30953 30992 E unknown:ReactNative: recursivelyTraverseLayoutEffects@1:271330
11-03 23:01:35.065 30953 30992 E unknown:ReactNative: commitLayoutEffectOnFiber@1:268935
11-03 23:01:35.065 30953 30992 E unknown:ReactNative: recursivelyTraverseLayoutEffects@1:271330
11-03 23:01:35.065 30953 30992 E unknown:ReactNative: commitLayoutEffectOnFiber@1:268935
11-03 23:01:35.065 30953 30992 E unknown:ReactNative: recursivelyTraverseLayoutEffects@1:271330
11-03 23:01:35.065 30953 30992 E unknown:ReactNative: commitLayoutEffectOnFiber@1:268230
11-03 23:01:35.065 30953 30992 E unknown:ReactNative: recursivelyTraverseLayoutEffects@1:271330
11-03 23:01:35.065 30953 30992 E unknown:ReactNative: commitLayoutEffectOnFiber@1:268352
11-03 23:01:35.065 30953 30992 E unknown:ReactNative: recursivelyTraverseLayoutEffects@1:271330
11-03 23:01:35.065 30953 30992 E unknown:ReactNative: commitLayoutEffectOnFiber@1:268981
11-03 23:01:35.065 30953 30992 E unknown:ReactNative: recursivelyTraverseLayoutEffects@1:271330
11-03 23:01:35.065 30953 30992 E unknown:ReactNative: commitLayoutEffectOnFiber@1:268981
11-03 23:01:35.065 30953 30992 E unknown:ReactNative: recursivelyTraverseLayoutEffects@1:271330
11-03 23:01:35.065 30953 30992 E unknown:ReactNative: commitLayoutEffectOnFiber@1:268935
11-03 23:01:35.065 30953 30992 E unknown:ReactNative: recursivelyTraverseLayoutEffects@1:271330
11-03 23:01:35.065 30953 30992 E unknown:ReactNative: commitLayoutEffectOnFiber@1:268935
11-03 23:01:35.065 30953 30992 E unknown:ReactNative: recursivelyTraverseLayoutEffects@1:271330
11-03 23:01:35.065 30953 30992 E unknown:ReactNative: commitLayoutEffectOnFiber@1:268935
11-03 23:01:35.065 30953 30992 E unknown:ReactNative: recursivelyTraverseLayoutEffects@1:271330
11-03 23:01:35.065 30953 30992 E unknown:ReactNative: commitLayoutEffectOnFiber@1:268981
11-03 23:01:35.065 30953 30992 E unknown:ReactNative: recursivelyTraverseLayoutEffects@1:271330
11-03 23:01:35.065 30953 30992 E unknown:ReactNative: commitLayoutEffectOnFiber@1:268981
11-03 23:01:35.065 30953 30992 E unknown:ReactNative: recursivelyTraverseLayoutEffects@1:271330
11-03 23:01:35.065 30953 30992 E unknown:ReactNative: commitLayoutEffectOnFiber@1:268935
11-03 23:01:35.065 30953 30992 E unknown:ReactNative: recursivelyTraverseLayoutEffects@1:271330
11-03 23:01:35.065 30953 30992 E unknown:ReactNative: commitLayoutEffectOnFiber@1:268935
11-03 23:01:35.065 30953 30992 E unknown:ReactNative: recursivelyTraverseLayoutEffects@1:271330
11-03 23:01:35.065 30953 30992 E unknown:ReactNative: commitLayoutEffectOnFiber@1:268981
11-03 23:01:35.065 30953 30992 E unknown:ReactNative: recursivelyTraverseLayoutEffects@1:271330
11-03 23:01:35.065 30953 30992 E unknown:ReactNative: commitLayoutEffectOnFiber@1:268981
11-03 23:01:35.065 30953 30992 E unknown:ReactNative: recursivelyTraverseLayoutEffects@1:271330
11-03 23:01:35.065 30953 30992 E unknown:ReactNative: commitLayoutEffectOnFiber@1:268981
11-03 23:01:35.065 30953 30992 E unknown:ReactNative: recursivelyTraverseLayoutEffects@1:271330
11-03 23:01:35.065 30953 30992 E unknown:ReactNative: commitLayoutEffectOnFiber@1:268981
11-03 23:01:35.065 30953 30992 E unknown:ReactNative: recursivelyTraverseLayoutEffects@1:271330
11-03 23:01:35.065 30953 30992 E unknown:ReactNative: commitLayoutEffectOnFiber@1:268981
11-03 23:01:35.065 30953 30992 E unknown:ReactNative: recursivelyTraverseLayoutEffects@1:271330
11-03 23:01:35.065 30953 30992 E unknown:ReactNative: commitLayoutEffectOnFiber@1:268981
11-03 23:01:35.065 30953 30992 E unknown:ReactNative: recursivelyTraverseLayoutEffects@1:271330
11-03 23:01:35.065 30953 30992 E unknown:ReactNative: commitLayoutEffectOnFiber@1:268935
11-03 23:01:35.065 30953 30992 E unknown:ReactNative: recursivelyTraverseLayoutEffects@1:271330
11-03 23:01:35.065 30953 30992 E unknown:ReactNative: commitLayoutEffectOnFiber@1:268981
11-03 23:01:35.065 30953 30992 E unknown:ReactNative: recursivelyTraverseLayoutEffects@1:271330
11-03 23:01:35.065 30953 30992 E unknown:ReactNative: commitLayoutEffectOnFiber@1:268981
11-03 23:01:35.065 30953 30992 E unknown:ReactNative: recursivelyTraverseLayoutEffects@1:271330
11-03 23:01:35.065 30953 30992 E unknown:ReactNative: commitLayoutEffectOnFiber@1:268981
11-03 23:01:35.065 30953 30992 E unknown:ReactNative: recursivelyTraverseLayoutEffects@1:271330
11-03 23:01:35.065 30953 30992 E unknown:ReactNative: commitLayoutEffectOnFiber@1:268935
11-03 23:01:35.065 30953 30992 E unknown:ReactNative: recursivelyTraverseLayoutEffects@1:271330
11-03 23:01:35.065 30953 30992 E unknown:ReactNative: commitLayoutEffectOnFiber@1:268981
11-03 23:01:35.065 30953 30992 E unknown:ReactNative: recursivelyTraverseLayoutEffects@1:271330
11-03 23:01:35.065 30953 30992 E unknown:ReactNative: commitLayoutEffectOnFiber@1:268935
11-03 23:01:35.065 30953 30992 E unknown:ReactNative: recursivelyTraverseLayoutEffects@1:271330
11-03 23:01:35.065 30953 30992 E unknown:ReactNative: commitLayoutEffectOnFiber@1:268935
11-03 23:01:35.065 30953 30992 E unknown:ReactNative: recursivelyTraverseLayoutEffects@1:271330
11-03 23:01:35.065 30953 30992 E unknown:ReactNative: commitLayoutEffectOnFiber@1:268935
11-03 23:01:35.065 30953 30992 E unknown:ReactNative: recursivelyTraverseLayoutEffects@1:271330
11-03 23:01:35.065 30953 30992 E unknown:ReactNative: commitLayoutEffectOnFiber@1:268402
11-03 23:01:35.065 30953 30992 E unknown:ReactNative: recursivelyTraverseLayoutEffects@1:271330
11-03 23:01:35.065 30953 30992 E unknown:ReactNative: commitLayoutEffectOnFiber@1:268935
11-03 23:01:35.065 30953 30992 E unknown:ReactNative: recursivelyTraverseLayoutEffects@1:271330
11-03 23:01:35.065 30953 30992 E unknown:ReactNative: commitLayoutEffectOnFiber@1:268981
11-03 23:01:35.065 30953 30992 E unknown:ReactNative: recursivelyTraverseLayoutEffects@1:271330
11-03 23:01:35.065 30953 30992 E unknown:ReactNative: commitLayoutEffectOnFiber@1:268935
11-03 23:01:35.065 30953 30992 E unknown:ReactNative: recursivelyTraverseLayoutEffects@1:271330
11-03 23:01:35.065 30953 30992 E unknown:ReactNative: commitLayoutEffectOnFiber@1:268981
11-03 23:01:35.065 30953 30992 E unknown:ReactNative: recursivelyTraverseLayoutEffects@1:271330
11-03 23:01:35.065 30953 30992 E unknown:ReactNative: commitLayoutEffectOnFiber@1:268503
11-03 23:01:35.065 30953 30992 E unknown:ReactNative: commitRootImpl@1:281374
11-03 23:01:35.065 30953 30992 E unknown:ReactNative: commitRootWhenReady@1:277223
11-03 23:01:35.065 30953 30992 E unknown:ReactNative: performWorkOnRoot@1:276690
11-03 23:01:35.065 30953 30992 E unknown:ReactNative: performSyncWorkOnRoot@1:229588
11-03 23:01:35.065 30953 30992 E unknown:ReactNative: flushSyncWorkAcrossRoots_impl@1:228601
11-03 23:01:35.065 30953 30992 E unknown:ReactNative: processRootScheduleInMicrotask@1:228945
11-03 23:01:35.065 30953 30992 E unknown:ReactNative: anonymous@1:229687
11-03 23:01:35.086 30953 30991 I ReactNativeJNI: instanceHandle is null, event of type topLayout will be dropped
11-03 23:01:35.091 30953 30991 D nativeloader: Load /data/app/~~eRm6Y_ywwMO0SGlRXXS-Mw==/app.rork.dominder_android_reminder_app-F8nJkjdp9bQH6VRJ7sagBQ==/base.apk!/lib/arm64-v8a/libgesturehandler.so using class loader ns clns-4 (caller=/data/app/~~eRm6Y_ywwMO0SGlRXXS-Mw==/app.rork.dominder_android_reminder_app-F8nJkjdp9bQH6VRJ7sagBQ==/base.apk!classes2.dex): ok
11-03 23:01:35.091 30953 30991 D jni_lib_merge: Entering merged library JNI_OnLoad.
11-03 23:01:35.091 30953 30991 D jni_lib_merge: Preparing 11 pre-merged libs (including stub)
11-03 23:01:35.091 30953 30991 D jni_lib_merge: Preparing to register libfabricjni_so.  onload_func: 0x767208c4c4
11-03 23:01:35.091 30953 30991 D jni_lib_merge: Preparing to register libreact_devsupportjni_so.  onload_func: 0x767215e110
11-03 23:01:35.091 30953 30991 D jni_lib_merge: Preparing to register libreact_featureflagsjni_so.  onload_func: 0x76721663ac
11-03 23:01:35.091 30953 30991 D jni_lib_merge: Preparing to register libreact_newarchdefaults_so.  onload_func: 0x767218a3c8
11-03 23:01:35.091 30953 30991 D jni_lib_merge: Preparing to register libreactnativeblob_so.  onload_func: 0x767221121c
11-03 23:01:35.091 30953 30991 D jni_lib_merge: Preparing to register libreactnativejni_so.  onload_func: 0x767222f204
11-03 23:01:35.091 30953 30991 D jni_lib_merge: Preparing to register librninstance_so.  onload_func: 0x7672248990
11-03 23:01:35.091 30953 30991 D jni_lib_merge: Preparing to register libturbomodulejsijni_so.  onload_func: 0x76722c387c
11-03 23:01:35.091 30953 30991 D jni_lib_merge: Preparing to register libuimanagerjni_so.  onload_func: 0x76722cad94
11-03 23:01:35.091 30953 30991 D jni_lib_merge: Preparing to register libyoga_so.  onload_func: 0x76722d01e8
11-03 23:01:35.091 30953 30991 D jni_lib_merge: About to register 10 actual methods.
11-03 23:01:35.094 30953 30953 I ReactNative: [GESTURE HANDLER] Initialize gesture handler for root view com.facebook.react.runtime.ReactSurfaceView{e8e8208 V.E...... ......ID 0,0-1080,2295 #b}
11-03 23:01:35.123 30953 30953 I ReactNative: [GESTURE HANDLER] Tearing down gesture handler registered for root view com.facebook.react.runtime.ReactSurfaceView{e8e8208 V.E...... ......ID 0,0-1080,2295 #b}
11-03 23:01:35.142 30953 30953 D VRI[MainActivity]: update {(0,0)(fillxfill) sim={adjust=resize forwardNavigation} ty=BASE_APPLICATION wanim=0x10302fd
11-03 23:01:35.142 30953 30953 D VRI[MainActivity]:   fl=LAYOUT_IN_SCREEN FORCE_NOT_FULLSCREEN LAYOUT_INSET_DECOR SPLIT_TOUCH HARDWARE_ACCELERATED DRAWS_SYSTEM_BAR_BACKGROUNDS
11-03 23:01:35.142 30953 30953 D VRI[MainActivity]:   pfl=NO_MOVE_ANIMATION FORCE_DRAW_STATUS_BAR_BACKGROUND FIT_INSETS_CONTROLLED
11-03 23:01:35.142 30953 30953 D VRI[MainActivity]:   bhv=DEFAULT
11-03 23:01:35.142 30953 30953 D VRI[MainActivity]:   fitSides=} by setLayoutParams
11-03 23:01:39.967 30953 30985 W Parcel  : Expecting binder but got null!
11-03 23:01:40.225 30953 31024 D ProfileInstaller: Skipping profile installation for app.rork.dominder_android_reminder_app
11-03 23:01:43.512 30953 30991 I ReactNativeJS: [ErrorBoundary] reset pressed
11-03 23:01:43.548 30953 30953 W [RNScreens]: backTitle prop is not available on Android
11-03 23:01:43.548 30953 30953 W [RNScreens]: backTitleFontFamily prop is not available on Android
11-03 23:01:43.548 30953 30953 W [RNScreens]: disableBackButtonMenu prop is not available on Android
11-03 23:01:43.548 30953 30953 W [RNScreens]: backTitleVisible prop is not available on Android
11-03 23:01:43.548 30953 30953 W [RNScreens]: largeTitleHideShadow prop is not available on Android
11-03 23:01:43.548 30953 30953 W [RNScreens]: largeTitleFontWeight prop is not available on Android
11-03 23:01:43.548 30953 30953 W [RNScreens]: largeTitleFontFamily prop is not available on Android
11-03 23:01:43.553 30953 30991 I ReactNativeJS: '[ReminderEngine] Processing reminders, count:', 7
11-03 23:01:43.562 30953 30953 D VRI[MainActivity]: update {(0,0)(fillxfill) sim={adjust=resize} ty=BASE_APPLICATION wanim=0x10302fd
11-03 23:01:43.562 30953 30953 D VRI[MainActivity]:   fl=LAYOUT_IN_SCREEN FORCE_NOT_FULLSCREEN LAYOUT_INSET_DECOR SPLIT_TOUCH HARDWARE_ACCELERATED DRAWS_SYSTEM_BAR_BACKGROUNDS
11-03 23:01:43.562 30953 30953 D VRI[MainActivity]:   pfl=NO_MOVE_ANIMATION FORCE_DRAW_STATUS_BAR_BACKGROUND FIT_INSETS_CONTROLLED
11-03 23:01:43.562 30953 30953 D VRI[MainActivity]:   bhv=DEFAULT
11-03 23:01:43.562 30953 30953 D VRI[MainActivity]:   fitSides=} by setLayoutParams
11-03 23:01:43.566 30953 30953 I ReactNative: [GESTURE HANDLER] Initialize gesture handler for root view com.facebook.react.runtime.ReactSurfaceView{e8e8208 V.E...... .......D 0,0-1080,2295 #b}
11-03 23:01:43.583 30953 30953 W unknown:ViewManagerPropertyUpdater: Could not find generated setter for class com.facebook.react.uimanager.RootViewManager
11-03 23:01:44.311 30953 30962 W System  : A resource failed to call release. 
11-03 23:01:46.628 30953 30953 W unknown:ReactNative: Unsupported transform type: translateZ
11-03 23:01:46.636 30953 30953 D ViewRootImpl: update {(0,0)(fillxfill) gr=CENTER sim={adjust=resize forwardNavigation} ty=APPLICATION fmt=TRANSPARENT wanim=0x7f12012e
11-03 23:01:46.636 30953 30953 D ViewRootImpl:   fl=NOT_FOCUSABLE LAYOUT_IN_SCREEN LAYOUT_INSET_DECOR SPLIT_TOUCH HARDWARE_ACCELERATED DRAWS_SYSTEM_BAR_BACKGROUNDS
11-03 23:01:46.636 30953 30953 D ViewRootImpl:   pfl=NO_MOVE_ANIMATION FORCE_DRAW_STATUS_BAR_BACKGROUND FIT_INSETS_CONTROLLED
11-03 23:01:46.636 30953 30953 D ViewRootImpl:   bhv=DEFAULT
11-03 23:01:46.636 30953 30953 D ViewRootImpl:   fitSides=} by setView
11-03 23:01:46.642 30953 30953 D VRI[MainActivity]: update {(0,0)(fillxfill) gr=CENTER sim={adjust=resize} ty=APPLICATION fmt=TRANSPARENT wanim=0x7f12012e
11-03 23:01:46.642 30953 30953 D VRI[MainActivity]:   fl=LAYOUT_IN_SCREEN LAYOUT_INSET_DECOR SPLIT_TOUCH HARDWARE_ACCELERATED DRAWS_SYSTEM_BAR_BACKGROUNDS
11-03 23:01:46.642 30953 30953 D VRI[MainActivity]:   pfl=NO_MOVE_ANIMATION FORCE_DRAW_STATUS_BAR_BACKGROUND FIT_INSETS_CONTROLLED
11-03 23:01:46.642 30953 30953 D VRI[MainActivity]:   bhv=DEFAULT
11-03 23:01:46.642 30953 30953 D VRI[MainActivity]:   fitSides=} by setLayoutParams
11-03 23:01:46.662 30953 30953 W unknown:ReactNative: Unsupported transform type: translateZ
11-03 23:01:46.671 30953 30985 E OpenGLRenderer: Unable to match the desired swap behavior.
11-03 23:01:46.682 30953 30985 W Parcel  : Expecting binder but got null!
11-03 23:01:46.688 30953 30953 D VRI[MainActivity]: update {(0,0)(fillxfill) gr=CENTER sim={adjust=resize} ty=APPLICATION fmt=TRANSPARENT wanim=0x7f12012e
11-03 23:01:46.688 30953 30953 D VRI[MainActivity]:   fl=LAYOUT_IN_SCREEN LAYOUT_INSET_DECOR SPLIT_TOUCH HARDWARE_ACCELERATED DRAWS_SYSTEM_BAR_BACKGROUNDS
11-03 23:01:46.688 30953 30953 D VRI[MainActivity]:   pfl=NO_MOVE_ANIMATION FORCE_DRAW_STATUS_BAR_BACKGROUND FIT_INSETS_CONTROLLED
11-03 23:01:46.688 30953 30953 D VRI[MainActivity]:   bhv=DEFAULT
11-03 23:01:46.688 30953 30953 D VRI[MainActivity]:   fitSides=} by setLayoutParams
11-03 23:01:46.689 30953 30953 D VRI[MainActivity]: update {(0,0)(fillxfill) gr=CENTER sim={adjust=resize} ty=APPLICATION fmt=TRANSPARENT wanim=0x7f12012e
11-03 23:01:46.689 30953 30953 D VRI[MainActivity]:   fl=LAYOUT_IN_SCREEN LAYOUT_INSET_DECOR SPLIT_TOUCH HARDWARE_ACCELERATED DRAWS_SYSTEM_BAR_BACKGROUNDS
11-03 23:01:46.689 30953 30953 D VRI[MainActivity]:   pfl=NO_MOVE_ANIMATION FORCE_DRAW_STATUS_BAR_BACKGROUND FIT_INSETS_CONTROLLED
11-03 23:01:46.689 30953 30953 D VRI[MainActivity]:   bhv=DEFAULT
11-03 23:01:46.689 30953 30953 D VRI[MainActivity]:   fitSides=} by setLayoutParams
11-03 23:01:46.797 30953 30953 D CompatibilityChangeReporter: Compat change id reported: 163400105; UID 10878; state: ENABLED
11-03 23:01:46.797 30953 30953 D InputMethodManager: showSoftInput() view=com.facebook.react.views.textinput.ReactEditText{9a54f2a VFED..CL. .F....ID 0,0-920,109 #e0 aid=1073741824} flags=0 reason=SHOW_SOFT_INPUT
11-03 23:01:46.906 30953 30953 W OnBackInvokedCallback: OnBackInvokedCallback is not enabled for the application.
11-03 23:01:46.906 30953 30953 W OnBackInvokedCallback: Set 'android:enableOnBackInvokedCallback="true"' in the application manifest.
11-03 23:01:46.942 30953 30953 D InsetsController: show(ime(), fromIme=true)
11-03 23:01:48.379 30953 30991 I ReactNativeJS: [ReminderService] Adding reminder 1762191108377: isActive=true, isCompleted=false, repeatType=none
11-03 23:01:48.463 30953 30991 I ReactNativeJS: '[ReminderEngine] Processing reminders, count:', 8
11-03 23:01:48.463 30953 30991 I ReactNativeJS: [ReminderEngine] Processing reminder 1762191108377, repeatType: none
11-03 23:01:48.463 30953 30991 I ReactNativeJS: [calculateNextReminderDate] for reminder: 1762191108377, fromDate: 2025-11-03T17:31:48.463Z, repeatType: none, date: 2025-11-03, time: 23:20
11-03 23:01:48.463 30953 30991 I ReactNativeJS: [calculateNextReminderDate] One-time reminder scheduled for: 2025-11-03T17:50:00.000Z, isInFuture: true
11-03 23:01:48.463 30953 30991 I ReactNativeJS: [ReminderEngine] Scheduling notification for reminder 1762191108377 at 2025-11-03T17:50:00.000Z
11-03 23:01:48.521 30953 30953 W unknown:ReactNative: Unsupported transform type: translateZ
11-03 23:01:48.536 30953 30953 W unknown:ReactNative: Unsupported transform type: translateZ
11-03 23:01:48.556 30953 30991 I ReactNativeJS: [NotificationService] Scheduling reminder 1762191108377, priority: medium, repeatType: none
11-03 23:01:48.556 30953 30991 I ReactNativeJS: [NotificationService] Scheduling for 2025-11-03T17:50:00.000Z
11-03 23:01:48.558 30953 30985 D Surface : Surface::disconnect
11-03 23:01:48.558 30953 30985 D BufferQueueProducer: [VRI[MainActivity]#1(BLAST Consumer)1](id:78e900000001,api:1,p:30953,c:30953) disconnect: api 1
11-03 23:01:48.571 30953 30991 I ReactNativeJS: [NotificationService] Successfully scheduled notification rem-1762191108377
11-03 23:01:48.572 30953 30991 I ReactNativeJS: [ReminderEngine] Successfully scheduled 1762191108377
11-03 23:01:48.597 30953 30953 E unknown:MountItemDispatcher: Unhandled SoftException
11-03 23:01:48.597 30953 30953 E unknown:MountItemDispatcher: com.facebook.react.bridge.ReactNoCrashSoftException: Caught exception executing ViewCommand: DispatchStringCommandMountItem [224] blur
11-03 23:01:48.597 30953 30953 E unknown:MountItemDispatcher: 	at com.facebook.react.fabric.mounting.MountItemDispatcher.dispatchMountItems(MountItemDispatcher.java:222)
11-03 23:01:48.597 30953 30953 E unknown:MountItemDispatcher: 	at com.facebook.react.fabric.mounting.MountItemDispatcher.tryDispatchMountItems(MountItemDispatcher.java:122)
11-03 23:01:48.597 30953 30953 E unknown:MountItemDispatcher: 	at com.facebook.react.fabric.FabricUIManager$DispatchUIFrameCallback.doFrameGuarded(FabricUIManager.java:1396)
11-03 23:01:48.597 30953 30953 E unknown:MountItemDispatcher: 	at com.facebook.react.uimanager.GuardedFrameCallback.doFrame(GuardedFrameCallback.kt:25)
11-03 23:01:48.597 30953 30953 E unknown:MountItemDispatcher: 	at com.facebook.react.modules.core.ReactChoreographer.frameCallback$lambda$1(ReactChoreographer.kt:59)
11-03 23:01:48.597 30953 30953 E unknown:MountItemDispatcher: 	at com.facebook.react.modules.core.ReactChoreographer.$r8$lambda$nSkFhrr5T7rop_XKwzlLov4NLLw(Unknown Source:0)
11-03 23:01:48.597 30953 30953 E unknown:MountItemDispatcher: 	at com.facebook.react.modules.core.ReactChoreographer$$ExternalSyntheticLambda0.doFrame(D8$$SyntheticClass:0)
11-03 23:01:48.597 30953 30953 E unknown:MountItemDispatcher: 	at android.view.Choreographer$CallbackRecord.run(Choreographer.java:1229)
11-03 23:01:48.597 30953 30953 E unknown:MountItemDispatcher: 	at android.view.Choreographer$CallbackRecord.run(Choreographer.java:1239)
11-03 23:01:48.597 30953 30953 E unknown:MountItemDispatcher: 	at android.view.Choreographer.doCallbacks(Choreographer.java:899)
11-03 23:01:48.597 30953 30953 E unknown:MountItemDispatcher: 	at android.view.Choreographer.doFrame(Choreographer.java:827)
11-03 23:01:48.597 30953 30953 E unknown:MountItemDispatcher: 	at android.view.Choreographer$FrameDisplayEventReceiver.run(Choreographer.java:1214)
11-03 23:01:48.597 30953 30953 E unknown:MountItemDispatcher: 	at android.os.Handler.handleCallback(Handler.java:984)
11-03 23:01:48.597 30953 30953 E unknown:MountItemDispatcher: 	at android.os.Handler.dispatchMessage(Handler.java:104)
11-03 23:01:48.597 30953 30953 E unknown:MountItemDispatcher: 	at android.os.Looper.loopOnce(Looper.java:238)
11-03 23:01:48.597 30953 30953 E unknown:MountItemDispatcher: 	at android.os.Looper.loop(Looper.java:357)
11-03 23:01:48.597 30953 30953 E unknown:MountItemDispatcher: 	at android.app.ActivityThread.main(ActivityThread.java:8149)
11-03 23:01:48.597 30953 30953 E unknown:MountItemDispatcher: 	at java.lang.reflect.Method.invoke(Native Method)
11-03 23:01:48.597 30953 30953 E unknown:MountItemDispatcher: 	at com.android.internal.os.RuntimeInit$MethodAndArgsCaller.run(RuntimeInit.java:548)
11-03 23:01:48.597 30953 30953 E unknown:MountItemDispatcher: 	at com.android.internal.os.ZygoteInit.main(ZygoteInit.java:957)
11-03 23:01:48.597 30953 30953 E unknown:MountItemDispatcher: Caused by: com.facebook.react.bridge.RetryableMountingLayerException: Unable to find viewState for tag: 224 for commandId: blur
11-03 23:01:48.597 30953 30953 E unknown:MountItemDispatcher: 	at com.facebook.react.fabric.mounting.SurfaceMountingManager.receiveCommand(SurfaceMountingManager.java:742)
11-03 23:01:48.597 30953 30953 E unknown:MountItemDispatcher: 	at com.facebook.react.fabric.mounting.MountingManager.receiveCommand(MountingManager.java:282)
11-03 23:01:48.597 30953 30953 E unknown:MountItemDispatcher: 	at com.facebook.react.fabric.mounting.mountitems.DispatchStringCommandMountItem.execute(DispatchStringCommandMountItem.kt:23)
11-03 23:01:48.597 30953 30953 E unknown:MountItemDispatcher: 	at com.facebook.react.fabric.mounting.MountItemDispatcher.executeOrEnqueue(MountItemDispatcher.java:370)
11-03 23:01:48.597 30953 30953 E unknown:MountItemDispatcher: 	at com.facebook.react.fabric.mounting.MountItemDispatcher.dispatchMountItems(MountItemDispatcher.java:205)
11-03 23:01:48.597 30953 30953 E unknown:MountItemDispatcher: 	... 19 more
11-03 23:01:48.605 30953 30991 I ReactNativeJS: '[ReminderEngine] Processing reminders, count:', 8
11-03 23:01:48.611 30953 30991 I ReactNativeJS: '[RootLayout] Foreground event:', { type: 7, pressAction: undefined }
11-03 23:01:48.618 30953 30953 W RemoteInputConnectionImpl: requestCursorAnchorInfo on inactive InputConnection
11-03 23:01:48.635 30953 30953 E ImeBackDispatcher: Ime callback not found. Ignoring unregisterReceivedCallback. callbackId: 81388984
11-03 23:01:48.660 30953 30953 W unknown:ReactNative: Unsupported transform type: translateZ
11-03 23:01:48.675 30953 30953 W unknown:ReactNative: Unsupported transform type: translateZ
11-03 23:01:49.563 30953 30953 W unknown:ReactNative: Unsupported transform type: translateZ
11-03 23:01:49.567 30953 30953 D ViewRootImpl: update {(0,0)(fillxfill) gr=CENTER sim={adjust=resize forwardNavigation} ty=APPLICATION fmt=TRANSPARENT wanim=0x7f12012e
11-03 23:01:49.567 30953 30953 D ViewRootImpl:   fl=NOT_FOCUSABLE LAYOUT_IN_SCREEN LAYOUT_INSET_DECOR SPLIT_TOUCH HARDWARE_ACCELERATED DRAWS_SYSTEM_BAR_BACKGROUNDS
11-03 23:01:49.567 30953 30953 D ViewRootImpl:   pfl=NO_MOVE_ANIMATION FORCE_DRAW_STATUS_BAR_BACKGROUND FIT_INSETS_CONTROLLED
11-03 23:01:49.567 30953 30953 D ViewRootImpl:   bhv=DEFAULT
11-03 23:01:49.567 30953 30953 D ViewRootImpl:   fitSides=} by setView
11-03 23:01:49.573 30953 30953 D VRI[MainActivity]: update {(0,0)(fillxfill) gr=CENTER sim={adjust=resize} ty=APPLICATION fmt=TRANSPARENT wanim=0x7f12012e
11-03 23:01:49.573 30953 30953 D VRI[MainActivity]:   fl=LAYOUT_IN_SCREEN LAYOUT_INSET_DECOR SPLIT_TOUCH HARDWARE_ACCELERATED DRAWS_SYSTEM_BAR_BACKGROUNDS
11-03 23:01:49.573 30953 30953 D VRI[MainActivity]:   pfl=NO_MOVE_ANIMATION FORCE_DRAW_STATUS_BAR_BACKGROUND FIT_INSETS_CONTROLLED
11-03 23:01:49.573 30953 30953 D VRI[MainActivity]:   bhv=DEFAULT
11-03 23:01:49.573 30953 30953 D VRI[MainActivity]:   fitSides=} by setLayoutParams
11-03 23:01:49.583 30953 30953 W unknown:ReactNative: Unsupported transform type: translateZ
11-03 23:01:49.592 30953 30985 E OpenGLRenderer: Unable to match the desired swap behavior.
11-03 23:01:49.602 30953 30985 W Parcel  : Expecting binder but got null!
11-03 23:01:49.607 30953 30953 D VRI[MainActivity]: update {(0,0)(fillxfill) gr=CENTER sim={adjust=resize} ty=APPLICATION fmt=TRANSPARENT wanim=0x7f12012e
11-03 23:01:49.607 30953 30953 D VRI[MainActivity]:   fl=LAYOUT_IN_SCREEN LAYOUT_INSET_DECOR SPLIT_TOUCH HARDWARE_ACCELERATED DRAWS_SYSTEM_BAR_BACKGROUNDS
11-03 23:01:49.607 30953 30953 D VRI[MainActivity]:   pfl=NO_MOVE_ANIMATION FORCE_DRAW_STATUS_BAR_BACKGROUND FIT_INSETS_CONTROLLED
11-03 23:01:49.607 30953 30953 D VRI[MainActivity]:   bhv=DEFAULT
11-03 23:01:49.607 30953 30953 D VRI[MainActivity]:   fitSides=} by setLayoutParams
11-03 23:01:49.608 30953 30953 D VRI[MainActivity]: update {(0,0)(fillxfill) gr=CENTER sim={adjust=resize} ty=APPLICATION fmt=TRANSPARENT wanim=0x7f12012e
11-03 23:01:49.608 30953 30953 D VRI[MainActivity]:   fl=LAYOUT_IN_SCREEN LAYOUT_INSET_DECOR SPLIT_TOUCH HARDWARE_ACCELERATED DRAWS_SYSTEM_BAR_BACKGROUNDS
11-03 23:01:49.608 30953 30953 D VRI[MainActivity]:   pfl=NO_MOVE_ANIMATION FORCE_DRAW_STATUS_BAR_BACKGROUND FIT_INSETS_CONTROLLED
11-03 23:01:49.608 30953 30953 D VRI[MainActivity]:   bhv=DEFAULT
11-03 23:01:49.608 30953 30953 D VRI[MainActivity]:   fitSides=} by setLayoutParams
11-03 23:01:49.713 30953 30953 D InputMethodManager: showSoftInput() view=com.facebook.react.views.textinput.ReactEditText{c1c6968 VFED..CL. .F....ID 0,0-920,109 #234 aid=1073741826} flags=0 reason=SHOW_SOFT_INPUT
11-03 23:01:49.763 30953 30953 W OnBackInvokedCallback: OnBackInvokedCallback is not enabled for the application.
11-03 23:01:49.763 30953 30953 W OnBackInvokedCallback: Set 'android:enableOnBackInvokedCallback="true"' in the application manifest.
11-03 23:01:49.784 30953 30953 D InsetsController: show(ime(), fromIme=true)
11-03 23:01:51.285 30953 30991 I ReactNativeJS: [ReminderService] Adding reminder 1762191111284: isActive=true, isCompleted=false, repeatType=none
11-03 23:01:51.370 30953 30953 W unknown:ReactNative: Unsupported transform type: translateZ
11-03 23:01:51.392 30953 30953 W unknown:ReactNative: Unsupported transform type: translateZ
11-03 23:01:51.416 30953 30953 W unknown:ReactNative: Unsupported transform type: translateZ
11-03 23:01:51.417 30953 30953 W unknown:ReactNative: Unsupported transform type: translateZ
11-03 23:01:51.424 30953 30991 I ReactNativeJS: '[ReminderEngine] Processing reminders, count:', 9
11-03 23:01:51.425 30953 30991 I ReactNativeJS: [ReminderEngine] Processing reminder 1762191111284, repeatType: none
11-03 23:01:51.425 30953 30991 I ReactNativeJS: [calculateNextReminderDate] for reminder: 1762191111284, fromDate: 2025-11-03T17:31:51.425Z, repeatType: none, date: 2025-11-03, time: 23:20
11-03 23:01:51.425 30953 30991 I ReactNativeJS: [calculateNextReminderDate] One-time reminder scheduled for: 2025-11-03T17:50:00.000Z, isInFuture: true
11-03 23:01:51.425 30953 30991 I ReactNativeJS: [ReminderEngine] Scheduling notification for reminder 1762191111284 at 2025-11-03T17:50:00.000Z
11-03 23:01:51.464 30953 30985 D Surface : Surface::disconnect
11-03 23:01:51.464 30953 30985 D BufferQueueProducer: [VRI[MainActivity]#2(BLAST Consumer)2](id:78e900000002,api:1,p:30953,c:30953) disconnect: api 1
11-03 23:01:51.471 30953 30991 I ReactNativeJS: [NotificationService] Scheduling reminder 1762191111284, priority: medium, repeatType: none
11-03 23:01:51.471 30953 30991 I ReactNativeJS: [NotificationService] Scheduling for 2025-11-03T17:50:00.000Z
11-03 23:01:51.496 30953 30991 I ReactNativeJS: [NotificationService] Successfully scheduled notification rem-1762191111284
11-03 23:01:51.496 30953 30991 I ReactNativeJS: [ReminderEngine] Successfully scheduled 1762191111284
11-03 23:01:51.502 30953 30953 E unknown:MountItemDispatcher: Unhandled SoftException
11-03 23:01:51.502 30953 30953 E unknown:MountItemDispatcher: com.facebook.react.bridge.ReactNoCrashSoftException: Caught exception executing ViewCommand: DispatchStringCommandMountItem [564] blur
11-03 23:01:51.502 30953 30953 E unknown:MountItemDispatcher: 	at com.facebook.react.fabric.mounting.MountItemDispatcher.dispatchMountItems(MountItemDispatcher.java:222)
11-03 23:01:51.502 30953 30953 E unknown:MountItemDispatcher: 	at com.facebook.react.fabric.mounting.MountItemDispatcher.tryDispatchMountItems(MountItemDispatcher.java:122)
11-03 23:01:51.502 30953 30953 E unknown:MountItemDispatcher: 	at com.facebook.react.fabric.FabricUIManager$3.runGuarded(FabricUIManager.java:823)
11-03 23:01:51.502 30953 30953 E unknown:MountItemDispatcher: 	at com.facebook.react.bridge.GuardedRunnable.run(GuardedRunnable.java:29)
11-03 23:01:51.502 30953 30953 E unknown:MountItemDispatcher: 	at com.facebook.react.fabric.FabricUIManager.scheduleMountItem(FabricUIManager.java:827)
11-03 23:01:51.502 30953 30953 E unknown:MountItemDispatcher: 	at com.swmansion.reanimated.nativeProxy.AnimationFrameCallback.onAnimationFrame(Native Method)
11-03 23:01:51.502 30953 30953 E unknown:MountItemDispatcher: 	at com.swmansion.reanimated.NodesManager.onAnimationFrame(NodesManager.java:311)
11-03 23:01:51.502 30953 30953 E unknown:MountItemDispatcher: 	at com.swmansion.reanimated.NodesManager.-$$Nest$monAnimationFrame(Unknown Source:0)
11-03 23:01:51.502 30953 30953 E unknown:MountItemDispatcher: 	at com.swmansion.reanimated.NodesManager$2.doFrameGuarded(NodesManager.java:186)
11-03 23:01:51.502 30953 30953 E unknown:MountItemDispatcher: 	at com.facebook.react.uimanager.GuardedFrameCallback.doFrame(GuardedFrameCallback.kt:25)
11-03 23:01:51.502 30953 30953 E unknown:MountItemDispatcher: 	at com.facebook.react.modules.core.ReactChoreographer.frameCallback$lambda$1(ReactChoreographer.kt:59)
11-03 23:01:51.502 30953 30953 E unknown:MountItemDispatcher: 	at com.facebook.react.modules.core.ReactChoreographer.$r8$lambda$nSkFhrr5T7rop_XKwzlLov4NLLw(Unknown Source:0)
11-03 23:01:51.502 30953 30953 E unknown:MountItemDispatcher: 	at com.facebook.react.modules.core.ReactChoreographer$$ExternalSyntheticLambda0.doFrame(D8$$SyntheticClass:0)
11-03 23:01:51.502 30953 30953 E unknown:MountItemDispatcher: 	at android.view.Choreographer$CallbackRecord.run(Choreographer.java:1229)
11-03 23:01:51.502 30953 30953 E unknown:MountItemDispatcher: 	at android.view.Choreographer$CallbackRecord.run(Choreographer.java:1239)
11-03 23:01:51.502 30953 30953 E unknown:MountItemDispatcher: 	at android.view.Choreographer.doCallbacks(Choreographer.java:899)
11-03 23:01:51.502 30953 30953 E unknown:MountItemDispatcher: 	at android.view.Choreographer.doFrame(Choreographer.java:827)
11-03 23:01:51.502 30953 30953 E unknown:MountItemDispatcher: 	at android.view.Choreographer$FrameDisplayEventReceiver.run(Choreographer.java:1214)
11-03 23:01:51.502 30953 30953 E unknown:MountItemDispatcher: 	at android.os.Handler.handleCallback(Handler.java:984)
11-03 23:01:51.502 30953 30953 E unknown:MountItemDispatcher: 	at android.os.Handler.dispatchMessage(Handler.java:104)
11-03 23:01:51.502 30953 30953 E unknown:MountItemDispatcher: 	at android.os.Looper.loopOnce(Looper.java:238)
11-03 23:01:51.502 30953 30953 E unknown:MountItemDispatcher: 	at android.os.Looper.loop(Looper.java:357)
11-03 23:01:51.502 30953 30953 E unknown:MountItemDispatcher: 	at android.app.ActivityThread.main(ActivityThread.java:8149)
11-03 23:01:51.502 30953 30953 E unknown:MountItemDispatcher: 	at java.lang.reflect.Method.invoke(Native Method)
11-03 23:01:51.502 30953 30953 E unknown:MountItemDispatcher: 	at com.android.internal.os.RuntimeInit$MethodAndArgsCaller.run(RuntimeInit.java:548)
11-03 23:01:51.502 30953 30953 E unknown:MountItemDispatcher: 	at com.android.internal.os.ZygoteInit.main(ZygoteInit.java:957)
11-03 23:01:51.502 30953 30953 E unknown:MountItemDispatcher: Caused by: com.facebook.react.bridge.RetryableMountingLayerException: Unable to find viewState for tag: 564 for commandId: blur
11-03 23:01:51.502 30953 30953 E unknown:MountItemDispatcher: 	at com.facebook.react.fabric.mounting.SurfaceMountingManager.receiveCommand(SurfaceMountingManager.java:742)
11-03 23:01:51.502 30953 30953 E unknown:MountItemDispatcher: 	at com.facebook.react.fabric.mounting.MountingManager.receiveCommand(MountingManager.java:282)
11-03 23:01:51.502 30953 30953 E unknown:MountItemDispatcher: 	at com.facebook.react.fabric.mounting.mountitems.DispatchStringCommandMountItem.execute(DispatchStringCommandMountItem.kt:23)
