--------- beginning of system
01-15 21:16:08.159 31097 31097 D ViewRootImpl: update {(0,0)(fillxfill) sim={adjust=pan forwardNavigation} ty=BASE_APPLICATION wanim=0x10302fd
01-15 21:16:08.159 31097 31097 D ViewRootImpl:   fl=LAYOUT_IN_SCREEN LAYOUT_INSET_DECOR SPLIT_TOUCH HARDWARE_ACCELERATED DRAWS_SYSTEM_BAR_BACKGROUNDS
01-15 21:16:08.159 31097 31097 D ViewRootImpl:   pfl=NO_MOVE_ANIMATION FORCE_DRAW_STATUS_BAR_BACKGROUND FIT_INSETS_CONTROLLED
01-15 21:16:08.159 31097 31097 D ViewRootImpl:   bhv=DEFAULT
01-15 21:16:08.159 31097 31097 D ViewRootImpl:   fitSides=} by setView
01-15 21:16:08.835 31097 31097 D VRI[MainActivity]: update {(0,0)(fillxfill) sim={adjust=pan forwardNavigation} ty=BASE_APPLICATION wanim=0x10302fd
01-15 21:16:08.835 31097 31097 D VRI[MainActivity]:   fl=LAYOUT_IN_SCREEN LAYOUT_INSET_DECOR SPLIT_TOUCH HARDWARE_ACCELERATED DRAWS_SYSTEM_BAR_BACKGROUNDS
01-15 21:16:08.835 31097 31097 D VRI[MainActivity]:   pfl=NO_MOVE_ANIMATION FORCE_DRAW_STATUS_BAR_BACKGROUND FIT_INSETS_CONTROLLED
01-15 21:16:08.835 31097 31097 D VRI[MainActivity]:   bhv=DEFAULT
01-15 21:16:08.835 31097 31097 D VRI[MainActivity]:   fitSides=} by setLayoutParams
01-15 21:16:08.837 31097 31097 D VRI[MainActivity]: update {(0,0)(fillxfill) sim={adjust=pan forwardNavigation} ty=BASE_APPLICATION wanim=0x10302fd
01-15 21:16:08.837 31097 31097 D VRI[MainActivity]:   fl=LAYOUT_IN_SCREEN FORCE_NOT_FULLSCREEN LAYOUT_INSET_DECOR SPLIT_TOUCH HARDWARE_ACCELERATED DRAWS_SYSTEM_BAR_BACKGROUNDS
01-15 21:16:08.837 31097 31097 D VRI[MainActivity]:   pfl=NO_MOVE_ANIMATION FORCE_DRAW_STATUS_BAR_BACKGROUND FIT_INSETS_CONTROLLED
01-15 21:16:08.837 31097 31097 D VRI[MainActivity]:   bhv=DEFAULT
01-15 21:16:08.837 31097 31097 D VRI[MainActivity]:   fitSides=} by setLayoutParams
01-15 21:16:08.838 31097 31097 D VRI[MainActivity]: update {(0,0)(fillxfill) sim={adjust=pan forwardNavigation} ty=BASE_APPLICATION wanim=0x10302fd
01-15 21:16:08.838 31097 31097 D VRI[MainActivity]:   fl=LAYOUT_IN_SCREEN FORCE_NOT_FULLSCREEN LAYOUT_INSET_DECOR SPLIT_TOUCH HARDWARE_ACCELERATED DRAWS_SYSTEM_BAR_BACKGROUNDS
01-15 21:16:08.838 31097 31097 D VRI[MainActivity]:   pfl=NO_MOVE_ANIMATION FORCE_DRAW_STATUS_BAR_BACKGROUND FIT_INSETS_CONTROLLED
01-15 21:16:08.838 31097 31097 D VRI[MainActivity]:   bhv=DEFAULT
01-15 21:16:08.838 31097 31097 D VRI[MainActivity]:   fitSides=} by setLayoutParams
01-15 21:16:08.886 31097 31097 D VRI[MainActivity]: update {(0,0)(fillxfill) sim={adjust=pan forwardNavigation} ty=BASE_APPLICATION wanim=0x10302fd
01-15 21:16:08.886 31097 31097 D VRI[MainActivity]:   fl=LAYOUT_IN_SCREEN FORCE_NOT_FULLSCREEN LAYOUT_INSET_DECOR SPLIT_TOUCH HARDWARE_ACCELERATED DRAWS_SYSTEM_BAR_BACKGROUNDS
01-15 21:16:08.886 31097 31097 D VRI[MainActivity]:   pfl=NO_MOVE_ANIMATION FORCE_DRAW_STATUS_BAR_BACKGROUND FIT_INSETS_CONTROLLED
01-15 21:16:08.886 31097 31097 D VRI[MainActivity]:   bhv=DEFAULT
01-15 21:16:08.886 31097 31097 D VRI[MainActivity]:   fitSides=} by setLayoutParams
01-15 21:17:59.169 31097 31097 D VRI[MainActivity]: update {(0,0)(fillxfill) sim={adjust=pan forwardNavigation} ty=BASE_APPLICATION wanim=0x10302fd
01-15 21:17:59.169 31097 31097 D VRI[MainActivity]:   fl=LAYOUT_IN_SCREEN FORCE_NOT_FULLSCREEN LAYOUT_INSET_DECOR SPLIT_TOUCH HARDWARE_ACCELERATED DRAWS_SYSTEM_BAR_BACKGROUNDS
01-15 21:17:59.169 31097 31097 D VRI[MainActivity]:   pfl=NO_MOVE_ANIMATION FORCE_DRAW_STATUS_BAR_BACKGROUND USE_BLAST APPEARANCE_CONTROLLED FIT_INSETS_CONTROLLED
01-15 21:17:59.169 31097 31097 D VRI[MainActivity]:   apr=LIGHT_STATUS_BARS
01-15 21:17:59.169 31097 31097 D VRI[MainActivity]:   bhv=DEFAULT
01-15 21:17:59.169 31097 31097 D VRI[MainActivity]:   fitSides=} by setLayoutParams
--------- beginning of main
01-15 21:18:00.966 31097 31097 W unknown:BridgelessReact: ReactHost{0}.onUserLeaveHint(activity)
01-15 21:18:00.967 31097 31097 W unknown:BridgelessReact: ReactHost{0}.onHostPause(activity)
01-15 21:18:00.967 31097 31097 W unknown:BridgelessReact: ReactContext.onHostPause()
01-15 21:18:11.305 31097 31097 W unknown:BridgelessReact: ReactHost{0}.onHostResume(activity)
01-15 21:18:11.305 31097 31097 W unknown:BridgelessReact: ReactContext.onHostResume()
01-15 21:18:11.307 31097 31135 I ReactNativeJS: [AlarmSync] App became active, syncing...
01-15 21:18:11.307 31097 31135 I ReactNativeJS: [AlarmSync] Checking for completed alarms...
01-15 21:18:11.307 31097 31136 D DoMinderDebug: AlarmModule: getAllNativeReminderStates found 0 reminders
01-15 21:18:11.309 31097 31136 D DoMinderDebug: AlarmModule: Retrieved 0 completed alarms
01-15 21:18:11.310 31097 31135 I ReactNativeJS: '[AlarmSync] Found completed alarms:', 0
01-15 21:18:11.310 31097 31136 D DoMinderDebug: AlarmModule: Retrieved 0 snoozed alarms
01-15 21:18:11.310 31097 31135 I ReactNativeJS: '[AlarmSync] Found snoozed alarms:', 0
01-15 21:18:11.310 31097 31136 D DoMinderDebug: AlarmModule: Retrieved 0 deleted alarms
01-15 21:18:11.311 31097 31135 I ReactNativeJS: '[AlarmSync] Found deleted alarms:', 0
01-15 21:18:11.323 31097 31097 D VRI[MainActivity]: update {(0,0)(fillxfill) sim={adjust=pan forwardNavigation} ty=BASE_APPLICATION wanim=0x10302fd
01-15 21:18:11.323 31097 31097 D VRI[MainActivity]:   fl=LAYOUT_IN_SCREEN FORCE_NOT_FULLSCREEN LAYOUT_INSET_DECOR SPLIT_TOUCH HARDWARE_ACCELERATED DRAWS_SYSTEM_BAR_BACKGROUNDS
01-15 21:18:11.323 31097 31097 D VRI[MainActivity]:   pfl=NO_MOVE_ANIMATION FORCE_DRAW_STATUS_BAR_BACKGROUND USE_BLAST APPEARANCE_CONTROLLED FIT_INSETS_CONTROLLED
01-15 21:18:11.323 31097 31097 D VRI[MainActivity]:   apr=LIGHT_STATUS_BARS
01-15 21:18:11.323 31097 31097 D VRI[MainActivity]:   bhv=DEFAULT
01-15 21:18:11.323 31097 31097 D VRI[MainActivity]:   fitSides=} by setLayoutParams
01-15 21:18:29.171 31097 31135 I ReactNativeJS: [AlarmSync] Checking for completed alarms...
01-15 21:18:29.172 31097 31136 D DoMinderDebug: AlarmModule: getAllNativeReminderStates found 0 reminders
01-15 21:18:29.175 31097 31136 D DoMinderDebug: AlarmModule: Retrieved 0 completed alarms
01-15 21:18:29.175 31097 31135 I ReactNativeJS: '[ReminderEngine] Processing reminders, count:', 13
01-15 21:18:29.176 31097 31135 I ReactNativeJS: '[AlarmSync] Found completed alarms:', 0
01-15 21:18:29.176 31097 31136 D DoMinderDebug: AlarmModule: Retrieved 0 snoozed alarms
01-15 21:18:29.177 31097 31135 I ReactNativeJS: '[AlarmSync] Found snoozed alarms:', 0
01-15 21:18:29.177 31097 31136 D DoMinderDebug: AlarmModule: Retrieved 0 deleted alarms
01-15 21:18:29.178 31097 31135 I ReactNativeJS: '[AlarmSync] Found deleted alarms:', 0
01-15 21:18:59.176 31097 31135 I ReactNativeJS: [AlarmSync] Checking for completed alarms...
01-15 21:18:59.176 31097 31136 D DoMinderDebug: AlarmModule: getAllNativeReminderStates found 0 reminders
01-15 21:18:59.179 31097 31136 D DoMinderDebug: AlarmModule: Retrieved 0 completed alarms
01-15 21:18:59.179 31097 31135 I ReactNativeJS: '[ReminderEngine] Processing reminders, count:', 13
01-15 21:18:59.180 31097 31135 I ReactNativeJS: '[AlarmSync] Found completed alarms:', 0
01-15 21:18:59.180 31097 31136 D DoMinderDebug: AlarmModule: Retrieved 0 snoozed alarms
01-15 21:18:59.181 31097 31135 I ReactNativeJS: '[AlarmSync] Found snoozed alarms:', 0
01-15 21:18:59.181 31097 31136 D DoMinderDebug: AlarmModule: Retrieved 0 deleted alarms
01-15 21:18:59.181 31097 31135 I ReactNativeJS: '[AlarmSync] Found deleted alarms:', 0
01-15 21:18:59.871 31097 31097 W unknown:BridgelessReact: ReactHost{0}.onHostPause(activity)
01-15 21:18:59.871 31097 31097 W unknown:BridgelessReact: ReactContext.onHostPause()
01-15 21:18:59.908 31097 31129 D Surface : Surface::disconnect
01-15 21:18:59.908 31097 31129 D BufferQueueProducer: [VRI[MainActivity]#1(BLAST Consumer)1](id:797900000001,api:1,p:31097,c:31097) disconnect: api 1
01-15 21:18:59.925 31097 31134 I ReactNativeJNI: Memory warning (pressure level: TRIM_MEMORY_UI_HIDDEN) received by JS VM, ignoring because it's non-severe
01-15 21:20:00.566 31097 31135 I ReactNativeJS: [onBackgroundEvent] Notification delivered for reminder 1768397631747
01-15 21:20:00.566 31097 31097 D NotifeeHeadlessJS: taskId: 1
01-15 21:20:00.570 31097 31135 I ReactNativeJS: [onBackgroundEvent] Auto-rescheduling 'every' reminder 1768397631747
01-15 21:20:00.570 31097 31135 I ReactNativeJS: [calculateNextReminderDate] for reminder: 1768397631747, fromDate: 2026-01-15T15:50:00.570Z, repeatType: every, date: 2026-01-17, time: 19:20
01-15 21:20:00.573 31097 31135 I ReactNativeJS: [ReminderService] Updating reminder 1768397631747: isActive=true, isCompleted=false, repeatType=every
01-15 21:20:00.577 31097 31135 I ReactNativeJS: [RootLayout] remindersChanged event received, invalidating queries.
01-15 21:20:00.590 31097 31135 I ReactNativeJS: [NotificationService] SCHEDULE_EXACT_ALARM permission granted - using exact timing
01-15 21:20:00.590 31097 31135 I ReactNativeJS: [NotificationService] Scheduling reminder 1768397631747, priority: medium, repeatType: every
01-15 21:20:00.590 31097 31135 I ReactNativeJS: [NotificationService] Skipping sequential delay for 'every' reminder to preserve exact timing
01-15 21:20:00.590 31097 31135 I ReactNativeJS: [NotificationService] Scheduling for 2026-01-15T16:50:00.000Z
01-15 21:20:00.610 31097 31135 I ReactNativeJS: '[ReminderEngine] Processing reminders, count:', 13
01-15 21:20:00.610 31097 31135 I ReactNativeJS: [ReminderEngine] Processing reminder 1768397631747, repeatType: every
01-15 21:20:00.610 31097 31135 I ReactNativeJS: [ReminderEngine] Reminder 1768397631747 has nextReminderDate: 2026-01-15T16:50:00.000Z
01-15 21:20:00.610 31097 31135 I ReactNativeJS: [ReminderEngine] Scheduling notification for reminder 1768397631747 at 2026-01-15T16:50:00.000Z
01-15 21:20:00.616 31097 31097 D NotifeeHeadlessJS: taskId: 2
01-15 21:20:01.681 31097 31135 I ReactNativeJS: [NotificationService] Successfully scheduled notification rem-1768397631747
01-15 21:20:01.681 31097 31135 I ReactNativeJS: [onBackgroundEvent] Scheduled next occurrence for 1768397631747 at 2026-01-15T16:50:00.000Z
01-15 21:20:02.177 31097 31135 I ReactNativeJS: [NotificationService] SCHEDULE_EXACT_ALARM permission granted - using exact timing
01-15 21:20:02.177 31097 31135 I ReactNativeJS: [NotificationService] Scheduling reminder 1768397631747, priority: medium, repeatType: every
01-15 21:20:02.177 31097 31135 I ReactNativeJS: [NotificationService] Skipping sequential delay for 'every' reminder to preserve exact timing
01-15 21:20:02.177 31097 31135 I ReactNativeJS: [NotificationService] Scheduling for 2026-01-15T16:50:00.000Z
01-15 21:20:02.199 31097 31135 I ReactNativeJS: [NotificationService] Successfully scheduled notification rem-1768397631747
01-15 21:20:02.200 31097 31135 I ReactNativeJS: [ReminderEngine] Successfully scheduled 1768397631747
01-15 21:20:02.201 31097 31097 D NotifeeHeadlessJS: taskId: 3
01-15 21:20:09.853 31097 31097 W unknown:BridgelessReact: ReactHost{0}.onHostResume(activity)
01-15 21:20:09.853 31097 31097 W unknown:BridgelessReact: ReactContext.onHostResume()
01-15 21:20:09.855 31097 31135 I ReactNativeJS: [AlarmSync] App became active, syncing...
01-15 21:20:09.855 31097 31135 I ReactNativeJS: [AlarmSync] Checking for completed alarms...
01-15 21:20:09.856 31097 31136 D DoMinderDebug: AlarmModule: getAllNativeReminderStates found 0 reminders
01-15 21:20:09.856 31097 31136 D DoMinderDebug: AlarmModule: Retrieved 0 completed alarms
01-15 21:20:09.858 31097 31135 I ReactNativeJS: '[AlarmSync] Found completed alarms:', 0
01-15 21:20:09.859 31097 31136 D DoMinderDebug: AlarmModule: Retrieved 0 snoozed alarms
01-15 21:20:09.860 31097 31135 I ReactNativeJS: '[AlarmSync] Found snoozed alarms:', 0
01-15 21:20:09.860 31097 31136 D DoMinderDebug: AlarmModule: Retrieved 0 deleted alarms
01-15 21:20:09.860 31097 31135 I ReactNativeJS: '[AlarmSync] Found deleted alarms:', 0
01-15 21:20:09.862 31097 31097 D VRI[MainActivity]: update {(0,0)(fillxfill) sim={adjust=pan forwardNavigation} ty=BASE_APPLICATION wanim=0x10302fd
01-15 21:20:09.862 31097 31097 D VRI[MainActivity]:   fl=LAYOUT_IN_SCREEN FORCE_NOT_FULLSCREEN LAYOUT_INSET_DECOR SPLIT_TOUCH HARDWARE_ACCELERATED DRAWS_SYSTEM_BAR_BACKGROUNDS
01-15 21:20:09.862 31097 31097 D VRI[MainActivity]:   pfl=NO_MOVE_ANIMATION FORCE_DRAW_STATUS_BAR_BACKGROUND USE_BLAST APPEARANCE_CONTROLLED FIT_INSETS_CONTROLLED
01-15 21:20:09.862 31097 31097 D VRI[MainActivity]:   apr=LIGHT_STATUS_BARS
01-15 21:20:09.862 31097 31097 D VRI[MainActivity]:   bhv=DEFAULT
01-15 21:20:09.862 31097 31097 D VRI[MainActivity]:   fitSides=} by setLayoutParams
01-15 21:20:10.163 31097 31129 E OpenGLRenderer: Unable to match the desired swap behavior.
01-15 21:20:17.539 31097 31097 W unknown:BridgelessReact: ReactHost{0}.onUserLeaveHint(activity)
01-15 21:20:17.540 31097 31097 W unknown:BridgelessReact: ReactHost{0}.onHostPause(activity)
01-15 21:20:17.540 31097 31097 W unknown:BridgelessReact: ReactContext.onHostPause()
01-15 21:20:18.069 31097 31134 I ReactNativeJNI: Memory warning (pressure level: TRIM_MEMORY_RUNNING_MODERATE) received by JS VM, ignoring because it's non-severe
01-15 21:20:18.104 31097 31129 D Surface : Surface::disconnect
01-15 21:20:18.104 31097 31129 D BufferQueueProducer: [VRI[MainActivity]#2(BLAST Consumer)2](id:797900000002,api:1,p:31097,c:31097) disconnect: api 1
01-15 21:20:19.205 31097 31134 I ReactNativeJNI: Memory warning (pressure level: TRIM_MEMORY_UI_HIDDEN) received by JS VM, ignoring because it's non-severe
01-15 21:20:19.206 31097 31134 I ReactNativeJNI: Memory warning (pressure level: TRIM_MEMORY_BACKGROUND) received by JS VM, running a GC
01-15 21:20:30.656 31097 31135 I ReactNativeJS: '[ReminderEngine] Processing reminders, count:', 13
01-15 21:21:00.593 31097 31097 D NotifeeHeadlessJS: taskId: 1
01-15 21:21:00.617 31097 31097 D NotifeeHeadlessJS: taskId: 2
01-15 21:21:00.628 31097 31135 I ReactNativeJS: '[ReminderEngine] Processing reminders, count:', 13
01-15 21:21:02.210 31097 31097 D NotifeeHeadlessJS: taskId: 3
01-15 21:21:24.843 31097 31097 W unknown:BridgelessReact: ReactHost{0}.onHostResume(activity)
01-15 21:21:24.843 31097 31097 W unknown:BridgelessReact: ReactContext.onHostResume()
01-15 21:21:24.852 31097 31135 I ReactNativeJS: [AlarmSync] App became active, syncing...
01-15 21:21:24.853 31097 31135 I ReactNativeJS: [AlarmSync] Checking for completed alarms...
01-15 21:21:24.856 31097 31097 D VRI[MainActivity]: update {(0,0)(fillxfill) sim={adjust=pan forwardNavigation} ty=BASE_APPLICATION wanim=0x10302fd
01-15 21:21:24.856 31097 31097 D VRI[MainActivity]:   fl=LAYOUT_IN_SCREEN FORCE_NOT_FULLSCREEN LAYOUT_INSET_DECOR SPLIT_TOUCH HARDWARE_ACCELERATED DRAWS_SYSTEM_BAR_BACKGROUNDS
01-15 21:21:24.856 31097 31097 D VRI[MainActivity]:   pfl=NO_MOVE_ANIMATION FORCE_DRAW_STATUS_BAR_BACKGROUND USE_BLAST APPEARANCE_CONTROLLED FIT_INSETS_CONTROLLED
01-15 21:21:24.856 31097 31097 D VRI[MainActivity]:   apr=LIGHT_STATUS_BARS
01-15 21:21:24.856 31097 31097 D VRI[MainActivity]:   bhv=DEFAULT
01-15 21:21:24.856 31097 31097 D VRI[MainActivity]:   fitSides=} by setLayoutParams
01-15 21:21:24.856 31097 31136 D DoMinderDebug: AlarmModule: getAllNativeReminderStates found 0 reminders
01-15 21:21:24.857 31097 31136 D DoMinderDebug: AlarmModule: Retrieved 0 completed alarms
01-15 21:21:24.857 31097 31135 I ReactNativeJS: '[AlarmSync] Found completed alarms:', 0
01-15 21:21:24.857 31097 31136 D DoMinderDebug: AlarmModule: Retrieved 0 snoozed alarms
01-15 21:21:24.858 31097 31135 I ReactNativeJS: '[AlarmSync] Found snoozed alarms:', 0
01-15 21:21:24.858 31097 31136 D DoMinderDebug: AlarmModule: Retrieved 0 deleted alarms
01-15 21:21:24.858 31097 31135 I ReactNativeJS: '[AlarmSync] Found deleted alarms:', 0
01-15 21:21:24.880 31097 31129 E OpenGLRenderer: Unable to match the desired swap behavior.
01-15 21:21:26.294 31097 31097 D ViewRootImpl: update {(0,0)(fillxfill) gr=CENTER sim={adjust=resize forwardNavigation} ty=APPLICATION fmt=TRANSPARENT wanim=0x7f11012e
01-15 21:21:26.294 31097 31097 D ViewRootImpl:   fl=NOT_FOCUSABLE LAYOUT_IN_SCREEN LAYOUT_INSET_DECOR SPLIT_TOUCH HARDWARE_ACCELERATED DRAWS_SYSTEM_BAR_BACKGROUNDS
01-15 21:21:26.294 31097 31097 D ViewRootImpl:   pfl=NO_MOVE_ANIMATION FORCE_DRAW_STATUS_BAR_BACKGROUND FIT_INSETS_CONTROLLED
01-15 21:21:26.294 31097 31097 D ViewRootImpl:   bhv=DEFAULT
01-15 21:21:26.294 31097 31097 D ViewRootImpl:   fitSides=} by setView
01-15 21:21:26.302 31097 31097 D VRI[MainActivity]: update {(0,0)(fillxfill) gr=CENTER sim={adjust=resize} ty=APPLICATION fmt=TRANSPARENT wanim=0x7f11012e
01-15 21:21:26.302 31097 31097 D VRI[MainActivity]:   fl=LAYOUT_IN_SCREEN LAYOUT_INSET_DECOR SPLIT_TOUCH HARDWARE_ACCELERATED DRAWS_SYSTEM_BAR_BACKGROUNDS
01-15 21:21:26.302 31097 31097 D VRI[MainActivity]:   pfl=NO_MOVE_ANIMATION FORCE_DRAW_STATUS_BAR_BACKGROUND FIT_INSETS_CONTROLLED
01-15 21:21:26.302 31097 31097 D VRI[MainActivity]:   bhv=DEFAULT
01-15 21:21:26.302 31097 31097 D VRI[MainActivity]:   fitSides=} by setLayoutParams
01-15 21:21:26.356 31097 31129 E OpenGLRenderer: Unable to match the desired swap behavior.
01-15 21:21:26.368 31097 31129 W Parcel  : Expecting binder but got null!
01-15 21:21:26.393 31097 31097 D VRI[MainActivity]: update {(0,0)(fillxfill) gr=CENTER sim={adjust=resize} ty=APPLICATION fmt=TRANSPARENT wanim=0x7f11012e
01-15 21:21:26.393 31097 31097 D VRI[MainActivity]:   fl=LAYOUT_IN_SCREEN LAYOUT_INSET_DECOR SPLIT_TOUCH HARDWARE_ACCELERATED DRAWS_SYSTEM_BAR_BACKGROUNDS
01-15 21:21:26.393 31097 31097 D VRI[MainActivity]:   pfl=NO_MOVE_ANIMATION FORCE_DRAW_STATUS_BAR_BACKGROUND FIT_INSETS_CONTROLLED
01-15 21:21:26.393 31097 31097 D VRI[MainActivity]:   bhv=DEFAULT
01-15 21:21:26.393 31097 31097 D VRI[MainActivity]:   fitSides=} by setLayoutParams
01-15 21:21:26.394 31097 31097 D VRI[MainActivity]: update {(0,0)(fillxfill) gr=CENTER sim={adjust=resize} ty=APPLICATION fmt=TRANSPARENT wanim=0x7f11012e
01-15 21:21:26.394 31097 31097 D VRI[MainActivity]:   fl=LAYOUT_IN_SCREEN LAYOUT_INSET_DECOR SPLIT_TOUCH HARDWARE_ACCELERATED DRAWS_SYSTEM_BAR_BACKGROUNDS
01-15 21:21:26.394 31097 31097 D VRI[MainActivity]:   pfl=NO_MOVE_ANIMATION FORCE_DRAW_STATUS_BAR_BACKGROUND FIT_INSETS_CONTROLLED
01-15 21:21:26.394 31097 31097 D VRI[MainActivity]:   bhv=DEFAULT
01-15 21:21:26.394 31097 31097 D VRI[MainActivity]:   fitSides=} by setLayoutParams
01-15 21:21:28.469 31097 31097 D CompatibilityChangeReporter: Compat change id reported: 163400105; UID 11071; state: ENABLED
01-15 21:21:28.471 31097 31097 D InputMethodManager: showSoftInput() view=com.facebook.react.views.textinput.ReactEditText{356effb VFED..CL. .F.P..ID 0,0-920,99 #acc aid=1073741824} flags=0 reason=SHOW_SOFT_INPUT
01-15 21:21:28.489 31097 31097 D InputMethodManager: showSoftInput() view=com.facebook.react.views.textinput.ReactEditText{356effb VFED..CL. .F.P.... 0,0-920,99 #acc aid=1073741824} flags=0 reason=SHOW_SOFT_INPUT
01-15 21:21:28.587 31097 31097 W OnBackInvokedCallback: OnBackInvokedCallback is not enabled for the application.
01-15 21:21:28.587 31097 31097 W OnBackInvokedCallback: Set 'android:enableOnBackInvokedCallback="true"' in the application manifest.
01-15 21:21:28.623 31097 31097 D InsetsController: show(ime(), fromIme=true)
01-15 21:21:28.639 31097 31097 D InsetsController: show(ime(), fromIme=true)
01-15 21:21:30.605 31097 31135 I ReactNativeJS: [AlarmSync] Checking for completed alarms...
01-15 21:21:30.606 31097 31136 D DoMinderDebug: AlarmModule: getAllNativeReminderStates found 0 reminders
01-15 21:21:30.608 31097 31136 D DoMinderDebug: AlarmModule: Retrieved 0 completed alarms
01-15 21:21:30.608 31097 31135 I ReactNativeJS: '[ReminderEngine] Processing reminders, count:', 13
01-15 21:21:30.608 31097 31135 I ReactNativeJS: '[AlarmSync] Found completed alarms:', 0
01-15 21:21:30.609 31097 31136 D DoMinderDebug: AlarmModule: Retrieved 0 snoozed alarms
01-15 21:21:30.609 31097 31135 I ReactNativeJS: '[AlarmSync] Found snoozed alarms:', 0
01-15 21:21:30.609 31097 31136 D DoMinderDebug: AlarmModule: Retrieved 0 deleted alarms
01-15 21:21:30.609 31097 31135 I ReactNativeJS: '[AlarmSync] Found deleted alarms:', 0
01-15 21:21:31.875 31097 31097 D ViewRootImpl: update {(0,0)(fillxfill) gr=CENTER sim={adjust=resize forwardNavigation} ty=APPLICATION fmt=TRANSPARENT wanim=0x7f11012e
01-15 21:21:31.875 31097 31097 D ViewRootImpl:   fl=NOT_FOCUSABLE LAYOUT_IN_SCREEN LAYOUT_INSET_DECOR SPLIT_TOUCH HARDWARE_ACCELERATED DRAWS_SYSTEM_BAR_BACKGROUNDS
01-15 21:21:31.875 31097 31097 D ViewRootImpl:   pfl=NO_MOVE_ANIMATION FORCE_DRAW_STATUS_BAR_BACKGROUND FIT_INSETS_CONTROLLED
01-15 21:21:31.875 31097 31097 D ViewRootImpl:   bhv=DEFAULT
01-15 21:21:31.875 31097 31097 D ViewRootImpl:   fitSides=} by setView
01-15 21:21:31.882 31097 31097 D VRI[MainActivity]: update {(0,0)(fillxfill) gr=CENTER sim={adjust=resize} ty=APPLICATION fmt=TRANSPARENT wanim=0x7f11012e
01-15 21:21:31.882 31097 31097 D VRI[MainActivity]:   fl=LAYOUT_IN_SCREEN LAYOUT_INSET_DECOR SPLIT_TOUCH HARDWARE_ACCELERATED DRAWS_SYSTEM_BAR_BACKGROUNDS
01-15 21:21:31.882 31097 31097 D VRI[MainActivity]:   pfl=NO_MOVE_ANIMATION FORCE_DRAW_STATUS_BAR_BACKGROUND FIT_INSETS_CONTROLLED
01-15 21:21:31.882 31097 31097 D VRI[MainActivity]:   bhv=DEFAULT
01-15 21:21:31.882 31097 31097 D VRI[MainActivity]:   fitSides=} by setLayoutParams
01-15 21:21:31.895 31097 31129 E OpenGLRenderer: Unable to match the desired swap behavior.
01-15 21:21:31.907 31097 31129 W Parcel  : Expecting binder but got null!
01-15 21:21:31.916 31097 31097 D VRI[MainActivity]: update {(0,0)(fillxfill) gr=CENTER sim={adjust=resize} ty=APPLICATION fmt=TRANSPARENT wanim=0x7f11012e
01-15 21:21:31.916 31097 31097 D VRI[MainActivity]:   fl=LAYOUT_IN_SCREEN LAYOUT_INSET_DECOR SPLIT_TOUCH HARDWARE_ACCELERATED DRAWS_SYSTEM_BAR_BACKGROUNDS
01-15 21:21:31.916 31097 31097 D VRI[MainActivity]:   pfl=NO_MOVE_ANIMATION FORCE_DRAW_STATUS_BAR_BACKGROUND FIT_INSETS_CONTROLLED
01-15 21:21:31.916 31097 31097 D VRI[MainActivity]:   bhv=DEFAULT
01-15 21:21:31.916 31097 31097 D VRI[MainActivity]:   fitSides=} by setLayoutParams
01-15 21:21:31.919 31097 31097 D VRI[MainActivity]: update {(0,0)(fillxfill) gr=CENTER sim={adjust=resize} ty=APPLICATION fmt=TRANSPARENT wanim=0x7f11012e
01-15 21:21:31.919 31097 31097 D VRI[MainActivity]:   fl=LAYOUT_IN_SCREEN LAYOUT_INSET_DECOR SPLIT_TOUCH HARDWARE_ACCELERATED DRAWS_SYSTEM_BAR_BACKGROUNDS
01-15 21:21:31.919 31097 31097 D VRI[MainActivity]:   pfl=NO_MOVE_ANIMATION FORCE_DRAW_STATUS_BAR_BACKGROUND FIT_INSETS_CONTROLLED
01-15 21:21:31.919 31097 31097 D VRI[MainActivity]:   bhv=DEFAULT
01-15 21:21:31.919 31097 31097 D VRI[MainActivity]:   fitSides=} by setLayoutParams
01-15 21:21:31.954 31097 31097 W OnBackInvokedCallback: OnBackInvokedCallback is not enabled for the application.
01-15 21:21:31.954 31097 31097 W OnBackInvokedCallback: Set 'android:enableOnBackInvokedCallback="true"' in the application manifest.
01-15 21:21:31.973 31097 31097 W RemoteInputConnectionImpl: requestCursorAnchorInfo on inactive InputConnection
01-15 21:21:37.729 31097 31129 D Surface : Surface::disconnect
01-15 21:21:37.729 31097 31129 D BufferQueueProducer: [VRI[MainActivity]#5(BLAST Consumer)5](id:797900000005,api:1,p:31097,c:31097) disconnect: api 1
01-15 21:21:45.830 31097 31135 I ReactNativeJS: [ReminderService] Adding reminder 1768492305818: isActive=true, isCompleted=false, repeatType=none
01-15 21:21:46.199 31097 31135 I ReactNativeJS: '[ReminderEngine] Processing reminders, count:', 14
01-15 21:21:46.199 31097 31135 I ReactNativeJS: [ReminderEngine] Processing reminder 1768492305818, repeatType: none
01-15 21:21:46.200 31097 31135 I ReactNativeJS: [calculateNextReminderDate] for reminder: 1768492305818, fromDate: 2026-01-15T15:51:46.199Z, repeatType: none, date: 2026-01-15, time: 21:22
01-15 21:21:46.200 31097 31135 I ReactNativeJS: [calculateNextReminderDate] One-time reminder scheduled for: 2026-01-15T15:52:00.000Z, isInFuture: true
01-15 21:21:46.200 31097 31135 I ReactNativeJS: [ReminderEngine] Scheduling notification for reminder 1768492305818 at 2026-01-15T15:52:00.000Z
01-15 21:21:46.366 31097 31135 I ReactNativeJS: [RootLayout] remindersChanged event received, invalidating queries.
01-15 21:21:46.386 31097 31135 I ReactNativeJS: [NotificationService] SCHEDULE_EXACT_ALARM permission granted - using exact timing
01-15 21:21:46.386 31097 31135 I ReactNativeJS: [NotificationService] Scheduling reminder 1768492305818, priority: high, repeatType: none
01-15 21:21:46.386 31097 31135 I ReactNativeJS: [NotificationService] Scheduling for 2026-01-15T15:52:00.000Z
01-15 21:21:46.387 31097 31136 D DoMinderDebug: AlarmModule: Stored metadata for 1768492305818 - repeatType=none, everyValue=1, multiSelect=false
01-15 21:21:46.402 31097 31129 D Surface : Surface::disconnect
01-15 21:21:46.402 31097 31129 D BufferQueueProducer: [VRI[MainActivity]#4(BLAST Consumer)4](id:797900000004,api:1,p:31097,c:31097) disconnect: api 1
01-15 21:21:46.700 31097 31135 I ReactNativeJS: [NotificationService] Stored metadata for native alarm 1768492305818
01-15 21:21:46.701 31097 31136 D DoMinderDebug: AlarmModule: Scheduling alarm broadcast for 1768492305818 at 1.76849232E12
01-15 21:21:46.702 31097 31136 D DoMinderDebug: AlarmModule: Successfully scheduled alarm broadcast
01-15 21:21:46.707 31097 31135 I ReactNativeJNI: instanceHandle is null, event of type topBlur will be dropped
01-15 21:21:46.869 31097 31135 I ReactNativeJS: '[ReminderEngine] Processing reminders, count:', 14
01-15 21:21:46.869 31097 31135 I ReactNativeJS: [ReminderEngine] Skipping 1768492305818 - scheduling already in progress
01-15 21:21:46.870 31097 31135 I ReactNativeJS: [NotificationService] Scheduled native alarm for rem-1768492305818 with priority high
01-15 21:21:46.870 31097 31135 I ReactNativeJS: [ReminderEngine] Successfully scheduled 1768492305818
01-15 21:21:47.652 31097 31097 W unknown:BridgelessReact: ReactHost{0}.onUserLeaveHint(activity)
01-15 21:21:47.654 31097 31097 W unknown:BridgelessReact: ReactHost{0}.onHostPause(activity)
01-15 21:21:47.654 31097 31097 W unknown:BridgelessReact: ReactContext.onHostPause()
01-15 21:21:49.218 31097 31097 W unknown:BridgelessReact: ReactHost{0}.onHostResume(activity)
01-15 21:21:49.218 31097 31097 W unknown:BridgelessReact: ReactContext.onHostResume()
01-15 21:21:49.221 31097 31135 I ReactNativeJS: [AlarmSync] App became active, syncing...
01-15 21:21:49.221 31097 31135 I ReactNativeJS: [AlarmSync] Checking for completed alarms...
01-15 21:21:49.222 31097 31136 D DoMinderDebug: AlarmModule: getAllNativeReminderStates found 1 reminders
01-15 21:21:49.224 31097 31135 I ReactNativeJS: '[AlarmSync] Syncing native states for', 1, 'reminders'
01-15 21:21:49.224 31097 31136 D DoMinderDebug: AlarmModule: Retrieved 0 completed alarms
01-15 21:21:49.225 31097 31135 I ReactNativeJS: '[AlarmSync] Found completed alarms:', 0
01-15 21:21:49.225 31097 31136 D DoMinderDebug: AlarmModule: Retrieved 0 snoozed alarms
01-15 21:21:49.226 31097 31135 I ReactNativeJS: '[AlarmSync] Found snoozed alarms:', 0
01-15 21:21:49.226 31097 31136 D DoMinderDebug: AlarmModule: Retrieved 0 deleted alarms
01-15 21:21:49.228 31097 31097 D VRI[MainActivity]: update {(0,0)(fillxfill) sim={adjust=pan forwardNavigation} ty=BASE_APPLICATION wanim=0x10302fd
01-15 21:21:49.228 31097 31097 D VRI[MainActivity]:   fl=LAYOUT_IN_SCREEN FORCE_NOT_FULLSCREEN LAYOUT_INSET_DECOR SPLIT_TOUCH HARDWARE_ACCELERATED DRAWS_SYSTEM_BAR_BACKGROUNDS
01-15 21:21:49.228 31097 31097 D VRI[MainActivity]:   pfl=NO_MOVE_ANIMATION FORCE_DRAW_STATUS_BAR_BACKGROUND USE_BLAST APPEARANCE_CONTROLLED FIT_INSETS_CONTROLLED
01-15 21:21:49.228 31097 31097 D VRI[MainActivity]:   apr=LIGHT_STATUS_BARS
01-15 21:21:49.228 31097 31097 D VRI[MainActivity]:   bhv=DEFAULT
01-15 21:21:49.228 31097 31097 D VRI[MainActivity]:   fitSides=} by setLayoutParams
01-15 21:21:49.232 31097 31135 I ReactNativeJS: '[AlarmSync] Found deleted alarms:', 0
01-15 21:22:00.021 31097 31097 D DoMinderDebug: AlarmReceiver: Received broadcast
01-15 21:22:00.025 31097 31097 D DoMinderDebug: AlarmReceiver: Recorded trigger #1 at 1768492320021 for 1768492305818
01-15 21:22:00.025 31097 31097 D DoMinderDebug: AlarmReceiver: One-time reminder 1768492305818 marked complete
01-15 21:22:00.025 31097 31097 D DoMinderDebug: AlarmReceiver: This is the FINAL occurrence for 1768492305818
01-15 21:22:00.025 31097 31097 D DoMinderDebug: AlarmReceiver: Starting AlarmRingtoneService for high priority
01-15 21:22:00.029 31097 31097 D DoMinderDebug: AlarmRingtoneService: startAlarmRingtone called - priority: high
01-15 21:22:00.032 31097 31097 D DoMinderDebug: AlarmReceiver: Creating full-screen notification for 1768492305818, triggerTime: 1768492320021
01-15 21:22:00.042 31097 31097 D DoMinderDebug: AlarmReceiver: Full-screen notification created and shown
01-15 21:22:00.043 31097 31097 D DoMinderDebug: AlarmRingtoneService: onCreate
01-15 21:22:00.049 31097 31097 D DoMinderDebug: AlarmRingtoneService: onStartCommand - action: app.rork.dominder.START_ALARM_RINGTONE
01-15 21:22:00.049 31097 31097 D DoMinderDebug: AlarmRingtoneService: Starting ringtone for priority: high
01-15 21:22:00.049 31097 31097 D DoMinderDebug: AlarmRingtoneService: Starting foreground service
01-15 21:22:00.062 31097 31097 D DoMinderDebug: AlarmRingtoneService: Starting ringtone and vibration
01-15 21:22:00.062 31097 31097 D DoMinderDebug: AlarmRingtoneService: Settings - sound: true, vibration: true
01-15 21:22:00.066 31097 31097 D DoMinderDebug: AlarmRingtoneService: Using default alarm ringtone
01-15 21:22:00.130 31097 31097 D DoMinderDebug: AlarmRingtoneService: Set alarm volume to 2 (max 7, original 1, pref 30%)
01-15 21:22:00.243 31097 31097 D DoMinderDebug: AlarmRingtoneService: MediaPlayer started playing (looping=true)
01-15 21:22:00.249 31097 31097 D DoMinderDebug: AlarmRingtoneService: Vibration started
01-15 21:22:00.613 31097 31135 I ReactNativeJS: [AlarmSync] Checking for completed alarms...
01-15 21:22:00.614 31097 31136 D DoMinderDebug: AlarmModule: getAllNativeReminderStates found 1 reminders
01-15 21:22:00.616 31097 31135 I ReactNativeJS: '[AlarmSync] Syncing native states for', 1, 'reminders'
01-15 21:22:00.617 31097 31135 I ReactNativeJS: '[ReminderEngine] Processing reminders, count:', 14
01-15 21:22:00.619 31097 31135 I ReactNativeJS: '[AlarmSync] Syncing occurrenceCount from native:', '1768492305818', 'JS:', 0, '-> Native:', 1
01-15 21:22:00.621 31097 31135 I ReactNativeJS: [ReminderService] Updating reminder 1768492305818: isActive=true, isCompleted=false, repeatType=none
01-15 21:22:00.624 31097 31135 I ReactNativeJS: [RootLayout] remindersChanged event received, invalidating queries.
01-15 21:22:00.633 31097 31135 I ReactNativeJS: [ReminderService] Adding reminder 1768492305818_hist: isActive=false, isCompleted=true, repeatType=none
01-15 21:22:00.766 31097 31135 I ReactNativeJS: '[ReminderEngine] Processing reminders, count:', 14
01-15 21:22:00.767 31097 31135 I ReactNativeJS: [RootLayout] remindersChanged event received, invalidating queries.
01-15 21:22:00.768 31097 31135 I ReactNativeJS: '[AlarmSync] Created history item with', 1, 'native triggers for', '1768492305818'
01-15 21:22:00.768 31097 31136 D DoMinderDebug: AlarmModule: Retrieved 0 completed alarms
01-15 21:22:00.820 31097 31135 I ReactNativeJS: '[AlarmSync] Found completed alarms:', 0
01-15 21:22:00.821 31097 31136 D DoMinderDebug: AlarmModule: Retrieved 0 snoozed alarms
01-15 21:22:00.822 31097 31135 I ReactNativeJS: '[AlarmSync] Found snoozed alarms:', 0
01-15 21:22:00.822 31097 31136 D DoMinderDebug: AlarmModule: Retrieved 0 deleted alarms
01-15 21:22:00.823 31097 31135 I ReactNativeJS: '[AlarmSync] Found deleted alarms:', 0
01-15 21:22:00.954 31097 31135 I ReactNativeJS: '[ReminderEngine] Processing reminders, count:', 15
01-15 21:22:03.209 31097 31097 W unknown:BridgelessReact: ReactHost{0}.onUserLeaveHint(activity)
01-15 21:22:03.210 31097 31097 W unknown:BridgelessReact: ReactHost{0}.onHostPause(activity)
01-15 21:22:03.210 31097 31097 W unknown:BridgelessReact: ReactContext.onHostPause()
01-15 21:22:03.240 31097 31097 D DoMinderDebug: AlarmActivity: onCreate
01-15 21:22:03.256 31097 31097 D DoMinderDebug: AlarmActivity: Wake lock acquired for 10 minutes
01-15 21:22:03.258 31097 31097 D DoMinderDebug: AlarmActivity: Screen will stay on until user action or timeout
01-15 21:22:03.278 31097 31097 D DoMinderDebug: AlarmActivity: Priority = high, triggerTime = 1768492320021
01-15 21:22:03.279 31097 31097 D DoMinderDebug: AlarmActivity: 5-minute timeout scheduled
01-15 21:22:03.279 31097 31097 D DoMinderDebug: AlarmActivity: Ringtone service should already be playing
01-15 21:22:03.282 31097 31097 D ViewRootImpl: update {(0,0)(fillxfill) sim={forwardNavigation} ty=BASE_APPLICATION wanim=0x10302fd
01-15 21:22:03.282 31097 31097 D ViewRootImpl:   fl=KEEP_SCREEN_ON LAYOUT_IN_SCREEN LAYOUT_INSET_DECOR SPLIT_TOUCH HARDWARE_ACCELERATED DRAWS_SYSTEM_BAR_BACKGROUNDS
01-15 21:22:03.282 31097 31097 D ViewRootImpl:   pfl=NO_MOVE_ANIMATION FORCE_DRAW_STATUS_BAR_BACKGROUND FIT_INSETS_CONTROLLED
01-15 21:22:03.282 31097 31097 D ViewRootImpl:   bhv=DEFAULT
01-15 21:22:03.282 31097 31097 D ViewRootImpl:   fitSides=} by setView
01-15 21:22:03.301 31097 31129 E OpenGLRenderer: Unable to match the desired swap behavior.
01-15 21:22:03.333 31097 31129 W Parcel  : Expecting binder but got null!
01-15 21:22:03.621 31097 31129 D Surface : Surface::disconnect
01-15 21:22:03.621 31097 31129 D BufferQueueProducer: [VRI[MainActivity]#3(BLAST Consumer)3](id:797900000003,api:1,p:31097,c:31097) disconnect: api 1
01-15 21:22:04.958 31097 31097 D DoMinderDebug: AlarmActivity: Done clicked for reminderId: 1768492305818
01-15 21:22:04.958 31097 31097 D DoMinderDebug: AlarmRingtoneService: stopAlarmRingtone called
01-15 21:22:04.960 31097 31097 D DoMinderDebug: AlarmActivity: Saved completion to SharedPreferences for 1768492305818 with triggerTime: 1768492320021
01-15 21:22:04.961 31097 31097 D DoMinderDebug: AlarmActivity: Sending ALARM_DONE broadcast with action: app.rork.dominder.ALARM_DONE, package: app.rork.dominder_android_reminder_app, triggerTime: 1768492320021
01-15 21:22:04.961 31097 31097 D DoMinderDebug: AlarmActivity: Broadcast sent successfully
01-15 21:22:04.964 31097 31097 D DoMinderDebug: AlarmRingtoneService: onStartCommand - action: app.rork.dominder.STOP_ALARM_RINGTONE
01-15 21:22:04.964 31097 31097 D DoMinderDebug: AlarmRingtoneService: Stopping ringtone service
01-15 21:22:04.964 31097 31097 D DoMinderDebug: AlarmRingtoneService: Stopping ringtone and vibration
01-15 21:22:04.986 31097 31097 V MediaPlayer: resetDrmState:  mDrmInfo=null mDrmProvisioningThread=null mPrepareDrmInProgress=false mActiveDrmScheme=false
01-15 21:22:04.986 31097 31097 V MediaPlayer: cleanDrmObj: mDrmObj=null mDrmSessionId=null
01-15 21:22:04.995 31097 31097 D DoMinderDebug: AlarmRingtoneService: MediaPlayer stopped and released
01-15 21:22:04.996 31097 31097 D DoMinderDebug: AlarmRingtoneService: Vibration stopped
01-15 21:22:04.996 31097 31097 D DoMinderDebug: AlarmRingtoneService: Wake lock released
01-15 21:22:04.998 31097 31097 D DoMinderDebug: AlarmRingtoneService: Restored alarm volume to 1
01-15 21:22:05.019 31097 31097 D DoMinderDebug: AlarmActionBridge: ===== onReceive called! =====
01-15 21:22:05.019 31097 31097 D DoMinderDebug: AlarmActionBridge: Received action: app.rork.dominder.ALARM_DONE
01-15 21:22:05.019 31097 31097 D DoMinderDebug: AlarmActionBridge: Intent extras: Bundle[mParcelledData.dataSize=108]
01-15 21:22:05.019 31097 31097 D DoMinderDebug: AlarmActionBridge: ALARM_DONE - reminderId: 1768492305818, triggerTime: 1768492320021
01-15 21:22:05.023 31097 31097 W SoLoader: SoLoader already initialized
01-15 21:22:05.025 31097 31097 W SoLoader: SoLoader already initialized
01-15 21:22:05.027 31097 31097 D DoMinderDebug: AlarmActionBridge: React Native running: false
01-15 21:22:05.027 31097 31097 D DoMinderDebug: AlarmActionBridge: App killed, native scheduling next occurrence
01-15 21:22:05.027 31097 31097 D DoMinderDebug: AlarmActionBridge: Non-repeating reminder, no next occurrence needed
01-15 21:22:05.027 31097 31097 D DoMinderDebug: AlarmActionBridge: About to emit alarmDone event to React Native
01-15 21:22:05.027 31097 31097 D DoMinderDebug: AlarmActionBridge: ===== emitEventToReactNative START =====
01-15 21:22:05.027 31097 31097 D DoMinderDebug: AlarmActionBridge: Event name: alarmDone, reminderId: 1768492305818, triggerTime: 1768492320021
01-15 21:22:05.027 31097 31097 D DoMinderDebug: AlarmActionBridge: Got application context: app.rork.dominder_android_reminder_app.MainApplication
01-15 21:22:05.027 31097 31097 D DoMinderDebug: AlarmActionBridge: App is ReactApplication 
01-15 21:22:05.027 31097 31097 D DoMinderDebug: AlarmActionBridge: Got ReactInstanceManager: com.facebook.react.ReactInstanceManager@b892235
01-15 21:22:05.027 31097 31097 D DoMinderDebug: AlarmActionBridge: ReactContext: null
01-15 21:22:05.027 31097 31097 D DoMinderDebug: AlarmActionBridge:  ERROR - ReactContext is NULL! 
01-15 21:22:05.027 31097 31097 D DoMinderDebug: AlarmActionBridge: This means React Native is not running or was killed
01-15 21:22:05.027 31097 31097 D DoMinderDebug: AlarmActionBridge: emitEventToReactNative call completed
01-15 21:22:05.028 31097 31097 W MediaPlayer: mediaplayer went away with unhandled events
01-15 21:22:05.028 31097 31097 W MediaPlayer: mediaplayer went away with unhandled events
01-15 21:22:05.028 31097 31097 D DoMinderDebug: AlarmRingtoneService: onDestroy
01-15 21:22:05.028 31097 31097 D DoMinderDebug: AlarmRingtoneService: Stopping ringtone and vibration
01-15 21:22:05.033 31097 31097 D DoMinderDebug: AlarmRingtoneService: Vibration stopped
01-15 21:22:05.269 31097 31097 D DoMinderDebug: AlarmActivity: Canceled notification with ID: 340973068
01-15 21:22:05.269 31097 31097 D DoMinderDebug: AlarmActivity: Finishing alarm activity properly
01-15 21:22:05.290 31097 31097 D DoMinderDebug: AlarmActivity: Finish sequence initiated
01-15 21:22:05.351 31097 31134 I ReactNativeJNI: Memory warning (pressure level: TRIM_MEMORY_UI_HIDDEN) received by JS VM, ignoring because it's non-severe
01-15 21:22:05.716 31097 31129 D Surface : Surface::disconnect
01-15 21:22:05.716 31097 31129 D BufferQueueProducer: [VRI[AlarmActivity]#6(BLAST Consumer)6](id:797900000006,api:1,p:31097,c:31097) disconnect: api 1
01-15 21:22:05.750 31097 31097 D DoMinderDebug: AlarmActivity: Canceled timeout and time update runnables
01-15 21:22:05.750 31097 31097 D DoMinderDebug: AlarmRingtoneService: stopAlarmRingtone called
01-15 21:22:05.763 31097 31097 D DoMinderDebug: AlarmActivity: WakeLock released
01-15 21:22:05.777 31097 31097 D DoMinderDebug: AlarmRingtoneService: onCreate
01-15 21:22:05.784 31097 31097 D DoMinderDebug: AlarmRingtoneService: onStartCommand - action: app.rork.dominder.STOP_ALARM_RINGTONE
01-15 21:22:05.784 31097 31097 D DoMinderDebug: AlarmRingtoneService: Stopping ringtone service
01-15 21:22:05.784 31097 31097 D DoMinderDebug: AlarmRingtoneService: Stopping ringtone and vibration
01-15 21:22:05.791 31097 31097 D DoMinderDebug: AlarmRingtoneService: Vibration stopped
01-15 21:22:05.794 31097 31097 I Process : Sending signal. PID: 31097 SIG: 9
