--------- beginning of main
01-02 21:17:04.230  3347  3347 I id_reminder_app: Using CollectorTypeCC GC.
01-02 21:17:04.240  3347  3347 D nativeloader: Load libframework-connectivity-tiramisu-jni.so using APEX ns com_android_tethering for caller /apex/com.android.tethering/javalib/framework-connectivity-t.jar: ok
01-02 21:17:04.268  3347  3347 D CompatibilityChangeReporter: Compat change id reported: 171979766; UID 11012; state: ENABLED
01-02 21:17:04.408  3347  3347 W id_reminder_app: Failed to find entry 'classes.dex': Entry not found
01-02 21:17:04.409  3347  3347 W id_reminder_app: Failed to find entry 'classes.dex': Entry not found
01-02 21:17:04.409  3347  3347 W id_reminder_app: Failed to find entry 'classes.dex': Entry not found
01-02 21:17:04.420  3347  3347 W id_reminder_app: Failed to find entry 'classes.dex': Entry not found
01-02 21:17:04.427  3347  3347 W id_reminder_app: Failed to find entry 'classes.dex': Entry not found
01-02 21:17:04.428  3347  3347 W id_reminder_app: Failed to find entry 'classes.dex': Entry not found
01-02 21:17:04.428  3347  3347 W id_reminder_app: Failed to find entry 'classes.dex': Entry not found
01-02 21:17:04.429  3347  3347 W id_reminder_app: Failed to find entry 'classes.dex': Entry not found
01-02 21:17:04.429  3347  3347 W id_reminder_app: Failed to find entry 'classes.dex': Entry not found
01-02 21:17:04.432  3347  3347 W id_reminder_app: Failed to find entry 'classes.dex': Entry not found
01-02 21:17:04.435  3347  3347 D nativeloader: Configuring clns-4 for other apk /data/app/~~czzrseekyCsTslJFvpM4-A==/app.rork.dominder_android_reminder_app-taQEDCtj_tZYIcWwt-tSag==/base.apk:/data/app/~~czzrseekyCsTslJFvpM4-A==/app.rork.dominder_android_reminder_app-taQEDCtj_tZYIcWwt-tSag==/split_config.arm64_v8a.apk:/data/app/~~czzrseekyCsTslJFvpM4-A==/app.rork.dominder_android_reminder_app-taQEDCtj_tZYIcWwt-tSag==/split_config.bn.apk:/data/app/~~czzrseekyCsTslJFvpM4-A==/app.rork.dominder_android_reminder_app-taQEDCtj_tZYIcWwt-tSag==/split_config.en.apk:/data/app/~~czzrseekyCsTslJFvpM4-A==/app.rork.dominder_android_reminder_app-taQEDCtj_tZYIcWwt-tSag==/split_config.gu.apk:/data/app/~~czzrseekyCsTslJFvpM4-A==/app.rork.dominder_android_reminder_app-taQEDCtj_tZYIcWwt-tSag==/split_config.hi.apk:/data/app/~~czzrseekyCsTslJFvpM4-A==/app.rork.dominder_android_reminder_app-taQEDCtj_tZYIcWwt-tSag==/split_config.kn.apk:/data/app/~~czzrseekyCsTslJFvpM4-A==/app.rork.dominder_android_reminder_app-taQEDCtj_tZYIcWwt-tSag==/split_config.mr.apk:/data/app/~~czzrseekyCsTsl
01-02 21:17:04.446  3347  3347 D nativeloader: Load libframework-connectivity-jni.so using APEX ns com_android_tethering for caller /apex/com.android.tethering/javalib/framework-connectivity.jar: ok
01-02 21:17:04.449  3347  3347 V GraphicsEnvironment: ANGLE Developer option for 'app.rork.dominder_android_reminder_app' set to: 'default'
01-02 21:17:04.449  3347  3347 V GraphicsEnvironment: ANGLE GameManagerService for app.rork.dominder_android_reminder_app: false
01-02 21:17:04.449  3347  3347 V GraphicsEnvironment: Neither updatable production driver nor prerelease driver is supported.
01-02 21:17:04.451  3347  3347 D NetworkSecurityConfig: No Network Security Config specified, using platform default
01-02 21:17:04.451  3347  3347 D NetworkSecurityConfig: No Network Security Config specified, using platform default
01-02 21:17:04.463  3347  3347 D WM-WrkMgrInitializer: Initializing WorkManager with default configuration.
01-02 21:17:04.466  3347  3347 D WM-PackageManagerHelper: Skipping component enablement for androidx.work.impl.background.systemjob.SystemJobService
01-02 21:17:04.466  3347  3347 D WM-Schedulers: Created SystemJobScheduler and enabled SystemJobService
01-02 21:17:04.467  3347  3347 D NOTIFEE : (context): received application context
01-02 21:17:04.470  3347  3347 W SoLoader: Initializing SoLoader: 0
01-02 21:17:04.470  3347  3347 W SoLoader: Recording new base apk path: /data/app/~~czzrseekyCsTslJFvpM4-A==/app.rork.dominder_android_reminder_app-taQEDCtj_tZYIcWwt-tSag==/base.apk
01-02 21:17:04.470  3347  3347 W SoLoader: Previously recorded 0 base apk paths.
01-02 21:17:04.471  3347  3347 I SoLoader: Preparing SO source: DirectorySoSource[root = /vendor/lib64 flags = 2]
01-02 21:17:04.471  3347  3347 I SoLoader: Preparing SO source: DirectorySoSource[root = /system/lib64 flags = 2]
01-02 21:17:04.471  3347  3347 I SoLoader: Preparing SO source: DirectApkSoSource[root = [/data/app/~~czzrseekyCsTslJFvpM4-A==/app.rork.dominder_android_reminder_app-taQEDCtj_tZYIcWwt-tSag==/split_config.ta.apk!/lib/arm64-v8a, /data/app/~~czzrseekyCsTslJFvpM4-A==/app.rork.dominder_android_reminder_app-taQEDCtj_tZYIcWwt-tSag==/split_config.gu.apk!/lib/arm64-v8a, /data/app/~~czzrseekyCsTslJFvpM4-A==/app.rork.dominder_android_reminder_app-taQEDCtj_tZYIcWwt-tSag==/base.apk!/lib/arm64-v8a, /data/app/~~czzrseekyCsTslJFvpM4-A==/app.rork.dominder_android_reminder_app-taQEDCtj_tZYIcWwt-tSag==/split_config.en.apk!/lib/arm64-v8a, /data/app/~~czzrseekyCsTslJFvpM4-A==/app.rork.dominder_android_reminder_app-taQEDCtj_tZYIcWwt-tSag==/split_config.bn.apk!/lib/arm64-v8a, /data/app/~~czzrseekyCsTslJFvpM4-A==/app.rork.dominder_android_reminder_app-taQEDCtj_tZYIcWwt-tSag==/split_config.xxhdpi.apk!/lib/arm64-v8a, /data/app/~~czzrseekyCsTslJFvpM4-A==/app.rork.dominder_android_reminder_app-taQEDCtj_tZYIcWwt-tSag==/split_config.mr.apk!/lib/arm64-v8a, /data/app/~~czzrseekyCsTslJFvpM4-A==/app.rork.dominder_android_reminder_app-taQEDCtj_tZYIcWwt-tSag==/split_config.hi.apk!/lib/arm64-v8a, /data/app/~~czzrseekyCsTslJFvpM4-A==/app.rork.dominder_android_reminder_app-taQEDCtj_tZYIcWwt-tSag==/split_config.arm64_v8a.apk!/lib/arm64-v8a, /data/app/~~czzrseekyCsTslJFvpM4-A==/app.rork.dominder_android_reminder_app-taQEDCtj_tZYIcWwt-tSag==/split_config.te.apk!/lib/arm64-v8a, /data/app/~~czzrseekyCsTslJFvpM4-A==/app.rork.dominder_android_reminder_app-taQEDCtj_tZYIcWwt-tSag==/split_config.kn.apk!/lib/arm64-v8a]]
01-02 21:17:04.476  3347  3347 I SoLoader: Preparing SO source: ApplicationSoSource[DirectorySoSource[root = /data/app/~~czzrseekyCsTslJFvpM4-A==/app.rork.dominder_android_reminder_app-taQEDCtj_tZYIcWwt-tSag==/lib/arm64 flags = 0]]
01-02 21:17:04.476  3347  3347 I SoLoader: init finish: 4 SO sources prepared
01-02 21:17:04.476  3347  3347 W SoLoader: SoLoader initialized: 8
01-02 21:17:04.495  3347  3347 D nativeloader: Load /data/app/~~czzrseekyCsTslJFvpM4-A==/app.rork.dominder_android_reminder_app-taQEDCtj_tZYIcWwt-tSag==/split_config.arm64_v8a.apk!/lib/arm64-v8a/libc++_shared.so using class loader ns clns-4 (caller=/data/app/~~czzrseekyCsTslJFvpM4-A==/app.rork.dominder_android_reminder_app-taQEDCtj_tZYIcWwt-tSag==/base.apk!classes2.dex): ok
01-02 21:17:04.504  3347  3347 D nativeloader: Load /data/app/~~czzrseekyCsTslJFvpM4-A==/app.rork.dominder_android_reminder_app-taQEDCtj_tZYIcWwt-tSag==/split_config.arm64_v8a.apk!/lib/arm64-v8a/libjsi.so using class loader ns clns-4 (caller=/data/app/~~czzrseekyCsTslJFvpM4-A==/app.rork.dominder_android_reminder_app-taQEDCtj_tZYIcWwt-tSag==/base.apk!classes2.dex): ok
01-02 21:17:04.507  3347  3379 D CompatibilityChangeReporter: Compat change id reported: 160794467; UID 11012; state: ENABLED
01-02 21:17:04.511  3347  3347 D nativeloader: Load /data/app/~~czzrseekyCsTslJFvpM4-A==/app.rork.dominder_android_reminder_app-taQEDCtj_tZYIcWwt-tSag==/split_config.arm64_v8a.apk!/lib/arm64-v8a/libfbjni.so using class loader ns clns-4 (caller=/data/app/~~czzrseekyCsTslJFvpM4-A==/app.rork.dominder_android_reminder_app-taQEDCtj_tZYIcWwt-tSag==/base.apk!classes2.dex): ok
01-02 21:17:04.534  3347  3347 D nativeloader: Load /data/app/~~czzrseekyCsTslJFvpM4-A==/app.rork.dominder_android_reminder_app-taQEDCtj_tZYIcWwt-tSag==/split_config.arm64_v8a.apk!/lib/arm64-v8a/libreactnative.so using class loader ns clns-4 (caller=/data/app/~~czzrseekyCsTslJFvpM4-A==/app.rork.dominder_android_reminder_app-taQEDCtj_tZYIcWwt-tSag==/base.apk!classes2.dex): ok
01-02 21:17:04.535  3347  3347 D jni_lib_merge: Entering merged library JNI_OnLoad.
01-02 21:17:04.535  3347  3347 D jni_lib_merge: Preparing 11 pre-merged libs (including stub)
01-02 21:17:04.535  3347  3347 D jni_lib_merge: Preparing to register libfabricjni_so.  onload_func: 0x783a8524c4
01-02 21:17:04.535  3347  3347 D jni_lib_merge: Preparing to register libreact_devsupportjni_so.  onload_func: 0x783a924110
01-02 21:17:04.535  3347  3347 D jni_lib_merge: Preparing to register libreact_featureflagsjni_so.  onload_func: 0x783a92c3ac
01-02 21:17:04.535  3347  3347 D jni_lib_merge: Preparing to register libreact_newarchdefaults_so.  onload_func: 0x783a9503c8
01-02 21:17:04.535  3347  3347 D jni_lib_merge: Preparing to register libreactnativeblob_so.  onload_func: 0x783a9d721c
01-02 21:17:04.535  3347  3347 D jni_lib_merge: Preparing to register libreactnativejni_so.  onload_func: 0x783a9f5204
01-02 21:17:04.535  3347  3347 D jni_lib_merge: Preparing to register librninstance_so.  onload_func: 0x783aa0e990
01-02 21:17:04.535  3347  3347 D jni_lib_merge: Preparing to register libturbomodulejsijni_so.  onload_func: 0x783aa8987c
01-02 21:17:04.535  3347  3347 D jni_lib_merge: Preparing to register libuimanagerjni_so.  onload_func: 0x783aa90d94
01-02 21:17:04.535  3347  3347 D jni_lib_merge: Preparing to register libyoga_so.  onload_func: 0x783aa961e8
01-02 21:17:04.535  3347  3347 D jni_lib_merge: About to register 10 actual methods.
01-02 21:17:04.546  3347  3347 D nativeloader: Load /data/app/~~czzrseekyCsTslJFvpM4-A==/app.rork.dominder_android_reminder_app-taQEDCtj_tZYIcWwt-tSag==/split_config.arm64_v8a.apk!/lib/arm64-v8a/libreact_codegen_rnscreens.so using class loader ns clns-4 (caller=/data/app/~~czzrseekyCsTslJFvpM4-A==/app.rork.dominder_android_reminder_app-taQEDCtj_tZYIcWwt-tSag==/base.apk!classes2.dex): ok
01-02 21:17:04.546  3347  3347 D jni_lib_merge: Entering merged library JNI_OnLoad.
01-02 21:17:04.546  3347  3347 D jni_lib_merge: Preparing 11 pre-merged libs (including stub)
01-02 21:17:04.546  3347  3347 D jni_lib_merge: Preparing to register libfabricjni_so.  onload_func: 0x783a8524c4
01-02 21:17:04.546  3347  3347 D jni_lib_merge: Preparing to register libreact_devsupportjni_so.  onload_func: 0x783a924110
01-02 21:17:04.546  3347  3347 D jni_lib_merge: Preparing to register libreact_featureflagsjni_so.  onload_func: 0x783a92c3ac
01-02 21:17:04.546  3347  3347 D jni_lib_merge: Preparing to register libreact_newarchdefaults_so.  onload_func: 0x783a9503c8
01-02 21:17:04.546  3347  3347 D jni_lib_merge: Preparing to register libreactnativeblob_so.  onload_func: 0x783a9d721c
01-02 21:17:04.546  3347  3347 D jni_lib_merge: Preparing to register libreactnativejni_so.  onload_func: 0x783a9f5204
01-02 21:17:04.546  3347  3347 D jni_lib_merge: Preparing to register librninstance_so.  onload_func: 0x783aa0e990
01-02 21:17:04.546  3347  3347 D jni_lib_merge: Preparing to register libturbomodulejsijni_so.  onload_func: 0x783aa8987c
01-02 21:17:04.546  3347  3347 D jni_lib_merge: Preparing to register libuimanagerjni_so.  onload_func: 0x783aa90d94
01-02 21:17:04.546  3347  3347 D jni_lib_merge: Preparing to register libyoga_so.  onload_func: 0x783aa961e8
01-02 21:17:04.546  3347  3347 D jni_lib_merge: About to register 10 actual methods.
01-02 21:17:04.549  3347  3347 D nativeloader: Load /data/app/~~czzrseekyCsTslJFvpM4-A==/app.rork.dominder_android_reminder_app-taQEDCtj_tZYIcWwt-tSag==/split_config.arm64_v8a.apk!/lib/arm64-v8a/libreact_codegen_rnsvg.so using class loader ns clns-4 (caller=/data/app/~~czzrseekyCsTslJFvpM4-A==/app.rork.dominder_android_reminder_app-taQEDCtj_tZYIcWwt-tSag==/base.apk!classes2.dex): ok
01-02 21:17:04.549  3347  3347 D jni_lib_merge: Entering merged library JNI_OnLoad.
01-02 21:17:04.550  3347  3347 D jni_lib_merge: Preparing 11 pre-merged libs (including stub)
01-02 21:17:04.550  3347  3347 D jni_lib_merge: Preparing to register libfabricjni_so.  onload_func: 0x783a8524c4
01-02 21:17:04.550  3347  3347 D jni_lib_merge: Preparing to register libreact_devsupportjni_so.  onload_func: 0x783a924110
01-02 21:17:04.550  3347  3347 D jni_lib_merge: Preparing to register libreact_featureflagsjni_so.  onload_func: 0x783a92c3ac
01-02 21:17:04.550  3347  3347 D jni_lib_merge: Preparing to register libreact_newarchdefaults_so.  onload_func: 0x783a9503c8
01-02 21:17:04.550  3347  3347 D jni_lib_merge: Preparing to register libreactnativeblob_so.  onload_func: 0x783a9d721c
01-02 21:17:04.550  3347  3347 D jni_lib_merge: Preparing to register libreactnativejni_so.  onload_func: 0x783a9f5204
01-02 21:17:04.550  3347  3347 D jni_lib_merge: Preparing to register librninstance_so.  onload_func: 0x783aa0e990
01-02 21:17:04.550  3347  3347 D jni_lib_merge: Preparing to register libturbomodulejsijni_so.  onload_func: 0x783aa8987c
01-02 21:17:04.550  3347  3347 D jni_lib_merge: Preparing to register libuimanagerjni_so.  onload_func: 0x783aa90d94
01-02 21:17:04.550  3347  3347 D jni_lib_merge: Preparing to register libyoga_so.  onload_func: 0x783aa961e8
01-02 21:17:04.550  3347  3347 D jni_lib_merge: About to register 10 actual methods.
01-02 21:17:04.552  3347  3347 D nativeloader: Load /data/app/~~czzrseekyCsTslJFvpM4-A==/app.rork.dominder_android_reminder_app-taQEDCtj_tZYIcWwt-tSag==/split_config.arm64_v8a.apk!/lib/arm64-v8a/libreact_codegen_safeareacontext.so using class loader ns clns-4 (caller=/data/app/~~czzrseekyCsTslJFvpM4-A==/app.rork.dominder_android_reminder_app-taQEDCtj_tZYIcWwt-tSag==/base.apk!classes2.dex): ok
01-02 21:17:04.560  3347  3347 D nativeloader: Load /data/app/~~czzrseekyCsTslJFvpM4-A==/app.rork.dominder_android_reminder_app-taQEDCtj_tZYIcWwt-tSag==/split_config.arm64_v8a.apk!/lib/arm64-v8a/libappmodules.so using class loader ns clns-4 (caller=/data/app/~~czzrseekyCsTslJFvpM4-A==/app.rork.dominder_android_reminder_app-taQEDCtj_tZYIcWwt-tSag==/base.apk!classes2.dex): ok
01-02 21:17:04.560  3347  3347 I Typeface: updateThemeFont new=Rookery-Regular;old=sans-serif;new=Rookery-Stacked;old=
01-02 21:17:04.567  3347  3347 D AppCompatDelegate: Checking for metadata for AppLocalesMetadataHolderService : Service not found
01-02 21:17:04.594  3347  3347 W unknown:BridgelessReact: ReactHost{0}.startSurface(surfaceId = 0): Schedule
01-02 21:17:04.594  3347  3347 W unknown:BridgelessReact: ReactHost{0}.attachSurface(surfaceId = 0)
01-02 21:17:04.595  3347  3406 W unknown:BridgelessReact: ReactHost{0}.getOrCreateReactInstanceTask()
01-02 21:17:04.595  3347  3406 W unknown:BridgelessReact: ReactHost{0}.getOrCreateReactInstanceTask(): Start
01-02 21:17:04.595  3347  3406 W unknown:BridgelessReact: ReactHost{0}.getJSBundleLoader()
01-02 21:17:04.595  3347  3406 W unknown:BridgelessReact: ReactHost{0}.getOrCreateReactContext(): Creating BridgelessReactContext
01-02 21:17:04.595  3347  3406 W unknown:BridgelessReact: ReactHost{0}.getOrCreateReactInstanceTask(): Creating ReactInstance
01-02 21:17:04.596  3347  3347 W unknown:BridgelessReact: ReactHost{0}.onHostResume(activity)
01-02 21:17:04.596  3347  3347 W unknown:BridgelessReact: ReactContext.onHostResume()
01-02 21:17:04.603  3347  3406 D nativeloader: Load /data/app/~~czzrseekyCsTslJFvpM4-A==/app.rork.dominder_android_reminder_app-taQEDCtj_tZYIcWwt-tSag==/split_config.arm64_v8a.apk!/lib/arm64-v8a/libhermes.so using class loader ns clns-4 (caller=/data/app/~~czzrseekyCsTslJFvpM4-A==/app.rork.dominder_android_reminder_app-taQEDCtj_tZYIcWwt-tSag==/base.apk!classes2.dex): ok
01-02 21:17:04.604  3347  3406 D nativeloader: Load /data/app/~~czzrseekyCsTslJFvpM4-A==/app.rork.dominder_android_reminder_app-taQEDCtj_tZYIcWwt-tSag==/split_config.arm64_v8a.apk!/lib/arm64-v8a/libhermestooling.so using class loader ns clns-4 (caller=/data/app/~~czzrseekyCsTslJFvpM4-A==/app.rork.dominder_android_reminder_app-taQEDCtj_tZYIcWwt-tSag==/base.apk!classes2.dex): ok
01-02 21:17:04.604  3347  3406 D jni_lib_merge: Entering merged library JNI_OnLoad.
01-02 21:17:04.604  3347  3406 D jni_lib_merge: Preparing 4 pre-merged libs (including stub)
01-02 21:17:04.604  3347  3406 D jni_lib_merge: Preparing to register libhermes_executor_so.  onload_func: 0x78bf15711c
01-02 21:17:04.604  3347  3406 D jni_lib_merge: Preparing to register libhermesinstancejni_so.  onload_func: 0x78bf15ea58
01-02 21:17:04.604  3347  3406 D jni_lib_merge: Preparing to register libjsijniprofiler_so.  onload_func: 0x78bf15f114
01-02 21:17:04.604  3347  3406 D jni_lib_merge: About to register 3 actual methods.
--------- beginning of system
01-02 21:17:04.614  3347  3347 D ViewRootImpl: update {(0,0)(fillxfill) sim={adjust=pan forwardNavigation} ty=BASE_APPLICATION wanim=0x10302fd
01-02 21:17:04.614  3347  3347 D ViewRootImpl:   fl=LAYOUT_IN_SCREEN LAYOUT_INSET_DECOR SPLIT_TOUCH HARDWARE_ACCELERATED DRAWS_SYSTEM_BAR_BACKGROUNDS
01-02 21:17:04.614  3347  3347 D ViewRootImpl:   pfl=NO_MOVE_ANIMATION FORCE_DRAW_STATUS_BAR_BACKGROUND FIT_INSETS_CONTROLLED
01-02 21:17:04.614  3347  3347 D ViewRootImpl:   bhv=DEFAULT
01-02 21:17:04.614  3347  3347 D ViewRootImpl:   fitSides=} by setView
01-02 21:17:04.656  3347  3387 I AdrenoGLES-0: QUALCOMM build                   : 43fc279f3a, I58833f8ed4
01-02 21:17:04.656  3347  3387 I AdrenoGLES-0: Build Date                       : 03/24/23
01-02 21:17:04.656  3347  3387 I AdrenoGLES-0: OpenGL ES Shader Compiler Version: EV031.32.02.17
01-02 21:17:04.656  3347  3387 I AdrenoGLES-0: Local Branch                     : 
01-02 21:17:04.656  3347  3387 I AdrenoGLES-0: Remote Branch                    : 
01-02 21:17:04.656  3347  3387 I AdrenoGLES-0: Remote Branch                    : 
01-02 21:17:04.656  3347  3387 I AdrenoGLES-0: Reconstruct Branch               : 
01-02 21:17:04.656  3347  3387 I AdrenoGLES-0: Build Config                     : S P 10.0.7 AArch64
01-02 21:17:04.656  3347  3387 I AdrenoGLES-0: Driver Path                      : /vendor/lib64/egl/libGLESv2_adreno.so
01-02 21:17:04.656  3347  3347 D LicenseClient: Connecting to the licensing service...
01-02 21:17:04.663  3347  3406 I ExpoModulesCore:  AppContext was initialized
01-02 21:17:04.666  3347  3406 D DoMinderDebug: MissedAlarmReceiver: Registered broadcast receiver
01-02 21:17:04.672  3347  3406 W ReactNativeJNI: Component property map contains multiple entries for 'borderColor'. Ensure all calls to convertRawProp use a consistent prefix, name and suffix.
01-02 21:17:04.672  3347  3406 W ReactNativeJNI: Component property map contains multiple entries for 'borderStyle'. Ensure all calls to convertRawProp use a consistent prefix, name and suffix.
01-02 21:17:04.672  3347  3406 W ReactNativeJNI: Component property map contains multiple entries for 'borderRadius'. Ensure all calls to convertRawProp use a consistent prefix, name and suffix.
01-02 21:17:04.672  3347  3406 W ReactNativeJNI: Component property map contains multiple entries for 'borderEndColor'. Ensure all calls to convertRawProp use a consistent prefix, name and suffix.
01-02 21:17:04.672  3347  3406 W ReactNativeJNI: Component property map contains multiple entries for 'borderTopColor'. Ensure all calls to convertRawProp use a consistent prefix, name and suffix.
01-02 21:17:04.672  3347  3406 W ReactNativeJNI: Component property map contains multiple entries for 'borderLeftColor'. Ensure all calls to convertRawProp use a consistent prefix, name and suffix.
01-02 21:17:04.672  3347  3406 W ReactNativeJNI: Component property map contains multiple entries for 'borderBlockColor'. Ensure all calls to convertRawProp use a consistent prefix, name and suffix.
01-02 21:17:04.672  3347  3406 W ReactNativeJNI: Component property map contains multiple entries for 'borderRightColor'. Ensure all calls to convertRawProp use a consistent prefix, name and suffix.
01-02 21:17:04.672  3347  3406 W ReactNativeJNI: Component property map contains multiple entries for 'borderStartColor'. Ensure all calls to convertRawProp use a consistent prefix, name and suffix.
01-02 21:17:04.672  3347  3406 W ReactNativeJNI: Component property map contains multiple entries for 'borderBottomColor'. Ensure all calls to convertRawProp use a consistent prefix, name and suffix.
01-02 21:17:04.672  3347  3406 W ReactNativeJNI: Component property map contains multiple entries for 'borderEndEndRadius'. Ensure all calls to convertRawProp use a consistent prefix, name and suffix.
01-02 21:17:04.672  3347  3406 W ReactNativeJNI: Component property map contains multiple entries for 'borderTopEndRadius'. Ensure all calls to convertRawProp use a consistent prefix, name and suffix.
01-02 21:17:04.672  3347  3406 W ReactNativeJNI: Component property map contains multiple entries for 'borderBlockEndColor'. Ensure all calls to convertRawProp use a consistent prefix, name and suffix.
01-02 21:17:04.672  3347  3406 W ReactNativeJNI: Component property map contains multiple entries for 'borderTopLeftRadius'. Ensure all calls to convertRawProp use a consistent prefix, name and suffix.
01-02 21:17:04.672  3347  3406 W ReactNativeJNI: Component property map contains multiple entries for 'borderEndStartRadius'. Ensure all calls to convertRawProp use a consistent prefix, name and suffix.
01-02 21:17:04.672  3347  3406 W ReactNativeJNI: Component property map contains multiple entries for 'borderStartEndRadius'. Ensure all calls to convertRawProp use a consistent prefix, name and suffix.
01-02 21:17:04.672  3347  3406 W ReactNativeJNI: Component property map contains multiple entries for 'borderTopRightRadius'. Ensure all calls to convertRawProp use a consistent prefix, name and suffix.
01-02 21:17:04.672  3347  3406 W ReactNativeJNI: Component property map contains multiple entries for 'borderTopStartRadius'. Ensure all calls to convertRawProp use a consistent prefix, name and suffix.
01-02 21:17:04.672  3347  3406 W ReactNativeJNI: Component property map contains multiple entries for 'borderBlockStartColor'. Ensure all calls to convertRawProp use a consistent prefix, name and suffix.
01-02 21:17:04.672  3347  3406 W ReactNativeJNI: Component property map contains multiple entries for 'borderBottomEndRadius'. Ensure all calls to convertRawProp use a consistent prefix, name and suffix.
01-02 21:17:04.672  3347  3406 W ReactNativeJNI: Component property map contains multiple entries for 'borderBottomLeftRadius'. Ensure all calls to convertRawProp use a consistent prefix, name and suffix.
01-02 21:17:04.672  3347  3406 W ReactNativeJNI: Component property map contains multiple entries for 'borderStartStartRadius'. Ensure all calls to convertRawProp use a consistent prefix, name and suffix.
01-02 21:17:04.672  3347  3406 W ReactNativeJNI: Component property map contains multiple entries for 'borderBottomRightRadius'. Ensure all calls to convertRawProp use a consistent prefix, name and suffix.
01-02 21:17:04.672  3347  3406 W ReactNativeJNI: Component property map contains multiple entries for 'borderBottomStartRadius'. Ensure all calls to convertRawProp use a consistent prefix, name and suffix.
01-02 21:17:04.678  3347  3387 I AdrenoGLES-0: PFP: 0x016ee197, ME: 0x00000000
01-02 21:17:04.685  3347  3406 W ReactNativeJNI: Component property map contains multiple entries for 'borderColor'. Ensure all calls to convertRawProp use a consistent prefix, name and suffix.
01-02 21:17:04.685  3347  3406 W ReactNativeJNI: Component property map contains multiple entries for 'borderStyle'. Ensure all calls to convertRawProp use a consistent prefix, name and suffix.
01-02 21:17:04.700  3347  3387 I OpenGLRenderer: setGrContext nullptr-->validptr
01-02 21:17:04.702  3347  3406 W unknown:BridgelessReact: ReactHost{0}.getOrCreateReactInstanceTask(): Loading JS Bundle
01-02 21:17:04.703  3347  3406 W unknown:BridgelessReact: ReactHost{0}.getOrCreateReactInstanceTask(): Calling DevSupportManagerBase.onNewReactContextCreated(reactContext)
01-02 21:17:04.703  3347  3406 W unknown:BridgelessReact: ReactHost{0}.startSurface(surfaceId = 0): Execute
01-02 21:17:04.717  3347  3387 E OpenGLRenderer: Unable to match the desired swap behavior.
01-02 21:17:04.723  3347  3347 D LicenseClient: Connected to the licensing service.
01-02 21:17:04.724  3347  3347 W unknown:BridgelessReact: ReactContext.onHostResume()
01-02 21:17:04.724  3347  3347 W unknown:BridgelessReact: ReactHost{0}.getOrCreateReactInstanceTask(): Executing ReactInstanceEventListeners
01-02 21:17:04.724  3347  3419 D LicenseClient: Sending request to license reporting service...
01-02 21:17:04.736  3347  3407 D nativeloader: Load /data/app/~~czzrseekyCsTslJFvpM4-A==/app.rork.dominder_android_reminder_app-taQEDCtj_tZYIcWwt-tSag==/split_config.arm64_v8a.apk!/lib/arm64-v8a/libexpo-modules-core.so using class loader ns clns-4 (caller=/data/app/~~czzrseekyCsTslJFvpM4-A==/app.rork.dominder_android_reminder_app-taQEDCtj_tZYIcWwt-tSag==/base.apk!classes2.dex): ok
01-02 21:17:04.747  3347  3407 D CompatibilityChangeReporter: Compat change id reported: 210923482; UID 11012; state: ENABLED
01-02 21:17:04.749  3347  3407 W unknown:ViewManagerPropertyUpdater: Could not find generated setter for class com.th3rdwave.safeareacontext.SafeAreaProviderManager
01-02 21:17:04.750  3347  3407 W unknown:ViewManagerPropertyUpdater: Could not find generated setter for class com.facebook.react.uimanager.LayoutShadowNode
01-02 21:17:04.752  3347  3407 W unknown:ViewManagerPropertyUpdater: Could not find generated setter for class com.swmansion.rnscreens.SearchBarManager
01-02 21:17:04.752  3347  3407 W unknown:ViewManagerPropertyUpdater: Could not find generated setter for class com.swmansion.rnscreens.ScreenFooterManager
01-02 21:17:04.752  3347  3407 W unknown:ViewManagerPropertyUpdater: Could not find generated setter for class expo.modules.kotlin.views.GroupViewManagerWrapper
01-02 21:17:04.753  3347  3407 W unknown:ViewManagerPropertyUpdater: Could not find generated setter for class com.swmansion.rnscreens.ScreenContainerViewManager
01-02 21:17:04.753  3347  3407 W unknown:ViewManagerPropertyUpdater: Could not find generated setter for class com.swmansion.rnscreens.ModalScreenViewManager
01-02 21:17:04.754  3347  3407 W unknown:ViewManagerPropertyUpdater: Could not find generated setter for class com.swmansion.rnscreens.ScreenStackHeaderConfigViewManager
01-02 21:17:04.754  3347  3407 W unknown:ViewManagerPropertyUpdater: Could not find generated setter for class com.swmansion.rnscreens.ScreenContentWrapperManager
01-02 21:17:04.754  3347  3407 W unknown:ViewManagerPropertyUpdater: Could not find generated setter for class com.th3rdwave.safeareacontext.SafeAreaViewManager
01-02 21:17:04.755  3347  3407 W unknown:ViewManagerPropertyUpdater: Could not find generated setter for class com.th3rdwave.safeareacontext.SafeAreaViewShadowNode
01-02 21:17:04.755  3347  3407 W unknown:ViewManagerPropertyUpdater: Could not find generated setter for class com.shopify.reactnative.flash_list.AutoLayoutViewManager
01-02 21:17:04.755  3347  3407 W unknown:ViewManagerPropertyUpdater: Could not find generated setter for class com.shopify.reactnative.flash_list.CellContainerManager
01-02 21:17:04.756  3347  3407 W unknown:ViewManagerPropertyUpdater: Could not find generated setter for class com.swmansion.rnscreens.ScreenViewManager
01-02 21:17:04.756  3347  3407 W unknown:ViewManagerPropertyUpdater: Could not find generated setter for class expo.modules.kotlin.views.SimpleViewManagerWrapper
01-02 21:17:04.756  3347  3407 W unknown:ViewManagerPropertyUpdater: Could not find generated setter for class com.swmansion.rnscreens.ScreenStackHeaderSubviewManager
01-02 21:17:04.757  3347  3407 W unknown:ViewManagerPropertyUpdater: Could not find generated setter for class com.swmansion.rnscreens.ScreenStackViewManager
01-02 21:17:04.767  3347  3419 D LicenseClient: Request to licensing reporting service sent.
01-02 21:17:04.773  3347  3407 W unknown:ViewManagerPropertyUpdater: Could not find generated setter for class com.horcrux.svg.RenderableViewManager$DefsViewManager
01-02 21:17:04.774  3347  3407 W unknown:ViewManagerPropertyUpdater: Could not find generated setter for class com.horcrux.svg.VirtualViewManager$RenderableShadowNode
01-02 21:17:04.775  3347  3407 W unknown:ViewManagerPropertyUpdater: Could not find generated setter for class com.horcrux.svg.RenderableViewManager$FeMergeManager
01-02 21:17:04.776  3347  3407 W unknown:ViewManagerPropertyUpdater: Could not find generated setter for class com.facebook.react.views.safeareaview.ReactSafeAreaViewManager
01-02 21:17:04.776  3347  3407 W unknown:ViewManagerPropertyUpdater: Could not find generated setter for class com.facebook.react.views.safeareaview.ReactSafeAreaViewShadowNode
01-02 21:17:04.777  3347  3407 W unknown:ViewManagerPropertyUpdater: Could not find generated setter for class com.horcrux.svg.RenderableViewManager$LinearGradientManager
01-02 21:17:04.779  3347  3407 W unknown:ViewManagerPropertyUpdater: Could not find generated setter for class com.horcrux.svg.RenderableViewManager$FeGaussianBlurManager
01-02 21:17:04.780  3347  3407 W unknown:ViewManagerPropertyUpdater: Could not find generated setter for class com.facebook.react.views.progressbar.ReactProgressBarViewManager
01-02 21:17:04.780  3347  3407 W unknown:ViewManagerPropertyUpdater: Could not find generated setter for class com.facebook.react.views.progressbar.ProgressBarShadowNode
01-02 21:17:04.781  3347  3407 W unknown:ViewManagerPropertyUpdater: Could not find generated setter for class com.facebook.react.views.scroll.ReactHorizontalScrollViewManager
01-02 21:17:04.783  3347  3407 W unknown:ViewManagerPropertyUpdater: Could not find generated setter for class com.facebook.react.views.text.ReactTextViewManager
01-02 21:17:04.783  3347  3407 W unknown:ViewManagerPropertyUpdater: Could not find generated setter for class com.facebook.react.views.text.ReactTextShadowNode
01-02 21:17:04.785  3347  3407 W unknown:ViewManagerPropertyUpdater: Could not find generated setter for class com.horcrux.svg.RenderableViewManager$FeColorMatrixManager
01-02 21:17:04.786  3347  3407 W unknown:ViewManagerPropertyUpdater: Could not find generated setter for class com.facebook.react.views.scroll.ReactHorizontalScrollContainerViewManager
01-02 21:17:04.787  3347  3407 W unknown:ViewManagerPropertyUpdater: Could not find generated setter for class com.horcrux.svg.RenderableViewManager$ClipPathViewManager
01-02 21:17:04.788  3347  3407 W unknown:ViewManagerPropertyUpdater: Could not find generated setter for class com.horcrux.svg.RenderableViewManager$SymbolManager
01-02 21:17:04.790  3347  3407 W unknown:ViewManagerPropertyUpdater: Could not find generated setter for class com.horcrux.svg.RenderableViewManager$PatternManager
01-02 21:17:04.791  3347  3407 W unknown:ViewManagerPropertyUpdater: Could not find generated setter for class com.horcrux.svg.RenderableViewManager$FeBlendManager
01-02 21:17:04.792  3347  3407 W unknown:ViewManagerPropertyUpdater: Could not find generated setter for class com.facebook.react.views.view.ReactViewManager
01-02 21:17:04.793  3347  3407 W unknown:ViewManagerPropertyUpdater: Could not find generated setter for class com.horcrux.svg.SvgViewManager
01-02 21:17:04.795  3347  3407 W unknown:ViewManagerPropertyUpdater: Could not find generated setter for class com.facebook.react.views.switchview.ReactSwitchManager
01-02 21:17:04.795  3347  3407 W unknown:ViewManagerPropertyUpdater: Could not find generated setter for class com.facebook.react.views.switchview.ReactSwitchShadowNode
01-02 21:17:04.796  3347  3407 W unknown:ViewManagerPropertyUpdater: Could not find generated setter for class com.horcrux.svg.RenderableViewManager$UseViewManager
01-02 21:17:04.797  3347  3407 W unknown:ViewManagerPropertyUpdater: Could not find generated setter for class com.horcrux.svg.RenderableViewManager$CircleViewManager
01-02 21:17:04.798  3347  3407 W unknown:ViewManagerPropertyUpdater: Could not find generated setter for class com.horcrux.svg.RenderableViewManager$TSpanViewManager
01-02 21:17:04.800  3347  3407 W unknown:ViewManagerPropertyUpdater: Could not find generated setter for class com.horcrux.svg.RenderableViewManager$FilterManager
01-02 21:17:04.801  3347  3407 W unknown:ViewManagerPropertyUpdater: Could not find generated setter for class com.horcrux.svg.RenderableViewManager$MarkerManager
01-02 21:17:04.803  3347  3407 W unknown:ViewManagerPropertyUpdater: Could not find generated setter for class com.swmansion.gesturehandler.react.RNGestureHandlerButtonViewManager
01-02 21:17:04.804  3347  3407 W unknown:ViewManagerPropertyUpdater: Could not find generated setter for class com.facebook.react.views.modal.ReactModalHostManager
01-02 21:17:04.805  3347  3407 W unknown:ViewManagerPropertyUpdater: Could not find generated setter for class com.horcrux.svg.RenderableViewManager$ForeignObjectManager
01-02 21:17:04.806  3347  3407 W unknown:ViewManagerPropertyUpdater: Could not find generated setter for class com.horcrux.svg.RenderableViewManager$EllipseViewManager
01-02 21:17:04.807  3347  3407 W unknown:ViewManagerPropertyUpdater: Could not find generated setter for class com.horcrux.svg.RenderableViewManager$LineViewManager
01-02 21:17:04.809  3347  3407 W unknown:ViewManagerPropertyUpdater: Could not find generated setter for class com.facebook.react.views.text.frescosupport.FrescoBasedReactTextInlineImageViewManager
01-02 21:17:04.809  3347  3407 W unknown:ViewManagerPropertyUpdater: Could not find generated setter for class com.facebook.react.views.text.frescosupport.FrescoBasedReactTextInlineImageShadowNode
01-02 21:17:04.810  3347  3407 W unknown:ViewManagerPropertyUpdater: Could not find generated setter for class com.horcrux.svg.RenderableViewManager$FeFloodManager
01-02 21:17:04.811  3347  3407 W unknown:ViewManagerPropertyUpdater: Could not find generated setter for class com.horcrux.svg.RenderableViewManager$GroupViewManager
01-02 21:17:04.812  3347  3407 W unknown:ViewManagerPropertyUpdater: Could not find generated setter for class com.horcrux.svg.RenderableViewManager$TextViewManager
01-02 21:17:04.813  3347  3407 W unknown:ViewManagerPropertyUpdater: Could not find generated setter for class com.horcrux.svg.RenderableViewManager$ImageViewManager
01-02 21:17:04.814  3347  3407 W unknown:ViewManagerPropertyUpdater: Could not find generated setter for class com.horcrux.svg.RenderableViewManager$FeCompositeManager
01-02 21:17:04.816  3347  3407 W unknown:ViewManagerPropertyUpdater: Could not find generated setter for class com.facebook.react.views.image.ReactImageManager
01-02 21:17:04.817  3347  3407 W unknown:ViewManagerPropertyUpdater: Could not find generated setter for class com.horcrux.svg.RenderableViewManager$RadialGradientManager
01-02 21:17:04.818  3347  3407 W unknown:ViewManagerPropertyUpdater: Could not find generated setter for class com.horcrux.svg.RenderableViewManager$MaskManager
01-02 21:17:04.820  3347  3407 W unknown:ViewManagerPropertyUpdater: Could not find generated setter for class com.facebook.react.views.unimplementedview.ReactUnimplementedViewManager
01-02 21:17:04.821  3347  3407 W unknown:ViewManagerPropertyUpdater: Could not find generated setter for class com.horcrux.svg.RenderableViewManager$RectViewManager
01-02 21:17:04.822  3347  3407 W unknown:ViewManagerPropertyUpdater: Could not find generated setter for class com.horcrux.svg.RenderableViewManager$TextPathViewManager
01-02 21:17:04.824  3347  3407 W unknown:ViewManagerPropertyUpdater: Could not find generated setter for class com.facebook.react.views.scroll.ReactScrollViewManager
01-02 21:17:04.825  3347  3407 W unknown:ViewManagerPropertyUpdater: Could not find generated setter for class com.horcrux.svg.RenderableViewManager$FeOffsetManager
01-02 21:17:04.826  3347  3407 W unknown:ViewManagerPropertyUpdater: Could not find generated setter for class com.horcrux.svg.RenderableViewManager$PathViewManager
01-02 21:17:04.828  3347  3407 W unknown:ViewManagerPropertyUpdater: Could not find generated setter for class com.facebook.react.views.drawer.ReactDrawerLayoutManager
01-02 21:17:04.829  3347  3407 W unknown:ViewManagerPropertyUpdater: Could not find generated setter for class com.facebook.react.views.text.ReactVirtualTextViewManager
01-02 21:17:04.829  3347  3407 W unknown:ViewManagerPropertyUpdater: Could not find generated setter for class com.facebook.react.views.text.ReactVirtualTextShadowNode
01-02 21:17:04.830  3347  3407 W unknown:ViewManagerPropertyUpdater: Could not find generated setter for class com.facebook.react.views.swiperefresh.SwipeRefreshLayoutManager
01-02 21:17:04.831  3347  3407 W unknown:ViewManagerPropertyUpdater: Could not find generated setter for class com.facebook.react.views.text.ReactRawTextManager
01-02 21:17:04.831  3347  3407 W unknown:ViewManagerPropertyUpdater: Could not find generated setter for class com.facebook.react.views.text.ReactRawTextShadowNode
01-02 21:17:04.831  3347  3407 W unknown:ViewManagerPropertyUpdater: Could not find generated setter for class com.facebook.react.views.textinput.ReactTextInputManager
01-02 21:17:04.832  3347  3407 W unknown:ViewManagerPropertyUpdater: Could not find generated setter for class com.facebook.react.views.textinput.ReactTextInputShadowNode
01-02 21:17:04.833  3347  3407 W unknown:ViewManagerPropertyUpdater: Could not find generated setter for class com.swmansion.gesturehandler.react.RNGestureHandlerRootViewManager
01-02 21:17:04.839  3347  3407 W BridgelessReactContext: [WARNING] Bridgeless doesn't support CatalystInstance. Accessing an API that's not part of the new architecture is not encouraged usage.
01-02 21:17:04.842  3347  3407 I ExpoModulesCore:  JSI interop was installed
01-02 21:17:04.843  3347  3407 I ExpoModulesCore:  Constants were exported
01-02 21:17:04.858  3347  3407 D nativeloader: Load /data/app/~~czzrseekyCsTslJFvpM4-A==/app.rork.dominder_android_reminder_app-taQEDCtj_tZYIcWwt-tSag==/split_config.arm64_v8a.apk!/lib/arm64-v8a/libworklets.so using class loader ns clns-4 (caller=/data/app/~~czzrseekyCsTslJFvpM4-A==/app.rork.dominder_android_reminder_app-taQEDCtj_tZYIcWwt-tSag==/base.apk!classes2.dex): ok
01-02 21:17:04.892  3347  3407 D nativeloader: Load /data/app/~~czzrseekyCsTslJFvpM4-A==/app.rork.dominder_android_reminder_app-taQEDCtj_tZYIcWwt-tSag==/split_config.arm64_v8a.apk!/lib/arm64-v8a/libreanimated.so using class loader ns clns-4 (caller=/data/app/~~czzrseekyCsTslJFvpM4-A==/app.rork.dominder_android_reminder_app-taQEDCtj_tZYIcWwt-tSag==/base.apk!classes2.dex): ok
01-02 21:17:05.015  3347  3407 D nativeloader: Load /data/app/~~czzrseekyCsTslJFvpM4-A==/app.rork.dominder_android_reminder_app-taQEDCtj_tZYIcWwt-tSag==/split_config.arm64_v8a.apk!/lib/arm64-v8a/librnscreens.so using class loader ns clns-4 (caller=/data/app/~~czzrseekyCsTslJFvpM4-A==/app.rork.dominder_android_reminder_app-taQEDCtj_tZYIcWwt-tSag==/base.apk!classes2.dex): ok
01-02 21:17:05.025  3347  3407 I ReactNativeJS: '[NotificationService] AlarmModule availability:', 'Available'
01-02 21:17:05.025  3347  3407 I ReactNativeJS: '[NotificationService] AlarmModule methods:', [ 'scheduleAlarm' ]
01-02 21:17:05.026  3347  3407 I ReactNativeJS: Running "main"
01-02 21:17:05.083  3347  3407 I ReactNativeJS: [useAlarmListeners] Setting up native alarm event listeners...
01-02 21:17:05.084  3347  3407 I ReactNativeJS: [AlarmSync] Hook initialized
01-02 21:17:05.084  3347  3407 I ReactNativeJS: [AlarmSync] Checking for completed alarms...
01-02 21:17:05.084  3347  3407 I ReactNativeJS: [RootLayout] Setting up notification handlers
01-02 21:17:05.084  3347  3407 I ReactNativeJS: [RootLayout] Initializing missed alarm service
01-02 21:17:05.084  3347  3407 I ReactNativeJS: [MissedAlarmService] Initializing...
01-02 21:17:05.084  3347  3407 I ReactNativeJS: [MissedAlarmService] Initialized successfully
01-02 21:17:05.084  3347  3407 I ReactNativeJS: [AppStartup] Initializing notification services...
01-02 21:17:05.084  3347  3407 I ReactNativeJS: [Dominder-Debug] Ensuring base notification channels
01-02 21:17:05.085  3347  3407 I ReactNativeJS: '[Dominder-Debug] Creating channel:', '{"id":"standard-v2","name":"Standard Notifications","importance":4,"sound":"default","vibration":true}'
01-02 21:17:05.085  3347  3408 D DoMinderDebug: AlarmModule: Retrieved 1 completed alarms
01-02 21:17:05.087  3347  3407 I ReactNativeJS: '[AlarmSync] Found completed alarms:', 1
01-02 21:17:05.088  3347  3407 I ReactNativeJS: '[AlarmSync] Processing completed alarm:', '1767368272184', 'at', '1767368294616'
01-02 21:17:05.088  3347  3407 I ReactNativeJS: [Scheduler] Marking reminder 1767368272184 as done
01-02 21:17:05.088  3347  3407 I ReactNativeJS: '[RootLayout] Initial notification:', null
01-02 21:17:05.088  3347  3407 I ReactNativeJS: '[Dominder-Debug] Creating channel:', '{"id":"silent-v2","name":"Silent Notifications","importance":2,"vibration":false}'
01-02 21:17:05.089  3347  3407 I ReactNativeJS: [Scheduler] Processing 'Done' for repeating reminder 1767368272184
01-02 21:17:05.089  3347  3407 I ReactNativeJS: [calculateNextReminderDate] for reminder: 1767368272184, fromDate: 2026-01-02T15:47:05.089Z, repeatType: every, date: 2026-01-02, time: 21:08
01-02 21:17:05.089  3347  3407 I ReactNativeJS: [calculateNextReminderDate] Advanced occurrence aligned after now: 2026-01-02T15:48:00.000Z (steps=4)
01-02 21:17:05.089  3347  3407 I ReactNativeJS: [calculateNextReminderDate] Every 2 minutes, next occurrence: 2026-01-02T15:48:00.000Z
01-02 21:17:05.089  3347  3407 I ReactNativeJS: [Scheduler] Next occurrence for 1767368272184 is 2026-01-02T15:48:00.000Z
01-02 21:17:05.089  3347  3407 I ReactNativeJS: [ReminderService] Adding reminder 1767368272184_1767368825089_hist: isActive=false, isCompleted=true, repeatType=none
01-02 21:17:05.090  3347  3407 I ReactNativeJS: '[Dominder-Debug] Creating channel:', '{"id":"alarm-v2","name":"Alarms","importance":4,"sound":"default","vibration":true,"bypassDnd":true}'
01-02 21:17:05.091  3347  3347 D VRI[MainActivity]: update {(0,0)(fillxfill) sim={adjust=pan forwardNavigation} ty=BASE_APPLICATION wanim=0x10302fd
01-02 21:17:05.091  3347  3347 D VRI[MainActivity]:   fl=LAYOUT_IN_SCREEN LAYOUT_INSET_DECOR SPLIT_TOUCH HARDWARE_ACCELERATED DRAWS_SYSTEM_BAR_BACKGROUNDS
01-02 21:17:05.091  3347  3347 D VRI[MainActivity]:   pfl=NO_MOVE_ANIMATION FORCE_DRAW_STATUS_BAR_BACKGROUND FIT_INSETS_CONTROLLED
01-02 21:17:05.091  3347  3347 D VRI[MainActivity]:   bhv=DEFAULT
01-02 21:17:05.091  3347  3347 D VRI[MainActivity]:   fitSides=} by setLayoutParams
01-02 21:17:05.093  3347  3347 D VRI[MainActivity]: update {(0,0)(fillxfill) sim={adjust=pan forwardNavigation} ty=BASE_APPLICATION wanim=0x10302fd
01-02 21:17:05.093  3347  3347 D VRI[MainActivity]:   fl=LAYOUT_IN_SCREEN FORCE_NOT_FULLSCREEN LAYOUT_INSET_DECOR SPLIT_TOUCH HARDWARE_ACCELERATED DRAWS_SYSTEM_BAR_BACKGROUNDS
01-02 21:17:05.093  3347  3347 D VRI[MainActivity]:   pfl=NO_MOVE_ANIMATION FORCE_DRAW_STATUS_BAR_BACKGROUND FIT_INSETS_CONTROLLED
01-02 21:17:05.093  3347  3347 D VRI[MainActivity]:   bhv=DEFAULT
01-02 21:17:05.093  3347  3347 D VRI[MainActivity]:   fitSides=} by setLayoutParams
01-02 21:17:05.094  3347  3347 D VRI[MainActivity]: update {(0,0)(fillxfill) sim={adjust=pan forwardNavigation} ty=BASE_APPLICATION wanim=0x10302fd
01-02 21:17:05.094  3347  3347 D VRI[MainActivity]:   fl=LAYOUT_IN_SCREEN FORCE_NOT_FULLSCREEN LAYOUT_INSET_DECOR SPLIT_TOUCH HARDWARE_ACCELERATED DRAWS_SYSTEM_BAR_BACKGROUNDS
01-02 21:17:05.094  3347  3347 D VRI[MainActivity]:   pfl=NO_MOVE_ANIMATION FORCE_DRAW_STATUS_BAR_BACKGROUND FIT_INSETS_CONTROLLED
01-02 21:17:05.094  3347  3347 D VRI[MainActivity]:   bhv=DEFAULT
01-02 21:17:05.094  3347  3347 D VRI[MainActivity]:   fitSides=} by setLayoutParams
01-02 21:17:05.102  3347  3347 W unknown:ViewManagerPropertyUpdater: Could not find generated setter for class com.facebook.react.uimanager.RootViewManager
01-02 21:17:05.114  3347  3347 W [RNScreens]: backTitleVisible prop is not available on Android
01-02 21:17:05.114  3347  3347 W [RNScreens]: backTitleFontFamily prop is not available on Android
01-02 21:17:05.114  3347  3347 W [RNScreens]: disableBackButtonMenu prop is not available on Android
01-02 21:17:05.114  3347  3347 W [RNScreens]: largeTitleFontFamily prop is not available on Android
01-02 21:17:05.114  3347  3347 W [RNScreens]: largeTitleFontWeight prop is not available on Android
01-02 21:17:05.115  3347  3347 W [RNScreens]: largeTitleHideShadow prop is not available on Android
01-02 21:17:05.119  3347  3407 I ReactNativeJS: '[Selection] Mode changed:', false, 'Selected count:', 0
01-02 21:17:05.120  3347  3407 I ReactNativeJS: '[ReminderEngine] Processing reminders, count:', 0
01-02 21:17:05.130  3347  3407 I ReactNativeJS: '[ReminderEngine] Processing reminders, count:', 0
01-02 21:17:05.132  3347  3407 I ReactNativeJS: [Dominder-Debug] Base channels ensured
01-02 21:17:05.132  3347  3407 I ReactNativeJS: [AlarmSync] App became active, syncing...
01-02 21:17:05.132  3347  3407 I ReactNativeJS: [AlarmSync] Checking for completed alarms...
01-02 21:17:05.132  3347  3408 D DoMinderDebug: AlarmModule: Retrieved 1 completed alarms
01-02 21:17:05.134  3347  3407 I ReactNativeJS: '[AlarmSync] Found completed alarms:', 1
01-02 21:17:05.134  3347  3407 I ReactNativeJS: '[AlarmSync] Processing completed alarm:', '1767368272184', 'at', '1767368294616'
01-02 21:17:05.134  3347  3407 I ReactNativeJS: [Scheduler] Marking reminder 1767368272184 as done
01-02 21:17:05.134  3347  3347 I ReactNative: [GESTURE HANDLER] Initialize gesture handler for root view com.facebook.react.runtime.ReactSurfaceView{a6d4e6f V.E...... ......ID 0,0-1080,2295 #b}
01-02 21:17:05.135  3347  3407 I ReactNativeJS: [RootLayout] remindersChanged event received, invalidating queries.
01-02 21:17:05.136  3347  3407 I ReactNativeJS: [Scheduler] Created history item 1767368272184_1767368825089_hist for occurrence
01-02 21:17:05.157  3347  3387 W Parcel  : Expecting binder but got null!
01-02 21:17:05.158  3347  3347 D VRI[MainActivity]: update {(0,0)(fillxfill) sim={adjust=pan forwardNavigation} ty=BASE_APPLICATION wanim=0x10302fd
01-02 21:17:05.158  3347  3347 D VRI[MainActivity]:   fl=LAYOUT_IN_SCREEN FORCE_NOT_FULLSCREEN LAYOUT_INSET_DECOR SPLIT_TOUCH HARDWARE_ACCELERATED DRAWS_SYSTEM_BAR_BACKGROUNDS
01-02 21:17:05.158  3347  3347 D VRI[MainActivity]:   pfl=NO_MOVE_ANIMATION FORCE_DRAW_STATUS_BAR_BACKGROUND FIT_INSETS_CONTROLLED
01-02 21:17:05.158  3347  3347 D VRI[MainActivity]:   bhv=DEFAULT
01-02 21:17:05.158  3347  3347 D VRI[MainActivity]:   fitSides=} by setLayoutParams
01-02 21:17:05.183  3347  3347 D CompatibilityChangeReporter: Compat change id reported: 171228096; UID 11012; state: ENABLED
01-02 21:17:05.329  3347  3407 I ReactNativeJS: [Scheduler] Processing 'Done' for repeating reminder 1767368272184
01-02 21:17:05.330  3347  3407 I ReactNativeJS: [calculateNextReminderDate] for reminder: 1767368272184, fromDate: 2026-01-02T15:47:05.329Z, repeatType: every, date: 2026-01-02, time: 21:08
01-02 21:17:05.330  3347  3407 I ReactNativeJS: [calculateNextReminderDate] Advanced occurrence aligned after now: 2026-01-02T15:48:00.000Z (steps=4)
01-02 21:17:05.330  3347  3407 I ReactNativeJS: [calculateNextReminderDate] Every 2 minutes, next occurrence: 2026-01-02T15:48:00.000Z
01-02 21:17:05.330  3347  3407 I ReactNativeJS: [Scheduler] Next occurrence for 1767368272184 is 2026-01-02T15:48:00.000Z
01-02 21:17:05.335  3347  3407 I ReactNativeJS: [ReminderService] Updating reminder 1767368272184: isActive=true, isCompleted=false, repeatType=every
01-02 21:17:05.335  3347  3407 I ReactNativeJS: [StartupCheck] Checking for pending notifications and rescheduling all active reminders...
01-02 21:17:05.420  3347  3407 I ReactNativeJS: '[ReminderEngine] Processing reminders, count:', 17
01-02 21:17:05.420  3347  3407 I ReactNativeJS: [ReminderEngine] Processing reminder 1767114118579, repeatType: daily
01-02 21:17:05.420  3347  3407 I ReactNativeJS: [ReminderEngine] Reminder 1767114118579 has nextReminderDate: 2026-01-03T17:10:00.000Z
01-02 21:17:05.420  3347  3407 I ReactNativeJS: [ReminderEngine] Scheduling notification for reminder 1767114118579 at 2026-01-03T17:10:00.000Z
01-02 21:17:05.421  3347  3407 I ReactNativeJS: [ReminderEngine] Processing reminder 1767368272184, repeatType: every
01-02 21:17:05.421  3347  3407 I ReactNativeJS: [ReminderEngine] Reminder 1767368272184 has nextReminderDate: 2026-01-02T15:38:00.000Z
01-02 21:17:05.421  3347  3407 I ReactNativeJS: [ReminderEngine] Reminder 1767368272184 fire time 2026-01-02T15:38:00.000Z is in the past
01-02 21:17:05.421  3347  3407 I ReactNativeJS: [calculateNextReminderDate] for reminder: 1767368272184, fromDate: 2026-01-02T15:47:05.420Z, repeatType: every, date: 2026-01-02, time: 21:08
01-02 21:17:05.421  3347  3407 I ReactNativeJS: [calculateNextReminderDate] Advanced occurrence aligned after now: 2026-01-02T15:48:00.000Z (steps=4)
01-02 21:17:05.421  3347  3407 I ReactNativeJS: [calculateNextReminderDate] Every 2 minutes, next occurrence: 2026-01-02T15:48:00.000Z
01-02 21:17:05.421  3347  3407 I ReactNativeJS: [ReminderEngine] Advancing 1767368272184 to next occurrence at 2026-01-02T15:48:00.000Z
01-02 21:17:05.422  3347  3407 I ReactNativeJS: '[RootLayout] Foreground event:', { type: 3, pressAction: undefined }
01-02 21:17:05.426  3347  3407 I ReactNativeJNI: instanceHandle is null, event of type topLayout will be dropped
01-02 21:17:05.485  3347  3407 I ReactNativeJS: [RootLayout] remindersChanged event received, invalidating queries.
01-02 21:17:05.485  3347  3407 I ReactNativeJS: [ReminderService] Adding reminder 1767368272184_1767368825330_hist: isActive=false, isCompleted=true, repeatType=none
01-02 21:17:05.486  3347  3408 D DoMinderDebug: AlarmModule: Retrieved 1 completed alarms
01-02 21:17:05.505  3347  3408 D DoMinderDebug: AlarmModule: Retrieved 0 snoozed alarms
01-02 21:17:05.507  3347  3407 I ReactNativeJS: [NotificationService] SCHEDULE_EXACT_ALARM permission granted - using exact timing
