--------- beginning of main
12-25 11:14:31.719 12609 12609 I id_reminder_app: Using CollectorTypeCC GC.
12-25 11:14:31.728 12609 12609 D nativeloader: Load libframework-connectivity-tiramisu-jni.so using APEX ns com_android_tethering for caller /apex/com.android.tethering/javalib/framework-connectivity-t.jar: ok
12-25 11:14:31.746 12609 12609 D CompatibilityChangeReporter: Compat change id reported: 171979766; UID 11000; state: ENABLED
12-25 11:14:31.829 12609 12609 W id_reminder_app: Failed to find entry 'classes.dex': Entry not found
12-25 11:14:31.830 12609 12609 W id_reminder_app: Failed to find entry 'classes.dex': Entry not found
12-25 11:14:31.830 12609 12609 W id_reminder_app: Failed to find entry 'classes.dex': Entry not found
12-25 11:14:31.831 12609 12609 W id_reminder_app: Failed to find entry 'classes.dex': Entry not found
12-25 11:14:31.831 12609 12609 W id_reminder_app: Failed to find entry 'classes.dex': Entry not found
12-25 11:14:31.832 12609 12609 W id_reminder_app: Failed to find entry 'classes.dex': Entry not found
12-25 11:14:31.832 12609 12609 W id_reminder_app: Failed to find entry 'classes.dex': Entry not found
12-25 11:14:31.832 12609 12609 W id_reminder_app: Failed to find entry 'classes.dex': Entry not found
12-25 11:14:31.833 12609 12609 W id_reminder_app: Failed to find entry 'classes.dex': Entry not found
12-25 11:14:31.833 12609 12609 W id_reminder_app: Failed to find entry 'classes.dex': Entry not found
12-25 11:14:31.859 12609 12609 D nativeloader: Configuring clns-4 for other apk /data/app/~~5r84eP7CBQMT5A3I86fGWA==/app.rork.dominder_android_reminder_app-m-BGfd4ujy2w3Caxr9xyhw==/base.apk:/data/app/~~5r84eP7CBQMT5A3I86fGWA==/app.rork.dominder_android_reminder_app-m-BGfd4ujy2w3Caxr9xyhw==/split_config.arm64_v8a.apk:/data/app/~~5r84eP7CBQMT5A3I86fGWA==/app.rork.dominder_android_reminder_app-m-BGfd4ujy2w3Caxr9xyhw==/split_config.bn.apk:/data/app/~~5r84eP7CBQMT5A3I86fGWA==/app.rork.dominder_android_reminder_app-m-BGfd4ujy2w3Caxr9xyhw==/split_config.en.apk:/data/app/~~5r84eP7CBQMT5A3I86fGWA==/app.rork.dominder_android_reminder_app-m-BGfd4ujy2w3Caxr9xyhw==/split_config.gu.apk:/data/app/~~5r84eP7CBQMT5A3I86fGWA==/app.rork.dominder_android_reminder_app-m-BGfd4ujy2w3Caxr9xyhw==/split_config.hi.apk:/data/app/~~5r84eP7CBQMT5A3I86fGWA==/app.rork.dominder_android_reminder_app-m-BGfd4ujy2w3Caxr9xyhw==/split_config.kn.apk:/data/app/~~5r84eP7CBQMT5A3I86fGWA==/app.rork.dominder_android_reminder_app-m-BGfd4ujy2w3Caxr9xyhw==/split_config.mr.apk:/data/app/~~5r84eP7CBQMT5A
12-25 11:14:31.868 12609 12609 D nativeloader: Load libframework-connectivity-jni.so using APEX ns com_android_tethering for caller /apex/com.android.tethering/javalib/framework-connectivity.jar: ok
12-25 11:14:31.871 12609 12609 V GraphicsEnvironment: ANGLE Developer option for 'app.rork.dominder_android_reminder_app' set to: 'default'
12-25 11:14:31.871 12609 12609 V GraphicsEnvironment: ANGLE GameManagerService for app.rork.dominder_android_reminder_app: false
12-25 11:14:31.871 12609 12609 V GraphicsEnvironment: Neither updatable production driver nor prerelease driver is supported.
12-25 11:14:31.873 12609 12609 D NetworkSecurityConfig: No Network Security Config specified, using platform default
12-25 11:14:31.873 12609 12609 D NetworkSecurityConfig: No Network Security Config specified, using platform default
12-25 11:14:31.903 12609 12609 D WM-WrkMgrInitializer: Initializing WorkManager with default configuration.
12-25 11:14:31.912 12609 12609 D WM-PackageManagerHelper: Skipping component enablement for androidx.work.impl.background.systemjob.SystemJobService
12-25 11:14:31.912 12609 12609 D WM-Schedulers: Created SystemJobScheduler and enabled SystemJobService
12-25 11:14:31.914 12609 12609 D NOTIFEE : (context): received application context
12-25 11:14:31.921 12609 12609 W SoLoader: Initializing SoLoader: 0
12-25 11:14:31.923 12609 12609 W SoLoader: Recording new base apk path: /data/app/~~5r84eP7CBQMT5A3I86fGWA==/app.rork.dominder_android_reminder_app-m-BGfd4ujy2w3Caxr9xyhw==/base.apk
12-25 11:14:31.923 12609 12609 W SoLoader: Previously recorded 0 base apk paths.
12-25 11:14:31.924 12609 12609 I SoLoader: Preparing SO source: DirectorySoSource[root = /vendor/lib64 flags = 2]
12-25 11:14:31.925 12609 12609 I SoLoader: Preparing SO source: DirectorySoSource[root = /system/lib64 flags = 2]
12-25 11:14:31.925 12609 12609 I SoLoader: Preparing SO source: DirectApkSoSource[root = [/data/app/~~5r84eP7CBQMT5A3I86fGWA==/app.rork.dominder_android_reminder_app-m-BGfd4ujy2w3Caxr9xyhw==/split_config.kn.apk!/lib/arm64-v8a, /data/app/~~5r84eP7CBQMT5A3I86fGWA==/app.rork.dominder_android_reminder_app-m-BGfd4ujy2w3Caxr9xyhw==/split_config.xxhdpi.apk!/lib/arm64-v8a, /data/app/~~5r84eP7CBQMT5A3I86fGWA==/app.rork.dominder_android_reminder_app-m-BGfd4ujy2w3Caxr9xyhw==/split_config.arm64_v8a.apk!/lib/arm64-v8a, /data/app/~~5r84eP7CBQMT5A3I86fGWA==/app.rork.dominder_android_reminder_app-m-BGfd4ujy2w3Caxr9xyhw==/split_config.te.apk!/lib/arm64-v8a, /data/app/~~5r84eP7CBQMT5A3I86fGWA==/app.rork.dominder_android_reminder_app-m-BGfd4ujy2w3Caxr9xyhw==/base.apk!/lib/arm64-v8a, /data/app/~~5r84eP7CBQMT5A3I86fGWA==/app.rork.dominder_android_reminder_app-m-BGfd4ujy2w3Caxr9xyhw==/split_config.mr.apk!/lib/arm64-v8a, /data/app/~~5r84eP7CBQMT5A3I86fGWA==/app.rork.dominder_android_reminder_app-m-BGfd4ujy2w3Caxr9xyhw==/split_config.bn.apk!/lib/arm64-v8a, /data/app/~~5r84eP7CBQMT5A3I86fGWA==/app.rork.dominder_android_reminder_app-m-BGfd4ujy2w3Caxr9xyhw==/split_config.en.apk!/lib/arm64-v8a, /data/app/~~5r84eP7CBQMT5A3I86fGWA==/app.rork.dominder_android_reminder_app-m-BGfd4ujy2w3Caxr9xyhw==/split_config.ta.apk!/lib/arm64-v8a, /data/app/~~5r84eP7CBQMT5A3I86fGWA==/app.rork.dominder_android_reminder_app-m-BGfd4ujy2w3Caxr9xyhw==/split_config.gu.apk!/lib/arm64-v8a, /data/app/~~5r84eP7CBQMT5A3I86fGWA==/app.rork.dominder_android_reminder_app-m-BGfd4ujy2w3Caxr9xyhw==/split_config.hi.apk!/lib/arm64-v8a]]
12-25 11:14:31.930 12609 12609 I SoLoader: Preparing SO source: ApplicationSoSource[DirectorySoSource[root = /data/app/~~5r84eP7CBQMT5A3I86fGWA==/app.rork.dominder_android_reminder_app-m-BGfd4ujy2w3Caxr9xyhw==/lib/arm64 flags = 0]]
12-25 11:14:31.930 12609 12609 I SoLoader: init finish: 4 SO sources prepared
12-25 11:14:31.930 12609 12609 W SoLoader: SoLoader initialized: 8
12-25 11:14:31.947 12609 12609 D nativeloader: Load /data/app/~~5r84eP7CBQMT5A3I86fGWA==/app.rork.dominder_android_reminder_app-m-BGfd4ujy2w3Caxr9xyhw==/split_config.arm64_v8a.apk!/lib/arm64-v8a/libc++_shared.so using class loader ns clns-4 (caller=/data/app/~~5r84eP7CBQMT5A3I86fGWA==/app.rork.dominder_android_reminder_app-m-BGfd4ujy2w3Caxr9xyhw==/base.apk!classes2.dex): ok
12-25 11:14:31.950 12609 12635 D CompatibilityChangeReporter: Compat change id reported: 160794467; UID 11000; state: ENABLED
12-25 11:14:31.966 12609 12609 D nativeloader: Load /data/app/~~5r84eP7CBQMT5A3I86fGWA==/app.rork.dominder_android_reminder_app-m-BGfd4ujy2w3Caxr9xyhw==/split_config.arm64_v8a.apk!/lib/arm64-v8a/libjsi.so using class loader ns clns-4 (caller=/data/app/~~5r84eP7CBQMT5A3I86fGWA==/app.rork.dominder_android_reminder_app-m-BGfd4ujy2w3Caxr9xyhw==/base.apk!classes2.dex): ok
12-25 11:14:31.972 12609 12609 D nativeloader: Load /data/app/~~5r84eP7CBQMT5A3I86fGWA==/app.rork.dominder_android_reminder_app-m-BGfd4ujy2w3Caxr9xyhw==/split_config.arm64_v8a.apk!/lib/arm64-v8a/libfbjni.so using class loader ns clns-4 (caller=/data/app/~~5r84eP7CBQMT5A3I86fGWA==/app.rork.dominder_android_reminder_app-m-BGfd4ujy2w3Caxr9xyhw==/base.apk!classes2.dex): ok
12-25 11:14:31.992 12609 12609 D nativeloader: Load /data/app/~~5r84eP7CBQMT5A3I86fGWA==/app.rork.dominder_android_reminder_app-m-BGfd4ujy2w3Caxr9xyhw==/split_config.arm64_v8a.apk!/lib/arm64-v8a/libreactnative.so using class loader ns clns-4 (caller=/data/app/~~5r84eP7CBQMT5A3I86fGWA==/app.rork.dominder_android_reminder_app-m-BGfd4ujy2w3Caxr9xyhw==/base.apk!classes2.dex): ok
12-25 11:14:31.994 12609 12609 D jni_lib_merge: Entering merged library JNI_OnLoad.
12-25 11:14:31.994 12609 12609 D jni_lib_merge: Preparing 11 pre-merged libs (including stub)
12-25 11:14:31.994 12609 12609 D jni_lib_merge: Preparing to register libfabricjni_so.  onload_func: 0x783d3104c4
12-25 11:14:31.994 12609 12609 D jni_lib_merge: Preparing to register libreact_devsupportjni_so.  onload_func: 0x783d3e2110
12-25 11:14:31.994 12609 12609 D jni_lib_merge: Preparing to register libreact_featureflagsjni_so.  onload_func: 0x783d3ea3ac
12-25 11:14:31.994 12609 12609 D jni_lib_merge: Preparing to register libreact_newarchdefaults_so.  onload_func: 0x783d40e3c8
12-25 11:14:31.994 12609 12609 D jni_lib_merge: Preparing to register libreactnativeblob_so.  onload_func: 0x783d49521c
12-25 11:14:31.994 12609 12609 D jni_lib_merge: Preparing to register libreactnativejni_so.  onload_func: 0x783d4b3204
12-25 11:14:31.994 12609 12609 D jni_lib_merge: Preparing to register librninstance_so.  onload_func: 0x783d4cc990
12-25 11:14:31.994 12609 12609 D jni_lib_merge: Preparing to register libturbomodulejsijni_so.  onload_func: 0x783d54787c
12-25 11:14:31.994 12609 12609 D jni_lib_merge: Preparing to register libuimanagerjni_so.  onload_func: 0x783d54ed94
12-25 11:14:31.994 12609 12609 D jni_lib_merge: Preparing to register libyoga_so.  onload_func: 0x783d5541e8
12-25 11:14:31.994 12609 12609 D jni_lib_merge: About to register 10 actual methods.
12-25 11:14:32.006 12609 12609 D nativeloader: Load /data/app/~~5r84eP7CBQMT5A3I86fGWA==/app.rork.dominder_android_reminder_app-m-BGfd4ujy2w3Caxr9xyhw==/split_config.arm64_v8a.apk!/lib/arm64-v8a/libreact_codegen_rnscreens.so using class loader ns clns-4 (caller=/data/app/~~5r84eP7CBQMT5A3I86fGWA==/app.rork.dominder_android_reminder_app-m-BGfd4ujy2w3Caxr9xyhw==/base.apk!classes2.dex): ok
12-25 11:14:32.006 12609 12609 D jni_lib_merge: Entering merged library JNI_OnLoad.
12-25 11:14:32.006 12609 12609 D jni_lib_merge: Preparing 11 pre-merged libs (including stub)
12-25 11:14:32.006 12609 12609 D jni_lib_merge: Preparing to register libfabricjni_so.  onload_func: 0x783d3104c4
12-25 11:14:32.006 12609 12609 D jni_lib_merge: Preparing to register libreact_devsupportjni_so.  onload_func: 0x783d3e2110
12-25 11:14:32.006 12609 12609 D jni_lib_merge: Preparing to register libreact_featureflagsjni_so.  onload_func: 0x783d3ea3ac
12-25 11:14:32.006 12609 12609 D jni_lib_merge: Preparing to register libreact_newarchdefaults_so.  onload_func: 0x783d40e3c8
12-25 11:14:32.006 12609 12609 D jni_lib_merge: Preparing to register libreactnativeblob_so.  onload_func: 0x783d49521c
12-25 11:14:32.006 12609 12609 D jni_lib_merge: Preparing to register libreactnativejni_so.  onload_func: 0x783d4b3204
12-25 11:14:32.006 12609 12609 D jni_lib_merge: Preparing to register librninstance_so.  onload_func: 0x783d4cc990
12-25 11:14:32.006 12609 12609 D jni_lib_merge: Preparing to register libturbomodulejsijni_so.  onload_func: 0x783d54787c
12-25 11:14:32.006 12609 12609 D jni_lib_merge: Preparing to register libuimanagerjni_so.  onload_func: 0x783d54ed94
12-25 11:14:32.006 12609 12609 D jni_lib_merge: Preparing to register libyoga_so.  onload_func: 0x783d5541e8
12-25 11:14:32.006 12609 12609 D jni_lib_merge: About to register 10 actual methods.
12-25 11:14:32.009 12609 12609 D nativeloader: Load /data/app/~~5r84eP7CBQMT5A3I86fGWA==/app.rork.dominder_android_reminder_app-m-BGfd4ujy2w3Caxr9xyhw==/split_config.arm64_v8a.apk!/lib/arm64-v8a/libreact_codegen_rnsvg.so using class loader ns clns-4 (caller=/data/app/~~5r84eP7CBQMT5A3I86fGWA==/app.rork.dominder_android_reminder_app-m-BGfd4ujy2w3Caxr9xyhw==/base.apk!classes2.dex): ok
12-25 11:14:32.009 12609 12609 D jni_lib_merge: Entering merged library JNI_OnLoad.
12-25 11:14:32.009 12609 12609 D jni_lib_merge: Preparing 11 pre-merged libs (including stub)
12-25 11:14:32.009 12609 12609 D jni_lib_merge: Preparing to register libfabricjni_so.  onload_func: 0x783d3104c4
12-25 11:14:32.009 12609 12609 D jni_lib_merge: Preparing to register libreact_devsupportjni_so.  onload_func: 0x783d3e2110
12-25 11:14:32.009 12609 12609 D jni_lib_merge: Preparing to register libreact_featureflagsjni_so.  onload_func: 0x783d3ea3ac
12-25 11:14:32.009 12609 12609 D jni_lib_merge: Preparing to register libreact_newarchdefaults_so.  onload_func: 0x783d40e3c8
12-25 11:14:32.009 12609 12609 D jni_lib_merge: Preparing to register libreactnativeblob_so.  onload_func: 0x783d49521c
12-25 11:14:32.009 12609 12609 D jni_lib_merge: Preparing to register libreactnativejni_so.  onload_func: 0x783d4b3204
12-25 11:14:32.009 12609 12609 D jni_lib_merge: Preparing to register librninstance_so.  onload_func: 0x783d4cc990
12-25 11:14:32.009 12609 12609 D jni_lib_merge: Preparing to register libturbomodulejsijni_so.  onload_func: 0x783d54787c
12-25 11:14:32.009 12609 12609 D jni_lib_merge: Preparing to register libuimanagerjni_so.  onload_func: 0x783d54ed94
12-25 11:14:32.009 12609 12609 D jni_lib_merge: Preparing to register libyoga_so.  onload_func: 0x783d5541e8
12-25 11:14:32.009 12609 12609 D jni_lib_merge: About to register 10 actual methods.
12-25 11:14:32.011 12609 12609 D nativeloader: Load /data/app/~~5r84eP7CBQMT5A3I86fGWA==/app.rork.dominder_android_reminder_app-m-BGfd4ujy2w3Caxr9xyhw==/split_config.arm64_v8a.apk!/lib/arm64-v8a/libreact_codegen_safeareacontext.so using class loader ns clns-4 (caller=/data/app/~~5r84eP7CBQMT5A3I86fGWA==/app.rork.dominder_android_reminder_app-m-BGfd4ujy2w3Caxr9xyhw==/base.apk!classes2.dex): ok
12-25 11:14:32.018 12609 12609 D nativeloader: Load /data/app/~~5r84eP7CBQMT5A3I86fGWA==/app.rork.dominder_android_reminder_app-m-BGfd4ujy2w3Caxr9xyhw==/split_config.arm64_v8a.apk!/lib/arm64-v8a/libappmodules.so using class loader ns clns-4 (caller=/data/app/~~5r84eP7CBQMT5A3I86fGWA==/app.rork.dominder_android_reminder_app-m-BGfd4ujy2w3Caxr9xyhw==/base.apk!classes2.dex): ok
12-25 11:14:32.019 12609 12609 I Typeface: updateThemeFont new=Rookery-Regular;old=sans-serif;new=Rookery-Stacked;old=
12-25 11:14:32.033 12609 12609 D AppCompatDelegate: Checking for metadata for AppLocalesMetadataHolderService : Service not found
12-25 11:14:32.069 12609 12609 W unknown:BridgelessReact: ReactHost{0}.startSurface(surfaceId = 0): Schedule
12-25 11:14:32.069 12609 12609 W unknown:BridgelessReact: ReactHost{0}.attachSurface(surfaceId = 0)
12-25 11:14:32.070 12609 12642 W unknown:BridgelessReact: ReactHost{0}.getOrCreateReactInstanceTask()
12-25 11:14:32.070 12609 12642 W unknown:BridgelessReact: ReactHost{0}.getOrCreateReactInstanceTask(): Start
12-25 11:14:32.070 12609 12642 W unknown:BridgelessReact: ReactHost{0}.getJSBundleLoader()
12-25 11:14:32.070 12609 12642 W unknown:BridgelessReact: ReactHost{0}.getOrCreateReactContext(): Creating BridgelessReactContext
12-25 11:14:32.071 12609 12642 W unknown:BridgelessReact: ReactHost{0}.getOrCreateReactInstanceTask(): Creating ReactInstance
12-25 11:14:32.073 12609 12609 W unknown:BridgelessReact: ReactHost{0}.onHostResume(activity)
12-25 11:14:32.073 12609 12609 W unknown:BridgelessReact: ReactContext.onHostResume()
--------- beginning of system
12-25 11:14:32.079 12609 12609 D ViewRootImpl: update {(0,0)(fillxfill) sim={adjust=pan forwardNavigation} ty=BASE_APPLICATION wanim=0x10302fd
12-25 11:14:32.079 12609 12609 D ViewRootImpl:   fl=LAYOUT_IN_SCREEN LAYOUT_INSET_DECOR SPLIT_TOUCH HARDWARE_ACCELERATED DRAWS_SYSTEM_BAR_BACKGROUNDS
12-25 11:14:32.079 12609 12609 D ViewRootImpl:   pfl=NO_MOVE_ANIMATION FORCE_DRAW_STATUS_BAR_BACKGROUND FIT_INSETS_CONTROLLED
12-25 11:14:32.079 12609 12609 D ViewRootImpl:   bhv=DEFAULT
12-25 11:14:32.079 12609 12609 D ViewRootImpl:   fitSides=} by setView
12-25 11:14:32.080 12609 12642 D nativeloader: Load /data/app/~~5r84eP7CBQMT5A3I86fGWA==/app.rork.dominder_android_reminder_app-m-BGfd4ujy2w3Caxr9xyhw==/split_config.arm64_v8a.apk!/lib/arm64-v8a/libhermes.so using class loader ns clns-4 (caller=/data/app/~~5r84eP7CBQMT5A3I86fGWA==/app.rork.dominder_android_reminder_app-m-BGfd4ujy2w3Caxr9xyhw==/base.apk!classes2.dex): ok
12-25 11:14:32.082 12609 12642 D nativeloader: Load /data/app/~~5r84eP7CBQMT5A3I86fGWA==/app.rork.dominder_android_reminder_app-m-BGfd4ujy2w3Caxr9xyhw==/split_config.arm64_v8a.apk!/lib/arm64-v8a/libhermestooling.so using class loader ns clns-4 (caller=/data/app/~~5r84eP7CBQMT5A3I86fGWA==/app.rork.dominder_android_reminder_app-m-BGfd4ujy2w3Caxr9xyhw==/base.apk!classes2.dex): ok
12-25 11:14:32.082 12609 12642 D jni_lib_merge: Entering merged library JNI_OnLoad.
12-25 11:14:32.082 12609 12642 D jni_lib_merge: Preparing 4 pre-merged libs (including stub)
12-25 11:14:32.082 12609 12642 D jni_lib_merge: Preparing to register libhermes_executor_so.  onload_func: 0x78bf9df11c
12-25 11:14:32.082 12609 12642 D jni_lib_merge: Preparing to register libhermesinstancejni_so.  onload_func: 0x78bf9e6a58
12-25 11:14:32.082 12609 12642 D jni_lib_merge: Preparing to register libjsijniprofiler_so.  onload_func: 0x78bf9e7114
12-25 11:14:32.082 12609 12642 D jni_lib_merge: About to register 3 actual methods.
12-25 11:14:32.087 12609 12609 D LicenseClient: Connecting to the licensing service...
12-25 11:14:32.106 12609 12637 I AdrenoGLES-0: QUALCOMM build                   : 43fc279f3a, I58833f8ed4
12-25 11:14:32.106 12609 12637 I AdrenoGLES-0: Build Date                       : 03/24/23
12-25 11:14:32.106 12609 12637 I AdrenoGLES-0: OpenGL ES Shader Compiler Version: EV031.32.02.17
12-25 11:14:32.106 12609 12637 I AdrenoGLES-0: Local Branch                     : 
12-25 11:14:32.106 12609 12637 I AdrenoGLES-0: Remote Branch                    : 
12-25 11:14:32.106 12609 12637 I AdrenoGLES-0: Remote Branch                    : 
12-25 11:14:32.106 12609 12637 I AdrenoGLES-0: Reconstruct Branch               : 
12-25 11:14:32.106 12609 12637 I AdrenoGLES-0: Build Config                     : S P 10.0.7 AArch64
12-25 11:14:32.106 12609 12637 I AdrenoGLES-0: Driver Path                      : /vendor/lib64/egl/libGLESv2_adreno.so
12-25 11:14:32.113 12609 12637 I AdrenoGLES-0: PFP: 0x016ee197, ME: 0x00000000
12-25 11:14:32.140 12609 12637 I OpenGLRenderer: setGrContext nullptr-->validptr
12-25 11:14:32.143 12609 12637 E OpenGLRenderer: Unable to match the desired swap behavior.
12-25 11:14:32.365 12609 12642 I ExpoModulesCore:  AppContext was initialized
12-25 11:14:32.368 12609 12642 D DoMinderDebug: MissedAlarmReceiver: Registered broadcast receiver
12-25 11:14:32.374 12609 12642 W ReactNativeJNI: Component property map contains multiple entries for 'borderColor'. Ensure all calls to convertRawProp use a consistent prefix, name and suffix.
12-25 11:14:32.374 12609 12642 W ReactNativeJNI: Component property map contains multiple entries for 'borderStyle'. Ensure all calls to convertRawProp use a consistent prefix, name and suffix.
12-25 11:14:32.374 12609 12642 W ReactNativeJNI: Component property map contains multiple entries for 'borderRadius'. Ensure all calls to convertRawProp use a consistent prefix, name and suffix.
12-25 11:14:32.374 12609 12642 W ReactNativeJNI: Component property map contains multiple entries for 'borderEndColor'. Ensure all calls to convertRawProp use a consistent prefix, name and suffix.
12-25 11:14:32.374 12609 12642 W ReactNativeJNI: Component property map contains multiple entries for 'borderTopColor'. Ensure all calls to convertRawProp use a consistent prefix, name and suffix.
12-25 11:14:32.374 12609 12642 W ReactNativeJNI: Component property map contains multiple entries for 'borderLeftColor'. Ensure all calls to convertRawProp use a consistent prefix, name and suffix.
12-25 11:14:32.374 12609 12642 W ReactNativeJNI: Component property map contains multiple entries for 'borderBlockColor'. Ensure all calls to convertRawProp use a consistent prefix, name and suffix.
12-25 11:14:32.374 12609 12642 W ReactNativeJNI: Component property map contains multiple entries for 'borderRightColor'. Ensure all calls to convertRawProp use a consistent prefix, name and suffix.
12-25 11:14:32.374 12609 12642 W ReactNativeJNI: Component property map contains multiple entries for 'borderStartColor'. Ensure all calls to convertRawProp use a consistent prefix, name and suffix.
12-25 11:14:32.374 12609 12642 W ReactNativeJNI: Component property map contains multiple entries for 'borderBottomColor'. Ensure all calls to convertRawProp use a consistent prefix, name and suffix.
12-25 11:14:32.374 12609 12642 W ReactNativeJNI: Component property map contains multiple entries for 'borderEndEndRadius'. Ensure all calls to convertRawProp use a consistent prefix, name and suffix.
12-25 11:14:32.374 12609 12642 W ReactNativeJNI: Component property map contains multiple entries for 'borderTopEndRadius'. Ensure all calls to convertRawProp use a consistent prefix, name and suffix.
12-25 11:14:32.374 12609 12642 W ReactNativeJNI: Component property map contains multiple entries for 'borderBlockEndColor'. Ensure all calls to convertRawProp use a consistent prefix, name and suffix.
12-25 11:14:32.374 12609 12642 W ReactNativeJNI: Component property map contains multiple entries for 'borderTopLeftRadius'. Ensure all calls to convertRawProp use a consistent prefix, name and suffix.
12-25 11:14:32.374 12609 12642 W ReactNativeJNI: Component property map contains multiple entries for 'borderEndStartRadius'. Ensure all calls to convertRawProp use a consistent prefix, name and suffix.
12-25 11:14:32.374 12609 12642 W ReactNativeJNI: Component property map contains multiple entries for 'borderStartEndRadius'. Ensure all calls to convertRawProp use a consistent prefix, name and suffix.
12-25 11:14:32.374 12609 12642 W ReactNativeJNI: Component property map contains multiple entries for 'borderTopRightRadius'. Ensure all calls to convertRawProp use a consistent prefix, name and suffix.
12-25 11:14:32.374 12609 12642 W ReactNativeJNI: Component property map contains multiple entries for 'borderTopStartRadius'. Ensure all calls to convertRawProp use a consistent prefix, name and suffix.
12-25 11:14:32.374 12609 12642 W ReactNativeJNI: Component property map contains multiple entries for 'borderBlockStartColor'. Ensure all calls to convertRawProp use a consistent prefix, name and suffix.
12-25 11:14:32.374 12609 12642 W ReactNativeJNI: Component property map contains multiple entries for 'borderBottomEndRadius'. Ensure all calls to convertRawProp use a consistent prefix, name and suffix.
12-25 11:14:32.374 12609 12642 W ReactNativeJNI: Component property map contains multiple entries for 'borderBottomLeftRadius'. Ensure all calls to convertRawProp use a consistent prefix, name and suffix.
12-25 11:14:32.374 12609 12642 W ReactNativeJNI: Component property map contains multiple entries for 'borderStartStartRadius'. Ensure all calls to convertRawProp use a consistent prefix, name and suffix.
12-25 11:14:32.374 12609 12642 W ReactNativeJNI: Component property map contains multiple entries for 'borderBottomRightRadius'. Ensure all calls to convertRawProp use a consistent prefix, name and suffix.
12-25 11:14:32.374 12609 12642 W ReactNativeJNI: Component property map contains multiple entries for 'borderBottomStartRadius'. Ensure all calls to convertRawProp use a consistent prefix, name and suffix.
12-25 11:14:32.396 12609 12642 W ReactNativeJNI: Component property map contains multiple entries for 'borderColor'. Ensure all calls to convertRawProp use a consistent prefix, name and suffix.
12-25 11:14:32.396 12609 12642 W ReactNativeJNI: Component property map contains multiple entries for 'borderStyle'. Ensure all calls to convertRawProp use a consistent prefix, name and suffix.
12-25 11:14:32.404 12609 12642 W unknown:BridgelessReact: ReactHost{0}.getOrCreateReactInstanceTask(): Loading JS Bundle
12-25 11:14:32.405 12609 12642 W unknown:BridgelessReact: ReactHost{0}.getOrCreateReactInstanceTask(): Calling DevSupportManagerBase.onNewReactContextCreated(reactContext)
12-25 11:14:32.405 12609 12642 W unknown:BridgelessReact: ReactHost{0}.startSurface(surfaceId = 0): Execute
12-25 11:14:32.414 12609 12609 W unknown:BridgelessReact: ReactContext.onHostResume()
12-25 11:14:32.415 12609 12609 W unknown:BridgelessReact: ReactHost{0}.getOrCreateReactInstanceTask(): Executing ReactInstanceEventListeners
12-25 11:14:32.436 12609 12643 D nativeloader: Load /data/app/~~5r84eP7CBQMT5A3I86fGWA==/app.rork.dominder_android_reminder_app-m-BGfd4ujy2w3Caxr9xyhw==/split_config.arm64_v8a.apk!/lib/arm64-v8a/libexpo-modules-core.so using class loader ns clns-4 (caller=/data/app/~~5r84eP7CBQMT5A3I86fGWA==/app.rork.dominder_android_reminder_app-m-BGfd4ujy2w3Caxr9xyhw==/base.apk!classes2.dex): ok
12-25 11:14:32.456 12609 12643 D CompatibilityChangeReporter: Compat change id reported: 210923482; UID 11000; state: ENABLED
12-25 11:14:32.466 12609 12643 W unknown:ViewManagerPropertyUpdater: Could not find generated setter for class com.th3rdwave.safeareacontext.SafeAreaProviderManager
12-25 11:14:32.469 12609 12643 W unknown:ViewManagerPropertyUpdater: Could not find generated setter for class com.facebook.react.uimanager.LayoutShadowNode
12-25 11:14:32.470 12609 12609 D LicenseClient: Connected to the licensing service.
12-25 11:14:32.470 12609 12704 D LicenseClient: Sending request to license reporting service...
12-25 11:14:32.470 12609 12643 W unknown:ViewManagerPropertyUpdater: Could not find generated setter for class com.swmansion.rnscreens.SearchBarManager
12-25 11:14:32.472 12609 12643 W unknown:ViewManagerPropertyUpdater: Could not find generated setter for class com.swmansion.rnscreens.ScreenFooterManager
12-25 11:14:32.473 12609 12643 W unknown:ViewManagerPropertyUpdater: Could not find generated setter for class expo.modules.kotlin.views.GroupViewManagerWrapper
12-25 11:14:32.474 12609 12643 W unknown:ViewManagerPropertyUpdater: Could not find generated setter for class com.swmansion.rnscreens.ScreenContainerViewManager
12-25 11:14:32.475 12609 12643 W unknown:ViewManagerPropertyUpdater: Could not find generated setter for class com.swmansion.rnscreens.ModalScreenViewManager
12-25 11:14:32.477 12609 12643 W unknown:ViewManagerPropertyUpdater: Could not find generated setter for class com.swmansion.rnscreens.ScreenStackHeaderConfigViewManager
12-25 11:14:32.478 12609 12643 W unknown:ViewManagerPropertyUpdater: Could not find generated setter for class com.swmansion.rnscreens.ScreenContentWrapperManager
12-25 11:14:32.478 12609 12643 W unknown:ViewManagerPropertyUpdater: Could not find generated setter for class com.th3rdwave.safeareacontext.SafeAreaViewManager
12-25 11:14:32.480 12609 12643 W unknown:ViewManagerPropertyUpdater: Could not find generated setter for class com.th3rdwave.safeareacontext.SafeAreaViewShadowNode
12-25 11:14:32.480 12609 12643 W unknown:ViewManagerPropertyUpdater: Could not find generated setter for class com.shopify.reactnative.flash_list.AutoLayoutViewManager
12-25 11:14:32.482 12609 12643 W unknown:ViewManagerPropertyUpdater: Could not find generated setter for class com.shopify.reactnative.flash_list.CellContainerManager
12-25 11:14:32.483 12609 12643 W unknown:ViewManagerPropertyUpdater: Could not find generated setter for class com.swmansion.rnscreens.ScreenViewManager
12-25 11:14:32.483 12609 12643 W unknown:ViewManagerPropertyUpdater: Could not find generated setter for class expo.modules.kotlin.views.SimpleViewManagerWrapper
12-25 11:14:32.485 12609 12643 W unknown:ViewManagerPropertyUpdater: Could not find generated setter for class com.swmansion.rnscreens.ScreenStackHeaderSubviewManager
12-25 11:14:32.486 12609 12643 W unknown:ViewManagerPropertyUpdater: Could not find generated setter for class com.swmansion.rnscreens.ScreenStackViewManager
12-25 11:14:32.518 12609 12643 W unknown:ViewManagerPropertyUpdater: Could not find generated setter for class com.horcrux.svg.RenderableViewManager$DefsViewManager
12-25 11:14:32.519 12609 12643 W unknown:ViewManagerPropertyUpdater: Could not find generated setter for class com.horcrux.svg.VirtualViewManager$RenderableShadowNode
12-25 11:14:32.521 12609 12643 W unknown:ViewManagerPropertyUpdater: Could not find generated setter for class com.horcrux.svg.RenderableViewManager$FeMergeManager
12-25 11:14:32.523 12609 12643 W unknown:ViewManagerPropertyUpdater: Could not find generated setter for class com.facebook.react.views.safeareaview.ReactSafeAreaViewManager
12-25 11:14:32.524 12609 12643 W unknown:ViewManagerPropertyUpdater: Could not find generated setter for class com.facebook.react.views.safeareaview.ReactSafeAreaViewShadowNode
12-25 11:14:32.526 12609 12643 W unknown:ViewManagerPropertyUpdater: Could not find generated setter for class com.horcrux.svg.RenderableViewManager$LinearGradientManager
12-25 11:14:32.529 12609 12643 W unknown:ViewManagerPropertyUpdater: Could not find generated setter for class com.horcrux.svg.RenderableViewManager$FeGaussianBlurManager
12-25 11:14:32.531 12609 12643 W unknown:ViewManagerPropertyUpdater: Could not find generated setter for class com.facebook.react.views.progressbar.ReactProgressBarViewManager
12-25 11:14:32.532 12609 12643 W unknown:ViewManagerPropertyUpdater: Could not find generated setter for class com.facebook.react.views.progressbar.ProgressBarShadowNode
12-25 11:14:32.535 12609 12643 W unknown:ViewManagerPropertyUpdater: Could not find generated setter for class com.facebook.react.views.scroll.ReactHorizontalScrollViewManager
12-25 11:14:32.539 12609 12643 W unknown:ViewManagerPropertyUpdater: Could not find generated setter for class com.facebook.react.views.text.ReactTextViewManager
12-25 11:14:32.540 12609 12643 W unknown:ViewManagerPropertyUpdater: Could not find generated setter for class com.facebook.react.views.text.ReactTextShadowNode
12-25 11:14:32.543 12609 12643 W unknown:ViewManagerPropertyUpdater: Could not find generated setter for class com.horcrux.svg.RenderableViewManager$FeColorMatrixManager
12-25 11:14:32.545 12609 12643 W unknown:ViewManagerPropertyUpdater: Could not find generated setter for class com.facebook.react.views.scroll.ReactHorizontalScrollContainerViewManager
12-25 11:14:32.548 12609 12643 W unknown:ViewManagerPropertyUpdater: Could not find generated setter for class com.horcrux.svg.RenderableViewManager$ClipPathViewManager
12-25 11:14:32.551 12609 12643 W unknown:ViewManagerPropertyUpdater: Could not find generated setter for class com.horcrux.svg.RenderableViewManager$SymbolManager
12-25 11:14:32.554 12609 12643 W unknown:ViewManagerPropertyUpdater: Could not find generated setter for class com.horcrux.svg.RenderableViewManager$PatternManager
12-25 11:14:32.557 12609 12643 W unknown:ViewManagerPropertyUpdater: Could not find generated setter for class com.horcrux.svg.RenderableViewManager$FeBlendManager
12-25 11:14:32.558 12609 12704 D LicenseClient: Request to licensing reporting service sent.
12-25 11:14:32.559 12609 12643 W unknown:ViewManagerPropertyUpdater: Could not find generated setter for class com.facebook.react.views.view.ReactViewManager
12-25 11:14:32.563 12609 12643 W unknown:ViewManagerPropertyUpdater: Could not find generated setter for class com.horcrux.svg.SvgViewManager
12-25 11:14:32.567 12609 12643 W unknown:ViewManagerPropertyUpdater: Could not find generated setter for class com.facebook.react.views.switchview.ReactSwitchManager
12-25 11:14:32.567 12609 12643 W unknown:ViewManagerPropertyUpdater: Could not find generated setter for class com.facebook.react.views.switchview.ReactSwitchShadowNode
12-25 11:14:32.569 12609 12643 W unknown:ViewManagerPropertyUpdater: Could not find generated setter for class com.horcrux.svg.RenderableViewManager$UseViewManager
12-25 11:14:32.572 12609 12643 W unknown:ViewManagerPropertyUpdater: Could not find generated setter for class com.horcrux.svg.RenderableViewManager$CircleViewManager
12-25 11:14:32.575 12609 12643 W unknown:ViewManagerPropertyUpdater: Could not find generated setter for class com.horcrux.svg.RenderableViewManager$TSpanViewManager
12-25 11:14:32.578 12609 12643 W unknown:ViewManagerPropertyUpdater: Could not find generated setter for class com.horcrux.svg.RenderableViewManager$FilterManager
12-25 11:14:32.583 12609 12643 W unknown:ViewManagerPropertyUpdater: Could not find generated setter for class com.horcrux.svg.RenderableViewManager$MarkerManager
12-25 11:14:32.587 12609 12643 W unknown:ViewManagerPropertyUpdater: Could not find generated setter for class com.swmansion.gesturehandler.react.RNGestureHandlerButtonViewManager
12-25 11:14:32.590 12609 12643 W unknown:ViewManagerPropertyUpdater: Could not find generated setter for class com.facebook.react.views.modal.ReactModalHostManager
12-25 11:14:32.592 12609 12643 W unknown:ViewManagerPropertyUpdater: Could not find generated setter for class com.horcrux.svg.RenderableViewManager$ForeignObjectManager
12-25 11:14:32.595 12609 12643 W unknown:ViewManagerPropertyUpdater: Could not find generated setter for class com.horcrux.svg.RenderableViewManager$EllipseViewManager
12-25 11:14:32.597 12609 12643 W unknown:ViewManagerPropertyUpdater: Could not find generated setter for class com.horcrux.svg.RenderableViewManager$LineViewManager
12-25 11:14:32.600 12609 12643 W unknown:ViewManagerPropertyUpdater: Could not find generated setter for class com.facebook.react.views.text.frescosupport.FrescoBasedReactTextInlineImageViewManager
12-25 11:14:32.600 12609 12643 W unknown:ViewManagerPropertyUpdater: Could not find generated setter for class com.facebook.react.views.text.frescosupport.FrescoBasedReactTextInlineImageShadowNode
12-25 11:14:32.602 12609 12643 W unknown:ViewManagerPropertyUpdater: Could not find generated setter for class com.horcrux.svg.RenderableViewManager$FeFloodManager
12-25 11:14:32.604 12609 12643 W unknown:ViewManagerPropertyUpdater: Could not find generated setter for class com.horcrux.svg.RenderableViewManager$GroupViewManager
12-25 11:14:32.606 12609 12643 W unknown:ViewManagerPropertyUpdater: Could not find generated setter for class com.horcrux.svg.RenderableViewManager$TextViewManager
12-25 11:14:32.609 12609 12643 W unknown:ViewManagerPropertyUpdater: Could not find generated setter for class com.horcrux.svg.RenderableViewManager$ImageViewManager
12-25 11:14:32.612 12609 12643 W unknown:ViewManagerPropertyUpdater: Could not find generated setter for class com.horcrux.svg.RenderableViewManager$FeCompositeManager
12-25 11:14:32.614 12609 12643 W unknown:ViewManagerPropertyUpdater: Could not find generated setter for class com.facebook.react.views.image.ReactImageManager
12-25 11:14:32.617 12609 12643 W unknown:ViewManagerPropertyUpdater: Could not find generated setter for class com.horcrux.svg.RenderableViewManager$RadialGradientManager
12-25 11:14:32.619 12609 12643 W unknown:ViewManagerPropertyUpdater: Could not find generated setter for class com.horcrux.svg.RenderableViewManager$MaskManager
12-25 11:14:32.621 12609 12643 W unknown:ViewManagerPropertyUpdater: Could not find generated setter for class com.facebook.react.views.unimplementedview.ReactUnimplementedViewManager
12-25 11:14:32.623 12609 12643 W unknown:ViewManagerPropertyUpdater: Could not find generated setter for class com.horcrux.svg.RenderableViewManager$RectViewManager
12-25 11:14:32.626 12609 12643 W unknown:ViewManagerPropertyUpdater: Could not find generated setter for class com.horcrux.svg.RenderableViewManager$TextPathViewManager
12-25 11:14:32.629 12609 12643 W unknown:ViewManagerPropertyUpdater: Could not find generated setter for class com.facebook.react.views.scroll.ReactScrollViewManager
12-25 11:14:32.632 12609 12643 W unknown:ViewManagerPropertyUpdater: Could not find generated setter for class com.horcrux.svg.RenderableViewManager$FeOffsetManager
12-25 11:14:32.634 12609 12643 W unknown:ViewManagerPropertyUpdater: Could not find generated setter for class com.horcrux.svg.RenderableViewManager$PathViewManager
12-25 11:14:32.637 12609 12643 W unknown:ViewManagerPropertyUpdater: Could not find generated setter for class com.facebook.react.views.drawer.ReactDrawerLayoutManager
12-25 11:14:32.639 12609 12643 W unknown:ViewManagerPropertyUpdater: Could not find generated setter for class com.facebook.react.views.text.ReactVirtualTextViewManager
12-25 11:14:32.639 12609 12643 W unknown:ViewManagerPropertyUpdater: Could not find generated setter for class com.facebook.react.views.text.ReactVirtualTextShadowNode
12-25 11:14:32.642 12609 12643 W unknown:ViewManagerPropertyUpdater: Could not find generated setter for class com.facebook.react.views.swiperefresh.SwipeRefreshLayoutManager
12-25 11:14:32.644 12609 12643 W unknown:ViewManagerPropertyUpdater: Could not find generated setter for class com.facebook.react.views.text.ReactRawTextManager
12-25 11:14:32.644 12609 12643 W unknown:ViewManagerPropertyUpdater: Could not find generated setter for class com.facebook.react.views.text.ReactRawTextShadowNode
12-25 11:14:32.646 12609 12643 W unknown:ViewManagerPropertyUpdater: Could not find generated setter for class com.facebook.react.views.textinput.ReactTextInputManager
12-25 11:14:32.647 12609 12643 W unknown:ViewManagerPropertyUpdater: Could not find generated setter for class com.facebook.react.views.textinput.ReactTextInputShadowNode
12-25 11:14:32.650 12609 12643 W unknown:ViewManagerPropertyUpdater: Could not find generated setter for class com.swmansion.gesturehandler.react.RNGestureHandlerRootViewManager
12-25 11:14:32.657 12609 12643 W BridgelessReactContext: [WARNING] Bridgeless doesn't support CatalystInstance. Accessing an API that's not part of the new architecture is not encouraged usage.
12-25 11:14:32.663 12609 12643 I ExpoModulesCore:  JSI interop was installed
12-25 11:14:32.665 12609 12643 I ExpoModulesCore:  Constants were exported
12-25 11:14:32.682 12609 12643 D nativeloader: Load /data/app/~~5r84eP7CBQMT5A3I86fGWA==/app.rork.dominder_android_reminder_app-m-BGfd4ujy2w3Caxr9xyhw==/split_config.arm64_v8a.apk!/lib/arm64-v8a/libworklets.so using class loader ns clns-4 (caller=/data/app/~~5r84eP7CBQMT5A3I86fGWA==/app.rork.dominder_android_reminder_app-m-BGfd4ujy2w3Caxr9xyhw==/base.apk!classes2.dex): ok
12-25 11:14:32.719 12609 12643 D nativeloader: Load /data/app/~~5r84eP7CBQMT5A3I86fGWA==/app.rork.dominder_android_reminder_app-m-BGfd4ujy2w3Caxr9xyhw==/split_config.arm64_v8a.apk!/lib/arm64-v8a/libreanimated.so using class loader ns clns-4 (caller=/data/app/~~5r84eP7CBQMT5A3I86fGWA==/app.rork.dominder_android_reminder_app-m-BGfd4ujy2w3Caxr9xyhw==/base.apk!classes2.dex): ok
12-25 11:14:32.854 12609 12643 D nativeloader: Load /data/app/~~5r84eP7CBQMT5A3I86fGWA==/app.rork.dominder_android_reminder_app-m-BGfd4ujy2w3Caxr9xyhw==/split_config.arm64_v8a.apk!/lib/arm64-v8a/librnscreens.so using class loader ns clns-4 (caller=/data/app/~~5r84eP7CBQMT5A3I86fGWA==/app.rork.dominder_android_reminder_app-m-BGfd4ujy2w3Caxr9xyhw==/base.apk!classes2.dex): ok
12-25 11:14:32.862 12609 12643 V AsyncStorageExpoMigration: No scoped database found
12-25 11:14:32.863 12609 12643 I ReactNativeJS: '[NotificationService] AlarmModule availability:', 'Available'
12-25 11:14:32.863 12609 12643 I ReactNativeJS: '[NotificationService] AlarmModule methods:', [ 'scheduleAlarm' ]
12-25 11:14:32.864 12609 12643 I ReactNativeJS: Running "main"
12-25 11:14:32.920 12609 12643 I ReactNativeJS: [useAlarmListeners] Setting up native alarm event listeners...
12-25 11:14:32.920 12609 12643 I ReactNativeJS: [AlarmSync] Hook initialized
12-25 11:14:32.920 12609 12643 I ReactNativeJS: [AlarmSync] Checking for completed alarms...
12-25 11:14:32.921 12609 12643 I ReactNativeJS: [RootLayout] Setting up notification handlers
12-25 11:14:32.921 12609 12644 D DoMinderDebug: AlarmModule: Retrieved 0 completed alarms
12-25 11:14:32.921 12609 12643 I ReactNativeJS: [RootLayout] Initializing missed alarm service
12-25 11:14:32.921 12609 12643 I ReactNativeJS: [MissedAlarmService] Initializing...
12-25 11:14:32.921 12609 12643 I ReactNativeJS: [MissedAlarmService] Initialized successfully
12-25 11:14:32.922 12609 12643 I ReactNativeJS: [AppStartup] Initializing notification services...
12-25 11:14:32.922 12609 12643 I ReactNativeJS: [Dominder-Debug] Ensuring base notification channels
12-25 11:14:32.922 12609 12643 I ReactNativeJS: '[Dominder-Debug] Creating channel:', '{"id":"standard-v2","name":"Standard Notifications","importance":4,"sound":"default","vibration":true}'
12-25 11:14:32.925 12609 12643 I ReactNativeJS: '[AlarmSync] Found completed alarms:', 0
12-25 11:14:32.925 12609 12643 I ReactNativeJS: '[RootLayout] Initial notification:', null
12-25 11:14:32.926 12609 12644 D DoMinderDebug: AlarmModule: Retrieved 0 snoozed alarms
12-25 11:14:32.926 12609 12643 I ReactNativeJS: '[AlarmSync] Found snoozed alarms:', 0
12-25 11:14:32.927 12609 12609 D VRI[MainActivity]: update {(0,0)(fillxfill) sim={adjust=pan forwardNavigation} ty=BASE_APPLICATION wanim=0x10302fd
12-25 11:14:32.927 12609 12609 D VRI[MainActivity]:   fl=LAYOUT_IN_SCREEN LAYOUT_INSET_DECOR SPLIT_TOUCH HARDWARE_ACCELERATED DRAWS_SYSTEM_BAR_BACKGROUNDS
12-25 11:14:32.927 12609 12609 D VRI[MainActivity]:   pfl=NO_MOVE_ANIMATION FORCE_DRAW_STATUS_BAR_BACKGROUND FIT_INSETS_CONTROLLED
12-25 11:14:32.927 12609 12609 D VRI[MainActivity]:   bhv=DEFAULT
12-25 11:14:32.927 12609 12609 D VRI[MainActivity]:   fitSides=} by setLayoutParams
12-25 11:14:32.929 12609 12609 D VRI[MainActivity]: update {(0,0)(fillxfill) sim={adjust=pan forwardNavigation} ty=BASE_APPLICATION wanim=0x10302fd
12-25 11:14:32.929 12609 12609 D VRI[MainActivity]:   fl=LAYOUT_IN_SCREEN FORCE_NOT_FULLSCREEN LAYOUT_INSET_DECOR SPLIT_TOUCH HARDWARE_ACCELERATED DRAWS_SYSTEM_BAR_BACKGROUNDS
12-25 11:14:32.929 12609 12609 D VRI[MainActivity]:   pfl=NO_MOVE_ANIMATION FORCE_DRAW_STATUS_BAR_BACKGROUND FIT_INSETS_CONTROLLED
12-25 11:14:32.929 12609 12609 D VRI[MainActivity]:   bhv=DEFAULT
12-25 11:14:32.929 12609 12609 D VRI[MainActivity]:   fitSides=} by setLayoutParams
12-25 11:14:32.930 12609 12609 D VRI[MainActivity]: update {(0,0)(fillxfill) sim={adjust=pan forwardNavigation} ty=BASE_APPLICATION wanim=0x10302fd
12-25 11:14:32.930 12609 12609 D VRI[MainActivity]:   fl=LAYOUT_IN_SCREEN FORCE_NOT_FULLSCREEN LAYOUT_INSET_DECOR SPLIT_TOUCH HARDWARE_ACCELERATED DRAWS_SYSTEM_BAR_BACKGROUNDS
12-25 11:14:32.930 12609 12609 D VRI[MainActivity]:   pfl=NO_MOVE_ANIMATION FORCE_DRAW_STATUS_BAR_BACKGROUND FIT_INSETS_CONTROLLED
12-25 11:14:32.930 12609 12609 D VRI[MainActivity]:   bhv=DEFAULT
12-25 11:14:32.930 12609 12609 D VRI[MainActivity]:   fitSides=} by setLayoutParams
12-25 11:14:32.931 12609 12643 I ReactNativeJS: '[Dominder-Debug] Creating channel:', '{"id":"silent-v2","name":"Silent Notifications","importance":2,"vibration":false}'
12-25 11:14:32.931 12609 12643 I ReactNativeJS: [AlarmSync] App became active, syncing...
12-25 11:14:32.931 12609 12643 I ReactNativeJS: [AlarmSync] Checking for completed alarms...
12-25 11:14:32.931 12609 12644 D DoMinderDebug: AlarmModule: Retrieved 0 completed alarms
12-25 11:14:32.932 12609 12643 I ReactNativeJS: '[AlarmSync] Found completed alarms:', 0
12-25 11:14:32.933 12609 12644 D DoMinderDebug: AlarmModule: Retrieved 0 snoozed alarms
12-25 11:14:32.933 12609 12643 I ReactNativeJS: '[AlarmSync] Found snoozed alarms:', 0
12-25 11:14:32.936 12609 12643 I ReactNativeJS: '[Dominder-Debug] Creating channel:', '{"id":"alarm-v2","name":"Alarms","importance":4,"sound":"default","vibration":true,"bypassDnd":true}'
12-25 11:14:32.938 12609 12643 I ReactNativeJS: [Dominder-Debug] Base channels ensured
12-25 11:14:32.976 12609 12609 W [RNScreens]: backTitleVisible prop is not available on Android
12-25 11:14:32.976 12609 12609 W [RNScreens]: backTitleFontFamily prop is not available on Android
12-25 11:14:32.976 12609 12609 W [RNScreens]: disableBackButtonMenu prop is not available on Android
12-25 11:14:32.976 12609 12609 W [RNScreens]: largeTitleFontFamily prop is not available on Android
12-25 11:14:32.976 12609 12609 W [RNScreens]: largeTitleFontWeight prop is not available on Android
12-25 11:14:32.976 12609 12609 W [RNScreens]: largeTitleHideShadow prop is not available on Android
12-25 11:14:32.983 12609 12643 I ReactNativeJS: '[Selection] Mode changed:', false, 'Selected count:', 0
12-25 11:14:32.984 12609 12643 I ReactNativeJS: '[ReminderEngine] Processing reminders, count:', 0
12-25 11:14:32.994 12609 12643 I ReactNativeJS: '[ReminderEngine] Processing reminders, count:', 0
12-25 11:14:32.996 12609 12643 I ReactNativeJS: [StartupCheck] Checking for pending notifications and rescheduling all active reminders...
12-25 11:14:32.997 12609 12643 I ReactNativeJS: '[RootLayout] Foreground event:', { type: 3, pressAction: undefined }
12-25 11:14:32.999 12609 12643 I ReactNativeJS: [StartupCheck] No reminders to check
12-25 11:14:32.999 12609 12771 I NOTIFEE : (NotificationManager): Removing notification with id maintenance-notification
12-25 11:14:33.000 12609 12771 I NOTIFEE : (NotificationManager): Removing notification with id maintenance-notification
12-25 11:14:33.005 12609 12609 I ReactNative: [GESTURE HANDLER] Initialize gesture handler for root view com.facebook.react.runtime.ReactSurfaceView{af607e V.E...... ......ID 0,0-1080,2295 #b}
12-25 11:14:33.059 12609 12637 W Parcel  : Expecting binder but got null!
12-25 11:14:33.061 12609 12609 D VRI[MainActivity]: update {(0,0)(fillxfill) sim={adjust=pan forwardNavigation} ty=BASE_APPLICATION wanim=0x10302fd
12-25 11:14:33.061 12609 12609 D VRI[MainActivity]:   fl=LAYOUT_IN_SCREEN FORCE_NOT_FULLSCREEN LAYOUT_INSET_DECOR SPLIT_TOUCH HARDWARE_ACCELERATED DRAWS_SYSTEM_BAR_BACKGROUNDS
12-25 11:14:33.061 12609 12609 D VRI[MainActivity]:   pfl=NO_MOVE_ANIMATION FORCE_DRAW_STATUS_BAR_BACKGROUND FIT_INSETS_CONTROLLED
12-25 11:14:33.061 12609 12609 D VRI[MainActivity]:   bhv=DEFAULT
12-25 11:14:33.061 12609 12609 D VRI[MainActivity]:   fitSides=} by setLayoutParams
12-25 11:14:33.119 12609 12609 D CompatibilityChangeReporter: Compat change id reported: 171228096; UID 11000; state: ENABLED
12-25 11:14:33.192 12609 12609 D ViewRootImpl: update {(0,0)(fillxfill) gr=CENTER sim={adjust=resize forwardNavigation} ty=APPLICATION fmt=TRANSPARENT wanim=0x7f11012e
12-25 11:14:33.192 12609 12609 D ViewRootImpl:   fl=NOT_FOCUSABLE LAYOUT_IN_SCREEN LAYOUT_INSET_DECOR SPLIT_TOUCH HARDWARE_ACCELERATED DRAWS_SYSTEM_BAR_BACKGROUNDS
12-25 11:14:33.192 12609 12609 D ViewRootImpl:   pfl=NO_MOVE_ANIMATION FORCE_DRAW_STATUS_BAR_BACKGROUND FIT_INSETS_CONTROLLED
12-25 11:14:33.192 12609 12609 D ViewRootImpl:   bhv=DEFAULT
12-25 11:14:33.192 12609 12609 D ViewRootImpl:   fitSides=} by setView
12-25 11:14:33.198 12609 12609 D VRI[MainActivity]: update {(0,0)(fillxfill) gr=CENTER sim={adjust=resize} ty=APPLICATION fmt=TRANSPARENT wanim=0x7f11012e
12-25 11:14:33.198 12609 12609 D VRI[MainActivity]:   fl=LAYOUT_IN_SCREEN LAYOUT_INSET_DECOR SPLIT_TOUCH HARDWARE_ACCELERATED DRAWS_SYSTEM_BAR_BACKGROUNDS
12-25 11:14:33.198 12609 12609 D VRI[MainActivity]:   pfl=NO_MOVE_ANIMATION FORCE_DRAW_STATUS_BAR_BACKGROUND FIT_INSETS_CONTROLLED
12-25 11:14:33.198 12609 12609 D VRI[MainActivity]:   bhv=DEFAULT
12-25 11:14:33.198 12609 12609 D VRI[MainActivity]:   fitSides=} by setLayoutParams
12-25 11:14:33.198 12609 12609 W unknown:ViewManagerPropertyUpdater: Could not find generated setter for class com.facebook.react.uimanager.RootViewManager
12-25 11:14:33.202 12609 12643 I ReactNativeJS: [AppStartup] Pending notifications check completed
12-25 11:14:33.202 12609 12643 I ReactNativeJS: [NotificationRefresh] Initializing notification refresh service
12-25 11:14:33.202 12609 12643 I ReactNativeJS: [NotificationRefresh] Scheduling midnight refresh in 765 minutes
12-25 11:14:33.206 12609 12643 I ReactNativeJS: '[ReminderEngine] Processing reminders, count:', 0
12-25 11:14:33.232 12609 12643 I ReactNativeJS: '[NotificationRefresh] Midnight refresh scheduled for:', '2025-12-25T18:30:00.000Z'
12-25 11:14:33.232 12609 12643 I ReactNativeJS: [AppStartup] Notification services initialized
12-25 11:14:33.250 12609 12837 D nativeloader: Load /data/app/~~5r84eP7CBQMT5A3I86fGWA==/app.rork.dominder_android_reminder_app-m-BGfd4ujy2w3Caxr9xyhw==/split_config.arm64_v8a.apk!/lib/arm64-v8a/libimagepipeline.so using class loader ns clns-4 (caller=/data/app/~~5r84eP7CBQMT5A3I86fGWA==/app.rork.dominder_android_reminder_app-m-BGfd4ujy2w3Caxr9xyhw==/base.apk!classes2.dex): ok
12-25 11:14:33.263 12609 12637 E OpenGLRenderer: Unable to match the desired swap behavior.
12-25 11:14:33.272 12609 12637 W Parcel  : Expecting binder but got null!
12-25 11:14:33.275 12609 12643 D nativeloader: Load /data/app/~~5r84eP7CBQMT5A3I86fGWA==/app.rork.dominder_android_reminder_app-m-BGfd4ujy2w3Caxr9xyhw==/split_config.arm64_v8a.apk!/lib/arm64-v8a/libgesturehandler.so using class loader ns clns-4 (caller=/data/app/~~5r84eP7CBQMT5A3I86fGWA==/app.rork.dominder_android_reminder_app-m-BGfd4ujy2w3Caxr9xyhw==/base.apk!classes2.dex): ok
12-25 11:14:33.275 12609 12643 D jni_lib_merge: Entering merged library JNI_OnLoad.
12-25 11:14:33.275 12609 12643 D jni_lib_merge: Preparing 11 pre-merged libs (including stub)
12-25 11:14:33.275 12609 12643 D jni_lib_merge: Preparing to register libfabricjni_so.  onload_func: 0x783d3104c4
12-25 11:14:33.275 12609 12643 D jni_lib_merge: Preparing to register libreact_devsupportjni_so.  onload_func: 0x783d3e2110
12-25 11:14:33.275 12609 12643 D jni_lib_merge: Preparing to register libreact_featureflagsjni_so.  onload_func: 0x783d3ea3ac
12-25 11:14:33.275 12609 12643 D jni_lib_merge: Preparing to register libreact_newarchdefaults_so.  onload_func: 0x783d40e3c8
12-25 11:14:33.275 12609 12643 D jni_lib_merge: Preparing to register libreactnativeblob_so.  onload_func: 0x783d49521c
12-25 11:14:33.275 12609 12643 D jni_lib_merge: Preparing to register libreactnativejni_so.  onload_func: 0x783d4b3204
12-25 11:14:33.275 12609 12643 D jni_lib_merge: Preparing to register librninstance_so.  onload_func: 0x783d4cc990
