--------- beginning of main
11-09 09:09:20.594 17196 17196 I id_reminder_app: Using CollectorTypeCC GC.
11-09 09:09:20.598 17196 17196 E id_reminder_app: Not starting debugger since process cannot load the jdwp agent.
11-09 09:09:20.602 17196 17196 D nativeloader: Load libframework-connectivity-tiramisu-jni.so using APEX ns com_android_tethering for caller /apex/com.android.tethering/javalib/framework-connectivity-t.jar: ok
11-09 09:09:20.622 17196 17196 D CompatibilityChangeReporter: Compat change id reported: 171979766; UID 10890; state: ENABLED
11-09 09:09:20.708 17196 17196 D nativeloader: Configuring clns-4 for other apk /data/app/~~2Zye1bdkX6dZ8XapOyEi4Q==/app.rork.dominder_android_reminder_app-ShKGw5i4PFNcRijkI7Veag==/base.apk. target_sdk_version=35, uses_libraries=, library_path=/data/app/~~2Zye1bdkX6dZ8XapOyEi4Q==/app.rork.dominder_android_reminder_app-ShKGw5i4PFNcRijkI7Veag==/lib/arm64:/data/app/~~2Zye1bdkX6dZ8XapOyEi4Q==/app.rork.dominder_android_reminder_app-ShKGw5i4PFNcRijkI7Veag==/base.apk!/lib/arm64-v8a, permitted_path=/data:/mnt/expand:/data/user/0/app.rork.dominder_android_reminder_app
11-09 09:09:20.717 17196 17196 D nativeloader: Load libframework-connectivity-jni.so using APEX ns com_android_tethering for caller /apex/com.android.tethering/javalib/framework-connectivity.jar: ok
11-09 09:09:20.719 17196 17196 V GraphicsEnvironment: ANGLE Developer option for 'app.rork.dominder_android_reminder_app' set to: 'default'
11-09 09:09:20.720 17196 17196 V GraphicsEnvironment: ANGLE GameManagerService for app.rork.dominder_android_reminder_app: false
11-09 09:09:20.720 17196 17196 V GraphicsEnvironment: Neither updatable production driver nor prerelease driver is supported.
11-09 09:09:20.722 17196 17196 D NetworkSecurityConfig: No Network Security Config specified, using platform default
11-09 09:09:20.722 17196 17196 D NetworkSecurityConfig: No Network Security Config specified, using platform default
11-09 09:09:20.733 17196 17196 D WM-WrkMgrInitializer: Initializing WorkManager with default configuration.
11-09 09:09:20.740 17196 17196 D NOTIFEE : (context): received application context
11-09 09:09:20.747 17196 17196 W SoLoader: Initializing SoLoader: 0
11-09 09:09:20.747 17196 17196 W SoLoader: Recording new base apk path: /data/app/~~2Zye1bdkX6dZ8XapOyEi4Q==/app.rork.dominder_android_reminder_app-ShKGw5i4PFNcRijkI7Veag==/base.apk
11-09 09:09:20.747 17196 17196 W SoLoader: Previously recorded 0 base apk paths.
11-09 09:09:20.748 17196 17196 I SoLoader: Preparing SO source: DirectorySoSource[root = /vendor/lib64 flags = 2]
11-09 09:09:20.748 17196 17196 I SoLoader: Preparing SO source: DirectorySoSource[root = /system/lib64 flags = 2]
11-09 09:09:20.748 17196 17196 I SoLoader: Preparing SO source: DirectApkSoSource[root = [/data/app/~~2Zye1bdkX6dZ8XapOyEi4Q==/app.rork.dominder_android_reminder_app-ShKGw5i4PFNcRijkI7Veag==/base.apk!/lib/arm64-v8a]]
11-09 09:09:20.752 17196 17196 I SoLoader: Preparing SO source: ApplicationSoSource[DirectorySoSource[root = /data/app/~~2Zye1bdkX6dZ8XapOyEi4Q==/app.rork.dominder_android_reminder_app-ShKGw5i4PFNcRijkI7Veag==/lib/arm64 flags = 0]]
11-09 09:09:20.752 17196 17196 I SoLoader: init finish: 4 SO sources prepared
11-09 09:09:20.752 17196 17196 W SoLoader: SoLoader initialized: 8
11-09 09:09:20.774 17196 17222 D CompatibilityChangeReporter: Compat change id reported: 160794467; UID 10890; state: ENABLED
11-09 09:09:20.775 17196 17196 D nativeloader: Load /data/app/~~2Zye1bdkX6dZ8XapOyEi4Q==/app.rork.dominder_android_reminder_app-ShKGw5i4PFNcRijkI7Veag==/base.apk!/lib/arm64-v8a/libc++_shared.so using class loader ns clns-4 (caller=/data/app/~~2Zye1bdkX6dZ8XapOyEi4Q==/app.rork.dominder_android_reminder_app-ShKGw5i4PFNcRijkI7Veag==/base.apk!classes2.dex): ok
11-09 09:09:20.784 17196 17196 D nativeloader: Load /data/app/~~2Zye1bdkX6dZ8XapOyEi4Q==/app.rork.dominder_android_reminder_app-ShKGw5i4PFNcRijkI7Veag==/base.apk!/lib/arm64-v8a/libjsi.so using class loader ns clns-4 (caller=/data/app/~~2Zye1bdkX6dZ8XapOyEi4Q==/app.rork.dominder_android_reminder_app-ShKGw5i4PFNcRijkI7Veag==/base.apk!classes2.dex): ok
11-09 09:09:20.790 17196 17196 D nativeloader: Load /data/app/~~2Zye1bdkX6dZ8XapOyEi4Q==/app.rork.dominder_android_reminder_app-ShKGw5i4PFNcRijkI7Veag==/base.apk!/lib/arm64-v8a/libfbjni.so using class loader ns clns-4 (caller=/data/app/~~2Zye1bdkX6dZ8XapOyEi4Q==/app.rork.dominder_android_reminder_app-ShKGw5i4PFNcRijkI7Veag==/base.apk!classes2.dex): ok
11-09 09:09:20.798 17196 17196 D nativeloader: Load /data/app/~~2Zye1bdkX6dZ8XapOyEi4Q==/app.rork.dominder_android_reminder_app-ShKGw5i4PFNcRijkI7Veag==/base.apk!/lib/arm64-v8a/libreactnative.so using class loader ns clns-4 (caller=/data/app/~~2Zye1bdkX6dZ8XapOyEi4Q==/app.rork.dominder_android_reminder_app-ShKGw5i4PFNcRijkI7Veag==/base.apk!classes2.dex): ok
11-09 09:09:20.798 17196 17196 D jni_lib_merge: Entering merged library JNI_OnLoad.
11-09 09:09:20.798 17196 17196 D jni_lib_merge: Preparing 11 pre-merged libs (including stub)
11-09 09:09:20.798 17196 17196 D jni_lib_merge: Preparing to register libfabricjni_so.  onload_func: 0x7672dd84c4
11-09 09:09:20.798 17196 17196 D jni_lib_merge: Preparing to register libreact_devsupportjni_so.  onload_func: 0x7672eaa110
11-09 09:09:20.798 17196 17196 D jni_lib_merge: Preparing to register libreact_featureflagsjni_so.  onload_func: 0x7672eb23ac
11-09 09:09:20.798 17196 17196 D jni_lib_merge: Preparing to register libreact_newarchdefaults_so.  onload_func: 0x7672ed63c8
11-09 09:09:20.798 17196 17196 D jni_lib_merge: Preparing to register libreactnativeblob_so.  onload_func: 0x7672f5d21c
11-09 09:09:20.798 17196 17196 D jni_lib_merge: Preparing to register libreactnativejni_so.  onload_func: 0x7672f7b204
11-09 09:09:20.798 17196 17196 D jni_lib_merge: Preparing to register librninstance_so.  onload_func: 0x7672f94990
11-09 09:09:20.798 17196 17196 D jni_lib_merge: Preparing to register libturbomodulejsijni_so.  onload_func: 0x767300f87c
11-09 09:09:20.798 17196 17196 D jni_lib_merge: Preparing to register libuimanagerjni_so.  onload_func: 0x7673016d94
11-09 09:09:20.798 17196 17196 D jni_lib_merge: Preparing to register libyoga_so.  onload_func: 0x767301c1e8
11-09 09:09:20.798 17196 17196 D jni_lib_merge: About to register 10 actual methods.
11-09 09:09:20.814 17196 17196 D nativeloader: Load /data/app/~~2Zye1bdkX6dZ8XapOyEi4Q==/app.rork.dominder_android_reminder_app-ShKGw5i4PFNcRijkI7Veag==/base.apk!/lib/arm64-v8a/libreact_codegen_rnscreens.so using class loader ns clns-4 (caller=/data/app/~~2Zye1bdkX6dZ8XapOyEi4Q==/app.rork.dominder_android_reminder_app-ShKGw5i4PFNcRijkI7Veag==/base.apk!classes2.dex): ok
11-09 09:09:20.814 17196 17196 D jni_lib_merge: Entering merged library JNI_OnLoad.
11-09 09:09:20.814 17196 17196 D jni_lib_merge: Preparing 11 pre-merged libs (including stub)
11-09 09:09:20.814 17196 17196 D jni_lib_merge: Preparing to register libfabricjni_so.  onload_func: 0x7672dd84c4
11-09 09:09:20.814 17196 17196 D jni_lib_merge: Preparing to register libreact_devsupportjni_so.  onload_func: 0x7672eaa110
11-09 09:09:20.814 17196 17196 D jni_lib_merge: Preparing to register libreact_featureflagsjni_so.  onload_func: 0x7672eb23ac
11-09 09:09:20.814 17196 17196 D jni_lib_merge: Preparing to register libreact_newarchdefaults_so.  onload_func: 0x7672ed63c8
11-09 09:09:20.814 17196 17196 D jni_lib_merge: Preparing to register libreactnativeblob_so.  onload_func: 0x7672f5d21c
11-09 09:09:20.814 17196 17196 D jni_lib_merge: Preparing to register libreactnativejni_so.  onload_func: 0x7672f7b204
11-09 09:09:20.814 17196 17196 D jni_lib_merge: Preparing to register librninstance_so.  onload_func: 0x7672f94990
11-09 09:09:20.815 17196 17196 D jni_lib_merge: Preparing to register libturbomodulejsijni_so.  onload_func: 0x767300f87c
11-09 09:09:20.815 17196 17196 D jni_lib_merge: Preparing to register libuimanagerjni_so.  onload_func: 0x7673016d94
11-09 09:09:20.815 17196 17196 D jni_lib_merge: Preparing to register libyoga_so.  onload_func: 0x767301c1e8
11-09 09:09:20.815 17196 17196 D jni_lib_merge: About to register 10 actual methods.
11-09 09:09:20.824 17196 17196 D nativeloader: Load /data/app/~~2Zye1bdkX6dZ8XapOyEi4Q==/app.rork.dominder_android_reminder_app-ShKGw5i4PFNcRijkI7Veag==/base.apk!/lib/arm64-v8a/libreact_codegen_rnsvg.so using class loader ns clns-4 (caller=/data/app/~~2Zye1bdkX6dZ8XapOyEi4Q==/app.rork.dominder_android_reminder_app-ShKGw5i4PFNcRijkI7Veag==/base.apk!classes2.dex): ok
11-09 09:09:20.825 17196 17196 D jni_lib_merge: Entering merged library JNI_OnLoad.
11-09 09:09:20.825 17196 17196 D jni_lib_merge: Preparing 11 pre-merged libs (including stub)
11-09 09:09:20.825 17196 17196 D jni_lib_merge: Preparing to register libfabricjni_so.  onload_func: 0x7672dd84c4
11-09 09:09:20.825 17196 17196 D jni_lib_merge: Preparing to register libreact_devsupportjni_so.  onload_func: 0x7672eaa110
11-09 09:09:20.825 17196 17196 D jni_lib_merge: Preparing to register libreact_featureflagsjni_so.  onload_func: 0x7672eb23ac
11-09 09:09:20.825 17196 17196 D jni_lib_merge: Preparing to register libreact_newarchdefaults_so.  onload_func: 0x7672ed63c8
11-09 09:09:20.825 17196 17196 D jni_lib_merge: Preparing to register libreactnativeblob_so.  onload_func: 0x7672f5d21c
11-09 09:09:20.825 17196 17196 D jni_lib_merge: Preparing to register libreactnativejni_so.  onload_func: 0x7672f7b204
11-09 09:09:20.825 17196 17196 D jni_lib_merge: Preparing to register librninstance_so.  onload_func: 0x7672f94990
11-09 09:09:20.825 17196 17196 D jni_lib_merge: Preparing to register libturbomodulejsijni_so.  onload_func: 0x767300f87c
11-09 09:09:20.825 17196 17196 D jni_lib_merge: Preparing to register libuimanagerjni_so.  onload_func: 0x7673016d94
11-09 09:09:20.825 17196 17196 D jni_lib_merge: Preparing to register libyoga_so.  onload_func: 0x767301c1e8
11-09 09:09:20.825 17196 17196 D jni_lib_merge: About to register 10 actual methods.
11-09 09:09:20.831 17196 17196 D nativeloader: Load /data/app/~~2Zye1bdkX6dZ8XapOyEi4Q==/app.rork.dominder_android_reminder_app-ShKGw5i4PFNcRijkI7Veag==/base.apk!/lib/arm64-v8a/libreact_codegen_safeareacontext.so using class loader ns clns-4 (caller=/data/app/~~2Zye1bdkX6dZ8XapOyEi4Q==/app.rork.dominder_android_reminder_app-ShKGw5i4PFNcRijkI7Veag==/base.apk!classes2.dex): ok
11-09 09:09:20.836 17196 17196 D nativeloader: Load /data/app/~~2Zye1bdkX6dZ8XapOyEi4Q==/app.rork.dominder_android_reminder_app-ShKGw5i4PFNcRijkI7Veag==/base.apk!/lib/arm64-v8a/libappmodules.so using class loader ns clns-4 (caller=/data/app/~~2Zye1bdkX6dZ8XapOyEi4Q==/app.rork.dominder_android_reminder_app-ShKGw5i4PFNcRijkI7Veag==/base.apk!classes2.dex): ok
11-09 09:09:20.836 17196 17196 I Typeface: updateThemeFont new=Rookery-Regular;old=sans-serif;new=Rookery-Stacked;old=
11-09 09:09:20.851 17196 17196 D AppCompatDelegate: Checking for metadata for AppLocalesMetadataHolderService : Service not found
11-09 09:09:20.895 17196 17196 W unknown:BridgelessReact: ReactHost{0}.startSurface(surfaceId = 0): Schedule
11-09 09:09:20.895 17196 17196 W unknown:BridgelessReact: ReactHost{0}.attachSurface(surfaceId = 0)
11-09 09:09:20.896 17196 17244 W unknown:BridgelessReact: ReactHost{0}.getOrCreateReactInstanceTask()
11-09 09:09:20.896 17196 17244 W unknown:BridgelessReact: ReactHost{0}.getOrCreateReactInstanceTask(): Start
11-09 09:09:20.896 17196 17244 W unknown:BridgelessReact: ReactHost{0}.getJSBundleLoader()
11-09 09:09:20.896 17196 17244 W unknown:BridgelessReact: ReactHost{0}.getOrCreateReactContext(): Creating BridgelessReactContext
11-09 09:09:20.896 17196 17244 W unknown:BridgelessReact: ReactHost{0}.getOrCreateReactInstanceTask(): Creating ReactInstance
11-09 09:09:20.898 17196 17196 W unknown:BridgelessReact: ReactHost{0}.onHostResume(activity)
11-09 09:09:20.899 17196 17196 W unknown:BridgelessReact: ReactContext.onHostResume()
--------- beginning of system
11-09 09:09:20.909 17196 17196 D ViewRootImpl: update {(0,0)(fillxfill) sim={adjust=resize forwardNavigation} ty=BASE_APPLICATION wanim=0x10302fd
11-09 09:09:20.909 17196 17196 D ViewRootImpl:   fl=LAYOUT_IN_SCREEN LAYOUT_INSET_DECOR SPLIT_TOUCH HARDWARE_ACCELERATED DRAWS_SYSTEM_BAR_BACKGROUNDS
11-09 09:09:20.909 17196 17196 D ViewRootImpl:   pfl=NO_MOVE_ANIMATION FORCE_DRAW_STATUS_BAR_BACKGROUND FIT_INSETS_CONTROLLED
11-09 09:09:20.909 17196 17196 D ViewRootImpl:   bhv=DEFAULT
11-09 09:09:20.909 17196 17196 D ViewRootImpl:   fitSides=} by setView
11-09 09:09:20.910 17196 17244 D nativeloader: Load /data/app/~~2Zye1bdkX6dZ8XapOyEi4Q==/app.rork.dominder_android_reminder_app-ShKGw5i4PFNcRijkI7Veag==/base.apk!/lib/arm64-v8a/libhermes.so using class loader ns clns-4 (caller=/data/app/~~2Zye1bdkX6dZ8XapOyEi4Q==/app.rork.dominder_android_reminder_app-ShKGw5i4PFNcRijkI7Veag==/base.apk!classes2.dex): ok
11-09 09:09:20.911 17196 17244 D nativeloader: Load /data/app/~~2Zye1bdkX6dZ8XapOyEi4Q==/app.rork.dominder_android_reminder_app-ShKGw5i4PFNcRijkI7Veag==/base.apk!/lib/arm64-v8a/libhermestooling.so using class loader ns clns-4 (caller=/data/app/~~2Zye1bdkX6dZ8XapOyEi4Q==/app.rork.dominder_android_reminder_app-ShKGw5i4PFNcRijkI7Veag==/base.apk!classes2.dex): ok
11-09 09:09:20.912 17196 17244 D jni_lib_merge: Entering merged library JNI_OnLoad.
11-09 09:09:20.912 17196 17244 D jni_lib_merge: Preparing 4 pre-merged libs (including stub)
11-09 09:09:20.912 17196 17244 D jni_lib_merge: Preparing to register libhermes_executor_so.  onload_func: 0x76f402411c
11-09 09:09:20.912 17196 17244 D jni_lib_merge: Preparing to register libhermesinstancejni_so.  onload_func: 0x76f402ba58
11-09 09:09:20.912 17196 17244 D jni_lib_merge: Preparing to register libjsijniprofiler_so.  onload_func: 0x76f402c114
11-09 09:09:20.912 17196 17244 D jni_lib_merge: About to register 3 actual methods.
11-09 09:09:20.940 17196 17237 I AdrenoGLES-0: QUALCOMM build                   : 43fc279f3a, I58833f8ed4
11-09 09:09:20.940 17196 17237 I AdrenoGLES-0: Build Date                       : 03/24/23
11-09 09:09:20.940 17196 17237 I AdrenoGLES-0: OpenGL ES Shader Compiler Version: EV031.32.02.17
11-09 09:09:20.940 17196 17237 I AdrenoGLES-0: Local Branch                     : 
11-09 09:09:20.940 17196 17237 I AdrenoGLES-0: Remote Branch                    : 
11-09 09:09:20.940 17196 17237 I AdrenoGLES-0: Remote Branch                    : 
11-09 09:09:20.940 17196 17237 I AdrenoGLES-0: Reconstruct Branch               : 
11-09 09:09:20.941 17196 17237 I AdrenoGLES-0: Build Config                     : S P 10.0.7 AArch64
11-09 09:09:20.941 17196 17237 I AdrenoGLES-0: Driver Path                      : /vendor/lib64/egl/libGLESv2_adreno.so
11-09 09:09:20.951 17196 17237 I AdrenoGLES-0: PFP: 0x016ee197, ME: 0x00000000
11-09 09:09:20.984 17196 17237 I OpenGLRenderer: setGrContext nullptr-->validptr
11-09 09:09:20.989 17196 17237 E OpenGLRenderer: Unable to match the desired swap behavior.
11-09 09:09:21.145 17196 17244 I ExpoModulesCore:  AppContext was initialized
11-09 09:09:21.160 17196 17244 W ReactNativeJNI: Component property map contains multiple entries for 'borderColor'. Ensure all calls to convertRawProp use a consistent prefix, name and suffix.
11-09 09:09:21.160 17196 17244 W ReactNativeJNI: Component property map contains multiple entries for 'borderStyle'. Ensure all calls to convertRawProp use a consistent prefix, name and suffix.
11-09 09:09:21.169 17196 17244 W ReactNativeJNI: Component property map contains multiple entries for 'borderColor'. Ensure all calls to convertRawProp use a consistent prefix, name and suffix.
11-09 09:09:21.170 17196 17244 W ReactNativeJNI: Component property map contains multiple entries for 'borderStyle'. Ensure all calls to convertRawProp use a consistent prefix, name and suffix.
11-09 09:09:21.170 17196 17244 W ReactNativeJNI: Component property map contains multiple entries for 'borderRadius'. Ensure all calls to convertRawProp use a consistent prefix, name and suffix.
11-09 09:09:21.170 17196 17244 W ReactNativeJNI: Component property map contains multiple entries for 'borderEndColor'. Ensure all calls to convertRawProp use a consistent prefix, name and suffix.
11-09 09:09:21.170 17196 17244 W ReactNativeJNI: Component property map contains multiple entries for 'borderTopColor'. Ensure all calls to convertRawProp use a consistent prefix, name and suffix.
11-09 09:09:21.170 17196 17244 W ReactNativeJNI: Component property map contains multiple entries for 'borderLeftColor'. Ensure all calls to convertRawProp use a consistent prefix, name and suffix.
11-09 09:09:21.170 17196 17244 W ReactNativeJNI: Component property map contains multiple entries for 'borderBlockColor'. Ensure all calls to convertRawProp use a consistent prefix, name and suffix.
11-09 09:09:21.170 17196 17244 W ReactNativeJNI: Component property map contains multiple entries for 'borderRightColor'. Ensure all calls to convertRawProp use a consistent prefix, name and suffix.
11-09 09:09:21.170 17196 17244 W ReactNativeJNI: Component property map contains multiple entries for 'borderStartColor'. Ensure all calls to convertRawProp use a consistent prefix, name and suffix.
11-09 09:09:21.170 17196 17244 W ReactNativeJNI: Component property map contains multiple entries for 'borderBottomColor'. Ensure all calls to convertRawProp use a consistent prefix, name and suffix.
11-09 09:09:21.170 17196 17244 W ReactNativeJNI: Component property map contains multiple entries for 'borderEndEndRadius'. Ensure all calls to convertRawProp use a consistent prefix, name and suffix.
11-09 09:09:21.170 17196 17244 W ReactNativeJNI: Component property map contains multiple entries for 'borderTopEndRadius'. Ensure all calls to convertRawProp use a consistent prefix, name and suffix.
11-09 09:09:21.170 17196 17244 W ReactNativeJNI: Component property map contains multiple entries for 'borderBlockEndColor'. Ensure all calls to convertRawProp use a consistent prefix, name and suffix.
11-09 09:09:21.170 17196 17244 W ReactNativeJNI: Component property map contains multiple entries for 'borderTopLeftRadius'. Ensure all calls to convertRawProp use a consistent prefix, name and suffix.
11-09 09:09:21.170 17196 17244 W ReactNativeJNI: Component property map contains multiple entries for 'borderEndStartRadius'. Ensure all calls to convertRawProp use a consistent prefix, name and suffix.
11-09 09:09:21.170 17196 17244 W ReactNativeJNI: Component property map contains multiple entries for 'borderStartEndRadius'. Ensure all calls to convertRawProp use a consistent prefix, name and suffix.
11-09 09:09:21.170 17196 17244 W ReactNativeJNI: Component property map contains multiple entries for 'borderTopRightRadius'. Ensure all calls to convertRawProp use a consistent prefix, name and suffix.
11-09 09:09:21.170 17196 17244 W ReactNativeJNI: Component property map contains multiple entries for 'borderTopStartRadius'. Ensure all calls to convertRawProp use a consistent prefix, name and suffix.
11-09 09:09:21.170 17196 17244 W ReactNativeJNI: Component property map contains multiple entries for 'borderBlockStartColor'. Ensure all calls to convertRawProp use a consistent prefix, name and suffix.
11-09 09:09:21.170 17196 17244 W ReactNativeJNI: Component property map contains multiple entries for 'borderBottomEndRadius'. Ensure all calls to convertRawProp use a consistent prefix, name and suffix.
11-09 09:09:21.170 17196 17244 W ReactNativeJNI: Component property map contains multiple entries for 'borderBottomLeftRadius'. Ensure all calls to convertRawProp use a consistent prefix, name and suffix.
11-09 09:09:21.170 17196 17244 W ReactNativeJNI: Component property map contains multiple entries for 'borderStartStartRadius'. Ensure all calls to convertRawProp use a consistent prefix, name and suffix.
11-09 09:09:21.170 17196 17244 W ReactNativeJNI: Component property map contains multiple entries for 'borderBottomRightRadius'. Ensure all calls to convertRawProp use a consistent prefix, name and suffix.
11-09 09:09:21.170 17196 17244 W ReactNativeJNI: Component property map contains multiple entries for 'borderBottomStartRadius'. Ensure all calls to convertRawProp use a consistent prefix, name and suffix.
11-09 09:09:21.181 17196 17244 W unknown:BridgelessReact: ReactHost{0}.getOrCreateReactInstanceTask(): Loading JS Bundle
11-09 09:09:21.181 17196 17244 W unknown:BridgelessReact: ReactHost{0}.getOrCreateReactInstanceTask(): Calling DevSupportManagerBase.onNewReactContextCreated(reactContext)
11-09 09:09:21.181 17196 17244 W unknown:BridgelessReact: ReactHost{0}.startSurface(surfaceId = 0): Execute
11-09 09:09:21.188 17196 17196 W unknown:BridgelessReact: ReactContext.onHostResume()
11-09 09:09:21.189 17196 17196 W unknown:BridgelessReact: ReactHost{0}.getOrCreateReactInstanceTask(): Executing ReactInstanceEventListeners
11-09 09:09:21.215 17196 17246 D nativeloader: Load /data/app/~~2Zye1bdkX6dZ8XapOyEi4Q==/app.rork.dominder_android_reminder_app-ShKGw5i4PFNcRijkI7Veag==/base.apk!/lib/arm64-v8a/libexpo-modules-core.so using class loader ns clns-4 (caller=/data/app/~~2Zye1bdkX6dZ8XapOyEi4Q==/app.rork.dominder_android_reminder_app-ShKGw5i4PFNcRijkI7Veag==/base.apk!classes2.dex): ok
11-09 09:09:21.227 17196 17246 D CompatibilityChangeReporter: Compat change id reported: 210923482; UID 10890; state: ENABLED
11-09 09:09:21.231 17196 17246 W unknown:ViewManagerPropertyUpdater: Could not find generated setter for class com.th3rdwave.safeareacontext.SafeAreaProviderManager
11-09 09:09:21.233 17196 17246 W unknown:ViewManagerPropertyUpdater: Could not find generated setter for class com.facebook.react.uimanager.LayoutShadowNode
11-09 09:09:21.234 17196 17246 W unknown:ViewManagerPropertyUpdater: Could not find generated setter for class com.swmansion.rnscreens.SearchBarManager
11-09 09:09:21.235 17196 17246 W unknown:ViewManagerPropertyUpdater: Could not find generated setter for class com.swmansion.rnscreens.ScreenFooterManager
11-09 09:09:21.235 17196 17246 W unknown:ViewManagerPropertyUpdater: Could not find generated setter for class expo.modules.kotlin.views.GroupViewManagerWrapper
11-09 09:09:21.236 17196 17246 W unknown:ViewManagerPropertyUpdater: Could not find generated setter for class com.swmansion.rnscreens.ScreenContainerViewManager
11-09 09:09:21.237 17196 17246 W unknown:ViewManagerPropertyUpdater: Could not find generated setter for class com.swmansion.rnscreens.ModalScreenViewManager
11-09 09:09:21.239 17196 17246 W unknown:ViewManagerPropertyUpdater: Could not find generated setter for class com.swmansion.rnscreens.ScreenStackHeaderConfigViewManager
11-09 09:09:21.239 17196 17246 W unknown:ViewManagerPropertyUpdater: Could not find generated setter for class com.swmansion.rnscreens.ScreenContentWrapperManager
11-09 09:09:21.240 17196 17246 W unknown:ViewManagerPropertyUpdater: Could not find generated setter for class com.th3rdwave.safeareacontext.SafeAreaViewManager
11-09 09:09:21.241 17196 17246 W unknown:ViewManagerPropertyUpdater: Could not find generated setter for class com.th3rdwave.safeareacontext.SafeAreaViewShadowNode
11-09 09:09:21.241 17196 17246 W unknown:ViewManagerPropertyUpdater: Could not find generated setter for class com.shopify.reactnative.flash_list.AutoLayoutViewManager
11-09 09:09:21.241 17196 17246 W unknown:ViewManagerPropertyUpdater: Could not find generated setter for class com.shopify.reactnative.flash_list.CellContainerManager
11-09 09:09:21.242 17196 17246 W unknown:ViewManagerPropertyUpdater: Could not find generated setter for class com.swmansion.rnscreens.ScreenViewManager
11-09 09:09:21.242 17196 17246 W unknown:ViewManagerPropertyUpdater: Could not find generated setter for class expo.modules.kotlin.views.SimpleViewManagerWrapper
11-09 09:09:21.243 17196 17246 W unknown:ViewManagerPropertyUpdater: Could not find generated setter for class com.swmansion.rnscreens.ScreenStackHeaderSubviewManager
11-09 09:09:21.244 17196 17246 W unknown:ViewManagerPropertyUpdater: Could not find generated setter for class com.swmansion.rnscreens.ScreenStackViewManager
11-09 09:09:21.266 17196 17246 W unknown:ViewManagerPropertyUpdater: Could not find generated setter for class com.horcrux.svg.RenderableViewManager$DefsViewManager
11-09 09:09:21.267 17196 17246 W unknown:ViewManagerPropertyUpdater: Could not find generated setter for class com.horcrux.svg.VirtualViewManager$RenderableShadowNode
11-09 09:09:21.269 17196 17246 W unknown:ViewManagerPropertyUpdater: Could not find generated setter for class com.horcrux.svg.RenderableViewManager$FeMergeManager
11-09 09:09:21.271 17196 17246 W unknown:ViewManagerPropertyUpdater: Could not find generated setter for class com.facebook.react.views.safeareaview.ReactSafeAreaViewManager
11-09 09:09:21.271 17196 17246 W unknown:ViewManagerPropertyUpdater: Could not find generated setter for class com.facebook.react.views.safeareaview.ReactSafeAreaViewShadowNode
11-09 09:09:21.272 17196 17246 W unknown:ViewManagerPropertyUpdater: Could not find generated setter for class com.horcrux.svg.RenderableViewManager$LinearGradientManager
11-09 09:09:21.275 17196 17246 W unknown:ViewManagerPropertyUpdater: Could not find generated setter for class com.horcrux.svg.RenderableViewManager$FeGaussianBlurManager
11-09 09:09:21.277 17196 17246 W unknown:ViewManagerPropertyUpdater: Could not find generated setter for class com.facebook.react.views.progressbar.ReactProgressBarViewManager
11-09 09:09:21.277 17196 17246 W unknown:ViewManagerPropertyUpdater: Could not find generated setter for class com.facebook.react.views.progressbar.ProgressBarShadowNode
11-09 09:09:21.279 17196 17246 W unknown:ViewManagerPropertyUpdater: Could not find generated setter for class com.facebook.react.views.scroll.ReactHorizontalScrollViewManager
11-09 09:09:21.281 17196 17246 W unknown:ViewManagerPropertyUpdater: Could not find generated setter for class com.facebook.react.views.text.ReactTextViewManager
11-09 09:09:21.282 17196 17246 W unknown:ViewManagerPropertyUpdater: Could not find generated setter for class com.facebook.react.views.text.ReactTextShadowNode
11-09 09:09:21.285 17196 17246 W unknown:ViewManagerPropertyUpdater: Could not find generated setter for class com.horcrux.svg.RenderableViewManager$FeColorMatrixManager
11-09 09:09:21.286 17196 17246 W unknown:ViewManagerPropertyUpdater: Could not find generated setter for class com.facebook.react.views.scroll.ReactHorizontalScrollContainerViewManager
11-09 09:09:21.288 17196 17246 W unknown:ViewManagerPropertyUpdater: Could not find generated setter for class com.horcrux.svg.RenderableViewManager$ClipPathViewManager
11-09 09:09:21.290 17196 17246 W unknown:ViewManagerPropertyUpdater: Could not find generated setter for class com.horcrux.svg.RenderableViewManager$SymbolManager
11-09 09:09:21.293 17196 17246 W unknown:ViewManagerPropertyUpdater: Could not find generated setter for class com.horcrux.svg.RenderableViewManager$PatternManager
11-09 09:09:21.295 17196 17246 W unknown:ViewManagerPropertyUpdater: Could not find generated setter for class com.horcrux.svg.RenderableViewManager$FeBlendManager
11-09 09:09:21.296 17196 17246 W unknown:ViewManagerPropertyUpdater: Could not find generated setter for class com.facebook.react.views.view.ReactViewManager
11-09 09:09:21.298 17196 17246 W unknown:ViewManagerPropertyUpdater: Could not find generated setter for class com.horcrux.svg.SvgViewManager
11-09 09:09:21.300 17196 17246 W unknown:ViewManagerPropertyUpdater: Could not find generated setter for class com.facebook.react.views.switchview.ReactSwitchManager
11-09 09:09:21.300 17196 17246 W unknown:ViewManagerPropertyUpdater: Could not find generated setter for class com.facebook.react.views.switchview.ReactSwitchShadowNode
11-09 09:09:21.302 17196 17246 W unknown:ViewManagerPropertyUpdater: Could not find generated setter for class com.horcrux.svg.RenderableViewManager$UseViewManager
11-09 09:09:21.304 17196 17246 W unknown:ViewManagerPropertyUpdater: Could not find generated setter for class com.horcrux.svg.RenderableViewManager$CircleViewManager
11-09 09:09:21.307 17196 17246 W unknown:ViewManagerPropertyUpdater: Could not find generated setter for class com.horcrux.svg.RenderableViewManager$TSpanViewManager
11-09 09:09:21.310 17196 17246 W unknown:ViewManagerPropertyUpdater: Could not find generated setter for class com.horcrux.svg.RenderableViewManager$FilterManager
11-09 09:09:21.312 17196 17246 W unknown:ViewManagerPropertyUpdater: Could not find generated setter for class com.horcrux.svg.RenderableViewManager$MarkerManager
11-09 09:09:21.315 17196 17246 W unknown:ViewManagerPropertyUpdater: Could not find generated setter for class com.swmansion.gesturehandler.react.RNGestureHandlerButtonViewManager
11-09 09:09:21.316 17196 17246 W unknown:ViewManagerPropertyUpdater: Could not find generated setter for class com.facebook.react.views.modal.ReactModalHostManager
11-09 09:09:21.318 17196 17246 W unknown:ViewManagerPropertyUpdater: Could not find generated setter for class com.horcrux.svg.RenderableViewManager$ForeignObjectManager
11-09 09:09:21.320 17196 17246 W unknown:ViewManagerPropertyUpdater: Could not find generated setter for class com.horcrux.svg.RenderableViewManager$EllipseViewManager
11-09 09:09:21.322 17196 17246 W unknown:ViewManagerPropertyUpdater: Could not find generated setter for class com.horcrux.svg.RenderableViewManager$LineViewManager
11-09 09:09:21.324 17196 17246 W unknown:ViewManagerPropertyUpdater: Could not find generated setter for class com.facebook.react.views.text.frescosupport.FrescoBasedReactTextInlineImageViewManager
11-09 09:09:21.324 17196 17246 W unknown:ViewManagerPropertyUpdater: Could not find generated setter for class com.facebook.react.views.text.frescosupport.FrescoBasedReactTextInlineImageShadowNode
11-09 09:09:21.325 17196 17246 W unknown:ViewManagerPropertyUpdater: Could not find generated setter for class com.horcrux.svg.RenderableViewManager$FeFloodManager
11-09 09:09:21.327 17196 17246 W unknown:ViewManagerPropertyUpdater: Could not find generated setter for class com.horcrux.svg.RenderableViewManager$GroupViewManager
11-09 09:09:21.328 17196 17246 W unknown:ViewManagerPropertyUpdater: Could not find generated setter for class com.horcrux.svg.RenderableViewManager$TextViewManager
11-09 09:09:21.331 17196 17246 W unknown:ViewManagerPropertyUpdater: Could not find generated setter for class com.horcrux.svg.RenderableViewManager$ImageViewManager
11-09 09:09:21.333 17196 17246 W unknown:ViewManagerPropertyUpdater: Could not find generated setter for class com.horcrux.svg.RenderableViewManager$FeCompositeManager
11-09 09:09:21.335 17196 17246 W unknown:ViewManagerPropertyUpdater: Could not find generated setter for class com.facebook.react.views.image.ReactImageManager
11-09 09:09:21.338 17196 17246 W unknown:ViewManagerPropertyUpdater: Could not find generated setter for class com.horcrux.svg.RenderableViewManager$RadialGradientManager
11-09 09:09:21.340 17196 17246 W unknown:ViewManagerPropertyUpdater: Could not find generated setter for class com.horcrux.svg.RenderableViewManager$MaskManager
11-09 09:09:21.342 17196 17246 W unknown:ViewManagerPropertyUpdater: Could not find generated setter for class com.facebook.react.views.unimplementedview.ReactUnimplementedViewManager
11-09 09:09:21.344 17196 17246 W unknown:ViewManagerPropertyUpdater: Could not find generated setter for class com.horcrux.svg.RenderableViewManager$RectViewManager
11-09 09:09:21.346 17196 17246 W unknown:ViewManagerPropertyUpdater: Could not find generated setter for class com.horcrux.svg.RenderableViewManager$TextPathViewManager
11-09 09:09:21.349 17196 17246 W unknown:ViewManagerPropertyUpdater: Could not find generated setter for class com.facebook.react.views.scroll.ReactScrollViewManager
11-09 09:09:21.351 17196 17246 W unknown:ViewManagerPropertyUpdater: Could not find generated setter for class com.horcrux.svg.RenderableViewManager$FeOffsetManager
11-09 09:09:21.353 17196 17246 W unknown:ViewManagerPropertyUpdater: Could not find generated setter for class com.horcrux.svg.RenderableViewManager$PathViewManager
11-09 09:09:21.355 17196 17246 W unknown:ViewManagerPropertyUpdater: Could not find generated setter for class com.facebook.react.views.drawer.ReactDrawerLayoutManager
11-09 09:09:21.357 17196 17246 W unknown:ViewManagerPropertyUpdater: Could not find generated setter for class com.facebook.react.views.text.ReactVirtualTextViewManager
11-09 09:09:21.357 17196 17246 W unknown:ViewManagerPropertyUpdater: Could not find generated setter for class com.facebook.react.views.text.ReactVirtualTextShadowNode
11-09 09:09:21.358 17196 17246 W unknown:ViewManagerPropertyUpdater: Could not find generated setter for class com.facebook.react.views.swiperefresh.SwipeRefreshLayoutManager
11-09 09:09:21.360 17196 17246 W unknown:ViewManagerPropertyUpdater: Could not find generated setter for class com.facebook.react.views.text.ReactRawTextManager
11-09 09:09:21.360 17196 17246 W unknown:ViewManagerPropertyUpdater: Could not find generated setter for class com.facebook.react.views.text.ReactRawTextShadowNode
11-09 09:09:21.361 17196 17246 W unknown:ViewManagerPropertyUpdater: Could not find generated setter for class com.facebook.react.views.textinput.ReactTextInputManager
11-09 09:09:21.362 17196 17246 W unknown:ViewManagerPropertyUpdater: Could not find generated setter for class com.facebook.react.views.textinput.ReactTextInputShadowNode
11-09 09:09:21.364 17196 17246 W unknown:ViewManagerPropertyUpdater: Could not find generated setter for class com.swmansion.gesturehandler.react.RNGestureHandlerRootViewManager
11-09 09:09:21.371 17196 17246 W BridgelessReactContext: [WARNING] Bridgeless doesn't support CatalystInstance. Accessing an API that's not part of the new architecture is not encouraged usage.
11-09 09:09:21.376 17196 17246 I ExpoModulesCore:  JSI interop was installed
11-09 09:09:21.388 17196 17246 I ExpoModulesCore:  Constants were exported
11-09 09:09:21.404 17196 17246 D nativeloader: Load /data/app/~~2Zye1bdkX6dZ8XapOyEi4Q==/app.rork.dominder_android_reminder_app-ShKGw5i4PFNcRijkI7Veag==/base.apk!/lib/arm64-v8a/libworklets.so using class loader ns clns-4 (caller=/data/app/~~2Zye1bdkX6dZ8XapOyEi4Q==/app.rork.dominder_android_reminder_app-ShKGw5i4PFNcRijkI7Veag==/base.apk!classes2.dex): ok
11-09 09:09:21.440 17196 17246 D nativeloader: Load /data/app/~~2Zye1bdkX6dZ8XapOyEi4Q==/app.rork.dominder_android_reminder_app-ShKGw5i4PFNcRijkI7Veag==/base.apk!/lib/arm64-v8a/libreanimated.so using class loader ns clns-4 (caller=/data/app/~~2Zye1bdkX6dZ8XapOyEi4Q==/app.rork.dominder_android_reminder_app-ShKGw5i4PFNcRijkI7Veag==/base.apk!classes2.dex): ok
11-09 09:09:21.582 17196 17246 D nativeloader: Load /data/app/~~2Zye1bdkX6dZ8XapOyEi4Q==/app.rork.dominder_android_reminder_app-ShKGw5i4PFNcRijkI7Veag==/base.apk!/lib/arm64-v8a/librnscreens.so using class loader ns clns-4 (caller=/data/app/~~2Zye1bdkX6dZ8XapOyEi4Q==/app.rork.dominder_android_reminder_app-ShKGw5i4PFNcRijkI7Veag==/base.apk!classes3.dex): ok
11-09 09:09:21.589 17196 17246 I ReactNativeJS: '[NotificationService] AlarmModule availability:', 'Available'
11-09 09:09:21.590 17196 17246 I ReactNativeJS: '[NotificationService] AlarmModule methods:', [ 'scheduleAlarm' ]
11-09 09:09:21.590 17196 17246 I ReactNativeJS: Running "main"
11-09 09:09:21.650 17196 17246 I ReactNativeJS: [useAlarmListeners] Setting up native alarm event listeners...
11-09 09:09:21.650 17196 17246 I ReactNativeJS: [AlarmSync] Hook initialized
11-09 09:09:21.651 17196 17246 I ReactNativeJS: [AlarmSync] Checking for completed alarms...
11-09 09:09:21.651 17196 17246 I ReactNativeJS: [RootLayout] Setting up notification handlers
11-09 09:09:21.651 17196 17247 D DoMinderDebug: AlarmModule: Retrieved 0 completed alarms
11-09 09:09:21.652 17196 17246 I ReactNativeJS: [Dominder-Debug] Ensuring base notification channels
11-09 09:09:21.652 17196 17246 I ReactNativeJS: '[Dominder-Debug] Creating channel:', '{"id":"standard-v2","name":"Standard Notifications","importance":4,"sound":"default","vibration":true}'
11-09 09:09:21.655 17196 17246 I ReactNativeJS: '[AlarmSync] Found completed alarms:', 0
11-09 09:09:21.655 17196 17246 I ReactNativeJS: '[RootLayout] Initial notification:', null
11-09 09:09:21.655 17196 17247 D DoMinderDebug: AlarmModule: Retrieved 0 snoozed alarms
11-09 09:09:21.656 17196 17246 I ReactNativeJS: '[AlarmSync] Found snoozed alarms:', 0
11-09 09:09:21.657 17196 17196 D VRI[MainActivity]: update {(0,0)(fillxfill) sim={adjust=resize forwardNavigation} ty=BASE_APPLICATION wanim=0x10302fd
11-09 09:09:21.657 17196 17196 D VRI[MainActivity]:   fl=LAYOUT_IN_SCREEN LAYOUT_INSET_DECOR SPLIT_TOUCH HARDWARE_ACCELERATED DRAWS_SYSTEM_BAR_BACKGROUNDS
11-09 09:09:21.657 17196 17196 D VRI[MainActivity]:   pfl=NO_MOVE_ANIMATION FORCE_DRAW_STATUS_BAR_BACKGROUND FIT_INSETS_CONTROLLED
11-09 09:09:21.657 17196 17196 D VRI[MainActivity]:   bhv=DEFAULT
11-09 09:09:21.657 17196 17196 D VRI[MainActivity]:   fitSides=} by setLayoutParams
11-09 09:09:21.659 17196 17246 I ReactNativeJS: '[Dominder-Debug] Creating channel:', '{"id":"silent-v2","name":"Silent Notifications","importance":2,"vibration":false}'
11-09 09:09:21.659 17196 17196 D VRI[MainActivity]: update {(0,0)(fillxfill) sim={adjust=resize forwardNavigation} ty=BASE_APPLICATION wanim=0x10302fd
11-09 09:09:21.659 17196 17196 D VRI[MainActivity]:   fl=LAYOUT_IN_SCREEN FORCE_NOT_FULLSCREEN LAYOUT_INSET_DECOR SPLIT_TOUCH HARDWARE_ACCELERATED DRAWS_SYSTEM_BAR_BACKGROUNDS
11-09 09:09:21.659 17196 17196 D VRI[MainActivity]:   pfl=NO_MOVE_ANIMATION FORCE_DRAW_STATUS_BAR_BACKGROUND FIT_INSETS_CONTROLLED
11-09 09:09:21.659 17196 17196 D VRI[MainActivity]:   bhv=DEFAULT
11-09 09:09:21.659 17196 17196 D VRI[MainActivity]:   fitSides=} by setLayoutParams
11-09 09:09:21.660 17196 17196 D VRI[MainActivity]: update {(0,0)(fillxfill) sim={adjust=resize forwardNavigation} ty=BASE_APPLICATION wanim=0x10302fd
11-09 09:09:21.660 17196 17196 D VRI[MainActivity]:   fl=LAYOUT_IN_SCREEN FORCE_NOT_FULLSCREEN LAYOUT_INSET_DECOR SPLIT_TOUCH HARDWARE_ACCELERATED DRAWS_SYSTEM_BAR_BACKGROUNDS
11-09 09:09:21.660 17196 17196 D VRI[MainActivity]:   pfl=NO_MOVE_ANIMATION FORCE_DRAW_STATUS_BAR_BACKGROUND FIT_INSETS_CONTROLLED
11-09 09:09:21.660 17196 17196 D VRI[MainActivity]:   bhv=DEFAULT
11-09 09:09:21.660 17196 17196 D VRI[MainActivity]:   fitSides=} by setLayoutParams
11-09 09:09:21.660 17196 17246 I ReactNativeJS: '[Dominder-Debug] Creating channel:', '{"id":"alarm-v2","name":"Alarms","importance":4,"sound":"default","vibration":true,"bypassDnd":true}'
11-09 09:09:21.661 17196 17246 I ReactNativeJS: [AlarmSync] App became active, syncing...
11-09 09:09:21.661 17196 17246 I ReactNativeJS: [AlarmSync] Checking for completed alarms...
11-09 09:09:21.661 17196 17247 D DoMinderDebug: AlarmModule: Retrieved 0 completed alarms
11-09 09:09:21.661 17196 17246 I ReactNativeJS: '[AlarmSync] Found completed alarms:', 0
11-09 09:09:21.661 17196 17247 D DoMinderDebug: AlarmModule: Retrieved 0 snoozed alarms
11-09 09:09:21.661 17196 17246 I ReactNativeJS: '[AlarmSync] Found snoozed alarms:', 0
11-09 09:09:21.662 17196 17246 I ReactNativeJS: [Dominder-Debug] Base channels ensured
11-09 09:09:21.694 17196 17196 W [RNScreens]: backTitleVisible prop is not available on Android
11-09 09:09:21.694 17196 17196 W [RNScreens]: backTitleFontFamily prop is not available on Android
11-09 09:09:21.694 17196 17196 W [RNScreens]: disableBackButtonMenu prop is not available on Android
11-09 09:09:21.694 17196 17196 W [RNScreens]: largeTitleFontFamily prop is not available on Android
11-09 09:09:21.694 17196 17196 W [RNScreens]: largeTitleFontWeight prop is not available on Android
11-09 09:09:21.694 17196 17196 W [RNScreens]: largeTitleHideShadow prop is not available on Android
11-09 09:09:21.695 17196 17246 I ReactNativeJS: '[ReminderEngine] Processing reminders, count:', 0
11-09 09:09:21.705 17196 17246 I ReactNativeJS: '[ReminderEngine] Processing reminders, count:', 0
11-09 09:09:21.713 17196 17246 D nativeloader: Load /data/app/~~2Zye1bdkX6dZ8XapOyEi4Q==/app.rork.dominder_android_reminder_app-ShKGw5i4PFNcRijkI7Veag==/base.apk!/lib/arm64-v8a/libgesturehandler.so using class loader ns clns-4 (caller=/data/app/~~2Zye1bdkX6dZ8XapOyEi4Q==/app.rork.dominder_android_reminder_app-ShKGw5i4PFNcRijkI7Veag==/base.apk!classes2.dex): ok
11-09 09:09:21.713 17196 17246 D jni_lib_merge: Entering merged library JNI_OnLoad.
11-09 09:09:21.713 17196 17246 D jni_lib_merge: Preparing 11 pre-merged libs (including stub)
11-09 09:09:21.713 17196 17246 D jni_lib_merge: Preparing to register libfabricjni_so.  onload_func: 0x7672dd84c4
11-09 09:09:21.713 17196 17246 D jni_lib_merge: Preparing to register libreact_devsupportjni_so.  onload_func: 0x7672eaa110
11-09 09:09:21.713 17196 17246 D jni_lib_merge: Preparing to register libreact_featureflagsjni_so.  onload_func: 0x7672eb23ac
11-09 09:09:21.713 17196 17246 D jni_lib_merge: Preparing to register libreact_newarchdefaults_so.  onload_func: 0x7672ed63c8
11-09 09:09:21.713 17196 17246 D jni_lib_merge: Preparing to register libreactnativeblob_so.  onload_func: 0x7672f5d21c
11-09 09:09:21.713 17196 17246 D jni_lib_merge: Preparing to register libreactnativejni_so.  onload_func: 0x7672f7b204
11-09 09:09:21.713 17196 17246 D jni_lib_merge: Preparing to register librninstance_so.  onload_func: 0x7672f94990
11-09 09:09:21.713 17196 17246 D jni_lib_merge: Preparing to register libturbomodulejsijni_so.  onload_func: 0x767300f87c
11-09 09:09:21.713 17196 17246 D jni_lib_merge: Preparing to register libuimanagerjni_so.  onload_func: 0x7673016d94
11-09 09:09:21.713 17196 17246 D jni_lib_merge: Preparing to register libyoga_so.  onload_func: 0x767301c1e8
11-09 09:09:21.713 17196 17246 D jni_lib_merge: About to register 10 actual methods.
11-09 09:09:21.713 17196 17196 I ReactNative: [GESTURE HANDLER] Initialize gesture handler for root view com.facebook.react.runtime.ReactSurfaceView{d9cb2d8 V.E...... ......ID 0,0-1080,2295 #b}
11-09 09:09:21.750 17196 17237 W Parcel  : Expecting binder but got null!
11-09 09:09:21.752 17196 17196 D VRI[MainActivity]: update {(0,0)(fillxfill) sim={adjust=resize forwardNavigation} ty=BASE_APPLICATION wanim=0x10302fd
11-09 09:09:21.752 17196 17196 D VRI[MainActivity]:   fl=LAYOUT_IN_SCREEN FORCE_NOT_FULLSCREEN LAYOUT_INSET_DECOR SPLIT_TOUCH HARDWARE_ACCELERATED DRAWS_SYSTEM_BAR_BACKGROUNDS
11-09 09:09:21.752 17196 17196 D VRI[MainActivity]:   pfl=NO_MOVE_ANIMATION FORCE_DRAW_STATUS_BAR_BACKGROUND FIT_INSETS_CONTROLLED
11-09 09:09:21.752 17196 17196 D VRI[MainActivity]:   bhv=DEFAULT
11-09 09:09:21.752 17196 17196 D VRI[MainActivity]:   fitSides=} by setLayoutParams
11-09 09:09:21.776 17196 17246 I ReactNativeJS: '[ReminderEngine] Processing reminders, count:', 2
11-09 09:09:21.776 17196 17246 I ReactNativeJS: [ReminderEngine] Processing reminder 1762659537703, repeatType: none
11-09 09:09:21.777 17196 17246 I ReactNativeJS: [calculateNextReminderDate] for reminder: 1762659537703, fromDate: 2025-11-09T03:39:21.776Z, repeatType: none, date: 2025-11-09, time: 09:20
11-09 09:09:21.777 17196 17246 I ReactNativeJS: [calculateNextReminderDate] One-time reminder scheduled for: 2025-11-09T03:50:00.000Z, isInFuture: true
11-09 09:09:21.777 17196 17246 I ReactNativeJS: [ReminderEngine] Scheduling notification for reminder 1762659537703 at 2025-11-09T03:50:00.000Z
11-09 09:09:21.777 17196 17246 I ReactNativeJS: [ReminderEngine] Processing reminder 1762659542490, repeatType: none
11-09 09:09:21.777 17196 17246 I ReactNativeJS: [calculateNextReminderDate] for reminder: 1762659542490, fromDate: 2025-11-09T03:39:21.776Z, repeatType: none, date: 2025-11-09, time: 09:20
11-09 09:09:21.777 17196 17246 I ReactNativeJS: [calculateNextReminderDate] One-time reminder scheduled for: 2025-11-09T03:50:00.000Z, isInFuture: true
11-09 09:09:21.777 17196 17246 I ReactNativeJS: [ReminderEngine] Scheduling notification for reminder 1762659542490 at 2025-11-09T03:50:00.000Z
11-09 09:09:21.785 17196 17196 D CompatibilityChangeReporter: Compat change id reported: 171228096; UID 10890; state: ENABLED
11-09 09:09:21.815 17196 17196 W unknown:ViewManagerPropertyUpdater: Could not find generated setter for class com.facebook.react.uimanager.RootViewManager
11-09 09:09:21.911 17196 17246 I ReactNativeJS: [NotificationService] Scheduling reminder 1762659537703, priority: medium, repeatType: none
11-09 09:09:21.911 17196 17246 I ReactNativeJS: [NotificationService] Scheduling for 2025-11-09T03:50:00.000Z
11-09 09:09:21.911 17196 17246 I ReactNativeJS: [NotificationService] Scheduling reminder 1762659542490, priority: medium, repeatType: none
11-09 09:09:21.911 17196 17246 I ReactNativeJS: [NotificationService] Scheduling for 2025-11-09T03:50:00.000Z
11-09 09:09:21.985 17196 17246 I ReactNativeJS: [NotificationService] Successfully scheduled notification rem-1762659537703
11-09 09:09:21.986 17196 17246 I ReactNativeJS: [ReminderEngine] Successfully scheduled 1762659537703
11-09 09:09:21.986 17196 17246 I ReactNativeJS: '[RootLayout] Foreground event:', { type: 7, pressAction: undefined }
11-09 09:09:21.987 17196 17246 I ReactNativeJS: [NotificationService] Successfully scheduled notification rem-1762659542490
11-09 09:09:21.987 17196 17246 I ReactNativeJS: [ReminderEngine] Successfully scheduled 1762659542490
11-09 09:09:21.988 17196 17246 I ReactNativeJS: '[RootLayout] Foreground event:', { type: 7, pressAction: undefined }
11-09 09:09:26.739 17196 17889 D ProfileInstaller: Skipping profile installation for app.rork.dominder_android_reminder_app
11-09 09:09:30.856 17196 17204 W System  : A resource failed to call release. 
11-09 09:09:50.683 17196 17246 E ReactNativeJS: Error: Attempting to run JS driven animation on animated node that has been moved to "native" earlier by starting an animation with `useNativeDriver: true`, js engine: hermes
11-09 09:09:50.742 17196 17247 W unknown:BridgelessReact: ReactHost{0}.handleHostException(message = "Error: Attempting to run JS driven animation on animated node that has been moved to "native" earlier by starting an animation with `useNativeDriver: true`, js engine: hermes, stack:
11-09 09:09:50.742 17196 17247 W unknown:BridgelessReact: start@1:571605
11-09 09:09:50.742 17196 17247 W unknown:BridgelessReact: anonymous@1:593203
11-09 09:09:50.742 17196 17247 W unknown:BridgelessReact: start@1:593817
11-09 09:09:50.742 17196 17247 W unknown:BridgelessReact: animate@1:552383
11-09 09:09:50.742 17196 17247 W unknown:BridgelessReact: start@1:538805
11-09 09:09:50.742 17196 17247 W unknown:BridgelessReact: start@1:538919
11-09 09:09:50.742 17196 17247 W unknown:BridgelessReact: onComplete@1:539608
11-09 09:09:50.742 17196 17247 W unknown:BridgelessReact: anonymous@1:552485
11-09 09:09:50.742 17196 17247 W unknown:BridgelessReact: __notifyAnimationEnd@1:572539
11-09 09:09:50.742 17196 17247 W unknown:BridgelessReact: start@1:594014
11-09 09:09:50.742 17196 17247 W unknown:BridgelessReact: ")
--------- beginning of crash
11-09 09:09:50.742 17196 17247 E AndroidRuntime: FATAL EXCEPTION: mqt_v_native
11-09 09:09:50.742 17196 17247 E AndroidRuntime: Process: app.rork.dominder_android_reminder_app, PID: 17196
11-09 09:09:50.742 17196 17247 E AndroidRuntime: com.facebook.react.common.JavascriptException: Error: Attempting to run JS driven animation on animated node that has been moved to "native" earlier by starting an animation with `useNativeDriver: true`, js engine: hermes, stack:
11-09 09:09:50.742 17196 17247 E AndroidRuntime: start@1:571605
11-09 09:09:50.742 17196 17247 E AndroidRuntime: anonymous@1:593203
11-09 09:09:50.742 17196 17247 E AndroidRuntime: start@1:593817
11-09 09:09:50.742 17196 17247 E AndroidRuntime: animate@1:552383
11-09 09:09:50.742 17196 17247 E AndroidRuntime: start@1:538805
11-09 09:09:50.742 17196 17247 E AndroidRuntime: start@1:538919
11-09 09:09:50.742 17196 17247 E AndroidRuntime: onComplete@1:539608
11-09 09:09:50.742 17196 17247 E AndroidRuntime: anonymous@1:552485
11-09 09:09:50.742 17196 17247 E AndroidRuntime: __notifyAnimationEnd@1:572539
11-09 09:09:50.742 17196 17247 E AndroidRuntime: start@1:594014
11-09 09:09:50.742 17196 17247 E AndroidRuntime: 
11-09 09:09:50.742 17196 17247 E AndroidRuntime: 	at com.facebook.react.modules.core.ExceptionsManagerModule.reportException(ExceptionsManagerModule.kt:52)
11-09 09:09:50.742 17196 17247 E AndroidRuntime: 	at com.facebook.jni.NativeRunnable.run(Native Method)
11-09 09:09:50.742 17196 17247 E AndroidRuntime: 	at android.os.Handler.handleCallback(Handler.java:984)
11-09 09:09:50.742 17196 17247 E AndroidRuntime: 	at android.os.Handler.dispatchMessage(Handler.java:104)
11-09 09:09:50.742 17196 17247 E AndroidRuntime: 	at com.facebook.react.bridge.queue.MessageQueueThreadHandler.dispatchMessage(MessageQueueThreadHandler.kt:20)
11-09 09:09:50.742 17196 17247 E AndroidRuntime: 	at android.os.Looper.loopOnce(Looper.java:238)
11-09 09:09:50.742 17196 17247 E AndroidRuntime: 	at android.os.Looper.loop(Looper.java:357)
11-09 09:09:50.742 17196 17247 E AndroidRuntime: 	at com.facebook.react.bridge.queue.MessageQueueThreadImpl$Companion.startNewBackgroundThread$lambda$1(MessageQueueThreadImpl.kt:175)
11-09 09:09:50.742 17196 17247 E AndroidRuntime: 	at com.facebook.react.bridge.queue.MessageQueueThreadImpl$Companion.$r8$lambda$ldnZnqelhYFctGaUKkOKYj5rxo4(Unknown Source:0)
11-09 09:09:50.742 17196 17247 E AndroidRuntime: 	at com.facebook.react.bridge.queue.MessageQueueThreadImpl$Companion$$ExternalSyntheticLambda0.run(D8$$SyntheticClass:0)
11-09 09:09:50.742 17196 17247 E AndroidRuntime: 	at java.lang.Thread.run(Thread.java:1119)
11-09 09:09:50.844 17196 17247 I Process : Sending signal. PID: 17196 SIG: 9
