--------- beginning of main
11-10 08:19:10.314  6038  6038 I id_reminder_app: Using CollectorTypeCC GC.
11-10 08:19:10.318  6038  6038 E id_reminder_app: Not starting debugger since process cannot load the jdwp agent.
11-10 08:19:10.322  6038  6038 D nativeloader: Load libframework-connectivity-tiramisu-jni.so using APEX ns com_android_tethering for caller /apex/com.android.tethering/javalib/framework-connectivity-t.jar: ok
11-10 08:19:10.349  6038  6038 D CompatibilityChangeReporter: Compat change id reported: 171979766; UID 10896; state: ENABLED
11-10 08:19:10.419  6038  6038 D nativeloader: Configuring clns-4 for other apk /data/app/~~zl-UbMpJ0Cl5UsMrPuRxAQ==/app.rork.dominder_android_reminder_app-88t88UYVHl8FAT3pCmtfMQ==/base.apk. target_sdk_version=35, uses_libraries=, library_path=/data/app/~~zl-UbMpJ0Cl5UsMrPuRxAQ==/app.rork.dominder_android_reminder_app-88t88UYVHl8FAT3pCmtfMQ==/lib/arm64:/data/app/~~zl-UbMpJ0Cl5UsMrPuRxAQ==/app.rork.dominder_android_reminder_app-88t88UYVHl8FAT3pCmtfMQ==/base.apk!/lib/arm64-v8a, permitted_path=/data:/mnt/expand:/data/user/0/app.rork.dominder_android_reminder_app
11-10 08:19:10.431  6038  6038 D nativeloader: Load libframework-connectivity-jni.so using APEX ns com_android_tethering for caller /apex/com.android.tethering/javalib/framework-connectivity.jar: ok
11-10 08:19:10.434  6038  6038 V GraphicsEnvironment: ANGLE Developer option for 'app.rork.dominder_android_reminder_app' set to: 'default'
11-10 08:19:10.435  6038  6038 V GraphicsEnvironment: ANGLE GameManagerService for app.rork.dominder_android_reminder_app: false
11-10 08:19:10.435  6038  6038 V GraphicsEnvironment: Neither updatable production driver nor prerelease driver is supported.
11-10 08:19:10.438  6038  6038 D NetworkSecurityConfig: No Network Security Config specified, using platform default
11-10 08:19:10.439  6038  6038 D NetworkSecurityConfig: No Network Security Config specified, using platform default
11-10 08:19:10.452  6038  6038 D WM-WrkMgrInitializer: Initializing WorkManager with default configuration.
11-10 08:19:10.459  6038  6038 D NOTIFEE : (context): received application context
11-10 08:19:10.463  6038  6038 W SoLoader: Initializing SoLoader: 0
11-10 08:19:10.463  6038  6038 W SoLoader: Recording new base apk path: /data/app/~~zl-UbMpJ0Cl5UsMrPuRxAQ==/app.rork.dominder_android_reminder_app-88t88UYVHl8FAT3pCmtfMQ==/base.apk
11-10 08:19:10.463  6038  6038 W SoLoader: Previously recorded 0 base apk paths.
11-10 08:19:10.464  6038  6038 I SoLoader: Preparing SO source: DirectorySoSource[root = /vendor/lib64 flags = 2]
11-10 08:19:10.464  6038  6038 I SoLoader: Preparing SO source: DirectorySoSource[root = /system/lib64 flags = 2]
11-10 08:19:10.464  6038  6038 I SoLoader: Preparing SO source: DirectApkSoSource[root = [/data/app/~~zl-UbMpJ0Cl5UsMrPuRxAQ==/app.rork.dominder_android_reminder_app-88t88UYVHl8FAT3pCmtfMQ==/base.apk!/lib/arm64-v8a]]
11-10 08:19:10.469  6038  6038 I SoLoader: Preparing SO source: ApplicationSoSource[DirectorySoSource[root = /data/app/~~zl-UbMpJ0Cl5UsMrPuRxAQ==/app.rork.dominder_android_reminder_app-88t88UYVHl8FAT3pCmtfMQ==/lib/arm64 flags = 0]]
11-10 08:19:10.469  6038  6038 I SoLoader: init finish: 4 SO sources prepared
11-10 08:19:10.469  6038  6038 W SoLoader: SoLoader initialized: 8
11-10 08:19:10.488  6038  6038 D nativeloader: Load /data/app/~~zl-UbMpJ0Cl5UsMrPuRxAQ==/app.rork.dominder_android_reminder_app-88t88UYVHl8FAT3pCmtfMQ==/base.apk!/lib/arm64-v8a/libc++_shared.so using class loader ns clns-4 (caller=/data/app/~~zl-UbMpJ0Cl5UsMrPuRxAQ==/app.rork.dominder_android_reminder_app-88t88UYVHl8FAT3pCmtfMQ==/base.apk!classes2.dex): ok
11-10 08:19:10.496  6038  6065 D CompatibilityChangeReporter: Compat change id reported: 160794467; UID 10896; state: ENABLED
11-10 08:19:10.502  6038  6038 D nativeloader: Load /data/app/~~zl-UbMpJ0Cl5UsMrPuRxAQ==/app.rork.dominder_android_reminder_app-88t88UYVHl8FAT3pCmtfMQ==/base.apk!/lib/arm64-v8a/libjsi.so using class loader ns clns-4 (caller=/data/app/~~zl-UbMpJ0Cl5UsMrPuRxAQ==/app.rork.dominder_android_reminder_app-88t88UYVHl8FAT3pCmtfMQ==/base.apk!classes2.dex): ok
11-10 08:19:10.510  6038  6038 D nativeloader: Load /data/app/~~zl-UbMpJ0Cl5UsMrPuRxAQ==/app.rork.dominder_android_reminder_app-88t88UYVHl8FAT3pCmtfMQ==/base.apk!/lib/arm64-v8a/libfbjni.so using class loader ns clns-4 (caller=/data/app/~~zl-UbMpJ0Cl5UsMrPuRxAQ==/app.rork.dominder_android_reminder_app-88t88UYVHl8FAT3pCmtfMQ==/base.apk!classes2.dex): ok
11-10 08:19:10.526  6038  6038 D nativeloader: Load /data/app/~~zl-UbMpJ0Cl5UsMrPuRxAQ==/app.rork.dominder_android_reminder_app-88t88UYVHl8FAT3pCmtfMQ==/base.apk!/lib/arm64-v8a/libreactnative.so using class loader ns clns-4 (caller=/data/app/~~zl-UbMpJ0Cl5UsMrPuRxAQ==/app.rork.dominder_android_reminder_app-88t88UYVHl8FAT3pCmtfMQ==/base.apk!classes2.dex): ok
11-10 08:19:10.526  6038  6038 D jni_lib_merge: Entering merged library JNI_OnLoad.
11-10 08:19:10.526  6038  6038 D jni_lib_merge: Preparing 11 pre-merged libs (including stub)
11-10 08:19:10.526  6038  6038 D jni_lib_merge: Preparing to register libfabricjni_so.  onload_func: 0x76722c04c4
11-10 08:19:10.526  6038  6038 D jni_lib_merge: Preparing to register libreact_devsupportjni_so.  onload_func: 0x7672392110
11-10 08:19:10.526  6038  6038 D jni_lib_merge: Preparing to register libreact_featureflagsjni_so.  onload_func: 0x767239a3ac
11-10 08:19:10.526  6038  6038 D jni_lib_merge: Preparing to register libreact_newarchdefaults_so.  onload_func: 0x76723be3c8
11-10 08:19:10.526  6038  6038 D jni_lib_merge: Preparing to register libreactnativeblob_so.  onload_func: 0x767244521c
11-10 08:19:10.526  6038  6038 D jni_lib_merge: Preparing to register libreactnativejni_so.  onload_func: 0x7672463204
11-10 08:19:10.526  6038  6038 D jni_lib_merge: Preparing to register librninstance_so.  onload_func: 0x767247c990
11-10 08:19:10.527  6038  6038 D jni_lib_merge: Preparing to register libturbomodulejsijni_so.  onload_func: 0x76724f787c
11-10 08:19:10.527  6038  6038 D jni_lib_merge: Preparing to register libuimanagerjni_so.  onload_func: 0x76724fed94
11-10 08:19:10.527  6038  6038 D jni_lib_merge: Preparing to register libyoga_so.  onload_func: 0x76725041e8
11-10 08:19:10.527  6038  6038 D jni_lib_merge: About to register 10 actual methods.
11-10 08:19:10.541  6038  6038 D nativeloader: Load /data/app/~~zl-UbMpJ0Cl5UsMrPuRxAQ==/app.rork.dominder_android_reminder_app-88t88UYVHl8FAT3pCmtfMQ==/base.apk!/lib/arm64-v8a/libreact_codegen_rnscreens.so using class loader ns clns-4 (caller=/data/app/~~zl-UbMpJ0Cl5UsMrPuRxAQ==/app.rork.dominder_android_reminder_app-88t88UYVHl8FAT3pCmtfMQ==/base.apk!classes2.dex): ok
11-10 08:19:10.542  6038  6038 D jni_lib_merge: Entering merged library JNI_OnLoad.
11-10 08:19:10.542  6038  6038 D jni_lib_merge: Preparing 11 pre-merged libs (including stub)
11-10 08:19:10.542  6038  6038 D jni_lib_merge: Preparing to register libfabricjni_so.  onload_func: 0x76722c04c4
11-10 08:19:10.542  6038  6038 D jni_lib_merge: Preparing to register libreact_devsupportjni_so.  onload_func: 0x7672392110
11-10 08:19:10.542  6038  6038 D jni_lib_merge: Preparing to register libreact_featureflagsjni_so.  onload_func: 0x767239a3ac
11-10 08:19:10.542  6038  6038 D jni_lib_merge: Preparing to register libreact_newarchdefaults_so.  onload_func: 0x76723be3c8
11-10 08:19:10.542  6038  6038 D jni_lib_merge: Preparing to register libreactnativeblob_so.  onload_func: 0x767244521c
11-10 08:19:10.542  6038  6038 D jni_lib_merge: Preparing to register libreactnativejni_so.  onload_func: 0x7672463204
11-10 08:19:10.542  6038  6038 D jni_lib_merge: Preparing to register librninstance_so.  onload_func: 0x767247c990
11-10 08:19:10.542  6038  6038 D jni_lib_merge: Preparing to register libturbomodulejsijni_so.  onload_func: 0x76724f787c
11-10 08:19:10.542  6038  6038 D jni_lib_merge: Preparing to register libuimanagerjni_so.  onload_func: 0x76724fed94
11-10 08:19:10.542  6038  6038 D jni_lib_merge: Preparing to register libyoga_so.  onload_func: 0x76725041e8
11-10 08:19:10.542  6038  6038 D jni_lib_merge: About to register 10 actual methods.
11-10 08:19:10.550  6038  6038 D nativeloader: Load /data/app/~~zl-UbMpJ0Cl5UsMrPuRxAQ==/app.rork.dominder_android_reminder_app-88t88UYVHl8FAT3pCmtfMQ==/base.apk!/lib/arm64-v8a/libreact_codegen_rnsvg.so using class loader ns clns-4 (caller=/data/app/~~zl-UbMpJ0Cl5UsMrPuRxAQ==/app.rork.dominder_android_reminder_app-88t88UYVHl8FAT3pCmtfMQ==/base.apk!classes2.dex): ok
11-10 08:19:10.550  6038  6038 D jni_lib_merge: Entering merged library JNI_OnLoad.
11-10 08:19:10.551  6038  6038 D jni_lib_merge: Preparing 11 pre-merged libs (including stub)
11-10 08:19:10.551  6038  6038 D jni_lib_merge: Preparing to register libfabricjni_so.  onload_func: 0x76722c04c4
11-10 08:19:10.551  6038  6038 D jni_lib_merge: Preparing to register libreact_devsupportjni_so.  onload_func: 0x7672392110
11-10 08:19:10.551  6038  6038 D jni_lib_merge: Preparing to register libreact_featureflagsjni_so.  onload_func: 0x767239a3ac
11-10 08:19:10.551  6038  6038 D jni_lib_merge: Preparing to register libreact_newarchdefaults_so.  onload_func: 0x76723be3c8
11-10 08:19:10.551  6038  6038 D jni_lib_merge: Preparing to register libreactnativeblob_so.  onload_func: 0x767244521c
11-10 08:19:10.551  6038  6038 D jni_lib_merge: Preparing to register libreactnativejni_so.  onload_func: 0x7672463204
11-10 08:19:10.551  6038  6038 D jni_lib_merge: Preparing to register librninstance_so.  onload_func: 0x767247c990
11-10 08:19:10.551  6038  6038 D jni_lib_merge: Preparing to register libturbomodulejsijni_so.  onload_func: 0x76724f787c
11-10 08:19:10.551  6038  6038 D jni_lib_merge: Preparing to register libuimanagerjni_so.  onload_func: 0x76724fed94
11-10 08:19:10.551  6038  6038 D jni_lib_merge: Preparing to register libyoga_so.  onload_func: 0x76725041e8
11-10 08:19:10.551  6038  6038 D jni_lib_merge: About to register 10 actual methods.
11-10 08:19:10.557  6038  6038 D nativeloader: Load /data/app/~~zl-UbMpJ0Cl5UsMrPuRxAQ==/app.rork.dominder_android_reminder_app-88t88UYVHl8FAT3pCmtfMQ==/base.apk!/lib/arm64-v8a/libreact_codegen_safeareacontext.so using class loader ns clns-4 (caller=/data/app/~~zl-UbMpJ0Cl5UsMrPuRxAQ==/app.rork.dominder_android_reminder_app-88t88UYVHl8FAT3pCmtfMQ==/base.apk!classes2.dex): ok
11-10 08:19:10.563  6038  6038 D nativeloader: Load /data/app/~~zl-UbMpJ0Cl5UsMrPuRxAQ==/app.rork.dominder_android_reminder_app-88t88UYVHl8FAT3pCmtfMQ==/base.apk!/lib/arm64-v8a/libappmodules.so using class loader ns clns-4 (caller=/data/app/~~zl-UbMpJ0Cl5UsMrPuRxAQ==/app.rork.dominder_android_reminder_app-88t88UYVHl8FAT3pCmtfMQ==/base.apk!classes2.dex): ok
11-10 08:19:10.564  6038  6038 I Typeface: updateThemeFont new=Rookery-Regular;old=sans-serif;new=Rookery-Stacked;old=
11-10 08:19:10.575  6038  6038 D AppCompatDelegate: Checking for metadata for AppLocalesMetadataHolderService : Service not found
11-10 08:19:10.628  6038  6038 W unknown:BridgelessReact: ReactHost{0}.startSurface(surfaceId = 0): Schedule
11-10 08:19:10.629  6038  6038 W unknown:BridgelessReact: ReactHost{0}.attachSurface(surfaceId = 0)
11-10 08:19:10.629  6038  6109 W unknown:BridgelessReact: ReactHost{0}.getOrCreateReactInstanceTask()
11-10 08:19:10.630  6038  6109 W unknown:BridgelessReact: ReactHost{0}.getOrCreateReactInstanceTask(): Start
11-10 08:19:10.630  6038  6109 W unknown:BridgelessReact: ReactHost{0}.getJSBundleLoader()
11-10 08:19:10.630  6038  6109 W unknown:BridgelessReact: ReactHost{0}.getOrCreateReactContext(): Creating BridgelessReactContext
11-10 08:19:10.631  6038  6109 W unknown:BridgelessReact: ReactHost{0}.getOrCreateReactInstanceTask(): Creating ReactInstance
11-10 08:19:10.635  6038  6038 W unknown:BridgelessReact: ReactHost{0}.onHostResume(activity)
11-10 08:19:10.636  6038  6038 W unknown:BridgelessReact: ReactContext.onHostResume()
--------- beginning of system
11-10 08:19:10.643  6038  6038 D ViewRootImpl: update {(0,0)(fillxfill) sim={adjust=pan forwardNavigation} ty=BASE_APPLICATION wanim=0x10302fd
11-10 08:19:10.643  6038  6038 D ViewRootImpl:   fl=LAYOUT_IN_SCREEN LAYOUT_INSET_DECOR SPLIT_TOUCH HARDWARE_ACCELERATED DRAWS_SYSTEM_BAR_BACKGROUNDS
11-10 08:19:10.643  6038  6038 D ViewRootImpl:   pfl=NO_MOVE_ANIMATION FORCE_DRAW_STATUS_BAR_BACKGROUND FIT_INSETS_CONTROLLED
11-10 08:19:10.643  6038  6038 D ViewRootImpl:   bhv=DEFAULT
11-10 08:19:10.643  6038  6038 D ViewRootImpl:   fitSides=} by setView
11-10 08:19:10.655  6038  6109 D nativeloader: Load /data/app/~~zl-UbMpJ0Cl5UsMrPuRxAQ==/app.rork.dominder_android_reminder_app-88t88UYVHl8FAT3pCmtfMQ==/base.apk!/lib/arm64-v8a/libhermes.so using class loader ns clns-4 (caller=/data/app/~~zl-UbMpJ0Cl5UsMrPuRxAQ==/app.rork.dominder_android_reminder_app-88t88UYVHl8FAT3pCmtfMQ==/base.apk!classes2.dex): ok
11-10 08:19:10.657  6038  6109 D nativeloader: Load /data/app/~~zl-UbMpJ0Cl5UsMrPuRxAQ==/app.rork.dominder_android_reminder_app-88t88UYVHl8FAT3pCmtfMQ==/base.apk!/lib/arm64-v8a/libhermestooling.so using class loader ns clns-4 (caller=/data/app/~~zl-UbMpJ0Cl5UsMrPuRxAQ==/app.rork.dominder_android_reminder_app-88t88UYVHl8FAT3pCmtfMQ==/base.apk!classes2.dex): ok
11-10 08:19:10.657  6038  6109 D jni_lib_merge: Entering merged library JNI_OnLoad.
11-10 08:19:10.657  6038  6109 D jni_lib_merge: Preparing 4 pre-merged libs (including stub)
11-10 08:19:10.657  6038  6109 D jni_lib_merge: Preparing to register libhermes_executor_so.  onload_func: 0x76f401e11c
11-10 08:19:10.657  6038  6109 D jni_lib_merge: Preparing to register libhermesinstancejni_so.  onload_func: 0x76f4025a58
11-10 08:19:10.657  6038  6109 D jni_lib_merge: Preparing to register libjsijniprofiler_so.  onload_func: 0x76f4026114
11-10 08:19:10.657  6038  6109 D jni_lib_merge: About to register 3 actual methods.
11-10 08:19:10.684  6038  6086 I AdrenoGLES-0: QUALCOMM build                   : 43fc279f3a, I58833f8ed4
11-10 08:19:10.684  6038  6086 I AdrenoGLES-0: Build Date                       : 03/24/23
11-10 08:19:10.684  6038  6086 I AdrenoGLES-0: OpenGL ES Shader Compiler Version: EV031.32.02.17
11-10 08:19:10.684  6038  6086 I AdrenoGLES-0: Local Branch                     : 
11-10 08:19:10.684  6038  6086 I AdrenoGLES-0: Remote Branch                    : 
11-10 08:19:10.684  6038  6086 I AdrenoGLES-0: Remote Branch                    : 
11-10 08:19:10.684  6038  6086 I AdrenoGLES-0: Reconstruct Branch               : 
11-10 08:19:10.684  6038  6086 I AdrenoGLES-0: Build Config                     : S P 10.0.7 AArch64
11-10 08:19:10.684  6038  6086 I AdrenoGLES-0: Driver Path                      : /vendor/lib64/egl/libGLESv2_adreno.so
11-10 08:19:10.692  6038  6086 I AdrenoGLES-0: PFP: 0x016ee197, ME: 0x00000000
11-10 08:19:10.719  6038  6086 I OpenGLRenderer: setGrContext nullptr-->validptr
11-10 08:19:10.723  6038  6086 E OpenGLRenderer: Unable to match the desired swap behavior.
11-10 08:19:10.938  6038  6109 I ExpoModulesCore:  AppContext was initialized
11-10 08:19:10.942  6038  6109 W ReactNativeJNI: Component property map contains multiple entries for 'borderColor'. Ensure all calls to convertRawProp use a consistent prefix, name and suffix.
11-10 08:19:10.942  6038  6109 W ReactNativeJNI: Component property map contains multiple entries for 'borderStyle'. Ensure all calls to convertRawProp use a consistent prefix, name and suffix.
11-10 08:19:10.942  6038  6109 W ReactNativeJNI: Component property map contains multiple entries for 'borderRadius'. Ensure all calls to convertRawProp use a consistent prefix, name and suffix.
11-10 08:19:10.942  6038  6109 W ReactNativeJNI: Component property map contains multiple entries for 'borderEndColor'. Ensure all calls to convertRawProp use a consistent prefix, name and suffix.
11-10 08:19:10.942  6038  6109 W ReactNativeJNI: Component property map contains multiple entries for 'borderTopColor'. Ensure all calls to convertRawProp use a consistent prefix, name and suffix.
11-10 08:19:10.942  6038  6109 W ReactNativeJNI: Component property map contains multiple entries for 'borderLeftColor'. Ensure all calls to convertRawProp use a consistent prefix, name and suffix.
11-10 08:19:10.942  6038  6109 W ReactNativeJNI: Component property map contains multiple entries for 'borderBlockColor'. Ensure all calls to convertRawProp use a consistent prefix, name and suffix.
11-10 08:19:10.942  6038  6109 W ReactNativeJNI: Component property map contains multiple entries for 'borderRightColor'. Ensure all calls to convertRawProp use a consistent prefix, name and suffix.
11-10 08:19:10.943  6038  6109 W ReactNativeJNI: Component property map contains multiple entries for 'borderStartColor'. Ensure all calls to convertRawProp use a consistent prefix, name and suffix.
11-10 08:19:10.943  6038  6109 W ReactNativeJNI: Component property map contains multiple entries for 'borderBottomColor'. Ensure all calls to convertRawProp use a consistent prefix, name and suffix.
11-10 08:19:10.943  6038  6109 W ReactNativeJNI: Component property map contains multiple entries for 'borderEndEndRadius'. Ensure all calls to convertRawProp use a consistent prefix, name and suffix.
11-10 08:19:10.943  6038  6109 W ReactNativeJNI: Component property map contains multiple entries for 'borderTopEndRadius'. Ensure all calls to convertRawProp use a consistent prefix, name and suffix.
11-10 08:19:10.943  6038  6109 W ReactNativeJNI: Component property map contains multiple entries for 'borderBlockEndColor'. Ensure all calls to convertRawProp use a consistent prefix, name and suffix.
11-10 08:19:10.943  6038  6109 W ReactNativeJNI: Component property map contains multiple entries for 'borderTopLeftRadius'. Ensure all calls to convertRawProp use a consistent prefix, name and suffix.
11-10 08:19:10.943  6038  6109 W ReactNativeJNI: Component property map contains multiple entries for 'borderEndStartRadius'. Ensure all calls to convertRawProp use a consistent prefix, name and suffix.
11-10 08:19:10.943  6038  6109 W ReactNativeJNI: Component property map contains multiple entries for 'borderStartEndRadius'. Ensure all calls to convertRawProp use a consistent prefix, name and suffix.
11-10 08:19:10.943  6038  6109 W ReactNativeJNI: Component property map contains multiple entries for 'borderTopRightRadius'. Ensure all calls to convertRawProp use a consistent prefix, name and suffix.
11-10 08:19:10.943  6038  6109 W ReactNativeJNI: Component property map contains multiple entries for 'borderTopStartRadius'. Ensure all calls to convertRawProp use a consistent prefix, name and suffix.
11-10 08:19:10.943  6038  6109 W ReactNativeJNI: Component property map contains multiple entries for 'borderBlockStartColor'. Ensure all calls to convertRawProp use a consistent prefix, name and suffix.
11-10 08:19:10.943  6038  6109 W ReactNativeJNI: Component property map contains multiple entries for 'borderBottomEndRadius'. Ensure all calls to convertRawProp use a consistent prefix, name and suffix.
11-10 08:19:10.943  6038  6109 W ReactNativeJNI: Component property map contains multiple entries for 'borderBottomLeftRadius'. Ensure all calls to convertRawProp use a consistent prefix, name and suffix.
11-10 08:19:10.943  6038  6109 W ReactNativeJNI: Component property map contains multiple entries for 'borderStartStartRadius'. Ensure all calls to convertRawProp use a consistent prefix, name and suffix.
11-10 08:19:10.943  6038  6109 W ReactNativeJNI: Component property map contains multiple entries for 'borderBottomRightRadius'. Ensure all calls to convertRawProp use a consistent prefix, name and suffix.
11-10 08:19:10.943  6038  6109 W ReactNativeJNI: Component property map contains multiple entries for 'borderBottomStartRadius'. Ensure all calls to convertRawProp use a consistent prefix, name and suffix.
11-10 08:19:10.965  6038  6109 W ReactNativeJNI: Component property map contains multiple entries for 'borderColor'. Ensure all calls to convertRawProp use a consistent prefix, name and suffix.
11-10 08:19:10.965  6038  6109 W ReactNativeJNI: Component property map contains multiple entries for 'borderStyle'. Ensure all calls to convertRawProp use a consistent prefix, name and suffix.
11-10 08:19:10.982  6038  6109 W unknown:BridgelessReact: ReactHost{0}.getOrCreateReactInstanceTask(): Loading JS Bundle
11-10 08:19:10.982  6038  6109 W unknown:BridgelessReact: ReactHost{0}.getOrCreateReactInstanceTask(): Calling DevSupportManagerBase.onNewReactContextCreated(reactContext)
11-10 08:19:10.982  6038  6109 W unknown:BridgelessReact: ReactHost{0}.startSurface(surfaceId = 0): Execute
11-10 08:19:10.983  6038  6038 W unknown:BridgelessReact: ReactContext.onHostResume()
11-10 08:19:10.984  6038  6038 W unknown:BridgelessReact: ReactHost{0}.getOrCreateReactInstanceTask(): Executing ReactInstanceEventListeners
11-10 08:19:11.008  6038  6110 D nativeloader: Load /data/app/~~zl-UbMpJ0Cl5UsMrPuRxAQ==/app.rork.dominder_android_reminder_app-88t88UYVHl8FAT3pCmtfMQ==/base.apk!/lib/arm64-v8a/libexpo-modules-core.so using class loader ns clns-4 (caller=/data/app/~~zl-UbMpJ0Cl5UsMrPuRxAQ==/app.rork.dominder_android_reminder_app-88t88UYVHl8FAT3pCmtfMQ==/base.apk!classes2.dex): ok
11-10 08:19:11.018  6038  6110 D CompatibilityChangeReporter: Compat change id reported: 210923482; UID 10896; state: ENABLED
11-10 08:19:11.021  6038  6110 W unknown:ViewManagerPropertyUpdater: Could not find generated setter for class com.th3rdwave.safeareacontext.SafeAreaProviderManager
11-10 08:19:11.023  6038  6110 W unknown:ViewManagerPropertyUpdater: Could not find generated setter for class com.facebook.react.uimanager.LayoutShadowNode
11-10 08:19:11.024  6038  6110 W unknown:ViewManagerPropertyUpdater: Could not find generated setter for class com.swmansion.rnscreens.SearchBarManager
11-10 08:19:11.025  6038  6110 W unknown:ViewManagerPropertyUpdater: Could not find generated setter for class com.swmansion.rnscreens.ScreenFooterManager
11-10 08:19:11.025  6038  6110 W unknown:ViewManagerPropertyUpdater: Could not find generated setter for class expo.modules.kotlin.views.GroupViewManagerWrapper
11-10 08:19:11.026  6038  6110 W unknown:ViewManagerPropertyUpdater: Could not find generated setter for class com.swmansion.rnscreens.ScreenContainerViewManager
11-10 08:19:11.028  6038  6110 W unknown:ViewManagerPropertyUpdater: Could not find generated setter for class com.swmansion.rnscreens.ModalScreenViewManager
11-10 08:19:11.029  6038  6110 W unknown:ViewManagerPropertyUpdater: Could not find generated setter for class com.swmansion.rnscreens.ScreenStackHeaderConfigViewManager
11-10 08:19:11.030  6038  6110 W unknown:ViewManagerPropertyUpdater: Could not find generated setter for class com.swmansion.rnscreens.ScreenContentWrapperManager
11-10 08:19:11.030  6038  6110 W unknown:ViewManagerPropertyUpdater: Could not find generated setter for class com.th3rdwave.safeareacontext.SafeAreaViewManager
11-10 08:19:11.031  6038  6110 W unknown:ViewManagerPropertyUpdater: Could not find generated setter for class com.th3rdwave.safeareacontext.SafeAreaViewShadowNode
11-10 08:19:11.031  6038  6110 W unknown:ViewManagerPropertyUpdater: Could not find generated setter for class com.shopify.reactnative.flash_list.AutoLayoutViewManager
11-10 08:19:11.032  6038  6110 W unknown:ViewManagerPropertyUpdater: Could not find generated setter for class com.shopify.reactnative.flash_list.CellContainerManager
11-10 08:19:11.032  6038  6110 W unknown:ViewManagerPropertyUpdater: Could not find generated setter for class com.swmansion.rnscreens.ScreenViewManager
11-10 08:19:11.032  6038  6110 W unknown:ViewManagerPropertyUpdater: Could not find generated setter for class expo.modules.kotlin.views.SimpleViewManagerWrapper
11-10 08:19:11.034  6038  6110 W unknown:ViewManagerPropertyUpdater: Could not find generated setter for class com.swmansion.rnscreens.ScreenStackHeaderSubviewManager
11-10 08:19:11.035  6038  6110 W unknown:ViewManagerPropertyUpdater: Could not find generated setter for class com.swmansion.rnscreens.ScreenStackViewManager
11-10 08:19:11.061  6038  6110 W unknown:ViewManagerPropertyUpdater: Could not find generated setter for class com.horcrux.svg.RenderableViewManager$DefsViewManager
11-10 08:19:11.062  6038  6110 W unknown:ViewManagerPropertyUpdater: Could not find generated setter for class com.horcrux.svg.VirtualViewManager$RenderableShadowNode
11-10 08:19:11.064  6038  6110 W unknown:ViewManagerPropertyUpdater: Could not find generated setter for class com.horcrux.svg.RenderableViewManager$FeMergeManager
11-10 08:19:11.066  6038  6110 W unknown:ViewManagerPropertyUpdater: Could not find generated setter for class com.facebook.react.views.safeareaview.ReactSafeAreaViewManager
11-10 08:19:11.066  6038  6110 W unknown:ViewManagerPropertyUpdater: Could not find generated setter for class com.facebook.react.views.safeareaview.ReactSafeAreaViewShadowNode
11-10 08:19:11.068  6038  6110 W unknown:ViewManagerPropertyUpdater: Could not find generated setter for class com.horcrux.svg.RenderableViewManager$LinearGradientManager
11-10 08:19:11.070  6038  6110 W unknown:ViewManagerPropertyUpdater: Could not find generated setter for class com.horcrux.svg.RenderableViewManager$FeGaussianBlurManager
11-10 08:19:11.072  6038  6110 W unknown:ViewManagerPropertyUpdater: Could not find generated setter for class com.facebook.react.views.progressbar.ReactProgressBarViewManager
11-10 08:19:11.072  6038  6110 W unknown:ViewManagerPropertyUpdater: Could not find generated setter for class com.facebook.react.views.progressbar.ProgressBarShadowNode
11-10 08:19:11.074  6038  6110 W unknown:ViewManagerPropertyUpdater: Could not find generated setter for class com.facebook.react.views.scroll.ReactHorizontalScrollViewManager
11-10 08:19:11.077  6038  6110 W unknown:ViewManagerPropertyUpdater: Could not find generated setter for class com.facebook.react.views.text.ReactTextViewManager
11-10 08:19:11.078  6038  6110 W unknown:ViewManagerPropertyUpdater: Could not find generated setter for class com.facebook.react.views.text.ReactTextShadowNode
11-10 08:19:11.080  6038  6110 W unknown:ViewManagerPropertyUpdater: Could not find generated setter for class com.horcrux.svg.RenderableViewManager$FeColorMatrixManager
11-10 08:19:11.082  6038  6110 W unknown:ViewManagerPropertyUpdater: Could not find generated setter for class com.facebook.react.views.scroll.ReactHorizontalScrollContainerViewManager
11-10 08:19:11.084  6038  6110 W unknown:ViewManagerPropertyUpdater: Could not find generated setter for class com.horcrux.svg.RenderableViewManager$ClipPathViewManager
11-10 08:19:11.086  6038  6110 W unknown:ViewManagerPropertyUpdater: Could not find generated setter for class com.horcrux.svg.RenderableViewManager$SymbolManager
11-10 08:19:11.089  6038  6110 W unknown:ViewManagerPropertyUpdater: Could not find generated setter for class com.horcrux.svg.RenderableViewManager$PatternManager
11-10 08:19:11.091  6038  6110 W unknown:ViewManagerPropertyUpdater: Could not find generated setter for class com.horcrux.svg.RenderableViewManager$FeBlendManager
11-10 08:19:11.093  6038  6110 W unknown:ViewManagerPropertyUpdater: Could not find generated setter for class com.facebook.react.views.view.ReactViewManager
11-10 08:19:11.094  6038  6110 W unknown:ViewManagerPropertyUpdater: Could not find generated setter for class com.horcrux.svg.SvgViewManager
11-10 08:19:11.097  6038  6110 W unknown:ViewManagerPropertyUpdater: Could not find generated setter for class com.facebook.react.views.switchview.ReactSwitchManager
11-10 08:19:11.097  6038  6110 W unknown:ViewManagerPropertyUpdater: Could not find generated setter for class com.facebook.react.views.switchview.ReactSwitchShadowNode
11-10 08:19:11.098  6038  6110 W unknown:ViewManagerPropertyUpdater: Could not find generated setter for class com.horcrux.svg.RenderableViewManager$UseViewManager
11-10 08:19:11.100  6038  6110 W unknown:ViewManagerPropertyUpdater: Could not find generated setter for class com.horcrux.svg.RenderableViewManager$CircleViewManager
11-10 08:19:11.103  6038  6110 W unknown:ViewManagerPropertyUpdater: Could not find generated setter for class com.horcrux.svg.RenderableViewManager$TSpanViewManager
11-10 08:19:11.105  6038  6110 W unknown:ViewManagerPropertyUpdater: Could not find generated setter for class com.horcrux.svg.RenderableViewManager$FilterManager
11-10 08:19:11.107  6038  6110 W unknown:ViewManagerPropertyUpdater: Could not find generated setter for class com.horcrux.svg.RenderableViewManager$MarkerManager
11-10 08:19:11.110  6038  6110 W unknown:ViewManagerPropertyUpdater: Could not find generated setter for class com.swmansion.gesturehandler.react.RNGestureHandlerButtonViewManager
11-10 08:19:11.112  6038  6110 W unknown:ViewManagerPropertyUpdater: Could not find generated setter for class com.facebook.react.views.modal.ReactModalHostManager
11-10 08:19:11.113  6038  6110 W unknown:ViewManagerPropertyUpdater: Could not find generated setter for class com.horcrux.svg.RenderableViewManager$ForeignObjectManager
11-10 08:19:11.115  6038  6110 W unknown:ViewManagerPropertyUpdater: Could not find generated setter for class com.horcrux.svg.RenderableViewManager$EllipseViewManager
11-10 08:19:11.118  6038  6110 W unknown:ViewManagerPropertyUpdater: Could not find generated setter for class com.horcrux.svg.RenderableViewManager$LineViewManager
11-10 08:19:11.120  6038  6110 W unknown:ViewManagerPropertyUpdater: Could not find generated setter for class com.facebook.react.views.text.frescosupport.FrescoBasedReactTextInlineImageViewManager
11-10 08:19:11.120  6038  6110 W unknown:ViewManagerPropertyUpdater: Could not find generated setter for class com.facebook.react.views.text.frescosupport.FrescoBasedReactTextInlineImageShadowNode
11-10 08:19:11.121  6038  6110 W unknown:ViewManagerPropertyUpdater: Could not find generated setter for class com.horcrux.svg.RenderableViewManager$FeFloodManager
11-10 08:19:11.123  6038  6110 W unknown:ViewManagerPropertyUpdater: Could not find generated setter for class com.horcrux.svg.RenderableViewManager$GroupViewManager
11-10 08:19:11.125  6038  6110 W unknown:ViewManagerPropertyUpdater: Could not find generated setter for class com.horcrux.svg.RenderableViewManager$TextViewManager
11-10 08:19:11.127  6038  6110 W unknown:ViewManagerPropertyUpdater: Could not find generated setter for class com.horcrux.svg.RenderableViewManager$ImageViewManager
11-10 08:19:11.129  6038  6110 W unknown:ViewManagerPropertyUpdater: Could not find generated setter for class com.horcrux.svg.RenderableViewManager$FeCompositeManager
11-10 08:19:11.131  6038  6110 W unknown:ViewManagerPropertyUpdater: Could not find generated setter for class com.facebook.react.views.image.ReactImageManager
11-10 08:19:11.133  6038  6110 W unknown:ViewManagerPropertyUpdater: Could not find generated setter for class com.horcrux.svg.RenderableViewManager$RadialGradientManager
11-10 08:19:11.135  6038  6110 W unknown:ViewManagerPropertyUpdater: Could not find generated setter for class com.horcrux.svg.RenderableViewManager$MaskManager
11-10 08:19:11.138  6038  6110 W unknown:ViewManagerPropertyUpdater: Could not find generated setter for class com.facebook.react.views.unimplementedview.ReactUnimplementedViewManager
11-10 08:19:11.139  6038  6110 W unknown:ViewManagerPropertyUpdater: Could not find generated setter for class com.horcrux.svg.RenderableViewManager$RectViewManager
11-10 08:19:11.143  6038  6110 W unknown:ViewManagerPropertyUpdater: Could not find generated setter for class com.horcrux.svg.RenderableViewManager$TextPathViewManager
11-10 08:19:11.146  6038  6110 W unknown:ViewManagerPropertyUpdater: Could not find generated setter for class com.facebook.react.views.scroll.ReactScrollViewManager
11-10 08:19:11.149  6038  6110 W unknown:ViewManagerPropertyUpdater: Could not find generated setter for class com.horcrux.svg.RenderableViewManager$FeOffsetManager
11-10 08:19:11.150  6038  6110 W unknown:ViewManagerPropertyUpdater: Could not find generated setter for class com.horcrux.svg.RenderableViewManager$PathViewManager
11-10 08:19:11.153  6038  6110 W unknown:ViewManagerPropertyUpdater: Could not find generated setter for class com.facebook.react.views.drawer.ReactDrawerLayoutManager
11-10 08:19:11.154  6038  6110 W unknown:ViewManagerPropertyUpdater: Could not find generated setter for class com.facebook.react.views.text.ReactVirtualTextViewManager
11-10 08:19:11.155  6038  6110 W unknown:ViewManagerPropertyUpdater: Could not find generated setter for class com.facebook.react.views.text.ReactVirtualTextShadowNode
11-10 08:19:11.156  6038  6110 W unknown:ViewManagerPropertyUpdater: Could not find generated setter for class com.facebook.react.views.swiperefresh.SwipeRefreshLayoutManager
11-10 08:19:11.158  6038  6110 W unknown:ViewManagerPropertyUpdater: Could not find generated setter for class com.facebook.react.views.text.ReactRawTextManager
11-10 08:19:11.158  6038  6110 W unknown:ViewManagerPropertyUpdater: Could not find generated setter for class com.facebook.react.views.text.ReactRawTextShadowNode
11-10 08:19:11.158  6038  6110 W unknown:ViewManagerPropertyUpdater: Could not find generated setter for class com.facebook.react.views.textinput.ReactTextInputManager
11-10 08:19:11.160  6038  6110 W unknown:ViewManagerPropertyUpdater: Could not find generated setter for class com.facebook.react.views.textinput.ReactTextInputShadowNode
11-10 08:19:11.162  6038  6110 W unknown:ViewManagerPropertyUpdater: Could not find generated setter for class com.swmansion.gesturehandler.react.RNGestureHandlerRootViewManager
11-10 08:19:11.170  6038  6110 W BridgelessReactContext: [WARNING] Bridgeless doesn't support CatalystInstance. Accessing an API that's not part of the new architecture is not encouraged usage.
11-10 08:19:11.175  6038  6110 I ExpoModulesCore:  JSI interop was installed
11-10 08:19:11.188  6038  6110 I ExpoModulesCore:  Constants were exported
11-10 08:19:11.206  6038  6110 D nativeloader: Load /data/app/~~zl-UbMpJ0Cl5UsMrPuRxAQ==/app.rork.dominder_android_reminder_app-88t88UYVHl8FAT3pCmtfMQ==/base.apk!/lib/arm64-v8a/libworklets.so using class loader ns clns-4 (caller=/data/app/~~zl-UbMpJ0Cl5UsMrPuRxAQ==/app.rork.dominder_android_reminder_app-88t88UYVHl8FAT3pCmtfMQ==/base.apk!classes2.dex): ok
11-10 08:19:11.247  6038  6110 D nativeloader: Load /data/app/~~zl-UbMpJ0Cl5UsMrPuRxAQ==/app.rork.dominder_android_reminder_app-88t88UYVHl8FAT3pCmtfMQ==/base.apk!/lib/arm64-v8a/libreanimated.so using class loader ns clns-4 (caller=/data/app/~~zl-UbMpJ0Cl5UsMrPuRxAQ==/app.rork.dominder_android_reminder_app-88t88UYVHl8FAT3pCmtfMQ==/base.apk!classes2.dex): ok
11-10 08:19:11.415  6038  6110 D nativeloader: Load /data/app/~~zl-UbMpJ0Cl5UsMrPuRxAQ==/app.rork.dominder_android_reminder_app-88t88UYVHl8FAT3pCmtfMQ==/base.apk!/lib/arm64-v8a/librnscreens.so using class loader ns clns-4 (caller=/data/app/~~zl-UbMpJ0Cl5UsMrPuRxAQ==/app.rork.dominder_android_reminder_app-88t88UYVHl8FAT3pCmtfMQ==/base.apk!classes3.dex): ok
11-10 08:19:11.426  6038  6110 I ReactNativeJS: '[NotificationService] AlarmModule availability:', 'Available'
11-10 08:19:11.426  6038  6110 I ReactNativeJS: '[NotificationService] AlarmModule methods:', [ 'scheduleAlarm' ]
11-10 08:19:11.427  6038  6110 I ReactNativeJS: Running "main"
11-10 08:19:11.479  6038  6110 I ReactNativeJS: [useAlarmListeners] Setting up native alarm event listeners...
11-10 08:19:11.479  6038  6110 I ReactNativeJS: [AlarmSync] Hook initialized
11-10 08:19:11.479  6038  6110 I ReactNativeJS: [AlarmSync] Checking for completed alarms...
11-10 08:19:11.480  6038  6110 I ReactNativeJS: [RootLayout] Setting up notification handlers
11-10 08:19:11.480  6038  6110 I ReactNativeJS: [Dominder-Debug] Ensuring base notification channels
11-10 08:19:11.481  6038  6111 D DoMinderDebug: AlarmModule: Retrieved 1 completed alarms
11-10 08:19:11.481  6038  6110 I ReactNativeJS: '[Dominder-Debug] Creating channel:', '{"id":"standard-v2","name":"Standard Notifications","importance":4,"sound":"default","vibration":true}'
11-10 08:19:11.484  6038  6110 I ReactNativeJS: '[AlarmSync] Found completed alarms:', 1
11-10 08:19:11.484  6038  6110 I ReactNativeJS: '[AlarmSync] Processing completed alarm:', '1762742804513', 'at', '1762742947470'
11-10 08:19:11.485  6038  6110 I ReactNativeJS: [Scheduler] Marking reminder 1762742804513 as done
11-10 08:19:11.485  6038  6110 I ReactNativeJS: '[RootLayout] Initial notification:', null
11-10 08:19:11.486  6038  6110 I ReactNativeJS: [Scheduler] Processing 'Done' for repeating reminder 1762742804513
11-10 08:19:11.486  6038  6110 I ReactNativeJS: [calculateNextReminderDate] for reminder: 1762742804513, fromDate: 2025-11-10T02:49:11.486Z, repeatType: every, date: 2025-11-10, time: 08:17
11-10 08:19:11.486  6038  6038 D VRI[MainActivity]: update {(0,0)(fillxfill) sim={adjust=pan forwardNavigation} ty=BASE_APPLICATION wanim=0x10302fd
11-10 08:19:11.486  6038  6038 D VRI[MainActivity]:   fl=LAYOUT_IN_SCREEN LAYOUT_INSET_DECOR SPLIT_TOUCH HARDWARE_ACCELERATED DRAWS_SYSTEM_BAR_BACKGROUNDS
11-10 08:19:11.486  6038  6038 D VRI[MainActivity]:   pfl=NO_MOVE_ANIMATION FORCE_DRAW_STATUS_BAR_BACKGROUND FIT_INSETS_CONTROLLED
11-10 08:19:11.486  6038  6038 D VRI[MainActivity]:   bhv=DEFAULT
11-10 08:19:11.486  6038  6038 D VRI[MainActivity]:   fitSides=} by setLayoutParams
11-10 08:19:11.486  6038  6110 I ReactNativeJS: [calculateNextReminderDate] Next occurrence after baseline: 2025-11-10T02:50:00.000Z
11-10 08:19:11.486  6038  6110 I ReactNativeJS: [calculateNextReminderDate] Every 1 minutes, next occurrence: 2025-11-10T02:50:00.000Z
11-10 08:19:11.486  6038  6110 I ReactNativeJS: [Scheduler] Next occurrence for 1762742804513 is 2025-11-10T02:50:00.000Z
11-10 08:19:11.487  6038  6110 I ReactNativeJS: '[Dominder-Debug] Creating channel:', '{"id":"silent-v2","name":"Silent Notifications","importance":2,"vibration":false}'
11-10 08:19:11.488  6038  6038 D VRI[MainActivity]: update {(0,0)(fillxfill) sim={adjust=pan forwardNavigation} ty=BASE_APPLICATION wanim=0x10302fd
11-10 08:19:11.488  6038  6038 D VRI[MainActivity]:   fl=LAYOUT_IN_SCREEN FORCE_NOT_FULLSCREEN LAYOUT_INSET_DECOR SPLIT_TOUCH HARDWARE_ACCELERATED DRAWS_SYSTEM_BAR_BACKGROUNDS
11-10 08:19:11.488  6038  6038 D VRI[MainActivity]:   pfl=NO_MOVE_ANIMATION FORCE_DRAW_STATUS_BAR_BACKGROUND FIT_INSETS_CONTROLLED
11-10 08:19:11.488  6038  6038 D VRI[MainActivity]:   bhv=DEFAULT
11-10 08:19:11.488  6038  6038 D VRI[MainActivity]:   fitSides=} by setLayoutParams
11-10 08:19:11.488  6038  6110 I ReactNativeJS: [ReminderService] Updating reminder 1762742804513: isActive=true, isCompleted=false, repeatType=every
11-10 08:19:11.489  6038  6038 D VRI[MainActivity]: update {(0,0)(fillxfill) sim={adjust=pan forwardNavigation} ty=BASE_APPLICATION wanim=0x10302fd
11-10 08:19:11.489  6038  6038 D VRI[MainActivity]:   fl=LAYOUT_IN_SCREEN FORCE_NOT_FULLSCREEN LAYOUT_INSET_DECOR SPLIT_TOUCH HARDWARE_ACCELERATED DRAWS_SYSTEM_BAR_BACKGROUNDS
11-10 08:19:11.489  6038  6038 D VRI[MainActivity]:   pfl=NO_MOVE_ANIMATION FORCE_DRAW_STATUS_BAR_BACKGROUND FIT_INSETS_CONTROLLED
11-10 08:19:11.489  6038  6038 D VRI[MainActivity]:   bhv=DEFAULT
11-10 08:19:11.489  6038  6038 D VRI[MainActivity]:   fitSides=} by setLayoutParams
11-10 08:19:11.489  6038  6110 I ReactNativeJS: '[Dominder-Debug] Creating channel:', '{"id":"alarm-v2","name":"Alarms","importance":4,"sound":"default","vibration":true,"bypassDnd":true}'
11-10 08:19:11.490  6038  6110 I ReactNativeJS: [AlarmSync] App became active, syncing...
11-10 08:19:11.490  6038  6110 I ReactNativeJS: [AlarmSync] Checking for completed alarms...
11-10 08:19:11.490  6038  6111 D DoMinderDebug: AlarmModule: Retrieved 1 completed alarms
11-10 08:19:11.490  6038  6110 I ReactNativeJS: '[AlarmSync] Found completed alarms:', 1
11-10 08:19:11.490  6038  6110 I ReactNativeJS: '[AlarmSync] Processing completed alarm:', '1762742804513', 'at', '1762742947470'
11-10 08:19:11.490  6038  6110 I ReactNativeJS: [Scheduler] Marking reminder 1762742804513 as done
11-10 08:19:11.491  6038  6110 I ReactNativeJS: [Dominder-Debug] Base channels ensured
11-10 08:19:11.494  6038  6110 I ReactNativeJS: [Scheduler] Processing 'Done' for repeating reminder 1762742804513
11-10 08:19:11.494  6038  6110 I ReactNativeJS: [calculateNextReminderDate] for reminder: 1762742804513, fromDate: 2025-11-10T02:49:11.494Z, repeatType: every, date: 2025-11-10, time: 08:17
11-10 08:19:11.494  6038  6110 I ReactNativeJS: [calculateNextReminderDate] Next occurrence after baseline: 2025-11-10T02:51:00.000Z
11-10 08:19:11.494  6038  6110 I ReactNativeJS: [calculateNextReminderDate] Every 1 minutes, next occurrence: 2025-11-10T02:51:00.000Z
11-10 08:19:11.494  6038  6110 I ReactNativeJS: [calculateNextReminderDate] Candidate 2025-11-10T02:51:00.000Z is after end boundary 2025-11-10T02:50:00.000Z, stopping.
11-10 08:19:11.494  6038  6110 I ReactNativeJS: [Scheduler] No next occurrence found for 1762742804513, marking as complete.
11-10 08:19:11.522  6038  6038 W [RNScreens]: backTitleVisible prop is not available on Android
11-10 08:19:11.522  6038  6038 W [RNScreens]: backTitleFontFamily prop is not available on Android
11-10 08:19:11.522  6038  6038 W [RNScreens]: disableBackButtonMenu prop is not available on Android
11-10 08:19:11.522  6038  6038 W [RNScreens]: largeTitleFontFamily prop is not available on Android
11-10 08:19:11.522  6038  6038 W [RNScreens]: largeTitleFontWeight prop is not available on Android
11-10 08:19:11.522  6038  6038 W [RNScreens]: largeTitleHideShadow prop is not available on Android
11-10 08:19:11.524  6038  6110 I ReactNativeJS: '[Selection] Mode changed:', false, 'Selected count:', 0
11-10 08:19:11.525  6038  6110 I ReactNativeJS: '[ReminderEngine] Processing reminders, count:', 0
11-10 08:19:11.537  6038  6110 I ReactNativeJS: '[ReminderEngine] Processing reminders, count:', 0
11-10 08:19:11.539  6038  6110 I ReactNativeJS: [NotificationService] Scheduling reminder 1762742804513, priority: high, repeatType: every
11-10 08:19:11.539  6038  6110 I ReactNativeJS: [NotificationService] Scheduling for 2025-11-10T02:50:00.000Z
11-10 08:19:11.540  6038  6110 I ReactNativeJS: [NotificationService] Scheduled native alarm for rem-1762742804513 with priority high
11-10 08:19:11.540  6038  6110 I ReactNativeJS: [Scheduler] Updated state for reminder 1762742804513
11-10 08:19:11.540  6038  6110 I ReactNativeJS: [RootLayout] remindersChanged event received, invalidating queries.
11-10 08:19:11.540  6038  6110 I ReactNativeJS: Cancelling notifications for reminder 1762742804513 (completed: true, paused: false)
11-10 08:19:11.543  6038  6038 I ReactNative: [GESTURE HANDLER] Initialize gesture handler for root view com.facebook.react.runtime.ReactSurfaceView{a1676d5 V.E...... ......ID 0,0-1080,2295 #b}
11-10 08:19:11.543  6038  6111 D DoMinderDebug: AlarmModule: Scheduling alarm broadcast for 1762742804513 at 1.762743E12
11-10 08:19:11.544  6038  6111 D DoMinderDebug: AlarmModule: Successfully scheduled alarm broadcast
11-10 08:19:11.544  6038  6111 D DoMinderDebug: AlarmModule: Cleared completed alarm 1762742804513
11-10 08:19:11.545  6038  6146 I NOTIFEE : (NotificationManager): Removing notification with id rem-1762742804513
11-10 08:19:11.546  6038  6146 I NOTIFEE : (NotificationManager): Removing notification with id rem-1762742804513
11-10 08:19:11.547  6038  6110 D nativeloader: Load /data/app/~~zl-UbMpJ0Cl5UsMrPuRxAQ==/app.rork.dominder_android_reminder_app-88t88UYVHl8FAT3pCmtfMQ==/base.apk!/lib/arm64-v8a/libgesturehandler.so using class loader ns clns-4 (caller=/data/app/~~zl-UbMpJ0Cl5UsMrPuRxAQ==/app.rork.dominder_android_reminder_app-88t88UYVHl8FAT3pCmtfMQ==/base.apk!classes2.dex): ok
11-10 08:19:11.547  6038  6110 D jni_lib_merge: Entering merged library JNI_OnLoad.
11-10 08:19:11.547  6038  6110 D jni_lib_merge: Preparing 11 pre-merged libs (including stub)
11-10 08:19:11.547  6038  6110 D jni_lib_merge: Preparing to register libfabricjni_so.  onload_func: 0x76722c04c4
11-10 08:19:11.547  6038  6110 D jni_lib_merge: Preparing to register libreact_devsupportjni_so.  onload_func: 0x7672392110
11-10 08:19:11.547  6038  6110 D jni_lib_merge: Preparing to register libreact_featureflagsjni_so.  onload_func: 0x767239a3ac
11-10 08:19:11.547  6038  6110 D jni_lib_merge: Preparing to register libreact_newarchdefaults_so.  onload_func: 0x76723be3c8
11-10 08:19:11.547  6038  6110 D jni_lib_merge: Preparing to register libreactnativeblob_so.  onload_func: 0x767244521c
11-10 08:19:11.547  6038  6110 D jni_lib_merge: Preparing to register libreactnativejni_so.  onload_func: 0x7672463204
11-10 08:19:11.547  6038  6110 D jni_lib_merge: Preparing to register librninstance_so.  onload_func: 0x767247c990
11-10 08:19:11.547  6038  6110 D jni_lib_merge: Preparing to register libturbomodulejsijni_so.  onload_func: 0x76724f787c
11-10 08:19:11.547  6038  6110 D jni_lib_merge: Preparing to register libuimanagerjni_so.  onload_func: 0x76724fed94
11-10 08:19:11.547  6038  6110 D jni_lib_merge: Preparing to register libyoga_so.  onload_func: 0x76725041e8
11-10 08:19:11.547  6038  6110 D jni_lib_merge: About to register 10 actual methods.
11-10 08:19:11.548  6038  6110 I ReactNativeJS: '[AlarmSync]  Successfully processed completion for:', '1762742804513'
11-10 08:19:11.549  6038  6111 D DoMinderDebug: AlarmModule: Retrieved 0 snoozed alarms
11-10 08:19:11.549  6038  6110 I ReactNativeJS: '[AlarmSync] Found snoozed alarms:', 0
11-10 08:19:11.555  6038  6148 I NOTIFEE : (NotificationManager): Removing notification with id rem-1762742804513
11-10 08:19:11.556  6038  6110 I ReactNativeJS: [NotificationService] Cancelled all notifications (scheduled + displayed) for reminder 1762742804513
11-10 08:19:11.556  6038  6110 I ReactNativeJS: [ReminderService] Updating reminder 1762742804513: isActive=false, isCompleted=true, repeatType=every
11-10 08:19:11.559  6038  6110 I ReactNativeJS: [Scheduler] Updated state for reminder 1762742804513
11-10 08:19:11.559  6038  6110 I ReactNativeJS: [RootLayout] remindersChanged event received, invalidating queries.
11-10 08:19:11.560  6038  6111 D DoMinderDebug: AlarmModule: Cleared completed alarm 1762742804513
11-10 08:19:11.561  6038  6110 I ReactNativeJS: '[AlarmSync]  Successfully processed completion for:', '1762742804513'
11-10 08:19:11.561  6038  6111 D DoMinderDebug: AlarmModule: Retrieved 0 snoozed alarms
11-10 08:19:11.562  6038  6110 I ReactNativeJS: '[AlarmSync] Found snoozed alarms:', 0
11-10 08:19:11.576  6038  6086 W Parcel  : Expecting binder but got null!
11-10 08:19:11.578  6038  6038 D VRI[MainActivity]: update {(0,0)(fillxfill) sim={adjust=pan forwardNavigation} ty=BASE_APPLICATION wanim=0x10302fd
11-10 08:19:11.578  6038  6038 D VRI[MainActivity]:   fl=LAYOUT_IN_SCREEN FORCE_NOT_FULLSCREEN LAYOUT_INSET_DECOR SPLIT_TOUCH HARDWARE_ACCELERATED DRAWS_SYSTEM_BAR_BACKGROUNDS
11-10 08:19:11.578  6038  6038 D VRI[MainActivity]:   pfl=NO_MOVE_ANIMATION FORCE_DRAW_STATUS_BAR_BACKGROUND FIT_INSETS_CONTROLLED
11-10 08:19:11.578  6038  6038 D VRI[MainActivity]:   bhv=DEFAULT
11-10 08:19:11.578  6038  6038 D VRI[MainActivity]:   fitSides=} by setLayoutParams
11-10 08:19:11.590  6038  6038 W unknown:ViewManagerPropertyUpdater: Could not find generated setter for class com.facebook.react.uimanager.RootViewManager
11-10 08:19:11.643  6038  6110 I ReactNativeJS: '[ReminderEngine] Processing reminders, count:', 3
11-10 08:19:11.644  6038  6110 I ReactNativeJS: [ReminderEngine] Processing reminder 1762742824720, repeatType: none
11-10 08:19:11.644  6038  6110 I ReactNativeJS: [calculateNextReminderDate] for reminder: 1762742824720, fromDate: 2025-11-10T02:49:11.644Z, repeatType: none, date: 2025-11-10, time: 08:30
11-10 08:19:11.644  6038  6110 I ReactNativeJS: [calculateNextReminderDate] One-time reminder scheduled for: 2025-11-10T03:00:00.000Z, isInFuture: true
11-10 08:19:11.644  6038  6110 I ReactNativeJS: [ReminderEngine] Scheduling notification for reminder 1762742824720 at 2025-11-10T03:00:00.000Z
11-10 08:19:11.676  6038  6038 D CompatibilityChangeReporter: Compat change id reported: 171228096; UID 10896; state: ENABLED
11-10 08:19:11.768  6038  6110 I ReactNativeJS: [NotificationService] Scheduling reminder 1762742824720, priority: medium, repeatType: none
11-10 08:19:11.768  6038  6110 I ReactNativeJS: [NotificationService] Scheduling for 2025-11-10T03:00:00.000Z
11-10 08:19:11.811  6038  6110 I ReactNativeJS: [NotificationService] Successfully scheduled notification rem-1762742824720
11-10 08:19:11.811  6038  6110 I ReactNativeJS: [ReminderEngine] Successfully scheduled 1762742824720
11-10 08:19:11.812  6038  6110 I ReactNativeJS: '[RootLayout] Foreground event:', { type: 7, pressAction: undefined }
11-10 08:19:16.468  6038  6156 D ProfileInstaller: Skipping profile installation for app.rork.dominder_android_reminder_app
11-10 08:19:20.534  6038  6044 W System  : A resource failed to call release. 
11-10 08:19:41.491  6038  6110 I ReactNativeJS: [AlarmSync] Checking for completed alarms...
11-10 08:19:41.491  6038  6111 D DoMinderDebug: AlarmModule: Retrieved 0 completed alarms
11-10 08:19:41.492  6038  6110 I ReactNativeJS: '[AlarmSync] Found completed alarms:', 0
11-10 08:19:41.492  6038  6111 D DoMinderDebug: AlarmModule: Retrieved 0 snoozed alarms
11-10 08:19:41.492  6038  6110 I ReactNativeJS: '[AlarmSync] Found snoozed alarms:', 0
11-10 08:19:41.536  6038  6110 I ReactNativeJS: '[ReminderEngine] Processing reminders, count:', 3
11-10 08:19:43.161  6038  6038 D ViewRootImpl: update {(0,0)(fillxfill) gr=CENTER sim={adjust=resize forwardNavigation} ty=APPLICATION fmt=TRANSPARENT wanim=0x7f12012e
11-10 08:19:43.161  6038  6038 D ViewRootImpl:   fl=NOT_FOCUSABLE LAYOUT_IN_SCREEN LAYOUT_INSET_DECOR SPLIT_TOUCH HARDWARE_ACCELERATED DRAWS_SYSTEM_BAR_BACKGROUNDS
