--------- beginning of system
01-25 09:46:39.256 23426 23426 D ViewRootImpl: update {(0,0)(fillxfill) sim={adjust=pan forwardNavigation} ty=BASE_APPLICATION wanim=0x10302fd
01-25 09:46:39.256 23426 23426 D ViewRootImpl:   fl=LAYOUT_IN_SCREEN LAYOUT_INSET_DECOR SPLIT_TOUCH HARDWARE_ACCELERATED DRAWS_SYSTEM_BAR_BACKGROUNDS
01-25 09:46:39.256 23426 23426 D ViewRootImpl:   pfl=NO_MOVE_ANIMATION FORCE_DRAW_STATUS_BAR_BACKGROUND FIT_INSETS_CONTROLLED
01-25 09:46:39.256 23426 23426 D ViewRootImpl:   bhv=DEFAULT
01-25 09:46:39.256 23426 23426 D ViewRootImpl:   fitSides=} by setView
01-25 09:46:40.631 23426 23426 D VRI[MainActivity]: update {(0,0)(fillxfill) sim={adjust=pan forwardNavigation} ty=BASE_APPLICATION wanim=0x10302fd
01-25 09:46:40.631 23426 23426 D VRI[MainActivity]:   fl=LAYOUT_IN_SCREEN LAYOUT_INSET_DECOR SPLIT_TOUCH HARDWARE_ACCELERATED DRAWS_SYSTEM_BAR_BACKGROUNDS
01-25 09:46:40.631 23426 23426 D VRI[MainActivity]:   pfl=NO_MOVE_ANIMATION FORCE_DRAW_STATUS_BAR_BACKGROUND FIT_INSETS_CONTROLLED
01-25 09:46:40.631 23426 23426 D VRI[MainActivity]:   bhv=DEFAULT
01-25 09:46:40.631 23426 23426 D VRI[MainActivity]:   fitSides=} by setLayoutParams
01-25 09:46:40.633 23426 23426 D VRI[MainActivity]: update {(0,0)(fillxfill) sim={adjust=pan forwardNavigation} ty=BASE_APPLICATION wanim=0x10302fd
01-25 09:46:40.633 23426 23426 D VRI[MainActivity]:   fl=LAYOUT_IN_SCREEN FORCE_NOT_FULLSCREEN LAYOUT_INSET_DECOR SPLIT_TOUCH HARDWARE_ACCELERATED DRAWS_SYSTEM_BAR_BACKGROUNDS
01-25 09:46:40.633 23426 23426 D VRI[MainActivity]:   pfl=NO_MOVE_ANIMATION FORCE_DRAW_STATUS_BAR_BACKGROUND FIT_INSETS_CONTROLLED
01-25 09:46:40.633 23426 23426 D VRI[MainActivity]:   bhv=DEFAULT
01-25 09:46:40.633 23426 23426 D VRI[MainActivity]:   fitSides=} by setLayoutParams
01-25 09:46:40.634 23426 23426 D VRI[MainActivity]: update {(0,0)(fillxfill) sim={adjust=pan forwardNavigation} ty=BASE_APPLICATION wanim=0x10302fd
01-25 09:46:40.634 23426 23426 D VRI[MainActivity]:   fl=LAYOUT_IN_SCREEN FORCE_NOT_FULLSCREEN LAYOUT_INSET_DECOR SPLIT_TOUCH HARDWARE_ACCELERATED DRAWS_SYSTEM_BAR_BACKGROUNDS
01-25 09:46:40.634 23426 23426 D VRI[MainActivity]:   pfl=NO_MOVE_ANIMATION FORCE_DRAW_STATUS_BAR_BACKGROUND FIT_INSETS_CONTROLLED
01-25 09:46:40.634 23426 23426 D VRI[MainActivity]:   bhv=DEFAULT
01-25 09:46:40.634 23426 23426 D VRI[MainActivity]:   fitSides=} by setLayoutParams
01-25 09:46:40.901 23426 23426 D VRI[MainActivity]: update {(0,0)(fillxfill) sim={adjust=pan forwardNavigation} ty=BASE_APPLICATION wanim=0x10302fd
01-25 09:46:40.901 23426 23426 D VRI[MainActivity]:   fl=LAYOUT_IN_SCREEN FORCE_NOT_FULLSCREEN LAYOUT_INSET_DECOR SPLIT_TOUCH HARDWARE_ACCELERATED DRAWS_SYSTEM_BAR_BACKGROUNDS
01-25 09:46:40.901 23426 23426 D VRI[MainActivity]:   pfl=NO_MOVE_ANIMATION FORCE_DRAW_STATUS_BAR_BACKGROUND FIT_INSETS_CONTROLLED
01-25 09:46:40.901 23426 23426 D VRI[MainActivity]:   bhv=DEFAULT
01-25 09:46:40.901 23426 23426 D VRI[MainActivity]:   fitSides=} by setLayoutParams
01-25 09:46:40.952 23426 23426 D ViewRootImpl: update {(0,0)(fillxfill) gr=CENTER sim={adjust=resize forwardNavigation} ty=APPLICATION fmt=TRANSPARENT wanim=0x7f11012e
01-25 09:46:40.952 23426 23426 D ViewRootImpl:   fl=DIM_BEHIND NOT_FOCUSABLE LAYOUT_IN_SCREEN LAYOUT_INSET_DECOR SPLIT_TOUCH HARDWARE_ACCELERATED DRAWS_SYSTEM_BAR_BACKGROUNDS
01-25 09:46:40.952 23426 23426 D ViewRootImpl:   pfl=NO_MOVE_ANIMATION FORCE_DRAW_STATUS_BAR_BACKGROUND FIT_INSETS_CONTROLLED
01-25 09:46:40.952 23426 23426 D ViewRootImpl:   bhv=DEFAULT
01-25 09:46:40.952 23426 23426 D ViewRootImpl:   fitSides=} by setView
01-25 09:46:40.962 23426 23426 D VRI[MainActivity]: update {(0,0)(fillxfill) gr=CENTER sim={adjust=resize} ty=APPLICATION fmt=TRANSPARENT wanim=0x7f11012e
01-25 09:46:40.962 23426 23426 D VRI[MainActivity]:   fl=DIM_BEHIND LAYOUT_IN_SCREEN LAYOUT_INSET_DECOR SPLIT_TOUCH HARDWARE_ACCELERATED DRAWS_SYSTEM_BAR_BACKGROUNDS
01-25 09:46:40.962 23426 23426 D VRI[MainActivity]:   pfl=NO_MOVE_ANIMATION FORCE_DRAW_STATUS_BAR_BACKGROUND FIT_INSETS_CONTROLLED
01-25 09:46:40.962 23426 23426 D VRI[MainActivity]:   bhv=DEFAULT
01-25 09:46:40.962 23426 23426 D VRI[MainActivity]:   fitSides=} by setLayoutParams
01-25 09:46:41.331 23426 23426 D VRI[MainActivity]: update {(0,0)(fillxfill) gr=CENTER sim={adjust=resize} ty=APPLICATION fmt=TRANSPARENT wanim=0x7f11012e
01-25 09:46:41.331 23426 23426 D VRI[MainActivity]:   fl=DIM_BEHIND LAYOUT_IN_SCREEN LAYOUT_INSET_DECOR SPLIT_TOUCH HARDWARE_ACCELERATED DRAWS_SYSTEM_BAR_BACKGROUNDS
01-25 09:46:41.331 23426 23426 D VRI[MainActivity]:   pfl=NO_MOVE_ANIMATION FORCE_DRAW_STATUS_BAR_BACKGROUND FIT_INSETS_CONTROLLED
01-25 09:46:41.331 23426 23426 D VRI[MainActivity]:   bhv=DEFAULT
01-25 09:46:41.331 23426 23426 D VRI[MainActivity]:   fitSides=} by setLayoutParams
01-25 09:46:41.332 23426 23426 D VRI[MainActivity]: update {(0,0)(fillxfill) gr=CENTER sim={adjust=resize} ty=APPLICATION fmt=TRANSPARENT wanim=0x7f11012e
01-25 09:46:41.332 23426 23426 D VRI[MainActivity]:   fl=DIM_BEHIND LAYOUT_IN_SCREEN LAYOUT_INSET_DECOR SPLIT_TOUCH HARDWARE_ACCELERATED DRAWS_SYSTEM_BAR_BACKGROUNDS
01-25 09:46:41.332 23426 23426 D VRI[MainActivity]:   pfl=NO_MOVE_ANIMATION FORCE_DRAW_STATUS_BAR_BACKGROUND FIT_INSETS_CONTROLLED
01-25 09:46:41.332 23426 23426 D VRI[MainActivity]:   bhv=DEFAULT
01-25 09:46:41.332 23426 23426 D VRI[MainActivity]:   fitSides=} by setLayoutParams
01-25 09:46:41.335 23426 23426 D VRI[MainActivity]: update {(0,0)(fillxfill) gr=CENTER sim={adjust=resize} ty=APPLICATION fmt=TRANSPARENT wanim=0x7f11012e
01-25 09:46:41.335 23426 23426 D VRI[MainActivity]:   fl=DIM_BEHIND LAYOUT_IN_SCREEN LAYOUT_INSET_DECOR SPLIT_TOUCH HARDWARE_ACCELERATED DRAWS_SYSTEM_BAR_BACKGROUNDS
01-25 09:46:41.335 23426 23426 D VRI[MainActivity]:   pfl=NO_MOVE_ANIMATION FORCE_DRAW_STATUS_BAR_BACKGROUND FIT_INSETS_CONTROLLED
01-25 09:46:41.335 23426 23426 D VRI[MainActivity]:   bhv=DEFAULT
01-25 09:46:41.335 23426 23426 D VRI[MainActivity]:   fitSides=} by setLayoutParams
01-25 09:46:45.330 23426 23426 D ViewRootImpl: update {(0,0)(fillxfill) gr=CENTER sim={adjust=resize forwardNavigation} ty=APPLICATION fmt=TRANSPARENT wanim=0x7f11012e
01-25 09:46:45.330 23426 23426 D ViewRootImpl:   fl=NOT_FOCUSABLE LAYOUT_IN_SCREEN LAYOUT_INSET_DECOR SPLIT_TOUCH HARDWARE_ACCELERATED DRAWS_SYSTEM_BAR_BACKGROUNDS
01-25 09:46:45.330 23426 23426 D ViewRootImpl:   pfl=NO_MOVE_ANIMATION FORCE_DRAW_STATUS_BAR_BACKGROUND FIT_INSETS_CONTROLLED
01-25 09:46:45.330 23426 23426 D ViewRootImpl:   bhv=DEFAULT
01-25 09:46:45.330 23426 23426 D ViewRootImpl:   fitSides=} by setView
01-25 09:46:45.338 23426 23426 D VRI[MainActivity]: update {(0,0)(fillxfill) gr=CENTER sim={adjust=resize} ty=APPLICATION fmt=TRANSPARENT wanim=0x7f11012e
01-25 09:46:45.338 23426 23426 D VRI[MainActivity]:   fl=LAYOUT_IN_SCREEN LAYOUT_INSET_DECOR SPLIT_TOUCH HARDWARE_ACCELERATED DRAWS_SYSTEM_BAR_BACKGROUNDS
01-25 09:46:45.338 23426 23426 D VRI[MainActivity]:   pfl=NO_MOVE_ANIMATION FORCE_DRAW_STATUS_BAR_BACKGROUND FIT_INSETS_CONTROLLED
01-25 09:46:45.338 23426 23426 D VRI[MainActivity]:   bhv=DEFAULT
01-25 09:46:45.338 23426 23426 D VRI[MainActivity]:   fitSides=} by setLayoutParams
--------- beginning of main
01-25 09:46:45.363 23426 23496 E OpenGLRenderer: Unable to match the desired swap behavior.
01-25 09:46:45.388 23426 23496 W Parcel  : Expecting binder but got null!
01-25 09:46:45.409 23426 23426 D VRI[MainActivity]: update {(0,0)(fillxfill) gr=CENTER sim={adjust=resize} ty=APPLICATION fmt=TRANSPARENT wanim=0x7f11012e
01-25 09:46:45.409 23426 23426 D VRI[MainActivity]:   fl=LAYOUT_IN_SCREEN LAYOUT_INSET_DECOR SPLIT_TOUCH HARDWARE_ACCELERATED DRAWS_SYSTEM_BAR_BACKGROUNDS
01-25 09:46:45.409 23426 23426 D VRI[MainActivity]:   pfl=NO_MOVE_ANIMATION FORCE_DRAW_STATUS_BAR_BACKGROUND FIT_INSETS_CONTROLLED
01-25 09:46:45.409 23426 23426 D VRI[MainActivity]:   bhv=DEFAULT
01-25 09:46:45.409 23426 23426 D VRI[MainActivity]:   fitSides=} by setLayoutParams
01-25 09:46:45.411 23426 23426 D VRI[MainActivity]: update {(0,0)(fillxfill) gr=CENTER sim={adjust=resize} ty=APPLICATION fmt=TRANSPARENT wanim=0x7f11012e
01-25 09:46:45.411 23426 23426 D VRI[MainActivity]:   fl=LAYOUT_IN_SCREEN LAYOUT_INSET_DECOR SPLIT_TOUCH HARDWARE_ACCELERATED DRAWS_SYSTEM_BAR_BACKGROUNDS
01-25 09:46:45.411 23426 23426 D VRI[MainActivity]:   pfl=NO_MOVE_ANIMATION FORCE_DRAW_STATUS_BAR_BACKGROUND FIT_INSETS_CONTROLLED
01-25 09:46:45.411 23426 23426 D VRI[MainActivity]:   bhv=DEFAULT
01-25 09:46:45.411 23426 23426 D VRI[MainActivity]:   fitSides=} by setLayoutParams
01-25 09:46:46.667 23426 23426 D CompatibilityChangeReporter: Compat change id reported: 163400105; UID 11081; state: ENABLED
01-25 09:46:46.669 23426 23426 D InputMethodManager: showSoftInput() view=com.facebook.react.views.textinput.ReactEditText{b7d441f VFED..CL. .F.P..ID 0,0-920,99 #114 aid=1073741825} flags=0 reason=SHOW_SOFT_INPUT
01-25 09:46:46.685 23426 23426 D InputMethodManager: showSoftInput() view=com.facebook.react.views.textinput.ReactEditText{b7d441f VFED..CL. .F.P.... 0,0-920,99 #114 aid=1073741825} flags=0 reason=SHOW_SOFT_INPUT
01-25 09:46:46.837 23426 23426 W OnBackInvokedCallback: OnBackInvokedCallback is not enabled for the application.
01-25 09:46:46.837 23426 23426 W OnBackInvokedCallback: Set 'android:enableOnBackInvokedCallback="true"' in the application manifest.
01-25 09:46:46.896 23426 23426 D InsetsController: show(ime(), fromIme=true)
01-25 09:46:48.811 23426 23433 I id_reminder_app: Background concurrent copying GC freed 15MB AllocSpace bytes, 23(720KB) LOS objects, 49% free, 8695KB/16MB, paused 165us,60us total 179.745ms
01-25 09:46:48.817 23426 23435 W System  : A resource failed to call release. 
01-25 09:46:54.667 23426 23426 D ViewRootImpl: update {(0,0)(fillxfill) gr=CENTER sim={adjust=resize forwardNavigation} ty=APPLICATION fmt=TRANSPARENT wanim=0x7f11012e
01-25 09:46:54.667 23426 23426 D ViewRootImpl:   fl=NOT_FOCUSABLE LAYOUT_IN_SCREEN LAYOUT_INSET_DECOR SPLIT_TOUCH HARDWARE_ACCELERATED DRAWS_SYSTEM_BAR_BACKGROUNDS
01-25 09:46:54.667 23426 23426 D ViewRootImpl:   pfl=NO_MOVE_ANIMATION FORCE_DRAW_STATUS_BAR_BACKGROUND FIT_INSETS_CONTROLLED
01-25 09:46:54.667 23426 23426 D ViewRootImpl:   bhv=DEFAULT
01-25 09:46:54.667 23426 23426 D ViewRootImpl:   fitSides=} by setView
01-25 09:46:54.682 23426 23426 D VRI[MainActivity]: update {(0,0)(fillxfill) gr=CENTER sim={adjust=resize} ty=APPLICATION fmt=TRANSPARENT wanim=0x7f11012e
01-25 09:46:54.682 23426 23426 D VRI[MainActivity]:   fl=LAYOUT_IN_SCREEN LAYOUT_INSET_DECOR SPLIT_TOUCH HARDWARE_ACCELERATED DRAWS_SYSTEM_BAR_BACKGROUNDS
01-25 09:46:54.682 23426 23426 D VRI[MainActivity]:   pfl=NO_MOVE_ANIMATION FORCE_DRAW_STATUS_BAR_BACKGROUND FIT_INSETS_CONTROLLED
01-25 09:46:54.682 23426 23426 D VRI[MainActivity]:   bhv=DEFAULT
01-25 09:46:54.682 23426 23426 D VRI[MainActivity]:   fitSides=} by setLayoutParams
01-25 09:46:54.714 23426 23496 E OpenGLRenderer: Unable to match the desired swap behavior.
01-25 09:46:54.736 23426 23496 W Parcel  : Expecting binder but got null!
01-25 09:46:54.768 23426 23426 D VRI[MainActivity]: update {(0,0)(fillxfill) gr=CENTER sim={adjust=resize} ty=APPLICATION fmt=TRANSPARENT wanim=0x7f11012e
01-25 09:46:54.768 23426 23426 D VRI[MainActivity]:   fl=LAYOUT_IN_SCREEN LAYOUT_INSET_DECOR SPLIT_TOUCH HARDWARE_ACCELERATED DRAWS_SYSTEM_BAR_BACKGROUNDS
01-25 09:46:54.768 23426 23426 D VRI[MainActivity]:   pfl=NO_MOVE_ANIMATION FORCE_DRAW_STATUS_BAR_BACKGROUND FIT_INSETS_CONTROLLED
01-25 09:46:54.768 23426 23426 D VRI[MainActivity]:   bhv=DEFAULT
01-25 09:46:54.768 23426 23426 D VRI[MainActivity]:   fitSides=} by setLayoutParams
01-25 09:46:54.770 23426 23426 D VRI[MainActivity]: update {(0,0)(fillxfill) gr=CENTER sim={adjust=resize} ty=APPLICATION fmt=TRANSPARENT wanim=0x7f11012e
01-25 09:46:54.770 23426 23426 D VRI[MainActivity]:   fl=LAYOUT_IN_SCREEN LAYOUT_INSET_DECOR SPLIT_TOUCH HARDWARE_ACCELERATED DRAWS_SYSTEM_BAR_BACKGROUNDS
01-25 09:46:54.770 23426 23426 D VRI[MainActivity]:   pfl=NO_MOVE_ANIMATION FORCE_DRAW_STATUS_BAR_BACKGROUND FIT_INSETS_CONTROLLED
01-25 09:46:54.770 23426 23426 D VRI[MainActivity]:   bhv=DEFAULT
01-25 09:46:54.770 23426 23426 D VRI[MainActivity]:   fitSides=} by setLayoutParams
01-25 09:46:54.840 23426 23426 W OnBackInvokedCallback: OnBackInvokedCallback is not enabled for the application.
01-25 09:46:54.840 23426 23426 W OnBackInvokedCallback: Set 'android:enableOnBackInvokedCallback="true"' in the application manifest.
01-25 09:46:54.926 23426 23426 W RemoteInputConnectionImpl: requestCursorAnchorInfo on inactive InputConnection
01-25 09:47:01.672 23426 23496 D Surface : Surface::disconnect
01-25 09:47:01.672 23426 23496 D BufferQueueProducer: [VRI[MainActivity]#3(BLAST Consumer)3](id:5b8200000003,api:1,p:23426,c:23426) disconnect: api 1
01-25 09:47:04.360 23426 23503 I ReactNativeJS: [ReminderService] Adding reminder 1769314624351: isActive=true, isCompleted=false, repeatType=none
01-25 09:47:04.515 23426 23503 I ReactNativeJS: '[ReminderEngine] Processing reminders, count:', 1
01-25 09:47:04.515 23426 23503 I ReactNativeJS: [ReminderEngine] Processing reminder 1769314624351, repeatType: none
01-25 09:47:04.515 23426 23503 I ReactNativeJS: [calculateNextReminderDate] for reminder: 1769314624351, fromDate: 2026-01-25T04:17:04.515Z, repeatType: none, date: 2026-01-25, time: 09:48
01-25 09:47:04.515 23426 23503 I ReactNativeJS: [calculateNextReminderDate] One-time reminder scheduled for: 2026-01-25T04:18:00.000Z, isInFuture: true
01-25 09:47:04.515 23426 23503 I ReactNativeJS: [ReminderEngine] Scheduling notification for reminder 1769314624351 at 2026-01-25T04:18:00.000Z
01-25 09:47:04.604 23426 23503 I ReactNativeJS: [RootLayout] remindersChanged event received, invalidating queries.
01-25 09:47:04.632 23426 23503 I ReactNativeJS: [NotificationService] Requesting notification permission...
01-25 09:47:04.759 23426 23496 D Surface : Surface::disconnect
01-25 09:47:04.759 23426 23496 D BufferQueueProducer: [VRI[MainActivity]#2(BLAST Consumer)2](id:5b8200000002,api:1,p:23426,c:23426) disconnect: api 1
01-25 09:47:04.798 23426 23503 I ReactNativeJS: '[ReminderEngine] Processing reminders, count:', 1
01-25 09:47:04.798 23426 23503 I ReactNativeJS: [ReminderEngine] Skipping 1769314624351 - scheduling already in progress
01-25 09:47:04.803 23426 23426 W unknown:BridgelessReact: ReactHost{0}.onUserLeaveHint(activity)
01-25 09:47:04.805 23426 23503 I ReactNativeJNI: instanceHandle is null, event of type topBlur will be dropped
01-25 09:47:04.807 23426 23426 W unknown:BridgelessReact: ReactHost{0}.onHostPause(activity)
01-25 09:47:04.808 23426 23426 W unknown:BridgelessReact: ReactContext.onHostPause()
01-25 09:47:06.951 23426 23426 D CompatibilityChangeReporter: Compat change id reported: 78294732; UID 11081; state: ENABLED
01-25 09:47:06.954 23426 23426 W unknown:BridgelessReact: ReactHost{0}.onHostResume(activity)
01-25 09:47:06.954 23426 23426 W unknown:BridgelessReact: ReactContext.onHostResume()
01-25 09:47:06.957 23426 23503 I ReactNativeJS: [AlarmSync] App became active, syncing...
01-25 09:47:06.957 23426 23503 I ReactNativeJS: [AlarmSync] Checking for completed alarms...
01-25 09:47:06.969 23426 23426 D VRI[MainActivity]: update {(0,0)(fillxfill) sim={adjust=pan forwardNavigation} ty=BASE_APPLICATION wanim=0x10302fd
01-25 09:47:06.969 23426 23426 D VRI[MainActivity]:   fl=LAYOUT_IN_SCREEN FORCE_NOT_FULLSCREEN LAYOUT_INSET_DECOR SPLIT_TOUCH HARDWARE_ACCELERATED DRAWS_SYSTEM_BAR_BACKGROUNDS
01-25 09:47:06.969 23426 23426 D VRI[MainActivity]:   pfl=NO_MOVE_ANIMATION FORCE_DRAW_STATUS_BAR_BACKGROUND USE_BLAST APPEARANCE_CONTROLLED FIT_INSETS_CONTROLLED
01-25 09:47:06.969 23426 23426 D VRI[MainActivity]:   apr=LIGHT_STATUS_BARS
01-25 09:47:06.969 23426 23426 D VRI[MainActivity]:   bhv=DEFAULT
01-25 09:47:06.969 23426 23426 D VRI[MainActivity]:   fitSides=} by setLayoutParams
01-25 09:47:06.970 23426 23504 D DoMinderDebug: AlarmModule: getAllNativeReminderStates found 0 reminders
01-25 09:47:06.976 23426 23503 I ReactNativeJS: [NotificationService] SCHEDULE_EXACT_ALARM permission granted - using exact timing
01-25 09:47:06.976 23426 23503 I ReactNativeJS: [NotificationService] Scheduling reminder 1769314624351, priority: high, repeatType: none
01-25 09:47:06.976 23426 23503 I ReactNativeJS: [NotificationService] Scheduling for 2026-01-25T04:18:00.000Z
01-25 09:47:06.977 23426 23504 D DoMinderDebug: AlarmModule: Retrieved 0 completed alarms
01-25 09:47:06.977 23426 23503 I ReactNativeJS: '[AlarmSync] Found completed alarms:', 0
01-25 09:47:06.978 23426 23504 D DoMinderDebug: AlarmModule: Stored metadata for 1769314624351 - repeatType=none, everyValue=1, multiSelect=false
01-25 09:47:06.978 23426 23504 D DoMinderDebug: AlarmModule: Retrieved 0 snoozed alarms
01-25 09:47:06.978 23426 23503 I ReactNativeJS: [NotificationService] Stored metadata for native alarm 1769314624351
01-25 09:47:06.981 23426 23504 D DoMinderDebug: AlarmModule: Scheduling alarm broadcast for 1769314624351 at 1.76931468E12
01-25 09:47:06.983 23426 23503 I ReactNativeJS: '[AlarmSync] Found snoozed alarms:', 0
01-25 09:47:07.000 23426 23504 D DoMinderDebug: AlarmModule: Successfully scheduled alarm broadcast
01-25 09:47:07.001 23426 23504 D DoMinderDebug: AlarmModule: Retrieved 0 deleted alarms
01-25 09:47:07.041 23426 23503 I ReactNativeJS: [NotificationService] Scheduled native alarm for rem-1769314624351 with priority high
01-25 09:47:07.041 23426 23503 I ReactNativeJS: [ReminderEngine] Successfully scheduled 1769314624351
01-25 09:47:07.041 23426 23503 I ReactNativeJS: '[AlarmSync] Found deleted alarms:', 0
01-25 09:47:10.637 23426 23503 I ReactNativeJS: [AlarmSync] Checking for completed alarms...
01-25 09:47:10.643 23426 23504 D DoMinderDebug: AlarmModule: getAllNativeReminderStates found 1 reminders
01-25 09:47:10.644 23426 23503 I ReactNativeJS: '[AlarmSync] Syncing native states for', 1, 'reminders'
01-25 09:47:10.644 23426 23504 D DoMinderDebug: AlarmModule: Retrieved 0 completed alarms
01-25 09:47:10.644 23426 23503 I ReactNativeJS: '[AlarmSync] Found completed alarms:', 0
01-25 09:47:10.645 23426 23504 D DoMinderDebug: AlarmModule: Retrieved 0 snoozed alarms
01-25 09:47:10.645 23426 23503 I ReactNativeJS: '[AlarmSync] Found snoozed alarms:', 0
01-25 09:47:10.645 23426 23504 D DoMinderDebug: AlarmModule: Retrieved 0 deleted alarms
01-25 09:47:10.645 23426 23503 I ReactNativeJS: '[AlarmSync] Found deleted alarms:', 0
01-25 09:47:10.728 23426 23503 I ReactNativeJS: '[ReminderEngine] Processing reminders, count:', 1
01-25 09:47:24.997 23426 23426 W unknown:BridgelessReact: ReactHost{0}.onHostPause(activity)
01-25 09:47:24.999 23426 23426 W unknown:BridgelessReact: ReactContext.onHostPause()
01-25 09:47:25.054 23426 23496 D Surface : Surface::disconnect
01-25 09:47:25.054 23426 23496 D BufferQueueProducer: [VRI[MainActivity]#0(BLAST Consumer)0](id:5b8200000000,api:1,p:23426,c:23426) disconnect: api 1
01-25 09:47:25.105 23426 23502 I ReactNativeJNI: Memory warning (pressure level: TRIM_MEMORY_UI_HIDDEN) received by JS VM, ignoring because it's non-severe
