--------- beginning of main
11-05 21:48:32.805 31748 31748 I id_reminder_app: Using CollectorTypeCC GC.
11-05 21:48:32.812 31748 31748 E id_reminder_app: Not starting debugger since process cannot load the jdwp agent.
11-05 21:48:32.816 31748 31748 D nativeloader: Load libframework-connectivity-tiramisu-jni.so using APEX ns com_android_tethering for caller /apex/com.android.tethering/javalib/framework-connectivity-t.jar: ok
11-05 21:48:32.834 31748 31748 D CompatibilityChangeReporter: Compat change id reported: 171979766; UID 10883; state: ENABLED
11-05 21:48:32.974 31748 31748 D nativeloader: Configuring clns-4 for other apk /data/app/~~yz-RNcZBGCAXVg1IIqAhYA==/app.rork.dominder_android_reminder_app-5voSrLHd_D4Ef6weZRMgeg==/base.apk. target_sdk_version=35, uses_libraries=, library_path=/data/app/~~yz-RNcZBGCAXVg1IIqAhYA==/app.rork.dominder_android_reminder_app-5voSrLHd_D4Ef6weZRMgeg==/lib/arm64:/data/app/~~yz-RNcZBGCAXVg1IIqAhYA==/app.rork.dominder_android_reminder_app-5voSrLHd_D4Ef6weZRMgeg==/base.apk!/lib/arm64-v8a, permitted_path=/data:/mnt/expand:/data/user/0/app.rork.dominder_android_reminder_app
11-05 21:48:32.987 31748 31748 D nativeloader: Load libframework-connectivity-jni.so using APEX ns com_android_tethering for caller /apex/com.android.tethering/javalib/framework-connectivity.jar: ok
11-05 21:48:32.990 31748 31748 V GraphicsEnvironment: ANGLE Developer option for 'app.rork.dominder_android_reminder_app' set to: 'default'
11-05 21:48:32.990 31748 31748 V GraphicsEnvironment: ANGLE GameManagerService for app.rork.dominder_android_reminder_app: false
11-05 21:48:32.990 31748 31748 V GraphicsEnvironment: Neither updatable production driver nor prerelease driver is supported.
11-05 21:48:32.995 31748 31748 D NetworkSecurityConfig: No Network Security Config specified, using platform default
11-05 21:48:32.996 31748 31748 D NetworkSecurityConfig: No Network Security Config specified, using platform default
11-05 21:48:33.011 31748 31748 D WM-WrkMgrInitializer: Initializing WorkManager with default configuration.
11-05 21:48:33.021 31748 31748 D NOTIFEE : (context): received application context
11-05 21:48:33.025 31748 31748 W SoLoader: Initializing SoLoader: 0
11-05 21:48:33.026 31748 31748 W SoLoader: Recording new base apk path: /data/app/~~yz-RNcZBGCAXVg1IIqAhYA==/app.rork.dominder_android_reminder_app-5voSrLHd_D4Ef6weZRMgeg==/base.apk
11-05 21:48:33.026 31748 31748 W SoLoader: Previously recorded 0 base apk paths.
11-05 21:48:33.027 31748 31748 I SoLoader: Preparing SO source: DirectorySoSource[root = /vendor/lib64 flags = 2]
11-05 21:48:33.027 31748 31748 I SoLoader: Preparing SO source: DirectorySoSource[root = /system/lib64 flags = 2]
11-05 21:48:33.027 31748 31748 I SoLoader: Preparing SO source: DirectApkSoSource[root = [/data/app/~~yz-RNcZBGCAXVg1IIqAhYA==/app.rork.dominder_android_reminder_app-5voSrLHd_D4Ef6weZRMgeg==/base.apk!/lib/arm64-v8a]]
11-05 21:48:33.033 31748 31748 I SoLoader: Preparing SO source: ApplicationSoSource[DirectorySoSource[root = /data/app/~~yz-RNcZBGCAXVg1IIqAhYA==/app.rork.dominder_android_reminder_app-5voSrLHd_D4Ef6weZRMgeg==/lib/arm64 flags = 0]]
11-05 21:48:33.033 31748 31748 I SoLoader: init finish: 4 SO sources prepared
11-05 21:48:33.033 31748 31748 W SoLoader: SoLoader initialized: 8
11-05 21:48:33.060 31748 31774 D CompatibilityChangeReporter: Compat change id reported: 160794467; UID 10883; state: ENABLED
11-05 21:48:33.076 31748 31748 D nativeloader: Load /data/app/~~yz-RNcZBGCAXVg1IIqAhYA==/app.rork.dominder_android_reminder_app-5voSrLHd_D4Ef6weZRMgeg==/base.apk!/lib/arm64-v8a/libc++_shared.so using class loader ns clns-4 (caller=/data/app/~~yz-RNcZBGCAXVg1IIqAhYA==/app.rork.dominder_android_reminder_app-5voSrLHd_D4Ef6weZRMgeg==/base.apk!classes2.dex): ok
11-05 21:48:33.090 31748 31748 D nativeloader: Load /data/app/~~yz-RNcZBGCAXVg1IIqAhYA==/app.rork.dominder_android_reminder_app-5voSrLHd_D4Ef6weZRMgeg==/base.apk!/lib/arm64-v8a/libjsi.so using class loader ns clns-4 (caller=/data/app/~~yz-RNcZBGCAXVg1IIqAhYA==/app.rork.dominder_android_reminder_app-5voSrLHd_D4Ef6weZRMgeg==/base.apk!classes2.dex): ok
11-05 21:48:33.104 31748 31748 D nativeloader: Load /data/app/~~yz-RNcZBGCAXVg1IIqAhYA==/app.rork.dominder_android_reminder_app-5voSrLHd_D4Ef6weZRMgeg==/base.apk!/lib/arm64-v8a/libfbjni.so using class loader ns clns-4 (caller=/data/app/~~yz-RNcZBGCAXVg1IIqAhYA==/app.rork.dominder_android_reminder_app-5voSrLHd_D4Ef6weZRMgeg==/base.apk!classes2.dex): ok
11-05 21:48:33.131 31748 31748 D nativeloader: Load /data/app/~~yz-RNcZBGCAXVg1IIqAhYA==/app.rork.dominder_android_reminder_app-5voSrLHd_D4Ef6weZRMgeg==/base.apk!/lib/arm64-v8a/libreactnative.so using class loader ns clns-4 (caller=/data/app/~~yz-RNcZBGCAXVg1IIqAhYA==/app.rork.dominder_android_reminder_app-5voSrLHd_D4Ef6weZRMgeg==/base.apk!classes2.dex): ok
11-05 21:48:33.132 31748 31748 D jni_lib_merge: Entering merged library JNI_OnLoad.
11-05 21:48:33.133 31748 31748 D jni_lib_merge: Preparing 11 pre-merged libs (including stub)
11-05 21:48:33.133 31748 31748 D jni_lib_merge: Preparing to register libfabricjni_so.  onload_func: 0x7673c1e4c4
11-05 21:48:33.133 31748 31748 D jni_lib_merge: Preparing to register libreact_devsupportjni_so.  onload_func: 0x7673cf0110
11-05 21:48:33.133 31748 31748 D jni_lib_merge: Preparing to register libreact_featureflagsjni_so.  onload_func: 0x7673cf83ac
11-05 21:48:33.133 31748 31748 D jni_lib_merge: Preparing to register libreact_newarchdefaults_so.  onload_func: 0x7673d1c3c8
11-05 21:48:33.133 31748 31748 D jni_lib_merge: Preparing to register libreactnativeblob_so.  onload_func: 0x7673da321c
11-05 21:48:33.133 31748 31748 D jni_lib_merge: Preparing to register libreactnativejni_so.  onload_func: 0x7673dc1204
11-05 21:48:33.133 31748 31748 D jni_lib_merge: Preparing to register librninstance_so.  onload_func: 0x7673dda990
11-05 21:48:33.133 31748 31748 D jni_lib_merge: Preparing to register libturbomodulejsijni_so.  onload_func: 0x7673e5587c
11-05 21:48:33.133 31748 31748 D jni_lib_merge: Preparing to register libuimanagerjni_so.  onload_func: 0x7673e5cd94
11-05 21:48:33.133 31748 31748 D jni_lib_merge: Preparing to register libyoga_so.  onload_func: 0x7673e621e8
11-05 21:48:33.133 31748 31748 D jni_lib_merge: About to register 10 actual methods.
11-05 21:48:33.155 31748 31748 D nativeloader: Load /data/app/~~yz-RNcZBGCAXVg1IIqAhYA==/app.rork.dominder_android_reminder_app-5voSrLHd_D4Ef6weZRMgeg==/base.apk!/lib/arm64-v8a/libreact_codegen_rnscreens.so using class loader ns clns-4 (caller=/data/app/~~yz-RNcZBGCAXVg1IIqAhYA==/app.rork.dominder_android_reminder_app-5voSrLHd_D4Ef6weZRMgeg==/base.apk!classes2.dex): ok
11-05 21:48:33.155 31748 31748 D jni_lib_merge: Entering merged library JNI_OnLoad.
11-05 21:48:33.155 31748 31748 D jni_lib_merge: Preparing 11 pre-merged libs (including stub)
11-05 21:48:33.155 31748 31748 D jni_lib_merge: Preparing to register libfabricjni_so.  onload_func: 0x7673c1e4c4
11-05 21:48:33.155 31748 31748 D jni_lib_merge: Preparing to register libreact_devsupportjni_so.  onload_func: 0x7673cf0110
11-05 21:48:33.155 31748 31748 D jni_lib_merge: Preparing to register libreact_featureflagsjni_so.  onload_func: 0x7673cf83ac
11-05 21:48:33.155 31748 31748 D jni_lib_merge: Preparing to register libreact_newarchdefaults_so.  onload_func: 0x7673d1c3c8
11-05 21:48:33.155 31748 31748 D jni_lib_merge: Preparing to register libreactnativeblob_so.  onload_func: 0x7673da321c
11-05 21:48:33.155 31748 31748 D jni_lib_merge: Preparing to register libreactnativejni_so.  onload_func: 0x7673dc1204
11-05 21:48:33.155 31748 31748 D jni_lib_merge: Preparing to register librninstance_so.  onload_func: 0x7673dda990
11-05 21:48:33.155 31748 31748 D jni_lib_merge: Preparing to register libturbomodulejsijni_so.  onload_func: 0x7673e5587c
11-05 21:48:33.155 31748 31748 D jni_lib_merge: Preparing to register libuimanagerjni_so.  onload_func: 0x7673e5cd94
11-05 21:48:33.155 31748 31748 D jni_lib_merge: Preparing to register libyoga_so.  onload_func: 0x7673e621e8
11-05 21:48:33.155 31748 31748 D jni_lib_merge: About to register 10 actual methods.
11-05 21:48:33.163 31748 31748 D nativeloader: Load /data/app/~~yz-RNcZBGCAXVg1IIqAhYA==/app.rork.dominder_android_reminder_app-5voSrLHd_D4Ef6weZRMgeg==/base.apk!/lib/arm64-v8a/libreact_codegen_rnsvg.so using class loader ns clns-4 (caller=/data/app/~~yz-RNcZBGCAXVg1IIqAhYA==/app.rork.dominder_android_reminder_app-5voSrLHd_D4Ef6weZRMgeg==/base.apk!classes2.dex): ok
11-05 21:48:33.163 31748 31748 D jni_lib_merge: Entering merged library JNI_OnLoad.
11-05 21:48:33.163 31748 31748 D jni_lib_merge: Preparing 11 pre-merged libs (including stub)
11-05 21:48:33.163 31748 31748 D jni_lib_merge: Preparing to register libfabricjni_so.  onload_func: 0x7673c1e4c4
11-05 21:48:33.163 31748 31748 D jni_lib_merge: Preparing to register libreact_devsupportjni_so.  onload_func: 0x7673cf0110
11-05 21:48:33.163 31748 31748 D jni_lib_merge: Preparing to register libreact_featureflagsjni_so.  onload_func: 0x7673cf83ac
11-05 21:48:33.163 31748 31748 D jni_lib_merge: Preparing to register libreact_newarchdefaults_so.  onload_func: 0x7673d1c3c8
11-05 21:48:33.163 31748 31748 D jni_lib_merge: Preparing to register libreactnativeblob_so.  onload_func: 0x7673da321c
11-05 21:48:33.163 31748 31748 D jni_lib_merge: Preparing to register libreactnativejni_so.  onload_func: 0x7673dc1204
11-05 21:48:33.163 31748 31748 D jni_lib_merge: Preparing to register librninstance_so.  onload_func: 0x7673dda990
11-05 21:48:33.163 31748 31748 D jni_lib_merge: Preparing to register libturbomodulejsijni_so.  onload_func: 0x7673e5587c
11-05 21:48:33.163 31748 31748 D jni_lib_merge: Preparing to register libuimanagerjni_so.  onload_func: 0x7673e5cd94
11-05 21:48:33.163 31748 31748 D jni_lib_merge: Preparing to register libyoga_so.  onload_func: 0x7673e621e8
11-05 21:48:33.163 31748 31748 D jni_lib_merge: About to register 10 actual methods.
11-05 21:48:33.170 31748 31748 D nativeloader: Load /data/app/~~yz-RNcZBGCAXVg1IIqAhYA==/app.rork.dominder_android_reminder_app-5voSrLHd_D4Ef6weZRMgeg==/base.apk!/lib/arm64-v8a/libreact_codegen_safeareacontext.so using class loader ns clns-4 (caller=/data/app/~~yz-RNcZBGCAXVg1IIqAhYA==/app.rork.dominder_android_reminder_app-5voSrLHd_D4Ef6weZRMgeg==/base.apk!classes2.dex): ok
11-05 21:48:33.181 31748 31748 D nativeloader: Load /data/app/~~yz-RNcZBGCAXVg1IIqAhYA==/app.rork.dominder_android_reminder_app-5voSrLHd_D4Ef6weZRMgeg==/base.apk!/lib/arm64-v8a/libappmodules.so using class loader ns clns-4 (caller=/data/app/~~yz-RNcZBGCAXVg1IIqAhYA==/app.rork.dominder_android_reminder_app-5voSrLHd_D4Ef6weZRMgeg==/base.apk!classes2.dex): ok
11-05 21:48:33.182 31748 31748 I Typeface: updateThemeFont new=Rookery-Regular;old=sans-serif;new=Rookery-Stacked;old=
11-05 21:48:33.191 31748 31748 D AppCompatDelegate: Checking for metadata for AppLocalesMetadataHolderService : Service not found
11-05 21:48:33.223 31748 31748 W unknown:BridgelessReact: ReactHost{0}.startSurface(surfaceId = 0): Schedule
11-05 21:48:33.223 31748 31748 W unknown:BridgelessReact: ReactHost{0}.attachSurface(surfaceId = 0)
11-05 21:48:33.223 31748 31781 W unknown:BridgelessReact: ReactHost{0}.getOrCreateReactInstanceTask()
11-05 21:48:33.224 31748 31781 W unknown:BridgelessReact: ReactHost{0}.getOrCreateReactInstanceTask(): Start
11-05 21:48:33.224 31748 31781 W unknown:BridgelessReact: ReactHost{0}.getJSBundleLoader()
11-05 21:48:33.224 31748 31781 W unknown:BridgelessReact: ReactHost{0}.getOrCreateReactContext(): Creating BridgelessReactContext
11-05 21:48:33.224 31748 31781 W unknown:BridgelessReact: ReactHost{0}.getOrCreateReactInstanceTask(): Creating ReactInstance
11-05 21:48:33.227 31748 31748 W unknown:BridgelessReact: ReactHost{0}.onHostResume(activity)
11-05 21:48:33.227 31748 31748 W unknown:BridgelessReact: ReactContext.onHostResume()
--------- beginning of system
11-05 21:48:33.236 31748 31748 D ViewRootImpl: update {(0,0)(fillxfill) sim={adjust=resize forwardNavigation} ty=BASE_APPLICATION wanim=0x10302fd
11-05 21:48:33.236 31748 31748 D ViewRootImpl:   fl=LAYOUT_IN_SCREEN LAYOUT_INSET_DECOR SPLIT_TOUCH HARDWARE_ACCELERATED DRAWS_SYSTEM_BAR_BACKGROUNDS
11-05 21:48:33.236 31748 31748 D ViewRootImpl:   pfl=NO_MOVE_ANIMATION FORCE_DRAW_STATUS_BAR_BACKGROUND FIT_INSETS_CONTROLLED
11-05 21:48:33.236 31748 31748 D ViewRootImpl:   bhv=DEFAULT
11-05 21:48:33.236 31748 31748 D ViewRootImpl:   fitSides=} by setView
11-05 21:48:33.245 31748 31781 D nativeloader: Load /data/app/~~yz-RNcZBGCAXVg1IIqAhYA==/app.rork.dominder_android_reminder_app-5voSrLHd_D4Ef6weZRMgeg==/base.apk!/lib/arm64-v8a/libhermes.so using class loader ns clns-4 (caller=/data/app/~~yz-RNcZBGCAXVg1IIqAhYA==/app.rork.dominder_android_reminder_app-5voSrLHd_D4Ef6weZRMgeg==/base.apk!classes2.dex): ok
11-05 21:48:33.248 31748 31781 D nativeloader: Load /data/app/~~yz-RNcZBGCAXVg1IIqAhYA==/app.rork.dominder_android_reminder_app-5voSrLHd_D4Ef6weZRMgeg==/base.apk!/lib/arm64-v8a/libhermestooling.so using class loader ns clns-4 (caller=/data/app/~~yz-RNcZBGCAXVg1IIqAhYA==/app.rork.dominder_android_reminder_app-5voSrLHd_D4Ef6weZRMgeg==/base.apk!classes2.dex): ok
11-05 21:48:33.248 31748 31781 D jni_lib_merge: Entering merged library JNI_OnLoad.
11-05 21:48:33.248 31748 31781 D jni_lib_merge: Preparing 4 pre-merged libs (including stub)
11-05 21:48:33.248 31748 31781 D jni_lib_merge: Preparing to register libhermes_executor_so.  onload_func: 0x76f401811c
11-05 21:48:33.248 31748 31781 D jni_lib_merge: Preparing to register libhermesinstancejni_so.  onload_func: 0x76f401fa58
11-05 21:48:33.248 31748 31781 D jni_lib_merge: Preparing to register libjsijniprofiler_so.  onload_func: 0x76f4020114
11-05 21:48:33.248 31748 31781 D jni_lib_merge: About to register 3 actual methods.
11-05 21:48:33.284 31748 31776 I AdrenoGLES-0: QUALCOMM build                   : 43fc279f3a, I58833f8ed4
11-05 21:48:33.284 31748 31776 I AdrenoGLES-0: Build Date                       : 03/24/23
11-05 21:48:33.284 31748 31776 I AdrenoGLES-0: OpenGL ES Shader Compiler Version: EV031.32.02.17
11-05 21:48:33.284 31748 31776 I AdrenoGLES-0: Local Branch                     : 
11-05 21:48:33.284 31748 31776 I AdrenoGLES-0: Remote Branch                    : 
11-05 21:48:33.284 31748 31776 I AdrenoGLES-0: Remote Branch                    : 
11-05 21:48:33.284 31748 31776 I AdrenoGLES-0: Reconstruct Branch               : 
11-05 21:48:33.284 31748 31776 I AdrenoGLES-0: Build Config                     : S P 10.0.7 AArch64
11-05 21:48:33.284 31748 31776 I AdrenoGLES-0: Driver Path                      : /vendor/lib64/egl/libGLESv2_adreno.so
11-05 21:48:33.293 31748 31776 I AdrenoGLES-0: PFP: 0x016ee197, ME: 0x00000000
11-05 21:48:33.321 31748 31776 I OpenGLRenderer: setGrContext nullptr-->validptr
11-05 21:48:33.330 31748 31776 E OpenGLRenderer: Unable to match the desired swap behavior.
11-05 21:48:33.545 31748 31781 I ExpoModulesCore:  AppContext was initialized
11-05 21:48:33.553 31748 31781 W ReactNativeJNI: Component property map contains multiple entries for 'borderColor'. Ensure all calls to convertRawProp use a consistent prefix, name and suffix.
11-05 21:48:33.553 31748 31781 W ReactNativeJNI: Component property map contains multiple entries for 'borderStyle'. Ensure all calls to convertRawProp use a consistent prefix, name and suffix.
11-05 21:48:33.553 31748 31781 W ReactNativeJNI: Component property map contains multiple entries for 'borderRadius'. Ensure all calls to convertRawProp use a consistent prefix, name and suffix.
11-05 21:48:33.553 31748 31781 W ReactNativeJNI: Component property map contains multiple entries for 'borderEndColor'. Ensure all calls to convertRawProp use a consistent prefix, name and suffix.
11-05 21:48:33.553 31748 31781 W ReactNativeJNI: Component property map contains multiple entries for 'borderTopColor'. Ensure all calls to convertRawProp use a consistent prefix, name and suffix.
11-05 21:48:33.553 31748 31781 W ReactNativeJNI: Component property map contains multiple entries for 'borderLeftColor'. Ensure all calls to convertRawProp use a consistent prefix, name and suffix.
11-05 21:48:33.553 31748 31781 W ReactNativeJNI: Component property map contains multiple entries for 'borderBlockColor'. Ensure all calls to convertRawProp use a consistent prefix, name and suffix.
11-05 21:48:33.553 31748 31781 W ReactNativeJNI: Component property map contains multiple entries for 'borderRightColor'. Ensure all calls to convertRawProp use a consistent prefix, name and suffix.
11-05 21:48:33.553 31748 31781 W ReactNativeJNI: Component property map contains multiple entries for 'borderStartColor'. Ensure all calls to convertRawProp use a consistent prefix, name and suffix.
11-05 21:48:33.553 31748 31781 W ReactNativeJNI: Component property map contains multiple entries for 'borderBottomColor'. Ensure all calls to convertRawProp use a consistent prefix, name and suffix.
11-05 21:48:33.553 31748 31781 W ReactNativeJNI: Component property map contains multiple entries for 'borderEndEndRadius'. Ensure all calls to convertRawProp use a consistent prefix, name and suffix.
11-05 21:48:33.553 31748 31781 W ReactNativeJNI: Component property map contains multiple entries for 'borderTopEndRadius'. Ensure all calls to convertRawProp use a consistent prefix, name and suffix.
11-05 21:48:33.553 31748 31781 W ReactNativeJNI: Component property map contains multiple entries for 'borderBlockEndColor'. Ensure all calls to convertRawProp use a consistent prefix, name and suffix.
11-05 21:48:33.553 31748 31781 W ReactNativeJNI: Component property map contains multiple entries for 'borderTopLeftRadius'. Ensure all calls to convertRawProp use a consistent prefix, name and suffix.
11-05 21:48:33.553 31748 31781 W ReactNativeJNI: Component property map contains multiple entries for 'borderEndStartRadius'. Ensure all calls to convertRawProp use a consistent prefix, name and suffix.
11-05 21:48:33.553 31748 31781 W ReactNativeJNI: Component property map contains multiple entries for 'borderStartEndRadius'. Ensure all calls to convertRawProp use a consistent prefix, name and suffix.
11-05 21:48:33.554 31748 31781 W ReactNativeJNI: Component property map contains multiple entries for 'borderTopRightRadius'. Ensure all calls to convertRawProp use a consistent prefix, name and suffix.
11-05 21:48:33.554 31748 31781 W ReactNativeJNI: Component property map contains multiple entries for 'borderTopStartRadius'. Ensure all calls to convertRawProp use a consistent prefix, name and suffix.
11-05 21:48:33.554 31748 31781 W ReactNativeJNI: Component property map contains multiple entries for 'borderBlockStartColor'. Ensure all calls to convertRawProp use a consistent prefix, name and suffix.
11-05 21:48:33.554 31748 31781 W ReactNativeJNI: Component property map contains multiple entries for 'borderBottomEndRadius'. Ensure all calls to convertRawProp use a consistent prefix, name and suffix.
11-05 21:48:33.554 31748 31781 W ReactNativeJNI: Component property map contains multiple entries for 'borderBottomLeftRadius'. Ensure all calls to convertRawProp use a consistent prefix, name and suffix.
11-05 21:48:33.554 31748 31781 W ReactNativeJNI: Component property map contains multiple entries for 'borderStartStartRadius'. Ensure all calls to convertRawProp use a consistent prefix, name and suffix.
11-05 21:48:33.554 31748 31781 W ReactNativeJNI: Component property map contains multiple entries for 'borderBottomRightRadius'. Ensure all calls to convertRawProp use a consistent prefix, name and suffix.
11-05 21:48:33.554 31748 31781 W ReactNativeJNI: Component property map contains multiple entries for 'borderBottomStartRadius'. Ensure all calls to convertRawProp use a consistent prefix, name and suffix.
11-05 21:48:33.597 31748 31781 W ReactNativeJNI: Component property map contains multiple entries for 'borderColor'. Ensure all calls to convertRawProp use a consistent prefix, name and suffix.
11-05 21:48:33.597 31748 31781 W ReactNativeJNI: Component property map contains multiple entries for 'borderStyle'. Ensure all calls to convertRawProp use a consistent prefix, name and suffix.
11-05 21:48:33.605 31748 31781 W unknown:BridgelessReact: ReactHost{0}.getOrCreateReactInstanceTask(): Loading JS Bundle
11-05 21:48:33.610 31748 31781 W unknown:BridgelessReact: ReactHost{0}.getOrCreateReactInstanceTask(): Calling DevSupportManagerBase.onNewReactContextCreated(reactContext)
11-05 21:48:33.610 31748 31781 W unknown:BridgelessReact: ReactHost{0}.startSurface(surfaceId = 0): Execute
11-05 21:48:33.612 31748 31748 W unknown:BridgelessReact: ReactContext.onHostResume()
11-05 21:48:33.612 31748 31748 W unknown:BridgelessReact: ReactHost{0}.getOrCreateReactInstanceTask(): Executing ReactInstanceEventListeners
11-05 21:48:33.664 31748 31782 D nativeloader: Load /data/app/~~yz-RNcZBGCAXVg1IIqAhYA==/app.rork.dominder_android_reminder_app-5voSrLHd_D4Ef6weZRMgeg==/base.apk!/lib/arm64-v8a/libexpo-modules-core.so using class loader ns clns-4 (caller=/data/app/~~yz-RNcZBGCAXVg1IIqAhYA==/app.rork.dominder_android_reminder_app-5voSrLHd_D4Ef6weZRMgeg==/base.apk!classes2.dex): ok
11-05 21:48:33.678 31748 31782 D CompatibilityChangeReporter: Compat change id reported: 210923482; UID 10883; state: ENABLED
11-05 21:48:33.686 31748 31782 W unknown:ViewManagerPropertyUpdater: Could not find generated setter for class com.th3rdwave.safeareacontext.SafeAreaProviderManager
11-05 21:48:33.689 31748 31782 W unknown:ViewManagerPropertyUpdater: Could not find generated setter for class com.facebook.react.uimanager.LayoutShadowNode
11-05 21:48:33.691 31748 31782 W unknown:ViewManagerPropertyUpdater: Could not find generated setter for class com.swmansion.rnscreens.SearchBarManager
11-05 21:48:33.692 31748 31782 W unknown:ViewManagerPropertyUpdater: Could not find generated setter for class com.swmansion.rnscreens.ScreenFooterManager
11-05 21:48:33.693 31748 31782 W unknown:ViewManagerPropertyUpdater: Could not find generated setter for class expo.modules.kotlin.views.GroupViewManagerWrapper
11-05 21:48:33.694 31748 31782 W unknown:ViewManagerPropertyUpdater: Could not find generated setter for class com.swmansion.rnscreens.ScreenContainerViewManager
11-05 21:48:33.696 31748 31782 W unknown:ViewManagerPropertyUpdater: Could not find generated setter for class com.swmansion.rnscreens.ModalScreenViewManager
11-05 21:48:33.698 31748 31782 W unknown:ViewManagerPropertyUpdater: Could not find generated setter for class com.swmansion.rnscreens.ScreenStackHeaderConfigViewManager
11-05 21:48:33.699 31748 31782 W unknown:ViewManagerPropertyUpdater: Could not find generated setter for class com.swmansion.rnscreens.ScreenContentWrapperManager
11-05 21:48:33.703 31748 31782 W unknown:ViewManagerPropertyUpdater: Could not find generated setter for class com.th3rdwave.safeareacontext.SafeAreaViewManager
11-05 21:48:33.704 31748 31782 W unknown:ViewManagerPropertyUpdater: Could not find generated setter for class com.th3rdwave.safeareacontext.SafeAreaViewShadowNode
11-05 21:48:33.705 31748 31782 W unknown:ViewManagerPropertyUpdater: Could not find generated setter for class com.shopify.reactnative.flash_list.AutoLayoutViewManager
11-05 21:48:33.706 31748 31782 W unknown:ViewManagerPropertyUpdater: Could not find generated setter for class com.shopify.reactnative.flash_list.CellContainerManager
11-05 21:48:33.706 31748 31782 W unknown:ViewManagerPropertyUpdater: Could not find generated setter for class com.swmansion.rnscreens.ScreenViewManager
11-05 21:48:33.706 31748 31782 W unknown:ViewManagerPropertyUpdater: Could not find generated setter for class expo.modules.kotlin.views.SimpleViewManagerWrapper
11-05 21:48:33.708 31748 31782 W unknown:ViewManagerPropertyUpdater: Could not find generated setter for class com.swmansion.rnscreens.ScreenStackHeaderSubviewManager
11-05 21:48:33.709 31748 31782 W unknown:ViewManagerPropertyUpdater: Could not find generated setter for class com.swmansion.rnscreens.ScreenStackViewManager
11-05 21:48:33.745 31748 31782 W unknown:ViewManagerPropertyUpdater: Could not find generated setter for class com.horcrux.svg.RenderableViewManager$DefsViewManager
11-05 21:48:33.746 31748 31782 W unknown:ViewManagerPropertyUpdater: Could not find generated setter for class com.horcrux.svg.VirtualViewManager$RenderableShadowNode
11-05 21:48:33.749 31748 31782 W unknown:ViewManagerPropertyUpdater: Could not find generated setter for class com.horcrux.svg.RenderableViewManager$FeMergeManager
11-05 21:48:33.752 31748 31782 W unknown:ViewManagerPropertyUpdater: Could not find generated setter for class com.facebook.react.views.safeareaview.ReactSafeAreaViewManager
11-05 21:48:33.752 31748 31782 W unknown:ViewManagerPropertyUpdater: Could not find generated setter for class com.facebook.react.views.safeareaview.ReactSafeAreaViewShadowNode
11-05 21:48:33.754 31748 31782 W unknown:ViewManagerPropertyUpdater: Could not find generated setter for class com.horcrux.svg.RenderableViewManager$LinearGradientManager
11-05 21:48:33.757 31748 31782 W unknown:ViewManagerPropertyUpdater: Could not find generated setter for class com.horcrux.svg.RenderableViewManager$FeGaussianBlurManager
11-05 21:48:33.759 31748 31782 W unknown:ViewManagerPropertyUpdater: Could not find generated setter for class com.facebook.react.views.progressbar.ReactProgressBarViewManager
11-05 21:48:33.760 31748 31782 W unknown:ViewManagerPropertyUpdater: Could not find generated setter for class com.facebook.react.views.progressbar.ProgressBarShadowNode
11-05 21:48:33.762 31748 31782 W unknown:ViewManagerPropertyUpdater: Could not find generated setter for class com.facebook.react.views.scroll.ReactHorizontalScrollViewManager
11-05 21:48:33.765 31748 31782 W unknown:ViewManagerPropertyUpdater: Could not find generated setter for class com.facebook.react.views.text.ReactTextViewManager
11-05 21:48:33.766 31748 31782 W unknown:ViewManagerPropertyUpdater: Could not find generated setter for class com.facebook.react.views.text.ReactTextShadowNode
11-05 21:48:33.770 31748 31782 W unknown:ViewManagerPropertyUpdater: Could not find generated setter for class com.horcrux.svg.RenderableViewManager$FeColorMatrixManager
11-05 21:48:33.772 31748 31782 W unknown:ViewManagerPropertyUpdater: Could not find generated setter for class com.facebook.react.views.scroll.ReactHorizontalScrollContainerViewManager
11-05 21:48:33.774 31748 31782 W unknown:ViewManagerPropertyUpdater: Could not find generated setter for class com.horcrux.svg.RenderableViewManager$ClipPathViewManager
11-05 21:48:33.778 31748 31782 W unknown:ViewManagerPropertyUpdater: Could not find generated setter for class com.horcrux.svg.RenderableViewManager$SymbolManager
11-05 21:48:33.781 31748 31782 W unknown:ViewManagerPropertyUpdater: Could not find generated setter for class com.horcrux.svg.RenderableViewManager$PatternManager
11-05 21:48:33.785 31748 31782 W unknown:ViewManagerPropertyUpdater: Could not find generated setter for class com.horcrux.svg.RenderableViewManager$FeBlendManager
11-05 21:48:33.787 31748 31782 W unknown:ViewManagerPropertyUpdater: Could not find generated setter for class com.facebook.react.views.view.ReactViewManager
11-05 21:48:33.789 31748 31782 W unknown:ViewManagerPropertyUpdater: Could not find generated setter for class com.horcrux.svg.SvgViewManager
11-05 21:48:33.792 31748 31782 W unknown:ViewManagerPropertyUpdater: Could not find generated setter for class com.facebook.react.views.switchview.ReactSwitchManager
11-05 21:48:33.793 31748 31782 W unknown:ViewManagerPropertyUpdater: Could not find generated setter for class com.facebook.react.views.switchview.ReactSwitchShadowNode
11-05 21:48:33.795 31748 31782 W unknown:ViewManagerPropertyUpdater: Could not find generated setter for class com.horcrux.svg.RenderableViewManager$UseViewManager
11-05 21:48:33.798 31748 31782 W unknown:ViewManagerPropertyUpdater: Could not find generated setter for class com.horcrux.svg.RenderableViewManager$CircleViewManager
11-05 21:48:33.801 31748 31782 W unknown:ViewManagerPropertyUpdater: Could not find generated setter for class com.horcrux.svg.RenderableViewManager$TSpanViewManager
11-05 21:48:33.805 31748 31782 W unknown:ViewManagerPropertyUpdater: Could not find generated setter for class com.horcrux.svg.RenderableViewManager$FilterManager
11-05 21:48:33.807 31748 31782 W unknown:ViewManagerPropertyUpdater: Could not find generated setter for class com.horcrux.svg.RenderableViewManager$MarkerManager
11-05 21:48:33.811 31748 31782 W unknown:ViewManagerPropertyUpdater: Could not find generated setter for class com.swmansion.gesturehandler.react.RNGestureHandlerButtonViewManager
11-05 21:48:33.813 31748 31782 W unknown:ViewManagerPropertyUpdater: Could not find generated setter for class com.facebook.react.views.modal.ReactModalHostManager
11-05 21:48:33.816 31748 31782 W unknown:ViewManagerPropertyUpdater: Could not find generated setter for class com.horcrux.svg.RenderableViewManager$ForeignObjectManager
11-05 21:48:33.820 31748 31782 W unknown:ViewManagerPropertyUpdater: Could not find generated setter for class com.horcrux.svg.RenderableViewManager$EllipseViewManager
11-05 21:48:33.823 31748 31782 W unknown:ViewManagerPropertyUpdater: Could not find generated setter for class com.horcrux.svg.RenderableViewManager$LineViewManager
11-05 21:48:33.826 31748 31782 W unknown:ViewManagerPropertyUpdater: Could not find generated setter for class com.facebook.react.views.text.frescosupport.FrescoBasedReactTextInlineImageViewManager
11-05 21:48:33.826 31748 31782 W unknown:ViewManagerPropertyUpdater: Could not find generated setter for class com.facebook.react.views.text.frescosupport.FrescoBasedReactTextInlineImageShadowNode
11-05 21:48:33.828 31748 31782 W unknown:ViewManagerPropertyUpdater: Could not find generated setter for class com.horcrux.svg.RenderableViewManager$FeFloodManager
11-05 21:48:33.830 31748 31782 W unknown:ViewManagerPropertyUpdater: Could not find generated setter for class com.horcrux.svg.RenderableViewManager$GroupViewManager
11-05 21:48:33.833 31748 31782 W unknown:ViewManagerPropertyUpdater: Could not find generated setter for class com.horcrux.svg.RenderableViewManager$TextViewManager
11-05 21:48:33.836 31748 31782 W unknown:ViewManagerPropertyUpdater: Could not find generated setter for class com.horcrux.svg.RenderableViewManager$ImageViewManager
11-05 21:48:33.839 31748 31782 W unknown:ViewManagerPropertyUpdater: Could not find generated setter for class com.horcrux.svg.RenderableViewManager$FeCompositeManager
11-05 21:48:33.841 31748 31782 W unknown:ViewManagerPropertyUpdater: Could not find generated setter for class com.facebook.react.views.image.ReactImageManager
11-05 21:48:33.844 31748 31782 W unknown:ViewManagerPropertyUpdater: Could not find generated setter for class com.horcrux.svg.RenderableViewManager$RadialGradientManager
11-05 21:48:33.846 31748 31782 W unknown:ViewManagerPropertyUpdater: Could not find generated setter for class com.horcrux.svg.RenderableViewManager$MaskManager
11-05 21:48:33.849 31748 31782 W unknown:ViewManagerPropertyUpdater: Could not find generated setter for class com.facebook.react.views.unimplementedview.ReactUnimplementedViewManager
11-05 21:48:33.851 31748 31782 W unknown:ViewManagerPropertyUpdater: Could not find generated setter for class com.horcrux.svg.RenderableViewManager$RectViewManager
11-05 21:48:33.854 31748 31782 W unknown:ViewManagerPropertyUpdater: Could not find generated setter for class com.horcrux.svg.RenderableViewManager$TextPathViewManager
11-05 21:48:33.858 31748 31782 W unknown:ViewManagerPropertyUpdater: Could not find generated setter for class com.facebook.react.views.scroll.ReactScrollViewManager
11-05 21:48:33.861 31748 31782 W unknown:ViewManagerPropertyUpdater: Could not find generated setter for class com.horcrux.svg.RenderableViewManager$FeOffsetManager
11-05 21:48:33.864 31748 31782 W unknown:ViewManagerPropertyUpdater: Could not find generated setter for class com.horcrux.svg.RenderableViewManager$PathViewManager
11-05 21:48:33.867 31748 31782 W unknown:ViewManagerPropertyUpdater: Could not find generated setter for class com.facebook.react.views.drawer.ReactDrawerLayoutManager
11-05 21:48:33.870 31748 31782 W unknown:ViewManagerPropertyUpdater: Could not find generated setter for class com.facebook.react.views.text.ReactVirtualTextViewManager
11-05 21:48:33.870 31748 31782 W unknown:ViewManagerPropertyUpdater: Could not find generated setter for class com.facebook.react.views.text.ReactVirtualTextShadowNode
11-05 21:48:33.872 31748 31782 W unknown:ViewManagerPropertyUpdater: Could not find generated setter for class com.facebook.react.views.swiperefresh.SwipeRefreshLayoutManager
11-05 21:48:33.875 31748 31782 W unknown:ViewManagerPropertyUpdater: Could not find generated setter for class com.facebook.react.views.text.ReactRawTextManager
11-05 21:48:33.875 31748 31782 W unknown:ViewManagerPropertyUpdater: Could not find generated setter for class com.facebook.react.views.text.ReactRawTextShadowNode
11-05 21:48:33.876 31748 31782 W unknown:ViewManagerPropertyUpdater: Could not find generated setter for class com.facebook.react.views.textinput.ReactTextInputManager
11-05 21:48:33.878 31748 31782 W unknown:ViewManagerPropertyUpdater: Could not find generated setter for class com.facebook.react.views.textinput.ReactTextInputShadowNode
11-05 21:48:33.881 31748 31782 W unknown:ViewManagerPropertyUpdater: Could not find generated setter for class com.swmansion.gesturehandler.react.RNGestureHandlerRootViewManager
11-05 21:48:33.891 31748 31782 W BridgelessReactContext: [WARNING] Bridgeless doesn't support CatalystInstance. Accessing an API that's not part of the new architecture is not encouraged usage.
11-05 21:48:33.898 31748 31782 I ExpoModulesCore:  JSI interop was installed
11-05 21:48:33.914 31748 31782 I ExpoModulesCore:  Constants were exported
11-05 21:48:33.941 31748 31782 D nativeloader: Load /data/app/~~yz-RNcZBGCAXVg1IIqAhYA==/app.rork.dominder_android_reminder_app-5voSrLHd_D4Ef6weZRMgeg==/base.apk!/lib/arm64-v8a/libworklets.so using class loader ns clns-4 (caller=/data/app/~~yz-RNcZBGCAXVg1IIqAhYA==/app.rork.dominder_android_reminder_app-5voSrLHd_D4Ef6weZRMgeg==/base.apk!classes2.dex): ok
11-05 21:48:34.006 31748 31782 D nativeloader: Load /data/app/~~yz-RNcZBGCAXVg1IIqAhYA==/app.rork.dominder_android_reminder_app-5voSrLHd_D4Ef6weZRMgeg==/base.apk!/lib/arm64-v8a/libreanimated.so using class loader ns clns-4 (caller=/data/app/~~yz-RNcZBGCAXVg1IIqAhYA==/app.rork.dominder_android_reminder_app-5voSrLHd_D4Ef6weZRMgeg==/base.apk!classes2.dex): ok
11-05 21:48:34.226 31748 31782 D nativeloader: Load /data/app/~~yz-RNcZBGCAXVg1IIqAhYA==/app.rork.dominder_android_reminder_app-5voSrLHd_D4Ef6weZRMgeg==/base.apk!/lib/arm64-v8a/librnscreens.so using class loader ns clns-4 (caller=/data/app/~~yz-RNcZBGCAXVg1IIqAhYA==/app.rork.dominder_android_reminder_app-5voSrLHd_D4Ef6weZRMgeg==/base.apk!classes3.dex): ok
11-05 21:48:34.244 31748 31782 I ReactNativeJS: '[NotificationService] AlarmModule availability:', 'Available'
11-05 21:48:34.244 31748 31782 I ReactNativeJS: '[NotificationService] AlarmModule methods:', [ 'scheduleAlarm' ]
11-05 21:48:34.245 31748 31782 I ReactNativeJS: Running "main"
11-05 21:48:34.323 31748 31782 I ReactNativeJS: [useAlarmListeners] Setting up native alarm event listeners...
11-05 21:48:34.323 31748 31782 I ReactNativeJS: [AlarmSync] Hook initialized
11-05 21:48:34.323 31748 31782 I ReactNativeJS: [AlarmSync] Checking for completed alarms...
11-05 21:48:34.324 31748 31782 I ReactNativeJS: [RootLayout] Setting up notification handlers
11-05 21:48:34.325 31748 31783 D DoMinderDebug: AlarmModule: Retrieved 0 completed alarms
11-05 21:48:34.325 31748 31782 I ReactNativeJS: [Dominder-Debug] Ensuring base notification channels
11-05 21:48:34.325 31748 31782 I ReactNativeJS: '[Dominder-Debug] Creating channel:', '{"id":"standard-v2","name":"Standard Notifications","importance":4,"sound":"default","vibration":true}'
11-05 21:48:34.327 31748 31748 D VRI[MainActivity]: update {(0,0)(fillxfill) sim={adjust=resize forwardNavigation} ty=BASE_APPLICATION wanim=0x10302fd
11-05 21:48:34.327 31748 31748 D VRI[MainActivity]:   fl=LAYOUT_IN_SCREEN LAYOUT_INSET_DECOR SPLIT_TOUCH HARDWARE_ACCELERATED DRAWS_SYSTEM_BAR_BACKGROUNDS
11-05 21:48:34.327 31748 31748 D VRI[MainActivity]:   pfl=NO_MOVE_ANIMATION FORCE_DRAW_STATUS_BAR_BACKGROUND FIT_INSETS_CONTROLLED
11-05 21:48:34.327 31748 31748 D VRI[MainActivity]:   bhv=DEFAULT
11-05 21:48:34.327 31748 31748 D VRI[MainActivity]:   fitSides=} by setLayoutParams
11-05 21:48:34.330 31748 31748 D VRI[MainActivity]: update {(0,0)(fillxfill) sim={adjust=resize forwardNavigation} ty=BASE_APPLICATION wanim=0x10302fd
11-05 21:48:34.330 31748 31748 D VRI[MainActivity]:   fl=LAYOUT_IN_SCREEN FORCE_NOT_FULLSCREEN LAYOUT_INSET_DECOR SPLIT_TOUCH HARDWARE_ACCELERATED DRAWS_SYSTEM_BAR_BACKGROUNDS
11-05 21:48:34.330 31748 31748 D VRI[MainActivity]:   pfl=NO_MOVE_ANIMATION FORCE_DRAW_STATUS_BAR_BACKGROUND FIT_INSETS_CONTROLLED
11-05 21:48:34.330 31748 31748 D VRI[MainActivity]:   bhv=DEFAULT
11-05 21:48:34.330 31748 31748 D VRI[MainActivity]:   fitSides=} by setLayoutParams
11-05 21:48:34.330 31748 31782 I ReactNativeJS: '[AlarmSync] Found completed alarms:', 0
11-05 21:48:34.330 31748 31782 I ReactNativeJS: '[RootLayout] Initial notification:', null
11-05 21:48:34.331 31748 31783 D DoMinderDebug: AlarmModule: Retrieved 0 snoozed alarms
11-05 21:48:34.331 31748 31748 D VRI[MainActivity]: update {(0,0)(fillxfill) sim={adjust=resize forwardNavigation} ty=BASE_APPLICATION wanim=0x10302fd
11-05 21:48:34.331 31748 31748 D VRI[MainActivity]:   fl=LAYOUT_IN_SCREEN FORCE_NOT_FULLSCREEN LAYOUT_INSET_DECOR SPLIT_TOUCH HARDWARE_ACCELERATED DRAWS_SYSTEM_BAR_BACKGROUNDS
11-05 21:48:34.331 31748 31748 D VRI[MainActivity]:   pfl=NO_MOVE_ANIMATION FORCE_DRAW_STATUS_BAR_BACKGROUND FIT_INSETS_CONTROLLED
11-05 21:48:34.331 31748 31748 D VRI[MainActivity]:   bhv=DEFAULT
11-05 21:48:34.331 31748 31748 D VRI[MainActivity]:   fitSides=} by setLayoutParams
11-05 21:48:34.333 31748 31782 I ReactNativeJS: '[AlarmSync] Found snoozed alarms:', 0
11-05 21:48:34.333 31748 31782 I ReactNativeJS: [AlarmSync] App became active, syncing...
11-05 21:48:34.333 31748 31782 I ReactNativeJS: [AlarmSync] Checking for completed alarms...
11-05 21:48:34.333 31748 31783 D DoMinderDebug: AlarmModule: Retrieved 0 completed alarms
11-05 21:48:34.334 31748 31782 I ReactNativeJS: '[AlarmSync] Found completed alarms:', 0
11-05 21:48:34.334 31748 31783 D DoMinderDebug: AlarmModule: Retrieved 0 snoozed alarms
11-05 21:48:34.334 31748 31782 I ReactNativeJS: '[Dominder-Debug] Creating channel:', '{"id":"silent-v2","name":"Silent Notifications","importance":2,"vibration":false}'
11-05 21:48:34.335 31748 31782 I ReactNativeJS: '[AlarmSync] Found snoozed alarms:', 0
11-05 21:48:34.336 31748 31782 I ReactNativeJS: '[Dominder-Debug] Creating channel:', '{"id":"alarm-v2","name":"Alarms","importance":4,"sound":"default","vibration":true,"bypassDnd":true}'
11-05 21:48:34.341 31748 31782 I ReactNativeJS: [Dominder-Debug] Base channels ensured
11-05 21:48:34.375 31748 31748 W [RNScreens]: backTitleVisible prop is not available on Android
11-05 21:48:34.375 31748 31748 W [RNScreens]: backTitleFontFamily prop is not available on Android
11-05 21:48:34.375 31748 31748 W [RNScreens]: disableBackButtonMenu prop is not available on Android
11-05 21:48:34.376 31748 31748 W [RNScreens]: largeTitleFontFamily prop is not available on Android
11-05 21:48:34.376 31748 31748 W [RNScreens]: largeTitleFontWeight prop is not available on Android
11-05 21:48:34.376 31748 31748 W [RNScreens]: largeTitleHideShadow prop is not available on Android
11-05 21:48:34.395 31748 31782 I ReactNativeJS: '[ReminderEngine] Processing reminders, count:', 0
11-05 21:48:34.416 31748 31782 I ReactNativeJS: '[ReminderEngine] Processing reminders, count:', 0
11-05 21:48:34.426 31748 31782 D nativeloader: Load /data/app/~~yz-RNcZBGCAXVg1IIqAhYA==/app.rork.dominder_android_reminder_app-5voSrLHd_D4Ef6weZRMgeg==/base.apk!/lib/arm64-v8a/libgesturehandler.so using class loader ns clns-4 (caller=/data/app/~~yz-RNcZBGCAXVg1IIqAhYA==/app.rork.dominder_android_reminder_app-5voSrLHd_D4Ef6weZRMgeg==/base.apk!classes2.dex): ok
11-05 21:48:34.426 31748 31782 D jni_lib_merge: Entering merged library JNI_OnLoad.
11-05 21:48:34.426 31748 31782 D jni_lib_merge: Preparing 11 pre-merged libs (including stub)
11-05 21:48:34.426 31748 31782 D jni_lib_merge: Preparing to register libfabricjni_so.  onload_func: 0x7673c1e4c4
11-05 21:48:34.426 31748 31782 D jni_lib_merge: Preparing to register libreact_devsupportjni_so.  onload_func: 0x7673cf0110
11-05 21:48:34.426 31748 31782 D jni_lib_merge: Preparing to register libreact_featureflagsjni_so.  onload_func: 0x7673cf83ac
11-05 21:48:34.426 31748 31782 D jni_lib_merge: Preparing to register libreact_newarchdefaults_so.  onload_func: 0x7673d1c3c8
11-05 21:48:34.426 31748 31782 D jni_lib_merge: Preparing to register libreactnativeblob_so.  onload_func: 0x7673da321c
11-05 21:48:34.426 31748 31782 D jni_lib_merge: Preparing to register libreactnativejni_so.  onload_func: 0x7673dc1204
11-05 21:48:34.426 31748 31782 D jni_lib_merge: Preparing to register librninstance_so.  onload_func: 0x7673dda990
11-05 21:48:34.426 31748 31782 D jni_lib_merge: Preparing to register libturbomodulejsijni_so.  onload_func: 0x7673e5587c
11-05 21:48:34.426 31748 31782 D jni_lib_merge: Preparing to register libuimanagerjni_so.  onload_func: 0x7673e5cd94
11-05 21:48:34.426 31748 31782 D jni_lib_merge: Preparing to register libyoga_so.  onload_func: 0x7673e621e8
11-05 21:48:34.426 31748 31782 D jni_lib_merge: About to register 10 actual methods.
11-05 21:48:34.426 31748 31748 I ReactNative: [GESTURE HANDLER] Initialize gesture handler for root view com.facebook.react.runtime.ReactSurfaceView{e2b9878 V.E...... ......ID 0,0-1080,2295 #b}
11-05 21:48:34.474 31748 31776 W Parcel  : Expecting binder but got null!
11-05 21:48:34.476 31748 31748 D VRI[MainActivity]: update {(0,0)(fillxfill) sim={adjust=resize forwardNavigation} ty=BASE_APPLICATION wanim=0x10302fd
11-05 21:48:34.476 31748 31748 D VRI[MainActivity]:   fl=LAYOUT_IN_SCREEN FORCE_NOT_FULLSCREEN LAYOUT_INSET_DECOR SPLIT_TOUCH HARDWARE_ACCELERATED DRAWS_SYSTEM_BAR_BACKGROUNDS
11-05 21:48:34.476 31748 31748 D VRI[MainActivity]:   pfl=NO_MOVE_ANIMATION FORCE_DRAW_STATUS_BAR_BACKGROUND FIT_INSETS_CONTROLLED
11-05 21:48:34.476 31748 31748 D VRI[MainActivity]:   bhv=DEFAULT
11-05 21:48:34.476 31748 31748 D VRI[MainActivity]:   fitSides=} by setLayoutParams
11-05 21:48:34.519 31748 31748 D CompatibilityChangeReporter: Compat change id reported: 171228096; UID 10883; state: ENABLED
11-05 21:48:34.533 31748 31782 I ReactNativeJS: '[ReminderEngine] Processing reminders, count:', 3
11-05 21:48:34.552 31748 31748 W unknown:ViewManagerPropertyUpdater: Could not find generated setter for class com.facebook.react.uimanager.RootViewManager
11-05 21:48:34.582 31748 31748 W View    : requestLayout() improperly called by com.facebook.react.views.text.ReactTextView{32c8d62 V.ED..... ......ID 60,53-371,146 #24} during layout: running second layout pass
11-05 21:48:34.582 31748 31748 W View    : requestLayout() improperly called by com.facebook.react.views.text.ReactTextView{4741ffd V.ED..... ......ID 25,24-75,75 #28} during layout: running second layout pass
11-05 21:48:34.582 31748 31748 W View    : requestLayout() improperly called by com.facebook.react.views.text.ReactTextView{3573f49 V.ED..... ......ID 460,170-620,332 #5e} during layout: running second layout pass
11-05 21:48:34.582 31748 31748 W View    : requestLayout() improperly called by com.facebook.react.views.text.ReactTextView{bc82b26 V.ED..... ......ID 277,372-802,445 #62} during layout: running second layout pass
11-05 21:48:34.582 31748 31748 W View    : requestLayout() improperly called by com.facebook.react.views.text.ReactTextView{522fe80 V.ED..... ......ID 0,485-1080,605 #66} during layout: running second layout pass
11-05 21:48:34.582 31748 31748 W View    : requestLayout() improperly called by com.facebook.react.views.text.ReactTextView{ba6270a V.ED..... ......ID 40,39-120,121 #78} during layout: running second layout pass
11-05 21:48:38.595 31748 31821 D ProfileInstaller: Skipping profile installation for app.rork.dominder_android_reminder_app
11-05 21:48:43.027 31748 31755 W System  : A resource failed to call release. 
11-05 21:48:45.529 31748 31748 W unknown:ReactNative: Can't cancel already finished gesture. Is a child View trying to start a gesture from an UP/CANCEL event?
11-05 21:48:45.951 31748 31748 D ViewRootImpl: update {(0,0)(fillxfill) gr=CENTER sim={adjust=resize forwardNavigation} ty=APPLICATION fmt=TRANSPARENT wanim=0x7f12012e
11-05 21:48:45.951 31748 31748 D ViewRootImpl:   fl=NOT_FOCUSABLE LAYOUT_IN_SCREEN LAYOUT_INSET_DECOR SPLIT_TOUCH HARDWARE_ACCELERATED DRAWS_SYSTEM_BAR_BACKGROUNDS
11-05 21:48:45.951 31748 31748 D ViewRootImpl:   pfl=NO_MOVE_ANIMATION FORCE_DRAW_STATUS_BAR_BACKGROUND FIT_INSETS_CONTROLLED
11-05 21:48:45.951 31748 31748 D ViewRootImpl:   bhv=DEFAULT
11-05 21:48:45.951 31748 31748 D ViewRootImpl:   fitSides=} by setView
11-05 21:48:45.960 31748 31748 D VRI[MainActivity]: update {(0,0)(fillxfill) gr=CENTER sim={adjust=resize} ty=APPLICATION fmt=TRANSPARENT wanim=0x7f12012e
11-05 21:48:45.960 31748 31748 D VRI[MainActivity]:   fl=LAYOUT_IN_SCREEN LAYOUT_INSET_DECOR SPLIT_TOUCH HARDWARE_ACCELERATED DRAWS_SYSTEM_BAR_BACKGROUNDS
11-05 21:48:45.960 31748 31748 D VRI[MainActivity]:   pfl=NO_MOVE_ANIMATION FORCE_DRAW_STATUS_BAR_BACKGROUND FIT_INSETS_CONTROLLED
11-05 21:48:45.960 31748 31748 D VRI[MainActivity]:   bhv=DEFAULT
11-05 21:48:45.960 31748 31748 D VRI[MainActivity]:   fitSides=} by setLayoutParams
11-05 21:48:45.995 31748 31776 E OpenGLRenderer: Unable to match the desired swap behavior.
11-05 21:48:46.011 31748 31776 W Parcel  : Expecting binder but got null!
11-05 21:48:46.030 31748 31748 D VRI[MainActivity]: update {(0,0)(fillxfill) gr=CENTER sim={adjust=resize} ty=APPLICATION fmt=TRANSPARENT wanim=0x7f12012e
11-05 21:48:46.030 31748 31748 D VRI[MainActivity]:   fl=LAYOUT_IN_SCREEN LAYOUT_INSET_DECOR SPLIT_TOUCH HARDWARE_ACCELERATED DRAWS_SYSTEM_BAR_BACKGROUNDS
11-05 21:48:46.030 31748 31748 D VRI[MainActivity]:   pfl=NO_MOVE_ANIMATION FORCE_DRAW_STATUS_BAR_BACKGROUND FIT_INSETS_CONTROLLED
11-05 21:48:46.030 31748 31748 D VRI[MainActivity]:   bhv=DEFAULT
11-05 21:48:46.030 31748 31748 D VRI[MainActivity]:   fitSides=} by setLayoutParams
11-05 21:48:46.032 31748 31748 D VRI[MainActivity]: update {(0,0)(fillxfill) gr=CENTER sim={adjust=resize} ty=APPLICATION fmt=TRANSPARENT wanim=0x7f12012e
11-05 21:48:46.032 31748 31748 D VRI[MainActivity]:   fl=LAYOUT_IN_SCREEN LAYOUT_INSET_DECOR SPLIT_TOUCH HARDWARE_ACCELERATED DRAWS_SYSTEM_BAR_BACKGROUNDS
11-05 21:48:46.032 31748 31748 D VRI[MainActivity]:   pfl=NO_MOVE_ANIMATION FORCE_DRAW_STATUS_BAR_BACKGROUND FIT_INSETS_CONTROLLED
11-05 21:48:46.032 31748 31748 D VRI[MainActivity]:   bhv=DEFAULT
11-05 21:48:46.032 31748 31748 D VRI[MainActivity]:   fitSides=} by setLayoutParams
11-05 21:48:46.137 31748 31748 D CompatibilityChangeReporter: Compat change id reported: 163400105; UID 10883; state: ENABLED
11-05 21:48:46.137 31748 31748 D InputMethodManager: showSoftInput() view=com.facebook.react.views.textinput.ReactEditText{9788a54 VFED..CL. .F....ID 0,0-920,109 #7e aid=1073741824} flags=0 reason=SHOW_SOFT_INPUT
11-05 21:48:46.355 31748 31748 W OnBackInvokedCallback: OnBackInvokedCallback is not enabled for the application.
11-05 21:48:46.355 31748 31748 W OnBackInvokedCallback: Set 'android:enableOnBackInvokedCallback="true"' in the application manifest.
11-05 21:48:46.408 31748 31748 D InsetsController: show(ime(), fromIme=true)
11-05 21:48:48.453 31748 31748 D ViewRootImpl: update {(0,0)(fillxfill) gr=CENTER sim={adjust=resize forwardNavigation} ty=APPLICATION fmt=TRANSPARENT wanim=0x7f12012e
11-05 21:48:48.453 31748 31748 D ViewRootImpl:   fl=NOT_FOCUSABLE LAYOUT_IN_SCREEN LAYOUT_INSET_DECOR SPLIT_TOUCH HARDWARE_ACCELERATED DRAWS_SYSTEM_BAR_BACKGROUNDS
11-05 21:48:48.453 31748 31748 D ViewRootImpl:   pfl=NO_MOVE_ANIMATION FORCE_DRAW_STATUS_BAR_BACKGROUND FIT_INSETS_CONTROLLED
11-05 21:48:48.453 31748 31748 D ViewRootImpl:   bhv=DEFAULT
11-05 21:48:48.453 31748 31748 D ViewRootImpl:   fitSides=} by setView
11-05 21:48:48.462 31748 31748 D VRI[MainActivity]: update {(0,0)(fillxfill) gr=CENTER sim={adjust=resize} ty=APPLICATION fmt=TRANSPARENT wanim=0x7f12012e
11-05 21:48:48.462 31748 31748 D VRI[MainActivity]:   fl=LAYOUT_IN_SCREEN LAYOUT_INSET_DECOR SPLIT_TOUCH HARDWARE_ACCELERATED DRAWS_SYSTEM_BAR_BACKGROUNDS
11-05 21:48:48.462 31748 31748 D VRI[MainActivity]:   pfl=NO_MOVE_ANIMATION FORCE_DRAW_STATUS_BAR_BACKGROUND FIT_INSETS_CONTROLLED
11-05 21:48:48.462 31748 31748 D VRI[MainActivity]:   bhv=DEFAULT
11-05 21:48:48.462 31748 31748 D VRI[MainActivity]:   fitSides=} by setLayoutParams
11-05 21:48:48.486 31748 31776 E OpenGLRenderer: Unable to match the desired swap behavior.
11-05 21:48:48.498 31748 31776 W Parcel  : Expecting binder but got null!
11-05 21:48:48.517 31748 31748 D VRI[MainActivity]: update {(0,0)(fillxfill) gr=CENTER sim={adjust=resize} ty=APPLICATION fmt=TRANSPARENT wanim=0x7f12012e
11-05 21:48:48.517 31748 31748 D VRI[MainActivity]:   fl=LAYOUT_IN_SCREEN LAYOUT_INSET_DECOR SPLIT_TOUCH HARDWARE_ACCELERATED DRAWS_SYSTEM_BAR_BACKGROUNDS
11-05 21:48:48.517 31748 31748 D VRI[MainActivity]:   pfl=NO_MOVE_ANIMATION FORCE_DRAW_STATUS_BAR_BACKGROUND FIT_INSETS_CONTROLLED
11-05 21:48:48.517 31748 31748 D VRI[MainActivity]:   bhv=DEFAULT
11-05 21:48:48.517 31748 31748 D VRI[MainActivity]:   fitSides=} by setLayoutParams
