--------- beginning of main
01-10 08:06:10.284  4938  4938 I id_reminder_app: Using CollectorTypeCC GC.
01-10 08:06:10.292  4938  4938 D nativeloader: Load libframework-connectivity-tiramisu-jni.so using APEX ns com_android_tethering for caller /apex/com.android.tethering/javalib/framework-connectivity-t.jar: ok
01-10 08:06:10.308  4938  4938 D CompatibilityChangeReporter: Compat change id reported: 171979766; UID 11055; state: ENABLED
01-10 08:06:10.353  4938  4938 D nativeloader: Configuring clns-4 for other apk /data/app/~~eC6tfIh1flFho17jttSRWQ==/app.rork.dominder_android_reminder_app-K3bH6wVmc7EVP7qitwMfTg==/base.apk. target_sdk_version=35, uses_libraries=, library_path=/data/app/~~eC6tfIh1flFho17jttSRWQ==/app.rork.dominder_android_reminder_app-K3bH6wVmc7EVP7qitwMfTg==/lib/arm64:/data/app/~~eC6tfIh1flFho17jttSRWQ==/app.rork.dominder_android_reminder_app-K3bH6wVmc7EVP7qitwMfTg==/base.apk!/lib/arm64-v8a, permitted_path=/data:/mnt/expand:/data/user/0/app.rork.dominder_android_reminder_app
01-10 08:06:10.363  4938  4938 D nativeloader: Load libframework-connectivity-jni.so using APEX ns com_android_tethering for caller /apex/com.android.tethering/javalib/framework-connectivity.jar: ok
01-10 08:06:10.365  4938  4938 V GraphicsEnvironment: ANGLE Developer option for 'app.rork.dominder_android_reminder_app' set to: 'default'
01-10 08:06:10.365  4938  4938 V GraphicsEnvironment: ANGLE GameManagerService for app.rork.dominder_android_reminder_app: false
01-10 08:06:10.365  4938  4938 V GraphicsEnvironment: Neither updatable production driver nor prerelease driver is supported.
01-10 08:06:10.366  4938  4938 D NetworkSecurityConfig: No Network Security Config specified, using platform default
01-10 08:06:10.367  4938  4938 D NetworkSecurityConfig: No Network Security Config specified, using platform default
01-10 08:06:10.376  4938  4938 D WM-WrkMgrInitializer: Initializing WorkManager with default configuration.
01-10 08:06:10.379  4938  4938 D WM-PackageManagerHelper: Skipping component enablement for androidx.work.impl.background.systemjob.SystemJobService
01-10 08:06:10.379  4938  4938 D WM-Schedulers: Created SystemJobScheduler and enabled SystemJobService
01-10 08:06:10.382  4938  4938 D NOTIFEE : (context): received application context
01-10 08:06:10.384  4938  4938 W SoLoader: Initializing SoLoader: 0
01-10 08:06:10.385  4938  4938 W SoLoader: Recording new base apk path: /data/app/~~eC6tfIh1flFho17jttSRWQ==/app.rork.dominder_android_reminder_app-K3bH6wVmc7EVP7qitwMfTg==/base.apk
01-10 08:06:10.385  4938  4938 W SoLoader: Previously recorded 0 base apk paths.
01-10 08:06:10.385  4938  4938 I SoLoader: Preparing SO source: DirectorySoSource[root = /vendor/lib64 flags = 2]
01-10 08:06:10.385  4938  4938 I SoLoader: Preparing SO source: DirectorySoSource[root = /system/lib64 flags = 2]
01-10 08:06:10.385  4938  4938 I SoLoader: Preparing SO source: DirectApkSoSource[root = [/data/app/~~eC6tfIh1flFho17jttSRWQ==/app.rork.dominder_android_reminder_app-K3bH6wVmc7EVP7qitwMfTg==/base.apk!/lib/arm64-v8a]]
01-10 08:06:10.388  4938  4938 I SoLoader: Preparing SO source: ApplicationSoSource[DirectorySoSource[root = /data/app/~~eC6tfIh1flFho17jttSRWQ==/app.rork.dominder_android_reminder_app-K3bH6wVmc7EVP7qitwMfTg==/lib/arm64 flags = 0]]
01-10 08:06:10.388  4938  4938 I SoLoader: init finish: 4 SO sources prepared
01-10 08:06:10.388  4938  4938 W SoLoader: SoLoader initialized: 8
01-10 08:06:10.393  4938  4955 D CompatibilityChangeReporter: Compat change id reported: 160794467; UID 11055; state: ENABLED
01-10 08:06:10.397  4938  4938 D nativeloader: Load /data/app/~~eC6tfIh1flFho17jttSRWQ==/app.rork.dominder_android_reminder_app-K3bH6wVmc7EVP7qitwMfTg==/base.apk!/lib/arm64-v8a/libc++_shared.so using class loader ns clns-4 (caller=/data/app/~~eC6tfIh1flFho17jttSRWQ==/app.rork.dominder_android_reminder_app-K3bH6wVmc7EVP7qitwMfTg==/base.apk!classes2.dex): ok
01-10 08:06:10.401  4938  4938 D nativeloader: Load /data/app/~~eC6tfIh1flFho17jttSRWQ==/app.rork.dominder_android_reminder_app-K3bH6wVmc7EVP7qitwMfTg==/base.apk!/lib/arm64-v8a/libjsi.so using class loader ns clns-4 (caller=/data/app/~~eC6tfIh1flFho17jttSRWQ==/app.rork.dominder_android_reminder_app-K3bH6wVmc7EVP7qitwMfTg==/base.apk!classes2.dex): ok
01-10 08:06:10.405  4938  4938 D nativeloader: Load /data/app/~~eC6tfIh1flFho17jttSRWQ==/app.rork.dominder_android_reminder_app-K3bH6wVmc7EVP7qitwMfTg==/base.apk!/lib/arm64-v8a/libfbjni.so using class loader ns clns-4 (caller=/data/app/~~eC6tfIh1flFho17jttSRWQ==/app.rork.dominder_android_reminder_app-K3bH6wVmc7EVP7qitwMfTg==/base.apk!classes2.dex): ok
01-10 08:06:10.411  4938  4938 D nativeloader: Load /data/app/~~eC6tfIh1flFho17jttSRWQ==/app.rork.dominder_android_reminder_app-K3bH6wVmc7EVP7qitwMfTg==/base.apk!/lib/arm64-v8a/libreactnative.so using class loader ns clns-4 (caller=/data/app/~~eC6tfIh1flFho17jttSRWQ==/app.rork.dominder_android_reminder_app-K3bH6wVmc7EVP7qitwMfTg==/base.apk!classes2.dex): ok
01-10 08:06:10.411  4938  4938 D jni_lib_merge: Entering merged library JNI_OnLoad.
01-10 08:06:10.411  4938  4938 D jni_lib_merge: Preparing 11 pre-merged libs (including stub)
01-10 08:06:10.411  4938  4938 D jni_lib_merge: Preparing to register libfabricjni_so.  onload_func: 0x783926e4c4
01-10 08:06:10.411  4938  4938 D jni_lib_merge: Preparing to register libreact_devsupportjni_so.  onload_func: 0x7839340110
01-10 08:06:10.411  4938  4938 D jni_lib_merge: Preparing to register libreact_featureflagsjni_so.  onload_func: 0x78393483ac
01-10 08:06:10.411  4938  4938 D jni_lib_merge: Preparing to register libreact_newarchdefaults_so.  onload_func: 0x783936c3c8
01-10 08:06:10.411  4938  4938 D jni_lib_merge: Preparing to register libreactnativeblob_so.  onload_func: 0x78393f321c
01-10 08:06:10.411  4938  4938 D jni_lib_merge: Preparing to register libreactnativejni_so.  onload_func: 0x7839411204
01-10 08:06:10.411  4938  4938 D jni_lib_merge: Preparing to register librninstance_so.  onload_func: 0x783942a990
01-10 08:06:10.411  4938  4938 D jni_lib_merge: Preparing to register libturbomodulejsijni_so.  onload_func: 0x78394a587c
01-10 08:06:10.411  4938  4938 D jni_lib_merge: Preparing to register libuimanagerjni_so.  onload_func: 0x78394acd94
01-10 08:06:10.411  4938  4938 D jni_lib_merge: Preparing to register libyoga_so.  onload_func: 0x78394b21e8
01-10 08:06:10.411  4938  4938 D jni_lib_merge: About to register 10 actual methods.
01-10 08:06:10.420  4938  4938 D nativeloader: Load /data/app/~~eC6tfIh1flFho17jttSRWQ==/app.rork.dominder_android_reminder_app-K3bH6wVmc7EVP7qitwMfTg==/base.apk!/lib/arm64-v8a/libreact_codegen_rnscreens.so using class loader ns clns-4 (caller=/data/app/~~eC6tfIh1flFho17jttSRWQ==/app.rork.dominder_android_reminder_app-K3bH6wVmc7EVP7qitwMfTg==/base.apk!classes2.dex): ok
01-10 08:06:10.420  4938  4938 D jni_lib_merge: Entering merged library JNI_OnLoad.
01-10 08:06:10.420  4938  4938 D jni_lib_merge: Preparing 11 pre-merged libs (including stub)
01-10 08:06:10.420  4938  4938 D jni_lib_merge: Preparing to register libfabricjni_so.  onload_func: 0x783926e4c4
01-10 08:06:10.420  4938  4938 D jni_lib_merge: Preparing to register libreact_devsupportjni_so.  onload_func: 0x7839340110
01-10 08:06:10.420  4938  4938 D jni_lib_merge: Preparing to register libreact_featureflagsjni_so.  onload_func: 0x78393483ac
01-10 08:06:10.420  4938  4938 D jni_lib_merge: Preparing to register libreact_newarchdefaults_so.  onload_func: 0x783936c3c8
01-10 08:06:10.420  4938  4938 D jni_lib_merge: Preparing to register libreactnativeblob_so.  onload_func: 0x78393f321c
01-10 08:06:10.421  4938  4938 D jni_lib_merge: Preparing to register libreactnativejni_so.  onload_func: 0x7839411204
01-10 08:06:10.421  4938  4938 D jni_lib_merge: Preparing to register librninstance_so.  onload_func: 0x783942a990
01-10 08:06:10.421  4938  4938 D jni_lib_merge: Preparing to register libturbomodulejsijni_so.  onload_func: 0x78394a587c
01-10 08:06:10.421  4938  4938 D jni_lib_merge: Preparing to register libuimanagerjni_so.  onload_func: 0x78394acd94
01-10 08:06:10.421  4938  4938 D jni_lib_merge: Preparing to register libyoga_so.  onload_func: 0x78394b21e8
01-10 08:06:10.421  4938  4938 D jni_lib_merge: About to register 10 actual methods.
01-10 08:06:10.425  4938  4938 D nativeloader: Load /data/app/~~eC6tfIh1flFho17jttSRWQ==/app.rork.dominder_android_reminder_app-K3bH6wVmc7EVP7qitwMfTg==/base.apk!/lib/arm64-v8a/libreact_codegen_rnsvg.so using class loader ns clns-4 (caller=/data/app/~~eC6tfIh1flFho17jttSRWQ==/app.rork.dominder_android_reminder_app-K3bH6wVmc7EVP7qitwMfTg==/base.apk!classes2.dex): ok
01-10 08:06:10.425  4938  4938 D jni_lib_merge: Entering merged library JNI_OnLoad.
01-10 08:06:10.425  4938  4938 D jni_lib_merge: Preparing 11 pre-merged libs (including stub)
01-10 08:06:10.425  4938  4938 D jni_lib_merge: Preparing to register libfabricjni_so.  onload_func: 0x783926e4c4
01-10 08:06:10.425  4938  4938 D jni_lib_merge: Preparing to register libreact_devsupportjni_so.  onload_func: 0x7839340110
01-10 08:06:10.425  4938  4938 D jni_lib_merge: Preparing to register libreact_featureflagsjni_so.  onload_func: 0x78393483ac
01-10 08:06:10.425  4938  4938 D jni_lib_merge: Preparing to register libreact_newarchdefaults_so.  onload_func: 0x783936c3c8
01-10 08:06:10.425  4938  4938 D jni_lib_merge: Preparing to register libreactnativeblob_so.  onload_func: 0x78393f321c
01-10 08:06:10.425  4938  4938 D jni_lib_merge: Preparing to register libreactnativejni_so.  onload_func: 0x7839411204
01-10 08:06:10.425  4938  4938 D jni_lib_merge: Preparing to register librninstance_so.  onload_func: 0x783942a990
01-10 08:06:10.425  4938  4938 D jni_lib_merge: Preparing to register libturbomodulejsijni_so.  onload_func: 0x78394a587c
01-10 08:06:10.425  4938  4938 D jni_lib_merge: Preparing to register libuimanagerjni_so.  onload_func: 0x78394acd94
01-10 08:06:10.425  4938  4938 D jni_lib_merge: Preparing to register libyoga_so.  onload_func: 0x78394b21e8
01-10 08:06:10.425  4938  4938 D jni_lib_merge: About to register 10 actual methods.
01-10 08:06:10.430  4938  4938 D nativeloader: Load /data/app/~~eC6tfIh1flFho17jttSRWQ==/app.rork.dominder_android_reminder_app-K3bH6wVmc7EVP7qitwMfTg==/base.apk!/lib/arm64-v8a/libreact_codegen_safeareacontext.so using class loader ns clns-4 (caller=/data/app/~~eC6tfIh1flFho17jttSRWQ==/app.rork.dominder_android_reminder_app-K3bH6wVmc7EVP7qitwMfTg==/base.apk!classes2.dex): ok
01-10 08:06:10.433  4938  4938 D nativeloader: Load /data/app/~~eC6tfIh1flFho17jttSRWQ==/app.rork.dominder_android_reminder_app-K3bH6wVmc7EVP7qitwMfTg==/base.apk!/lib/arm64-v8a/libappmodules.so using class loader ns clns-4 (caller=/data/app/~~eC6tfIh1flFho17jttSRWQ==/app.rork.dominder_android_reminder_app-K3bH6wVmc7EVP7qitwMfTg==/base.apk!classes2.dex): ok
01-10 08:06:10.433  4938  4938 I Typeface: updateThemeFont new=Rookery-Regular;old=sans-serif;new=Rookery-Stacked;old=
01-10 08:06:10.441  4938  4938 D AppCompatDelegate: Checking for metadata for AppLocalesMetadataHolderService : Service not found
01-10 08:06:10.464  4938  4938 W unknown:BridgelessReact: ReactHost{0}.startSurface(surfaceId = 0): Schedule
01-10 08:06:10.464  4938  4938 W unknown:BridgelessReact: ReactHost{0}.attachSurface(surfaceId = 0)
01-10 08:06:10.465  4938  4971 W unknown:BridgelessReact: ReactHost{0}.getOrCreateReactInstanceTask()
01-10 08:06:10.465  4938  4971 W unknown:BridgelessReact: ReactHost{0}.getOrCreateReactInstanceTask(): Start
01-10 08:06:10.465  4938  4971 W unknown:BridgelessReact: ReactHost{0}.getJSBundleLoader()
01-10 08:06:10.465  4938  4971 W unknown:BridgelessReact: ReactHost{0}.getOrCreateReactContext(): Creating BridgelessReactContext
01-10 08:06:10.465  4938  4971 W unknown:BridgelessReact: ReactHost{0}.getOrCreateReactInstanceTask(): Creating ReactInstance
01-10 08:06:10.468  4938  4938 W unknown:BridgelessReact: ReactHost{0}.onHostResume(activity)
01-10 08:06:10.468  4938  4938 W unknown:BridgelessReact: ReactContext.onHostResume()
01-10 08:06:10.478  4938  4971 D nativeloader: Load /data/app/~~eC6tfIh1flFho17jttSRWQ==/app.rork.dominder_android_reminder_app-K3bH6wVmc7EVP7qitwMfTg==/base.apk!/lib/arm64-v8a/libhermes.so using class loader ns clns-4 (caller=/data/app/~~eC6tfIh1flFho17jttSRWQ==/app.rork.dominder_android_reminder_app-K3bH6wVmc7EVP7qitwMfTg==/base.apk!classes2.dex): ok
--------- beginning of system
01-10 08:06:10.478  4938  4938 D ViewRootImpl: update {(0,0)(fillxfill) sim={adjust=pan forwardNavigation} ty=BASE_APPLICATION wanim=0x10302fd
01-10 08:06:10.478  4938  4938 D ViewRootImpl:   fl=LAYOUT_IN_SCREEN LAYOUT_INSET_DECOR SPLIT_TOUCH HARDWARE_ACCELERATED DRAWS_SYSTEM_BAR_BACKGROUNDS
01-10 08:06:10.478  4938  4938 D ViewRootImpl:   pfl=NO_MOVE_ANIMATION FORCE_DRAW_STATUS_BAR_BACKGROUND FIT_INSETS_CONTROLLED
01-10 08:06:10.478  4938  4938 D ViewRootImpl:   bhv=DEFAULT
01-10 08:06:10.478  4938  4938 D ViewRootImpl:   fitSides=} by setView
01-10 08:06:10.480  4938  4971 D nativeloader: Load /data/app/~~eC6tfIh1flFho17jttSRWQ==/app.rork.dominder_android_reminder_app-K3bH6wVmc7EVP7qitwMfTg==/base.apk!/lib/arm64-v8a/libhermestooling.so using class loader ns clns-4 (caller=/data/app/~~eC6tfIh1flFho17jttSRWQ==/app.rork.dominder_android_reminder_app-K3bH6wVmc7EVP7qitwMfTg==/base.apk!classes2.dex): ok
01-10 08:06:10.481  4938  4971 D jni_lib_merge: Entering merged library JNI_OnLoad.
01-10 08:06:10.481  4938  4971 D jni_lib_merge: Preparing 4 pre-merged libs (including stub)
01-10 08:06:10.481  4938  4971 D jni_lib_merge: Preparing to register libhermes_executor_so.  onload_func: 0x78bfe2011c
01-10 08:06:10.481  4938  4971 D jni_lib_merge: Preparing to register libhermesinstancejni_so.  onload_func: 0x78bfe27a58
01-10 08:06:10.481  4938  4971 D jni_lib_merge: Preparing to register libjsijniprofiler_so.  onload_func: 0x78bfe28114
01-10 08:06:10.481  4938  4971 D jni_lib_merge: About to register 3 actual methods.
01-10 08:06:10.513  4938  4963 I AdrenoGLES-0: QUALCOMM build                   : 43fc279f3a, I58833f8ed4
01-10 08:06:10.513  4938  4963 I AdrenoGLES-0: Build Date                       : 03/24/23
01-10 08:06:10.513  4938  4963 I AdrenoGLES-0: OpenGL ES Shader Compiler Version: EV031.32.02.17
01-10 08:06:10.513  4938  4963 I AdrenoGLES-0: Local Branch                     : 
01-10 08:06:10.513  4938  4963 I AdrenoGLES-0: Remote Branch                    : 
01-10 08:06:10.513  4938  4963 I AdrenoGLES-0: Remote Branch                    : 
01-10 08:06:10.513  4938  4963 I AdrenoGLES-0: Reconstruct Branch               : 
01-10 08:06:10.513  4938  4963 I AdrenoGLES-0: Build Config                     : S P 10.0.7 AArch64
01-10 08:06:10.513  4938  4963 I AdrenoGLES-0: Driver Path                      : /vendor/lib64/egl/libGLESv2_adreno.so
01-10 08:06:10.529  4938  4963 I AdrenoGLES-0: PFP: 0x016ee197, ME: 0x00000000
01-10 08:06:10.559  4938  4963 I OpenGLRenderer: setGrContext nullptr-->validptr
01-10 08:06:10.572  4938  4963 E OpenGLRenderer: Unable to match the desired swap behavior.
01-10 08:06:10.659  4938  4971 I ExpoModulesCore:  AppContext was initialized
01-10 08:06:10.665  4938  4971 D DoMinderDebug: MissedAlarmReceiver: Registered broadcast receiver
01-10 08:06:10.671  4938  4971 W ReactNativeJNI: Component property map contains multiple entries for 'borderColor'. Ensure all calls to convertRawProp use a consistent prefix, name and suffix.
01-10 08:06:10.671  4938  4971 W ReactNativeJNI: Component property map contains multiple entries for 'borderStyle'. Ensure all calls to convertRawProp use a consistent prefix, name and suffix.
01-10 08:06:10.671  4938  4971 W ReactNativeJNI: Component property map contains multiple entries for 'borderRadius'. Ensure all calls to convertRawProp use a consistent prefix, name and suffix.
01-10 08:06:10.671  4938  4971 W ReactNativeJNI: Component property map contains multiple entries for 'borderEndColor'. Ensure all calls to convertRawProp use a consistent prefix, name and suffix.
01-10 08:06:10.671  4938  4971 W ReactNativeJNI: Component property map contains multiple entries for 'borderTopColor'. Ensure all calls to convertRawProp use a consistent prefix, name and suffix.
01-10 08:06:10.671  4938  4971 W ReactNativeJNI: Component property map contains multiple entries for 'borderLeftColor'. Ensure all calls to convertRawProp use a consistent prefix, name and suffix.
01-10 08:06:10.671  4938  4971 W ReactNativeJNI: Component property map contains multiple entries for 'borderBlockColor'. Ensure all calls to convertRawProp use a consistent prefix, name and suffix.
01-10 08:06:10.671  4938  4971 W ReactNativeJNI: Component property map contains multiple entries for 'borderRightColor'. Ensure all calls to convertRawProp use a consistent prefix, name and suffix.
01-10 08:06:10.671  4938  4971 W ReactNativeJNI: Component property map contains multiple entries for 'borderStartColor'. Ensure all calls to convertRawProp use a consistent prefix, name and suffix.
01-10 08:06:10.671  4938  4971 W ReactNativeJNI: Component property map contains multiple entries for 'borderBottomColor'. Ensure all calls to convertRawProp use a consistent prefix, name and suffix.
01-10 08:06:10.671  4938  4971 W ReactNativeJNI: Component property map contains multiple entries for 'borderEndEndRadius'. Ensure all calls to convertRawProp use a consistent prefix, name and suffix.
01-10 08:06:10.671  4938  4971 W ReactNativeJNI: Component property map contains multiple entries for 'borderTopEndRadius'. Ensure all calls to convertRawProp use a consistent prefix, name and suffix.
01-10 08:06:10.671  4938  4971 W ReactNativeJNI: Component property map contains multiple entries for 'borderBlockEndColor'. Ensure all calls to convertRawProp use a consistent prefix, name and suffix.
01-10 08:06:10.671  4938  4971 W ReactNativeJNI: Component property map contains multiple entries for 'borderTopLeftRadius'. Ensure all calls to convertRawProp use a consistent prefix, name and suffix.
01-10 08:06:10.671  4938  4971 W ReactNativeJNI: Component property map contains multiple entries for 'borderEndStartRadius'. Ensure all calls to convertRawProp use a consistent prefix, name and suffix.
01-10 08:06:10.671  4938  4971 W ReactNativeJNI: Component property map contains multiple entries for 'borderStartEndRadius'. Ensure all calls to convertRawProp use a consistent prefix, name and suffix.
01-10 08:06:10.671  4938  4971 W ReactNativeJNI: Component property map contains multiple entries for 'borderTopRightRadius'. Ensure all calls to convertRawProp use a consistent prefix, name and suffix.
01-10 08:06:10.671  4938  4971 W ReactNativeJNI: Component property map contains multiple entries for 'borderTopStartRadius'. Ensure all calls to convertRawProp use a consistent prefix, name and suffix.
01-10 08:06:10.671  4938  4971 W ReactNativeJNI: Component property map contains multiple entries for 'borderBlockStartColor'. Ensure all calls to convertRawProp use a consistent prefix, name and suffix.
01-10 08:06:10.671  4938  4971 W ReactNativeJNI: Component property map contains multiple entries for 'borderBottomEndRadius'. Ensure all calls to convertRawProp use a consistent prefix, name and suffix.
01-10 08:06:10.671  4938  4971 W ReactNativeJNI: Component property map contains multiple entries for 'borderBottomLeftRadius'. Ensure all calls to convertRawProp use a consistent prefix, name and suffix.
01-10 08:06:10.671  4938  4971 W ReactNativeJNI: Component property map contains multiple entries for 'borderStartStartRadius'. Ensure all calls to convertRawProp use a consistent prefix, name and suffix.
01-10 08:06:10.671  4938  4971 W ReactNativeJNI: Component property map contains multiple entries for 'borderBottomRightRadius'. Ensure all calls to convertRawProp use a consistent prefix, name and suffix.
01-10 08:06:10.672  4938  4971 W ReactNativeJNI: Component property map contains multiple entries for 'borderBottomStartRadius'. Ensure all calls to convertRawProp use a consistent prefix, name and suffix.
01-10 08:06:10.690  4938  4971 W ReactNativeJNI: Component property map contains multiple entries for 'borderColor'. Ensure all calls to convertRawProp use a consistent prefix, name and suffix.
01-10 08:06:10.690  4938  4971 W ReactNativeJNI: Component property map contains multiple entries for 'borderStyle'. Ensure all calls to convertRawProp use a consistent prefix, name and suffix.
01-10 08:06:10.702  4938  4971 W unknown:BridgelessReact: ReactHost{0}.getOrCreateReactInstanceTask(): Loading JS Bundle
01-10 08:06:10.703  4938  4971 W unknown:BridgelessReact: ReactHost{0}.getOrCreateReactInstanceTask(): Calling DevSupportManagerBase.onNewReactContextCreated(reactContext)
01-10 08:06:10.703  4938  4971 W unknown:BridgelessReact: ReactHost{0}.startSurface(surfaceId = 0): Execute
01-10 08:06:10.705  4938  4938 W unknown:BridgelessReact: ReactContext.onHostResume()
01-10 08:06:10.706  4938  4938 W unknown:BridgelessReact: ReactHost{0}.getOrCreateReactInstanceTask(): Executing ReactInstanceEventListeners
01-10 08:06:10.731  4938  4972 D nativeloader: Load /data/app/~~eC6tfIh1flFho17jttSRWQ==/app.rork.dominder_android_reminder_app-K3bH6wVmc7EVP7qitwMfTg==/base.apk!/lib/arm64-v8a/libexpo-modules-core.so using class loader ns clns-4 (caller=/data/app/~~eC6tfIh1flFho17jttSRWQ==/app.rork.dominder_android_reminder_app-K3bH6wVmc7EVP7qitwMfTg==/base.apk!classes2.dex): ok
01-10 08:06:10.741  4938  4972 D CompatibilityChangeReporter: Compat change id reported: 210923482; UID 11055; state: ENABLED
01-10 08:06:10.744  4938  4972 W unknown:ViewManagerPropertyUpdater: Could not find generated setter for class com.th3rdwave.safeareacontext.SafeAreaProviderManager
01-10 08:06:10.746  4938  4972 W unknown:ViewManagerPropertyUpdater: Could not find generated setter for class com.facebook.react.uimanager.LayoutShadowNode
01-10 08:06:10.747  4938  4972 W unknown:ViewManagerPropertyUpdater: Could not find generated setter for class com.swmansion.rnscreens.SearchBarManager
01-10 08:06:10.748  4938  4972 W unknown:ViewManagerPropertyUpdater: Could not find generated setter for class com.swmansion.rnscreens.ScreenFooterManager
01-10 08:06:10.748  4938  4972 W unknown:ViewManagerPropertyUpdater: Could not find generated setter for class expo.modules.kotlin.views.GroupViewManagerWrapper
01-10 08:06:10.749  4938  4972 W unknown:ViewManagerPropertyUpdater: Could not find generated setter for class com.swmansion.rnscreens.ScreenContainerViewManager
01-10 08:06:10.750  4938  4972 W unknown:ViewManagerPropertyUpdater: Could not find generated setter for class com.swmansion.rnscreens.ModalScreenViewManager
01-10 08:06:10.752  4938  4972 W unknown:ViewManagerPropertyUpdater: Could not find generated setter for class com.swmansion.rnscreens.ScreenStackHeaderConfigViewManager
01-10 08:06:10.753  4938  4972 W unknown:ViewManagerPropertyUpdater: Could not find generated setter for class com.swmansion.rnscreens.ScreenContentWrapperManager
01-10 08:06:10.753  4938  4972 W unknown:ViewManagerPropertyUpdater: Could not find generated setter for class com.th3rdwave.safeareacontext.SafeAreaViewManager
01-10 08:06:10.754  4938  4972 W unknown:ViewManagerPropertyUpdater: Could not find generated setter for class com.th3rdwave.safeareacontext.SafeAreaViewShadowNode
01-10 08:06:10.754  4938  4972 W unknown:ViewManagerPropertyUpdater: Could not find generated setter for class com.shopify.reactnative.flash_list.AutoLayoutViewManager
01-10 08:06:10.755  4938  4972 W unknown:ViewManagerPropertyUpdater: Could not find generated setter for class com.shopify.reactnative.flash_list.CellContainerManager
01-10 08:06:10.755  4938  4972 W unknown:ViewManagerPropertyUpdater: Could not find generated setter for class com.swmansion.rnscreens.ScreenViewManager
01-10 08:06:10.755  4938  4972 W unknown:ViewManagerPropertyUpdater: Could not find generated setter for class expo.modules.kotlin.views.SimpleViewManagerWrapper
01-10 08:06:10.756  4938  4972 W unknown:ViewManagerPropertyUpdater: Could not find generated setter for class com.swmansion.rnscreens.ScreenStackHeaderSubviewManager
01-10 08:06:10.757  4938  4972 W unknown:ViewManagerPropertyUpdater: Could not find generated setter for class com.swmansion.rnscreens.ScreenStackViewManager
01-10 08:06:10.779  4938  4972 W unknown:ViewManagerPropertyUpdater: Could not find generated setter for class com.horcrux.svg.RenderableViewManager$DefsViewManager
01-10 08:06:10.780  4938  4972 W unknown:ViewManagerPropertyUpdater: Could not find generated setter for class com.horcrux.svg.VirtualViewManager$RenderableShadowNode
01-10 08:06:10.782  4938  4972 W unknown:ViewManagerPropertyUpdater: Could not find generated setter for class com.horcrux.svg.RenderableViewManager$FeMergeManager
01-10 08:06:10.784  4938  4972 W unknown:ViewManagerPropertyUpdater: Could not find generated setter for class com.facebook.react.views.safeareaview.ReactSafeAreaViewManager
01-10 08:06:10.784  4938  4972 W unknown:ViewManagerPropertyUpdater: Could not find generated setter for class com.facebook.react.views.safeareaview.ReactSafeAreaViewShadowNode
01-10 08:06:10.785  4938  4972 W unknown:ViewManagerPropertyUpdater: Could not find generated setter for class com.horcrux.svg.RenderableViewManager$LinearGradientManager
01-10 08:06:10.787  4938  4972 W unknown:ViewManagerPropertyUpdater: Could not find generated setter for class com.horcrux.svg.RenderableViewManager$FeGaussianBlurManager
01-10 08:06:10.789  4938  4972 W unknown:ViewManagerPropertyUpdater: Could not find generated setter for class com.facebook.react.views.progressbar.ReactProgressBarViewManager
01-10 08:06:10.790  4938  4972 W unknown:ViewManagerPropertyUpdater: Could not find generated setter for class com.facebook.react.views.progressbar.ProgressBarShadowNode
01-10 08:06:10.791  4938  4972 W unknown:ViewManagerPropertyUpdater: Could not find generated setter for class com.facebook.react.views.scroll.ReactHorizontalScrollViewManager
01-10 08:06:10.794  4938  4972 W unknown:ViewManagerPropertyUpdater: Could not find generated setter for class com.facebook.react.views.text.ReactTextViewManager
01-10 08:06:10.794  4938  4972 W unknown:ViewManagerPropertyUpdater: Could not find generated setter for class com.facebook.react.views.text.ReactTextShadowNode
01-10 08:06:10.797  4938  4972 W unknown:ViewManagerPropertyUpdater: Could not find generated setter for class com.horcrux.svg.RenderableViewManager$FeColorMatrixManager
01-10 08:06:10.798  4938  4972 W unknown:ViewManagerPropertyUpdater: Could not find generated setter for class com.facebook.react.views.scroll.ReactHorizontalScrollContainerViewManager
01-10 08:06:10.800  4938  4972 W unknown:ViewManagerPropertyUpdater: Could not find generated setter for class com.horcrux.svg.RenderableViewManager$ClipPathViewManager
01-10 08:06:10.803  4938  4972 W unknown:ViewManagerPropertyUpdater: Could not find generated setter for class com.horcrux.svg.RenderableViewManager$SymbolManager
01-10 08:06:10.805  4938  4972 W unknown:ViewManagerPropertyUpdater: Could not find generated setter for class com.horcrux.svg.RenderableViewManager$PatternManager
01-10 08:06:10.807  4938  4972 W unknown:ViewManagerPropertyUpdater: Could not find generated setter for class com.horcrux.svg.RenderableViewManager$FeBlendManager
01-10 08:06:10.809  4938  4972 W unknown:ViewManagerPropertyUpdater: Could not find generated setter for class com.facebook.react.views.view.ReactViewManager
01-10 08:06:10.811  4938  4972 W unknown:ViewManagerPropertyUpdater: Could not find generated setter for class com.horcrux.svg.SvgViewManager
01-10 08:06:10.813  4938  4972 W unknown:ViewManagerPropertyUpdater: Could not find generated setter for class com.facebook.react.views.switchview.ReactSwitchManager
01-10 08:06:10.814  4938  4972 W unknown:ViewManagerPropertyUpdater: Could not find generated setter for class com.facebook.react.views.switchview.ReactSwitchShadowNode
01-10 08:06:10.815  4938  4972 W unknown:ViewManagerPropertyUpdater: Could not find generated setter for class com.horcrux.svg.RenderableViewManager$UseViewManager
01-10 08:06:10.817  4938  4972 W unknown:ViewManagerPropertyUpdater: Could not find generated setter for class com.horcrux.svg.RenderableViewManager$CircleViewManager
01-10 08:06:10.819  4938  4972 W unknown:ViewManagerPropertyUpdater: Could not find generated setter for class com.horcrux.svg.RenderableViewManager$TSpanViewManager
01-10 08:06:10.822  4938  4972 W unknown:ViewManagerPropertyUpdater: Could not find generated setter for class com.horcrux.svg.RenderableViewManager$FilterManager
01-10 08:06:10.823  4938  4972 W unknown:ViewManagerPropertyUpdater: Could not find generated setter for class com.horcrux.svg.RenderableViewManager$MarkerManager
01-10 08:06:10.826  4938  4972 W unknown:ViewManagerPropertyUpdater: Could not find generated setter for class com.swmansion.gesturehandler.react.RNGestureHandlerButtonViewManager
01-10 08:06:10.828  4938  4972 W unknown:ViewManagerPropertyUpdater: Could not find generated setter for class com.facebook.react.views.modal.ReactModalHostManager
01-10 08:06:10.829  4938  4972 W unknown:ViewManagerPropertyUpdater: Could not find generated setter for class com.horcrux.svg.RenderableViewManager$ForeignObjectManager
01-10 08:06:10.831  4938  4972 W unknown:ViewManagerPropertyUpdater: Could not find generated setter for class com.horcrux.svg.RenderableViewManager$EllipseViewManager
01-10 08:06:10.834  4938  4972 W unknown:ViewManagerPropertyUpdater: Could not find generated setter for class com.horcrux.svg.RenderableViewManager$LineViewManager
01-10 08:06:10.836  4938  4972 W unknown:ViewManagerPropertyUpdater: Could not find generated setter for class com.facebook.react.views.text.frescosupport.FrescoBasedReactTextInlineImageViewManager
01-10 08:06:10.836  4938  4972 W unknown:ViewManagerPropertyUpdater: Could not find generated setter for class com.facebook.react.views.text.frescosupport.FrescoBasedReactTextInlineImageShadowNode
01-10 08:06:10.837  4938  4972 W unknown:ViewManagerPropertyUpdater: Could not find generated setter for class com.horcrux.svg.RenderableViewManager$FeFloodManager
01-10 08:06:10.839  4938  4972 W unknown:ViewManagerPropertyUpdater: Could not find generated setter for class com.horcrux.svg.RenderableViewManager$GroupViewManager
01-10 08:06:10.841  4938  4972 W unknown:ViewManagerPropertyUpdater: Could not find generated setter for class com.horcrux.svg.RenderableViewManager$TextViewManager
01-10 08:06:10.843  4938  4972 W unknown:ViewManagerPropertyUpdater: Could not find generated setter for class com.horcrux.svg.RenderableViewManager$ImageViewManager
01-10 08:06:10.845  4938  4972 W unknown:ViewManagerPropertyUpdater: Could not find generated setter for class com.horcrux.svg.RenderableViewManager$FeCompositeManager
01-10 08:06:10.847  4938  4972 W unknown:ViewManagerPropertyUpdater: Could not find generated setter for class com.facebook.react.views.image.ReactImageManager
01-10 08:06:10.849  4938  4972 W unknown:ViewManagerPropertyUpdater: Could not find generated setter for class com.horcrux.svg.RenderableViewManager$RadialGradientManager
01-10 08:06:10.851  4938  4972 W unknown:ViewManagerPropertyUpdater: Could not find generated setter for class com.horcrux.svg.RenderableViewManager$MaskManager
01-10 08:06:10.853  4938  4972 W unknown:ViewManagerPropertyUpdater: Could not find generated setter for class com.facebook.react.views.unimplementedview.ReactUnimplementedViewManager
01-10 08:06:10.854  4938  4972 W unknown:ViewManagerPropertyUpdater: Could not find generated setter for class com.horcrux.svg.RenderableViewManager$RectViewManager
01-10 08:06:10.856  4938  4972 W unknown:ViewManagerPropertyUpdater: Could not find generated setter for class com.horcrux.svg.RenderableViewManager$TextPathViewManager
01-10 08:06:10.858  4938  4972 W unknown:ViewManagerPropertyUpdater: Could not find generated setter for class com.facebook.react.views.scroll.ReactScrollViewManager
01-10 08:06:10.860  4938  4972 W unknown:ViewManagerPropertyUpdater: Could not find generated setter for class com.horcrux.svg.RenderableViewManager$FeOffsetManager
01-10 08:06:10.862  4938  4972 W unknown:ViewManagerPropertyUpdater: Could not find generated setter for class com.horcrux.svg.RenderableViewManager$PathViewManager
01-10 08:06:10.864  4938  4972 W unknown:ViewManagerPropertyUpdater: Could not find generated setter for class com.facebook.react.views.drawer.ReactDrawerLayoutManager
01-10 08:06:10.865  4938  4972 W unknown:ViewManagerPropertyUpdater: Could not find generated setter for class com.facebook.react.views.text.ReactVirtualTextViewManager
01-10 08:06:10.865  4938  4972 W unknown:ViewManagerPropertyUpdater: Could not find generated setter for class com.facebook.react.views.text.ReactVirtualTextShadowNode
01-10 08:06:10.867  4938  4972 W unknown:ViewManagerPropertyUpdater: Could not find generated setter for class com.facebook.react.views.swiperefresh.SwipeRefreshLayoutManager
01-10 08:06:10.868  4938  4972 W unknown:ViewManagerPropertyUpdater: Could not find generated setter for class com.facebook.react.views.text.ReactRawTextManager
01-10 08:06:10.868  4938  4972 W unknown:ViewManagerPropertyUpdater: Could not find generated setter for class com.facebook.react.views.text.ReactRawTextShadowNode
01-10 08:06:10.869  4938  4972 W unknown:ViewManagerPropertyUpdater: Could not find generated setter for class com.facebook.react.views.textinput.ReactTextInputManager
01-10 08:06:10.870  4938  4972 W unknown:ViewManagerPropertyUpdater: Could not find generated setter for class com.facebook.react.views.textinput.ReactTextInputShadowNode
01-10 08:06:10.872  4938  4972 W unknown:ViewManagerPropertyUpdater: Could not find generated setter for class com.swmansion.gesturehandler.react.RNGestureHandlerRootViewManager
01-10 08:06:10.877  4938  4972 W BridgelessReactContext: [WARNING] Bridgeless doesn't support CatalystInstance. Accessing an API that's not part of the new architecture is not encouraged usage.
01-10 08:06:10.881  4938  4972 I ExpoModulesCore:  JSI interop was installed
01-10 08:06:10.882  4938  4972 I ExpoModulesCore:  Constants were exported
01-10 08:06:10.899  4938  4972 D nativeloader: Load /data/app/~~eC6tfIh1flFho17jttSRWQ==/app.rork.dominder_android_reminder_app-K3bH6wVmc7EVP7qitwMfTg==/base.apk!/lib/arm64-v8a/libworklets.so using class loader ns clns-4 (caller=/data/app/~~eC6tfIh1flFho17jttSRWQ==/app.rork.dominder_android_reminder_app-K3bH6wVmc7EVP7qitwMfTg==/base.apk!classes2.dex): ok
01-10 08:06:10.932  4938  4972 D nativeloader: Load /data/app/~~eC6tfIh1flFho17jttSRWQ==/app.rork.dominder_android_reminder_app-K3bH6wVmc7EVP7qitwMfTg==/base.apk!/lib/arm64-v8a/libreanimated.so using class loader ns clns-4 (caller=/data/app/~~eC6tfIh1flFho17jttSRWQ==/app.rork.dominder_android_reminder_app-K3bH6wVmc7EVP7qitwMfTg==/base.apk!classes2.dex): ok
01-10 08:06:11.063  4938  4972 D nativeloader: Load /data/app/~~eC6tfIh1flFho17jttSRWQ==/app.rork.dominder_android_reminder_app-K3bH6wVmc7EVP7qitwMfTg==/base.apk!/lib/arm64-v8a/librnscreens.so using class loader ns clns-4 (caller=/data/app/~~eC6tfIh1flFho17jttSRWQ==/app.rork.dominder_android_reminder_app-K3bH6wVmc7EVP7qitwMfTg==/base.apk!classes2.dex): ok
01-10 08:06:11.071  4938  4972 I ReactNativeJS: '[NotificationService] AlarmModule availability:', 'Available'
01-10 08:06:11.071  4938  4972 I ReactNativeJS: '[NotificationService] AlarmModule methods:', [ 'scheduleAlarm' ]
01-10 08:06:11.072  4938  4972 I ReactNativeJS: Running "main"
01-10 08:06:11.123  4938  4972 I ReactNativeJS: [useAlarmListeners] Setting up native alarm event listeners...
01-10 08:06:11.123  4938  4972 I ReactNativeJS: [AlarmSync] Hook initialized
01-10 08:06:11.123  4938  4972 I ReactNativeJS: [AlarmSync] Checking for completed alarms...
01-10 08:06:11.124  4938  4972 I ReactNativeJS: [RootLayout] Setting up notification handlers
01-10 08:06:11.124  4938  4972 I ReactNativeJS: [RootLayout] Initializing missed alarm service
01-10 08:06:11.124  4938  4972 I ReactNativeJS: [MissedAlarmService] Initializing...
01-10 08:06:11.124  4938  4972 I ReactNativeJS: [MissedAlarmService] Initialized successfully
01-10 08:06:11.125  4938  4972 I ReactNativeJS: [AppStartup] Initializing notification services...
01-10 08:06:11.125  4938  4972 I ReactNativeJS: [Dominder-Debug] Ensuring base notification channels
01-10 08:06:11.125  4938  4972 I ReactNativeJS: '[Dominder-Debug] Creating channel:', '{"id":"standard-v2","name":"Standard Notifications","importance":4,"sound":"default","vibration":true}'
01-10 08:06:11.125  4938  4973 D DoMinderDebug: AlarmModule: getAllNativeReminderStates found 1 reminders
01-10 08:06:11.128  4938  4972 I ReactNativeJS: '[AlarmSync] Syncing native states for', 1, 'reminders'
01-10 08:06:11.128  4938  4972 I ReactNativeJS: '[RootLayout] Initial notification:', null
01-10 08:06:11.131  4938  4938 D VRI[MainActivity]: update {(0,0)(fillxfill) sim={adjust=pan forwardNavigation} ty=BASE_APPLICATION wanim=0x10302fd
01-10 08:06:11.131  4938  4938 D VRI[MainActivity]:   fl=LAYOUT_IN_SCREEN LAYOUT_INSET_DECOR SPLIT_TOUCH HARDWARE_ACCELERATED DRAWS_SYSTEM_BAR_BACKGROUNDS
01-10 08:06:11.131  4938  4938 D VRI[MainActivity]:   pfl=NO_MOVE_ANIMATION FORCE_DRAW_STATUS_BAR_BACKGROUND FIT_INSETS_CONTROLLED
01-10 08:06:11.131  4938  4938 D VRI[MainActivity]:   bhv=DEFAULT
01-10 08:06:11.131  4938  4938 D VRI[MainActivity]:   fitSides=} by setLayoutParams
01-10 08:06:11.132  4938  4972 I ReactNativeJS: '[Dominder-Debug] Creating channel:', '{"id":"silent-v2","name":"Silent Notifications","importance":2,"vibration":false}'
01-10 08:06:11.132  4938  4972 I ReactNativeJS: '[AlarmSync] Syncing occurrenceCount from native:', '1768012346804', 'JS:', 3, '-> Native:', 4
01-10 08:06:11.133  4938  4938 D VRI[MainActivity]: update {(0,0)(fillxfill) sim={adjust=pan forwardNavigation} ty=BASE_APPLICATION wanim=0x10302fd
01-10 08:06:11.133  4938  4938 D VRI[MainActivity]:   fl=LAYOUT_IN_SCREEN FORCE_NOT_FULLSCREEN LAYOUT_INSET_DECOR SPLIT_TOUCH HARDWARE_ACCELERATED DRAWS_SYSTEM_BAR_BACKGROUNDS
01-10 08:06:11.133  4938  4938 D VRI[MainActivity]:   pfl=NO_MOVE_ANIMATION FORCE_DRAW_STATUS_BAR_BACKGROUND FIT_INSETS_CONTROLLED
01-10 08:06:11.133  4938  4938 D VRI[MainActivity]:   bhv=DEFAULT
01-10 08:06:11.133  4938  4938 D VRI[MainActivity]:   fitSides=} by setLayoutParams
01-10 08:06:11.134  4938  4972 I ReactNativeJS: '[Dominder-Debug] Creating channel:', '{"id":"alarm-v2","name":"Alarms","importance":4,"sound":"default","vibration":true,"bypassDnd":true}'
01-10 08:06:11.134  4938  4938 D VRI[MainActivity]: update {(0,0)(fillxfill) sim={adjust=pan forwardNavigation} ty=BASE_APPLICATION wanim=0x10302fd
01-10 08:06:11.134  4938  4938 D VRI[MainActivity]:   fl=LAYOUT_IN_SCREEN FORCE_NOT_FULLSCREEN LAYOUT_INSET_DECOR SPLIT_TOUCH HARDWARE_ACCELERATED DRAWS_SYSTEM_BAR_BACKGROUNDS
01-10 08:06:11.134  4938  4938 D VRI[MainActivity]:   pfl=NO_MOVE_ANIMATION FORCE_DRAW_STATUS_BAR_BACKGROUND FIT_INSETS_CONTROLLED
01-10 08:06:11.134  4938  4938 D VRI[MainActivity]:   bhv=DEFAULT
01-10 08:06:11.134  4938  4938 D VRI[MainActivity]:   fitSides=} by setLayoutParams
01-10 08:06:11.134  4938  4972 I ReactNativeJS: [ReminderService] Updating reminder 1768012346804: isActive=true, isCompleted=false, repeatType=every
01-10 08:06:11.135  4938  4972 I ReactNativeJS: [AlarmSync] App became active, syncing...
01-10 08:06:11.135  4938  4972 I ReactNativeJS: [AlarmSync] Sync already in progress, skipping
01-10 08:06:11.135  4938  4972 I ReactNativeJS: [Dominder-Debug] Base channels ensured
01-10 08:06:11.137  4938  4972 I ReactNativeJS: [RootLayout] remindersChanged event received, invalidating queries.
01-10 08:06:11.141  4938  4938 W unknown:ViewManagerPropertyUpdater: Could not find generated setter for class com.facebook.react.uimanager.RootViewManager
01-10 08:06:11.165  4938  4938 W [RNScreens]: backTitleVisible prop is not available on Android
01-10 08:06:11.165  4938  4938 W [RNScreens]: backTitleFontFamily prop is not available on Android
01-10 08:06:11.165  4938  4938 W [RNScreens]: disableBackButtonMenu prop is not available on Android
01-10 08:06:11.165  4938  4938 W [RNScreens]: largeTitleFontFamily prop is not available on Android
01-10 08:06:11.166  4938  4938 W [RNScreens]: largeTitleFontWeight prop is not available on Android
01-10 08:06:11.166  4938  4938 W [RNScreens]: largeTitleHideShadow prop is not available on Android
01-10 08:06:11.170  4938  4972 I ReactNativeJS: '[Selection] Mode changed:', false, 'Selected count:', 0
01-10 08:06:11.171  4938  4972 I ReactNativeJS: '[ReminderEngine] Processing reminders, count:', 0
01-10 08:06:11.180  4938  4972 I ReactNativeJS: '[ReminderEngine] Processing reminders, count:', 0
01-10 08:06:11.182  4938  4972 I ReactNativeJS: Cancelling notifications for reminder 1768012346804_hist (completed: true, paused: false)
01-10 08:06:11.183  4938  4998 I NOTIFEE : (NotificationManager): Removing notification with id rem-1768012346804_hist
01-10 08:06:11.183  4938  4972 I ReactNativeJS: [StartupCheck] Checking for pending notifications and rescheduling all active reminders...
01-10 08:06:11.183  4938  4998 I NOTIFEE : (NotificationManager): Removing notification with id rem-1768012346804_hist
01-10 08:06:11.183  4938  4972 I ReactNativeJS: '[RootLayout] Foreground event:', { type: 3, pressAction: undefined }
01-10 08:06:11.185  4938  4938 I ReactNative: [GESTURE HANDLER] Initialize gesture handler for root view com.facebook.react.runtime.ReactSurfaceView{9ab66c0 V.E...... ......ID 0,0-1080,2295 #b}
01-10 08:06:11.185  4938  4973 D DoMinderDebug: AlarmModule: getAllNativeReminderStates found 1 reminders
01-10 08:06:11.210  4938  4963 W Parcel  : Expecting binder but got null!
01-10 08:06:11.212  4938  4938 D VRI[MainActivity]: update {(0,0)(fillxfill) sim={adjust=pan forwardNavigation} ty=BASE_APPLICATION wanim=0x10302fd
01-10 08:06:11.212  4938  4938 D VRI[MainActivity]:   fl=LAYOUT_IN_SCREEN FORCE_NOT_FULLSCREEN LAYOUT_INSET_DECOR SPLIT_TOUCH HARDWARE_ACCELERATED DRAWS_SYSTEM_BAR_BACKGROUNDS
01-10 08:06:11.212  4938  4938 D VRI[MainActivity]:   pfl=NO_MOVE_ANIMATION FORCE_DRAW_STATUS_BAR_BACKGROUND FIT_INSETS_CONTROLLED
01-10 08:06:11.212  4938  4938 D VRI[MainActivity]:   bhv=DEFAULT
01-10 08:06:11.212  4938  4938 D VRI[MainActivity]:   fitSides=} by setLayoutParams
01-10 08:06:11.230  4938  4972 I ReactNativeJS: [StartupCheck] Syncing occurrence counts from 1 native states
01-10 08:06:11.237  4938  4997 I NOTIFEE : (NotificationManager): Removing notification with id rem-1768012346804_hist
01-10 08:06:11.264  4938  4938 D CompatibilityChangeReporter: Compat change id reported: 171228096; UID 11055; state: ENABLED
01-10 08:06:11.344  4938  4972 I ReactNativeJS: '[ReminderEngine] Processing reminders, count:', 2
01-10 08:06:11.344  4938  4972 I ReactNativeJS: [ReminderEngine] Processing reminder 1768012346804, repeatType: every
01-10 08:06:11.344  4938  4972 I ReactNativeJS: [ReminderEngine] Reminder 1768012346804 has nextReminderDate: 2026-01-10T02:38:00.000Z
01-10 08:06:11.344  4938  4972 I ReactNativeJS: [ReminderEngine] Skipping JS scheduling for triggered high priority reminder 1768012346804 - native AlarmManager handles next occurrence
01-10 08:06:11.344  4938  4972 I ReactNativeJS: [StartupCheck] Currently displayed notifications count: 1
01-10 08:06:11.344  4938  4972 I ReactNativeJS: [StartupCheck] Displayed IDs: maintenance-notification
01-10 08:06:11.344  4938  4972 I ReactNativeJS: [StartupCheck] Reminder 1768012346804: scheduled=2026-01-10T02:38:00.000Z, diff=-108656ms
01-10 08:06:11.344  4938  4972 I ReactNativeJS: [StartupCheck] -> Classified as FUTURE (Rescheduling): 1768012346804
01-10 08:06:11.344  4938  4972 I ReactNativeJS: [StartupCheck] Skipping triggered ringer: 1768012346804 (native scheduled)
01-10 08:06:11.344  4938  4972 I ReactNativeJS: [StartupCheck] Completed pending notification check and rescheduling
01-10 08:06:11.346  4938  4997 I NOTIFEE : (NotificationManager): Removing notification with id missed-1768012346804_hist
01-10 08:06:11.346  4938  4997 I NOTIFEE : (NotificationManager): Removing notification with id missed-1768012346804_hist
01-10 08:06:11.347  4938  5018 I NOTIFEE : (NotificationManager): Removing notification with id maintenance-notification
01-10 08:06:11.347  4938  5018 I NOTIFEE : (NotificationManager): Removing notification with id maintenance-notification
01-10 08:06:11.389  4938  4972 I ReactNativeJS: [AppStartup] Pending notifications check completed
01-10 08:06:11.389  4938  4972 I ReactNativeJS: [NotificationRefresh] Initializing notification refresh service
01-10 08:06:11.389  4938  4972 I ReactNativeJS: [NotificationRefresh] Scheduling midnight refresh in 954 minutes
01-10 08:06:11.390  4938  4997 I NOTIFEE : (NotificationManager): Removing notification with id missed-1768012346804_hist
01-10 08:06:11.393  4938  4972 I ReactNativeJS: '[NotificationRefresh] Midnight refresh scheduled for:', '2026-01-10T18:30:00.000Z'
01-10 08:06:11.393  4938  4972 I ReactNativeJS: [AppStartup] Notification services initialized
01-10 08:06:11.393  4938  4972 I ReactNativeJS: '[RootLayout] Foreground event:', { type: 7, pressAction: undefined }
01-10 08:06:11.394  4938  4973 D DoMinderDebug: AlarmModule: Cleared metadata for 1768012346804_hist
01-10 08:06:11.398  4938  4972 I ReactNativeJS: [NotificationService] Cancelled all notifications (scheduled + displayed) for reminder 1768012346804_hist
01-10 08:06:11.398  4938  4972 I ReactNativeJS: [ReminderService] Updating reminder 1768012346804_hist: isActive=false, isCompleted=true, repeatType=every
01-10 08:06:11.401  4938  4972 D nativeloader: Load /data/app/~~eC6tfIh1flFho17jttSRWQ==/app.rork.dominder_android_reminder_app-K3bH6wVmc7EVP7qitwMfTg==/base.apk!/lib/arm64-v8a/libgesturehandler.so using class loader ns clns-4 (caller=/data/app/~~eC6tfIh1flFho17jttSRWQ==/app.rork.dominder_android_reminder_app-K3bH6wVmc7EVP7qitwMfTg==/base.apk!classes2.dex): ok
01-10 08:06:11.401  4938  4972 D jni_lib_merge: Entering merged library JNI_OnLoad.
01-10 08:06:11.401  4938  4972 D jni_lib_merge: Preparing 11 pre-merged libs (including stub)
01-10 08:06:11.401  4938  4972 D jni_lib_merge: Preparing to register libfabricjni_so.  onload_func: 0x783926e4c4
01-10 08:06:11.401  4938  4972 D jni_lib_merge: Preparing to register libreact_devsupportjni_so.  onload_func: 0x7839340110
01-10 08:06:11.401  4938  4972 D jni_lib_merge: Preparing to register libreact_featureflagsjni_so.  onload_func: 0x78393483ac
01-10 08:06:11.401  4938  4972 D jni_lib_merge: Preparing to register libreact_newarchdefaults_so.  onload_func: 0x783936c3c8
01-10 08:06:11.401  4938  4972 D jni_lib_merge: Preparing to register libreactnativeblob_so.  onload_func: 0x78393f321c
01-10 08:06:11.401  4938  4972 D jni_lib_merge: Preparing to register libreactnativejni_so.  onload_func: 0x7839411204
01-10 08:06:11.401  4938  4972 D jni_lib_merge: Preparing to register librninstance_so.  onload_func: 0x783942a990
01-10 08:06:11.401  4938  4972 D jni_lib_merge: Preparing to register libturbomodulejsijni_so.  onload_func: 0x78394a587c
01-10 08:06:11.401  4938  4972 D jni_lib_merge: Preparing to register libuimanagerjni_so.  onload_func: 0x78394acd94
01-10 08:06:11.401  4938  4972 D jni_lib_merge: Preparing to register libyoga_so.  onload_func: 0x78394b21e8
01-10 08:06:11.401  4938  4972 D jni_lib_merge: About to register 10 actual methods.
01-10 08:06:11.402  4938  4972 I ReactNativeJS: [RootLayout] remindersChanged event received, invalidating queries.
01-10 08:06:11.403  4938  4972 I ReactNativeJS: '[AlarmSync] Merged', 1, 'native triggers to history for', '1768012346804'
01-10 08:06:11.404  4938  4973 D DoMinderDebug: AlarmModule: Retrieved 1 completed alarms
01-10 08:06:11.407  4938  4972 I ReactNativeJS: '[AlarmSync] Found completed alarms:', 1
01-10 08:06:11.407  4938  4972 I ReactNativeJS: '[AlarmSync] Processing completed alarm:', '1768012346804', 'at', '1768012565060'
01-10 08:06:11.413  4938  4972 I ReactNativeJS: [Scheduler] ========== markReminderDone START ==========
01-10 08:06:11.413  4938  4972 I ReactNativeJS: [Scheduler] reminderId: 1768012346804, shouldIncrementOccurrence: false, triggerTimeMs: 1768012565060
01-10 08:06:11.413  4938  4972 I ReactNativeJS: [Scheduler] Processing 'Done' for repeating reminder 1768012346804
01-10 08:06:11.414  4938  4973 D DoMinderDebug: AlarmModule: getNativeReminderState for 1768012346804: actualTriggerCount=4, isCompleted=false
01-10 08:06:11.414  4938  4972 I ReactNativeJS: [Scheduler] currentOccurred=4, shouldIncrement=false, newOccurrenceCount=4
01-10 08:06:11.414  4938  4972 I ReactNativeJS: [calculateNextReminderDate] for reminder: 1768012346804, fromDate: 2026-01-10T02:36:11.414Z, repeatType: every, date: 2026-01-10, time: 08:04
01-10 08:06:11.414  4938  4972 I ReactNativeJS: [calculateNextReminderDate] Next occurrence after baseline: 2026-01-10T02:39:00.000Z
01-10 08:06:11.414  4938  4972 I ReactNativeJS: [calculateNextReminderDate] Every 1 minutes, next occurrence: 2026-01-10T02:39:00.000Z
01-10 08:06:11.414  4938  4972 I ReactNativeJS: [calculateNextReminderDate] Candidate 2026-01-10T02:39:00.000Z is after end boundary 2026-01-10T02:38:00.000Z, stopping.
01-10 08:06:11.414  4938  4972 I ReactNativeJS: [Scheduler] Next occurrence calculated: null (series ended)
01-10 08:06:11.415  4938  4972 I ReactNativeJS: [Scheduler] Trigger at 2026-01-10T02:36:05.060Z already in history, skipping duplicate
01-10 08:06:11.415  4938  4972 I ReactNativeJS: [Scheduler] Series ended for 1768012346804, marking as completed
01-10 08:06:11.415  4938  4972 I ReactNativeJS: Soft deleting reminder: 1768012346804_hist
01-10 08:06:11.416  4938  4998 I NOTIFEE : (NotificationManager): Removing notification with id rem-1768012346804_hist
