--------- beginning of main
11-16 16:39:40.581 16523 16523 I id_reminder_app: Using CollectorTypeCC GC.
11-16 16:39:40.585 16523 16523 E id_reminder_app: Not starting debugger since process cannot load the jdwp agent.
11-16 16:39:40.587 16523 16523 D nativeloader: Load libframework-connectivity-tiramisu-jni.so using APEX ns com_android_tethering for caller /apex/com.android.tethering/javalib/framework-connectivity-t.jar: ok
11-16 16:39:40.601 16523 16523 D CompatibilityChangeReporter: Compat change id reported: 171979766; UID 10911; state: ENABLED
11-16 16:39:40.653 16523 16523 D nativeloader: Configuring clns-4 for other apk /data/app/~~Kg4esAuICMsEv8m7ePMGCQ==/app.rork.dominder_android_reminder_app-PkJ1h-uzlQQmkOZjgn2Fag==/base.apk. target_sdk_version=35, uses_libraries=, library_path=/data/app/~~Kg4esAuICMsEv8m7ePMGCQ==/app.rork.dominder_android_reminder_app-PkJ1h-uzlQQmkOZjgn2Fag==/lib/arm64:/data/app/~~Kg4esAuICMsEv8m7ePMGCQ==/app.rork.dominder_android_reminder_app-PkJ1h-uzlQQmkOZjgn2Fag==/base.apk!/lib/arm64-v8a, permitted_path=/data:/mnt/expand:/data/user/0/app.rork.dominder_android_reminder_app
11-16 16:39:40.661 16523 16523 D nativeloader: Load libframework-connectivity-jni.so using APEX ns com_android_tethering for caller /apex/com.android.tethering/javalib/framework-connectivity.jar: ok
11-16 16:39:40.662 16523 16523 V GraphicsEnvironment: ANGLE Developer option for 'app.rork.dominder_android_reminder_app' set to: 'default'
11-16 16:39:40.663 16523 16523 V GraphicsEnvironment: ANGLE GameManagerService for app.rork.dominder_android_reminder_app: false
11-16 16:39:40.663 16523 16523 V GraphicsEnvironment: Neither updatable production driver nor prerelease driver is supported.
11-16 16:39:40.665 16523 16523 D NetworkSecurityConfig: No Network Security Config specified, using platform default
11-16 16:39:40.665 16523 16523 D NetworkSecurityConfig: No Network Security Config specified, using platform default
11-16 16:39:40.674 16523 16523 D WM-WrkMgrInitializer: Initializing WorkManager with default configuration.
11-16 16:39:40.680 16523 16523 D NOTIFEE : (context): received application context
11-16 16:39:40.682 16523 16523 W SoLoader: Initializing SoLoader: 0
11-16 16:39:40.682 16523 16523 W SoLoader: Recording new base apk path: /data/app/~~Kg4esAuICMsEv8m7ePMGCQ==/app.rork.dominder_android_reminder_app-PkJ1h-uzlQQmkOZjgn2Fag==/base.apk
11-16 16:39:40.682 16523 16523 W SoLoader: Previously recorded 0 base apk paths.
11-16 16:39:40.683 16523 16523 I SoLoader: Preparing SO source: DirectorySoSource[root = /vendor/lib64 flags = 2]
11-16 16:39:40.683 16523 16523 I SoLoader: Preparing SO source: DirectorySoSource[root = /system/lib64 flags = 2]
11-16 16:39:40.683 16523 16523 I SoLoader: Preparing SO source: DirectApkSoSource[root = [/data/app/~~Kg4esAuICMsEv8m7ePMGCQ==/app.rork.dominder_android_reminder_app-PkJ1h-uzlQQmkOZjgn2Fag==/base.apk!/lib/arm64-v8a]]
11-16 16:39:40.686 16523 16523 I SoLoader: Preparing SO source: ApplicationSoSource[DirectorySoSource[root = /data/app/~~Kg4esAuICMsEv8m7ePMGCQ==/app.rork.dominder_android_reminder_app-PkJ1h-uzlQQmkOZjgn2Fag==/lib/arm64 flags = 0]]
11-16 16:39:40.686 16523 16523 I SoLoader: init finish: 4 SO sources prepared
11-16 16:39:40.686 16523 16523 W SoLoader: SoLoader initialized: 8
11-16 16:39:40.699 16523 16539 D CompatibilityChangeReporter: Compat change id reported: 160794467; UID 10911; state: ENABLED
11-16 16:39:40.702 16523 16523 D nativeloader: Load /data/app/~~Kg4esAuICMsEv8m7ePMGCQ==/app.rork.dominder_android_reminder_app-PkJ1h-uzlQQmkOZjgn2Fag==/base.apk!/lib/arm64-v8a/libc++_shared.so using class loader ns clns-4 (caller=/data/app/~~Kg4esAuICMsEv8m7ePMGCQ==/app.rork.dominder_android_reminder_app-PkJ1h-uzlQQmkOZjgn2Fag==/base.apk!classes2.dex): ok
11-16 16:39:40.709 16523 16523 D nativeloader: Load /data/app/~~Kg4esAuICMsEv8m7ePMGCQ==/app.rork.dominder_android_reminder_app-PkJ1h-uzlQQmkOZjgn2Fag==/base.apk!/lib/arm64-v8a/libjsi.so using class loader ns clns-4 (caller=/data/app/~~Kg4esAuICMsEv8m7ePMGCQ==/app.rork.dominder_android_reminder_app-PkJ1h-uzlQQmkOZjgn2Fag==/base.apk!classes2.dex): ok
11-16 16:39:40.717 16523 16523 D nativeloader: Load /data/app/~~Kg4esAuICMsEv8m7ePMGCQ==/app.rork.dominder_android_reminder_app-PkJ1h-uzlQQmkOZjgn2Fag==/base.apk!/lib/arm64-v8a/libfbjni.so using class loader ns clns-4 (caller=/data/app/~~Kg4esAuICMsEv8m7ePMGCQ==/app.rork.dominder_android_reminder_app-PkJ1h-uzlQQmkOZjgn2Fag==/base.apk!classes2.dex): ok
11-16 16:39:40.735 16523 16523 D nativeloader: Load /data/app/~~Kg4esAuICMsEv8m7ePMGCQ==/app.rork.dominder_android_reminder_app-PkJ1h-uzlQQmkOZjgn2Fag==/base.apk!/lib/arm64-v8a/libreactnative.so using class loader ns clns-4 (caller=/data/app/~~Kg4esAuICMsEv8m7ePMGCQ==/app.rork.dominder_android_reminder_app-PkJ1h-uzlQQmkOZjgn2Fag==/base.apk!classes2.dex): ok
11-16 16:39:40.735 16523 16523 D jni_lib_merge: Entering merged library JNI_OnLoad.
11-16 16:39:40.736 16523 16523 D jni_lib_merge: Preparing 11 pre-merged libs (including stub)
11-16 16:39:40.736 16523 16523 D jni_lib_merge: Preparing to register libfabricjni_so.  onload_func: 0x76744ee4c4
11-16 16:39:40.736 16523 16523 D jni_lib_merge: Preparing to register libreact_devsupportjni_so.  onload_func: 0x76745c0110
11-16 16:39:40.736 16523 16523 D jni_lib_merge: Preparing to register libreact_featureflagsjni_so.  onload_func: 0x76745c83ac
11-16 16:39:40.736 16523 16523 D jni_lib_merge: Preparing to register libreact_newarchdefaults_so.  onload_func: 0x76745ec3c8
11-16 16:39:40.736 16523 16523 D jni_lib_merge: Preparing to register libreactnativeblob_so.  onload_func: 0x767467321c
11-16 16:39:40.736 16523 16523 D jni_lib_merge: Preparing to register libreactnativejni_so.  onload_func: 0x7674691204
11-16 16:39:40.736 16523 16523 D jni_lib_merge: Preparing to register librninstance_so.  onload_func: 0x76746aa990
11-16 16:39:40.736 16523 16523 D jni_lib_merge: Preparing to register libturbomodulejsijni_so.  onload_func: 0x767472587c
11-16 16:39:40.736 16523 16523 D jni_lib_merge: Preparing to register libuimanagerjni_so.  onload_func: 0x767472cd94
11-16 16:39:40.736 16523 16523 D jni_lib_merge: Preparing to register libyoga_so.  onload_func: 0x76747321e8
11-16 16:39:40.736 16523 16523 D jni_lib_merge: About to register 10 actual methods.
11-16 16:39:40.755 16523 16523 D nativeloader: Load /data/app/~~Kg4esAuICMsEv8m7ePMGCQ==/app.rork.dominder_android_reminder_app-PkJ1h-uzlQQmkOZjgn2Fag==/base.apk!/lib/arm64-v8a/libreact_codegen_rnscreens.so using class loader ns clns-4 (caller=/data/app/~~Kg4esAuICMsEv8m7ePMGCQ==/app.rork.dominder_android_reminder_app-PkJ1h-uzlQQmkOZjgn2Fag==/base.apk!classes2.dex): ok
11-16 16:39:40.756 16523 16523 D jni_lib_merge: Entering merged library JNI_OnLoad.
11-16 16:39:40.756 16523 16523 D jni_lib_merge: Preparing 11 pre-merged libs (including stub)
11-16 16:39:40.756 16523 16523 D jni_lib_merge: Preparing to register libfabricjni_so.  onload_func: 0x76744ee4c4
11-16 16:39:40.756 16523 16523 D jni_lib_merge: Preparing to register libreact_devsupportjni_so.  onload_func: 0x76745c0110
11-16 16:39:40.756 16523 16523 D jni_lib_merge: Preparing to register libreact_featureflagsjni_so.  onload_func: 0x76745c83ac
11-16 16:39:40.756 16523 16523 D jni_lib_merge: Preparing to register libreact_newarchdefaults_so.  onload_func: 0x76745ec3c8
11-16 16:39:40.756 16523 16523 D jni_lib_merge: Preparing to register libreactnativeblob_so.  onload_func: 0x767467321c
11-16 16:39:40.756 16523 16523 D jni_lib_merge: Preparing to register libreactnativejni_so.  onload_func: 0x7674691204
11-16 16:39:40.756 16523 16523 D jni_lib_merge: Preparing to register librninstance_so.  onload_func: 0x76746aa990
11-16 16:39:40.756 16523 16523 D jni_lib_merge: Preparing to register libturbomodulejsijni_so.  onload_func: 0x767472587c
11-16 16:39:40.756 16523 16523 D jni_lib_merge: Preparing to register libuimanagerjni_so.  onload_func: 0x767472cd94
11-16 16:39:40.756 16523 16523 D jni_lib_merge: Preparing to register libyoga_so.  onload_func: 0x76747321e8
11-16 16:39:40.756 16523 16523 D jni_lib_merge: About to register 10 actual methods.
11-16 16:39:40.761 16523 16523 D nativeloader: Load /data/app/~~Kg4esAuICMsEv8m7ePMGCQ==/app.rork.dominder_android_reminder_app-PkJ1h-uzlQQmkOZjgn2Fag==/base.apk!/lib/arm64-v8a/libreact_codegen_rnsvg.so using class loader ns clns-4 (caller=/data/app/~~Kg4esAuICMsEv8m7ePMGCQ==/app.rork.dominder_android_reminder_app-PkJ1h-uzlQQmkOZjgn2Fag==/base.apk!classes2.dex): ok
11-16 16:39:40.761 16523 16523 D jni_lib_merge: Entering merged library JNI_OnLoad.
11-16 16:39:40.761 16523 16523 D jni_lib_merge: Preparing 11 pre-merged libs (including stub)
11-16 16:39:40.761 16523 16523 D jni_lib_merge: Preparing to register libfabricjni_so.  onload_func: 0x76744ee4c4
11-16 16:39:40.761 16523 16523 D jni_lib_merge: Preparing to register libreact_devsupportjni_so.  onload_func: 0x76745c0110
11-16 16:39:40.761 16523 16523 D jni_lib_merge: Preparing to register libreact_featureflagsjni_so.  onload_func: 0x76745c83ac
11-16 16:39:40.761 16523 16523 D jni_lib_merge: Preparing to register libreact_newarchdefaults_so.  onload_func: 0x76745ec3c8
11-16 16:39:40.761 16523 16523 D jni_lib_merge: Preparing to register libreactnativeblob_so.  onload_func: 0x767467321c
11-16 16:39:40.761 16523 16523 D jni_lib_merge: Preparing to register libreactnativejni_so.  onload_func: 0x7674691204
11-16 16:39:40.761 16523 16523 D jni_lib_merge: Preparing to register librninstance_so.  onload_func: 0x76746aa990
11-16 16:39:40.761 16523 16523 D jni_lib_merge: Preparing to register libturbomodulejsijni_so.  onload_func: 0x767472587c
11-16 16:39:40.761 16523 16523 D jni_lib_merge: Preparing to register libuimanagerjni_so.  onload_func: 0x767472cd94
11-16 16:39:40.761 16523 16523 D jni_lib_merge: Preparing to register libyoga_so.  onload_func: 0x76747321e8
11-16 16:39:40.761 16523 16523 D jni_lib_merge: About to register 10 actual methods.
11-16 16:39:40.766 16523 16523 D nativeloader: Load /data/app/~~Kg4esAuICMsEv8m7ePMGCQ==/app.rork.dominder_android_reminder_app-PkJ1h-uzlQQmkOZjgn2Fag==/base.apk!/lib/arm64-v8a/libreact_codegen_safeareacontext.so using class loader ns clns-4 (caller=/data/app/~~Kg4esAuICMsEv8m7ePMGCQ==/app.rork.dominder_android_reminder_app-PkJ1h-uzlQQmkOZjgn2Fag==/base.apk!classes2.dex): ok
11-16 16:39:40.774 16523 16523 D nativeloader: Load /data/app/~~Kg4esAuICMsEv8m7ePMGCQ==/app.rork.dominder_android_reminder_app-PkJ1h-uzlQQmkOZjgn2Fag==/base.apk!/lib/arm64-v8a/libappmodules.so using class loader ns clns-4 (caller=/data/app/~~Kg4esAuICMsEv8m7ePMGCQ==/app.rork.dominder_android_reminder_app-PkJ1h-uzlQQmkOZjgn2Fag==/base.apk!classes2.dex): ok
11-16 16:39:40.774 16523 16523 I Typeface: updateThemeFont new=Rookery-Regular;old=sans-serif;new=Rookery-Stacked;old=
11-16 16:39:40.782 16523 16523 D AppCompatDelegate: Checking for metadata for AppLocalesMetadataHolderService : Service not found
11-16 16:39:40.819 16523 16523 W unknown:BridgelessReact: ReactHost{0}.startSurface(surfaceId = 0): Schedule
11-16 16:39:40.819 16523 16523 W unknown:BridgelessReact: ReactHost{0}.attachSurface(surfaceId = 0)
11-16 16:39:40.820 16523 16559 W unknown:BridgelessReact: ReactHost{0}.getOrCreateReactInstanceTask()
11-16 16:39:40.820 16523 16559 W unknown:BridgelessReact: ReactHost{0}.getOrCreateReactInstanceTask(): Start
11-16 16:39:40.820 16523 16559 W unknown:BridgelessReact: ReactHost{0}.getJSBundleLoader()
11-16 16:39:40.820 16523 16559 W unknown:BridgelessReact: ReactHost{0}.getOrCreateReactContext(): Creating BridgelessReactContext
11-16 16:39:40.820 16523 16559 W unknown:BridgelessReact: ReactHost{0}.getOrCreateReactInstanceTask(): Creating ReactInstance
11-16 16:39:40.822 16523 16523 W unknown:BridgelessReact: ReactHost{0}.onHostResume(activity)
11-16 16:39:40.822 16523 16523 W unknown:BridgelessReact: ReactContext.onHostResume()
--------- beginning of system
11-16 16:39:40.828 16523 16523 D ViewRootImpl: update {(0,0)(fillxfill) sim={adjust=resize forwardNavigation} ty=BASE_APPLICATION wanim=0x10302fd
11-16 16:39:40.828 16523 16523 D ViewRootImpl:   fl=LAYOUT_IN_SCREEN LAYOUT_INSET_DECOR SPLIT_TOUCH HARDWARE_ACCELERATED DRAWS_SYSTEM_BAR_BACKGROUNDS
11-16 16:39:40.828 16523 16523 D ViewRootImpl:   pfl=NO_MOVE_ANIMATION FORCE_DRAW_STATUS_BAR_BACKGROUND FIT_INSETS_CONTROLLED
11-16 16:39:40.828 16523 16523 D ViewRootImpl:   bhv=DEFAULT
11-16 16:39:40.828 16523 16523 D ViewRootImpl:   fitSides=} by setView
11-16 16:39:40.830 16523 16559 D nativeloader: Load /data/app/~~Kg4esAuICMsEv8m7ePMGCQ==/app.rork.dominder_android_reminder_app-PkJ1h-uzlQQmkOZjgn2Fag==/base.apk!/lib/arm64-v8a/libhermes.so using class loader ns clns-4 (caller=/data/app/~~Kg4esAuICMsEv8m7ePMGCQ==/app.rork.dominder_android_reminder_app-PkJ1h-uzlQQmkOZjgn2Fag==/base.apk!classes2.dex): ok
11-16 16:39:40.831 16523 16559 D nativeloader: Load /data/app/~~Kg4esAuICMsEv8m7ePMGCQ==/app.rork.dominder_android_reminder_app-PkJ1h-uzlQQmkOZjgn2Fag==/base.apk!/lib/arm64-v8a/libhermestooling.so using class loader ns clns-4 (caller=/data/app/~~Kg4esAuICMsEv8m7ePMGCQ==/app.rork.dominder_android_reminder_app-PkJ1h-uzlQQmkOZjgn2Fag==/base.apk!classes2.dex): ok
11-16 16:39:40.831 16523 16559 D jni_lib_merge: Entering merged library JNI_OnLoad.
11-16 16:39:40.831 16523 16559 D jni_lib_merge: Preparing 4 pre-merged libs (including stub)
11-16 16:39:40.831 16523 16559 D jni_lib_merge: Preparing to register libhermes_executor_so.  onload_func: 0x76f402311c
11-16 16:39:40.831 16523 16559 D jni_lib_merge: Preparing to register libhermesinstancejni_so.  onload_func: 0x76f402aa58
11-16 16:39:40.831 16523 16559 D jni_lib_merge: Preparing to register libjsijniprofiler_so.  onload_func: 0x76f402b114
11-16 16:39:40.831 16523 16559 D jni_lib_merge: About to register 3 actual methods.
11-16 16:39:40.847 16523 16551 I AdrenoGLES-0: QUALCOMM build                   : 43fc279f3a, I58833f8ed4
11-16 16:39:40.847 16523 16551 I AdrenoGLES-0: Build Date                       : 03/24/23
11-16 16:39:40.847 16523 16551 I AdrenoGLES-0: OpenGL ES Shader Compiler Version: EV031.32.02.17
11-16 16:39:40.847 16523 16551 I AdrenoGLES-0: Local Branch                     : 
11-16 16:39:40.847 16523 16551 I AdrenoGLES-0: Remote Branch                    : 
11-16 16:39:40.847 16523 16551 I AdrenoGLES-0: Remote Branch                    : 
11-16 16:39:40.847 16523 16551 I AdrenoGLES-0: Reconstruct Branch               : 
11-16 16:39:40.847 16523 16551 I AdrenoGLES-0: Build Config                     : S P 10.0.7 AArch64
11-16 16:39:40.847 16523 16551 I AdrenoGLES-0: Driver Path                      : /vendor/lib64/egl/libGLESv2_adreno.so
11-16 16:39:40.853 16523 16551 I AdrenoGLES-0: PFP: 0x016ee197, ME: 0x00000000
11-16 16:39:40.867 16523 16551 I OpenGLRenderer: setGrContext nullptr-->validptr
11-16 16:39:40.869 16523 16551 E OpenGLRenderer: Unable to match the desired swap behavior.
11-16 16:39:40.994 16523 16559 I ExpoModulesCore:  AppContext was initialized
11-16 16:39:40.996 16523 16559 D DoMinderDebug: MissedAlarmReceiver: Registered broadcast receiver
11-16 16:39:40.998 16523 16559 W ReactNativeJNI: Component property map contains multiple entries for 'borderColor'. Ensure all calls to convertRawProp use a consistent prefix, name and suffix.
11-16 16:39:40.998 16523 16559 W ReactNativeJNI: Component property map contains multiple entries for 'borderStyle'. Ensure all calls to convertRawProp use a consistent prefix, name and suffix.
11-16 16:39:40.998 16523 16559 W ReactNativeJNI: Component property map contains multiple entries for 'borderRadius'. Ensure all calls to convertRawProp use a consistent prefix, name and suffix.
11-16 16:39:40.998 16523 16559 W ReactNativeJNI: Component property map contains multiple entries for 'borderEndColor'. Ensure all calls to convertRawProp use a consistent prefix, name and suffix.
11-16 16:39:40.998 16523 16559 W ReactNativeJNI: Component property map contains multiple entries for 'borderTopColor'. Ensure all calls to convertRawProp use a consistent prefix, name and suffix.
11-16 16:39:40.998 16523 16559 W ReactNativeJNI: Component property map contains multiple entries for 'borderLeftColor'. Ensure all calls to convertRawProp use a consistent prefix, name and suffix.
11-16 16:39:40.998 16523 16559 W ReactNativeJNI: Component property map contains multiple entries for 'borderBlockColor'. Ensure all calls to convertRawProp use a consistent prefix, name and suffix.
11-16 16:39:40.998 16523 16559 W ReactNativeJNI: Component property map contains multiple entries for 'borderRightColor'. Ensure all calls to convertRawProp use a consistent prefix, name and suffix.
11-16 16:39:40.999 16523 16559 W ReactNativeJNI: Component property map contains multiple entries for 'borderStartColor'. Ensure all calls to convertRawProp use a consistent prefix, name and suffix.
11-16 16:39:40.999 16523 16559 W ReactNativeJNI: Component property map contains multiple entries for 'borderBottomColor'. Ensure all calls to convertRawProp use a consistent prefix, name and suffix.
11-16 16:39:40.999 16523 16559 W ReactNativeJNI: Component property map contains multiple entries for 'borderEndEndRadius'. Ensure all calls to convertRawProp use a consistent prefix, name and suffix.
11-16 16:39:40.999 16523 16559 W ReactNativeJNI: Component property map contains multiple entries for 'borderTopEndRadius'. Ensure all calls to convertRawProp use a consistent prefix, name and suffix.
11-16 16:39:40.999 16523 16559 W ReactNativeJNI: Component property map contains multiple entries for 'borderBlockEndColor'. Ensure all calls to convertRawProp use a consistent prefix, name and suffix.
11-16 16:39:40.999 16523 16559 W ReactNativeJNI: Component property map contains multiple entries for 'borderTopLeftRadius'. Ensure all calls to convertRawProp use a consistent prefix, name and suffix.
11-16 16:39:40.999 16523 16559 W ReactNativeJNI: Component property map contains multiple entries for 'borderEndStartRadius'. Ensure all calls to convertRawProp use a consistent prefix, name and suffix.
11-16 16:39:40.999 16523 16559 W ReactNativeJNI: Component property map contains multiple entries for 'borderStartEndRadius'. Ensure all calls to convertRawProp use a consistent prefix, name and suffix.
11-16 16:39:40.999 16523 16559 W ReactNativeJNI: Component property map contains multiple entries for 'borderTopRightRadius'. Ensure all calls to convertRawProp use a consistent prefix, name and suffix.
11-16 16:39:40.999 16523 16559 W ReactNativeJNI: Component property map contains multiple entries for 'borderTopStartRadius'. Ensure all calls to convertRawProp use a consistent prefix, name and suffix.
11-16 16:39:40.999 16523 16559 W ReactNativeJNI: Component property map contains multiple entries for 'borderBlockStartColor'. Ensure all calls to convertRawProp use a consistent prefix, name and suffix.
11-16 16:39:40.999 16523 16559 W ReactNativeJNI: Component property map contains multiple entries for 'borderBottomEndRadius'. Ensure all calls to convertRawProp use a consistent prefix, name and suffix.
11-16 16:39:40.999 16523 16559 W ReactNativeJNI: Component property map contains multiple entries for 'borderBottomLeftRadius'. Ensure all calls to convertRawProp use a consistent prefix, name and suffix.
11-16 16:39:40.999 16523 16559 W ReactNativeJNI: Component property map contains multiple entries for 'borderStartStartRadius'. Ensure all calls to convertRawProp use a consistent prefix, name and suffix.
11-16 16:39:40.999 16523 16559 W ReactNativeJNI: Component property map contains multiple entries for 'borderBottomRightRadius'. Ensure all calls to convertRawProp use a consistent prefix, name and suffix.
11-16 16:39:40.999 16523 16559 W ReactNativeJNI: Component property map contains multiple entries for 'borderBottomStartRadius'. Ensure all calls to convertRawProp use a consistent prefix, name and suffix.
11-16 16:39:41.013 16523 16559 W ReactNativeJNI: Component property map contains multiple entries for 'borderColor'. Ensure all calls to convertRawProp use a consistent prefix, name and suffix.
11-16 16:39:41.013 16523 16559 W ReactNativeJNI: Component property map contains multiple entries for 'borderStyle'. Ensure all calls to convertRawProp use a consistent prefix, name and suffix.
11-16 16:39:41.027 16523 16559 W unknown:BridgelessReact: ReactHost{0}.getOrCreateReactInstanceTask(): Loading JS Bundle
11-16 16:39:41.027 16523 16559 W unknown:BridgelessReact: ReactHost{0}.getOrCreateReactInstanceTask(): Calling DevSupportManagerBase.onNewReactContextCreated(reactContext)
11-16 16:39:41.028 16523 16559 W unknown:BridgelessReact: ReactHost{0}.startSurface(surfaceId = 0): Execute
11-16 16:39:41.033 16523 16523 W unknown:BridgelessReact: ReactContext.onHostResume()
11-16 16:39:41.033 16523 16523 W unknown:BridgelessReact: ReactHost{0}.getOrCreateReactInstanceTask(): Executing ReactInstanceEventListeners
11-16 16:39:41.057 16523 16560 D nativeloader: Load /data/app/~~Kg4esAuICMsEv8m7ePMGCQ==/app.rork.dominder_android_reminder_app-PkJ1h-uzlQQmkOZjgn2Fag==/base.apk!/lib/arm64-v8a/libexpo-modules-core.so using class loader ns clns-4 (caller=/data/app/~~Kg4esAuICMsEv8m7ePMGCQ==/app.rork.dominder_android_reminder_app-PkJ1h-uzlQQmkOZjgn2Fag==/base.apk!classes2.dex): ok
11-16 16:39:41.064 16523 16560 D CompatibilityChangeReporter: Compat change id reported: 210923482; UID 10911; state: ENABLED
11-16 16:39:41.071 16523 16560 W unknown:ViewManagerPropertyUpdater: Could not find generated setter for class com.th3rdwave.safeareacontext.SafeAreaProviderManager
11-16 16:39:41.073 16523 16560 W unknown:ViewManagerPropertyUpdater: Could not find generated setter for class com.facebook.react.uimanager.LayoutShadowNode
11-16 16:39:41.074 16523 16560 W unknown:ViewManagerPropertyUpdater: Could not find generated setter for class com.swmansion.rnscreens.SearchBarManager
11-16 16:39:41.074 16523 16560 W unknown:ViewManagerPropertyUpdater: Could not find generated setter for class com.swmansion.rnscreens.ScreenFooterManager
11-16 16:39:41.075 16523 16560 W unknown:ViewManagerPropertyUpdater: Could not find generated setter for class expo.modules.kotlin.views.GroupViewManagerWrapper
11-16 16:39:41.076 16523 16560 W unknown:ViewManagerPropertyUpdater: Could not find generated setter for class com.swmansion.rnscreens.ScreenContainerViewManager
11-16 16:39:41.077 16523 16560 W unknown:ViewManagerPropertyUpdater: Could not find generated setter for class com.swmansion.rnscreens.ModalScreenViewManager
11-16 16:39:41.078 16523 16560 W unknown:ViewManagerPropertyUpdater: Could not find generated setter for class com.swmansion.rnscreens.ScreenStackHeaderConfigViewManager
11-16 16:39:41.078 16523 16560 W unknown:ViewManagerPropertyUpdater: Could not find generated setter for class com.swmansion.rnscreens.ScreenContentWrapperManager
11-16 16:39:41.079 16523 16560 W unknown:ViewManagerPropertyUpdater: Could not find generated setter for class com.th3rdwave.safeareacontext.SafeAreaViewManager
11-16 16:39:41.079 16523 16560 W unknown:ViewManagerPropertyUpdater: Could not find generated setter for class com.th3rdwave.safeareacontext.SafeAreaViewShadowNode
11-16 16:39:41.080 16523 16560 W unknown:ViewManagerPropertyUpdater: Could not find generated setter for class com.shopify.reactnative.flash_list.AutoLayoutViewManager
11-16 16:39:41.080 16523 16560 W unknown:ViewManagerPropertyUpdater: Could not find generated setter for class com.shopify.reactnative.flash_list.CellContainerManager
11-16 16:39:41.080 16523 16560 W unknown:ViewManagerPropertyUpdater: Could not find generated setter for class com.swmansion.rnscreens.ScreenViewManager
11-16 16:39:41.080 16523 16560 W unknown:ViewManagerPropertyUpdater: Could not find generated setter for class expo.modules.kotlin.views.SimpleViewManagerWrapper
11-16 16:39:41.081 16523 16560 W unknown:ViewManagerPropertyUpdater: Could not find generated setter for class com.swmansion.rnscreens.ScreenStackHeaderSubviewManager
11-16 16:39:41.082 16523 16560 W unknown:ViewManagerPropertyUpdater: Could not find generated setter for class com.swmansion.rnscreens.ScreenStackViewManager
11-16 16:39:41.102 16523 16560 W unknown:ViewManagerPropertyUpdater: Could not find generated setter for class com.horcrux.svg.RenderableViewManager$DefsViewManager
11-16 16:39:41.103 16523 16560 W unknown:ViewManagerPropertyUpdater: Could not find generated setter for class com.horcrux.svg.VirtualViewManager$RenderableShadowNode
11-16 16:39:41.105 16523 16560 W unknown:ViewManagerPropertyUpdater: Could not find generated setter for class com.horcrux.svg.RenderableViewManager$FeMergeManager
11-16 16:39:41.106 16523 16560 W unknown:ViewManagerPropertyUpdater: Could not find generated setter for class com.facebook.react.views.safeareaview.ReactSafeAreaViewManager
11-16 16:39:41.106 16523 16560 W unknown:ViewManagerPropertyUpdater: Could not find generated setter for class com.facebook.react.views.safeareaview.ReactSafeAreaViewShadowNode
11-16 16:39:41.107 16523 16560 W unknown:ViewManagerPropertyUpdater: Could not find generated setter for class com.horcrux.svg.RenderableViewManager$LinearGradientManager
11-16 16:39:41.109 16523 16560 W unknown:ViewManagerPropertyUpdater: Could not find generated setter for class com.horcrux.svg.RenderableViewManager$FeGaussianBlurManager
11-16 16:39:41.110 16523 16560 W unknown:ViewManagerPropertyUpdater: Could not find generated setter for class com.facebook.react.views.progressbar.ReactProgressBarViewManager
11-16 16:39:41.110 16523 16560 W unknown:ViewManagerPropertyUpdater: Could not find generated setter for class com.facebook.react.views.progressbar.ProgressBarShadowNode
11-16 16:39:41.111 16523 16560 W unknown:ViewManagerPropertyUpdater: Could not find generated setter for class com.facebook.react.views.scroll.ReactHorizontalScrollViewManager
11-16 16:39:41.113 16523 16560 W unknown:ViewManagerPropertyUpdater: Could not find generated setter for class com.facebook.react.views.text.ReactTextViewManager
11-16 16:39:41.114 16523 16560 W unknown:ViewManagerPropertyUpdater: Could not find generated setter for class com.facebook.react.views.text.ReactTextShadowNode
11-16 16:39:41.116 16523 16560 W unknown:ViewManagerPropertyUpdater: Could not find generated setter for class com.horcrux.svg.RenderableViewManager$FeColorMatrixManager
11-16 16:39:41.117 16523 16560 W unknown:ViewManagerPropertyUpdater: Could not find generated setter for class com.facebook.react.views.scroll.ReactHorizontalScrollContainerViewManager
11-16 16:39:41.118 16523 16560 W unknown:ViewManagerPropertyUpdater: Could not find generated setter for class com.horcrux.svg.RenderableViewManager$ClipPathViewManager
11-16 16:39:41.120 16523 16560 W unknown:ViewManagerPropertyUpdater: Could not find generated setter for class com.horcrux.svg.RenderableViewManager$SymbolManager
11-16 16:39:41.122 16523 16560 W unknown:ViewManagerPropertyUpdater: Could not find generated setter for class com.horcrux.svg.RenderableViewManager$PatternManager
11-16 16:39:41.124 16523 16560 W unknown:ViewManagerPropertyUpdater: Could not find generated setter for class com.horcrux.svg.RenderableViewManager$FeBlendManager
11-16 16:39:41.125 16523 16560 W unknown:ViewManagerPropertyUpdater: Could not find generated setter for class com.facebook.react.views.view.ReactViewManager
11-16 16:39:41.126 16523 16560 W unknown:ViewManagerPropertyUpdater: Could not find generated setter for class com.horcrux.svg.SvgViewManager
11-16 16:39:41.128 16523 16560 W unknown:ViewManagerPropertyUpdater: Could not find generated setter for class com.facebook.react.views.switchview.ReactSwitchManager
11-16 16:39:41.128 16523 16560 W unknown:ViewManagerPropertyUpdater: Could not find generated setter for class com.facebook.react.views.switchview.ReactSwitchShadowNode
11-16 16:39:41.130 16523 16560 W unknown:ViewManagerPropertyUpdater: Could not find generated setter for class com.horcrux.svg.RenderableViewManager$UseViewManager
11-16 16:39:41.131 16523 16560 W unknown:ViewManagerPropertyUpdater: Could not find generated setter for class com.horcrux.svg.RenderableViewManager$CircleViewManager
11-16 16:39:41.133 16523 16560 W unknown:ViewManagerPropertyUpdater: Could not find generated setter for class com.horcrux.svg.RenderableViewManager$TSpanViewManager
11-16 16:39:41.135 16523 16560 W unknown:ViewManagerPropertyUpdater: Could not find generated setter for class com.horcrux.svg.RenderableViewManager$FilterManager
11-16 16:39:41.136 16523 16560 W unknown:ViewManagerPropertyUpdater: Could not find generated setter for class com.horcrux.svg.RenderableViewManager$MarkerManager
11-16 16:39:41.138 16523 16560 W unknown:ViewManagerPropertyUpdater: Could not find generated setter for class com.swmansion.gesturehandler.react.RNGestureHandlerButtonViewManager
11-16 16:39:41.140 16523 16560 W unknown:ViewManagerPropertyUpdater: Could not find generated setter for class com.facebook.react.views.modal.ReactModalHostManager
11-16 16:39:41.141 16523 16560 W unknown:ViewManagerPropertyUpdater: Could not find generated setter for class com.horcrux.svg.RenderableViewManager$ForeignObjectManager
11-16 16:39:41.143 16523 16560 W unknown:ViewManagerPropertyUpdater: Could not find generated setter for class com.horcrux.svg.RenderableViewManager$EllipseViewManager
11-16 16:39:41.144 16523 16560 W unknown:ViewManagerPropertyUpdater: Could not find generated setter for class com.horcrux.svg.RenderableViewManager$LineViewManager
11-16 16:39:41.146 16523 16560 W unknown:ViewManagerPropertyUpdater: Could not find generated setter for class com.facebook.react.views.text.frescosupport.FrescoBasedReactTextInlineImageViewManager
11-16 16:39:41.146 16523 16560 W unknown:ViewManagerPropertyUpdater: Could not find generated setter for class com.facebook.react.views.text.frescosupport.FrescoBasedReactTextInlineImageShadowNode
11-16 16:39:41.147 16523 16560 W unknown:ViewManagerPropertyUpdater: Could not find generated setter for class com.horcrux.svg.RenderableViewManager$FeFloodManager
11-16 16:39:41.148 16523 16560 W unknown:ViewManagerPropertyUpdater: Could not find generated setter for class com.horcrux.svg.RenderableViewManager$GroupViewManager
11-16 16:39:41.150 16523 16560 W unknown:ViewManagerPropertyUpdater: Could not find generated setter for class com.horcrux.svg.RenderableViewManager$TextViewManager
11-16 16:39:41.151 16523 16560 W unknown:ViewManagerPropertyUpdater: Could not find generated setter for class com.horcrux.svg.RenderableViewManager$ImageViewManager
11-16 16:39:41.153 16523 16560 W unknown:ViewManagerPropertyUpdater: Could not find generated setter for class com.horcrux.svg.RenderableViewManager$FeCompositeManager
11-16 16:39:41.154 16523 16560 W unknown:ViewManagerPropertyUpdater: Could not find generated setter for class com.facebook.react.views.image.ReactImageManager
11-16 16:39:41.156 16523 16560 W unknown:ViewManagerPropertyUpdater: Could not find generated setter for class com.horcrux.svg.RenderableViewManager$RadialGradientManager
11-16 16:39:41.158 16523 16560 W unknown:ViewManagerPropertyUpdater: Could not find generated setter for class com.horcrux.svg.RenderableViewManager$MaskManager
11-16 16:39:41.159 16523 16560 W unknown:ViewManagerPropertyUpdater: Could not find generated setter for class com.facebook.react.views.unimplementedview.ReactUnimplementedViewManager
11-16 16:39:41.161 16523 16560 W unknown:ViewManagerPropertyUpdater: Could not find generated setter for class com.horcrux.svg.RenderableViewManager$RectViewManager
11-16 16:39:41.162 16523 16560 W unknown:ViewManagerPropertyUpdater: Could not find generated setter for class com.horcrux.svg.RenderableViewManager$TextPathViewManager
11-16 16:39:41.164 16523 16560 W unknown:ViewManagerPropertyUpdater: Could not find generated setter for class com.facebook.react.views.scroll.ReactScrollViewManager
11-16 16:39:41.166 16523 16560 W unknown:ViewManagerPropertyUpdater: Could not find generated setter for class com.horcrux.svg.RenderableViewManager$FeOffsetManager
11-16 16:39:41.167 16523 16560 W unknown:ViewManagerPropertyUpdater: Could not find generated setter for class com.horcrux.svg.RenderableViewManager$PathViewManager
11-16 16:39:41.169 16523 16560 W unknown:ViewManagerPropertyUpdater: Could not find generated setter for class com.facebook.react.views.drawer.ReactDrawerLayoutManager
11-16 16:39:41.170 16523 16560 W unknown:ViewManagerPropertyUpdater: Could not find generated setter for class com.facebook.react.views.text.ReactVirtualTextViewManager
11-16 16:39:41.170 16523 16560 W unknown:ViewManagerPropertyUpdater: Could not find generated setter for class com.facebook.react.views.text.ReactVirtualTextShadowNode
11-16 16:39:41.171 16523 16560 W unknown:ViewManagerPropertyUpdater: Could not find generated setter for class com.facebook.react.views.swiperefresh.SwipeRefreshLayoutManager
11-16 16:39:41.173 16523 16560 W unknown:ViewManagerPropertyUpdater: Could not find generated setter for class com.facebook.react.views.text.ReactRawTextManager
11-16 16:39:41.173 16523 16560 W unknown:ViewManagerPropertyUpdater: Could not find generated setter for class com.facebook.react.views.text.ReactRawTextShadowNode
11-16 16:39:41.173 16523 16560 W unknown:ViewManagerPropertyUpdater: Could not find generated setter for class com.facebook.react.views.textinput.ReactTextInputManager
11-16 16:39:41.174 16523 16560 W unknown:ViewManagerPropertyUpdater: Could not find generated setter for class com.facebook.react.views.textinput.ReactTextInputShadowNode
11-16 16:39:41.176 16523 16560 W unknown:ViewManagerPropertyUpdater: Could not find generated setter for class com.swmansion.gesturehandler.react.RNGestureHandlerRootViewManager
11-16 16:39:41.180 16523 16560 W BridgelessReactContext: [WARNING] Bridgeless doesn't support CatalystInstance. Accessing an API that's not part of the new architecture is not encouraged usage.
11-16 16:39:41.189 16523 16560 I ExpoModulesCore:  JSI interop was installed
11-16 16:39:41.191 16523 16560 I ExpoModulesCore:  Constants were exported
11-16 16:39:41.208 16523 16560 D nativeloader: Load /data/app/~~Kg4esAuICMsEv8m7ePMGCQ==/app.rork.dominder_android_reminder_app-PkJ1h-uzlQQmkOZjgn2Fag==/base.apk!/lib/arm64-v8a/libworklets.so using class loader ns clns-4 (caller=/data/app/~~Kg4esAuICMsEv8m7ePMGCQ==/app.rork.dominder_android_reminder_app-PkJ1h-uzlQQmkOZjgn2Fag==/base.apk!classes2.dex): ok
11-16 16:39:41.243 16523 16560 D nativeloader: Load /data/app/~~Kg4esAuICMsEv8m7ePMGCQ==/app.rork.dominder_android_reminder_app-PkJ1h-uzlQQmkOZjgn2Fag==/base.apk!/lib/arm64-v8a/libreanimated.so using class loader ns clns-4 (caller=/data/app/~~Kg4esAuICMsEv8m7ePMGCQ==/app.rork.dominder_android_reminder_app-PkJ1h-uzlQQmkOZjgn2Fag==/base.apk!classes2.dex): ok
11-16 16:39:41.366 16523 16560 D nativeloader: Load /data/app/~~Kg4esAuICMsEv8m7ePMGCQ==/app.rork.dominder_android_reminder_app-PkJ1h-uzlQQmkOZjgn2Fag==/base.apk!/lib/arm64-v8a/librnscreens.so using class loader ns clns-4 (caller=/data/app/~~Kg4esAuICMsEv8m7ePMGCQ==/app.rork.dominder_android_reminder_app-PkJ1h-uzlQQmkOZjgn2Fag==/base.apk!classes2.dex): ok
11-16 16:39:41.373 16523 16560 I ReactNativeJS: '[NotificationService] AlarmModule availability:', 'Available'
11-16 16:39:41.374 16523 16560 I ReactNativeJS: '[NotificationService] AlarmModule methods:', [ 'scheduleAlarm' ]
11-16 16:39:41.374 16523 16560 I ReactNativeJS: Running "main"
11-16 16:39:41.427 16523 16560 I ReactNativeJS: [useAlarmListeners] Setting up native alarm event listeners...
11-16 16:39:41.427 16523 16560 I ReactNativeJS: [AlarmSync] Hook initialized
11-16 16:39:41.427 16523 16560 I ReactNativeJS: [AlarmSync] Checking for completed alarms...
11-16 16:39:41.428 16523 16560 I ReactNativeJS: [RootLayout] Setting up notification handlers
11-16 16:39:41.428 16523 16560 I ReactNativeJS: [RootLayout] Initializing missed alarm service
11-16 16:39:41.428 16523 16560 I ReactNativeJS: [MissedAlarmService] Initializing...
11-16 16:39:41.428 16523 16560 I ReactNativeJS: [MissedAlarmService] Initialized successfully
11-16 16:39:41.428 16523 16561 D DoMinderDebug: AlarmModule: Retrieved 1 completed alarms
11-16 16:39:41.428 16523 16560 I ReactNativeJS: [Dominder-Debug] Ensuring base notification channels
11-16 16:39:41.429 16523 16560 I ReactNativeJS: '[Dominder-Debug] Creating channel:', '{"id":"standard-v2","name":"Standard Notifications","importance":4,"sound":"default","vibration":true}'
11-16 16:39:41.431 16523 16560 I ReactNativeJS: '[AlarmSync] Found completed alarms:', 1
11-16 16:39:41.432 16523 16560 I ReactNativeJS: '[AlarmSync] Processing completed alarm:', '1763291246078', 'at', '1763291373903'
11-16 16:39:41.432 16523 16560 I ReactNativeJS: [Scheduler] Marking reminder 1763291246078 as done
11-16 16:39:41.432 16523 16560 I ReactNativeJS: '[RootLayout] Initial notification:', null
11-16 16:39:41.432 16523 16560 I ReactNativeJS: '[Dominder-Debug] Creating channel:', '{"id":"silent-v2","name":"Silent Notifications","importance":2,"vibration":false}'
11-16 16:39:41.434 16523 16560 I ReactNativeJS: '[Dominder-Debug] Creating channel:', '{"id":"alarm-v2","name":"Alarms","importance":4,"sound":"default","vibration":true,"bypassDnd":true}'
11-16 16:39:41.435 16523 16523 D VRI[MainActivity]: update {(0,0)(fillxfill) sim={adjust=resize forwardNavigation} ty=BASE_APPLICATION wanim=0x10302fd
11-16 16:39:41.435 16523 16523 D VRI[MainActivity]:   fl=LAYOUT_IN_SCREEN LAYOUT_INSET_DECOR SPLIT_TOUCH HARDWARE_ACCELERATED DRAWS_SYSTEM_BAR_BACKGROUNDS
11-16 16:39:41.435 16523 16523 D VRI[MainActivity]:   pfl=NO_MOVE_ANIMATION FORCE_DRAW_STATUS_BAR_BACKGROUND FIT_INSETS_CONTROLLED
11-16 16:39:41.435 16523 16523 D VRI[MainActivity]:   bhv=DEFAULT
11-16 16:39:41.435 16523 16523 D VRI[MainActivity]:   fitSides=} by setLayoutParams
11-16 16:39:41.435 16523 16561 D DoMinderDebug: AlarmModule: Saved notification settings - sound: false, vibration: false
11-16 16:39:41.435 16523 16560 I ReactNativeJS: [RootLayout] Initialized notification settings in native
11-16 16:39:41.436 16523 16580 I NOTIFEE : (NotificationManager): Removing notification with id rem-1763291246078
11-16 16:39:41.436 16523 16580 I NOTIFEE : (NotificationManager): Removing notification with id rem-1763291246078
11-16 16:39:41.436 16523 16523 D VRI[MainActivity]: update {(0,0)(fillxfill) sim={adjust=resize forwardNavigation} ty=BASE_APPLICATION wanim=0x10302fd
11-16 16:39:41.436 16523 16523 D VRI[MainActivity]:   fl=LAYOUT_IN_SCREEN FORCE_NOT_FULLSCREEN LAYOUT_INSET_DECOR SPLIT_TOUCH HARDWARE_ACCELERATED DRAWS_SYSTEM_BAR_BACKGROUNDS
11-16 16:39:41.436 16523 16523 D VRI[MainActivity]:   pfl=NO_MOVE_ANIMATION FORCE_DRAW_STATUS_BAR_BACKGROUND FIT_INSETS_CONTROLLED
11-16 16:39:41.436 16523 16523 D VRI[MainActivity]:   bhv=DEFAULT
11-16 16:39:41.436 16523 16523 D VRI[MainActivity]:   fitSides=} by setLayoutParams
11-16 16:39:41.437 16523 16560 I ReactNativeJS: [Dominder-Debug] Base channels ensured
11-16 16:39:41.437 16523 16523 D VRI[MainActivity]: update {(0,0)(fillxfill) sim={adjust=resize forwardNavigation} ty=BASE_APPLICATION wanim=0x10302fd
11-16 16:39:41.437 16523 16523 D VRI[MainActivity]:   fl=LAYOUT_IN_SCREEN FORCE_NOT_FULLSCREEN LAYOUT_INSET_DECOR SPLIT_TOUCH HARDWARE_ACCELERATED DRAWS_SYSTEM_BAR_BACKGROUNDS
11-16 16:39:41.437 16523 16523 D VRI[MainActivity]:   pfl=NO_MOVE_ANIMATION FORCE_DRAW_STATUS_BAR_BACKGROUND FIT_INSETS_CONTROLLED
11-16 16:39:41.437 16523 16523 D VRI[MainActivity]:   bhv=DEFAULT
11-16 16:39:41.437 16523 16523 D VRI[MainActivity]:   fitSides=} by setLayoutParams
11-16 16:39:41.438 16523 16560 I ReactNativeJS: [AlarmSync] App became active, syncing...
11-16 16:39:41.438 16523 16560 I ReactNativeJS: [AlarmSync] Checking for completed alarms...
11-16 16:39:41.438 16523 16561 D DoMinderDebug: AlarmModule: Retrieved 1 completed alarms
11-16 16:39:41.438 16523 16560 I ReactNativeJS: '[AlarmSync] Found completed alarms:', 1
11-16 16:39:41.438 16523 16560 I ReactNativeJS: '[AlarmSync] Processing completed alarm:', '1763291246078', 'at', '1763291373903'
11-16 16:39:41.439 16523 16560 I ReactNativeJS: [Scheduler] Marking reminder 1763291246078 as done
11-16 16:39:41.440 16523 16580 I NOTIFEE : (NotificationManager): Removing notification with id rem-1763291246078
11-16 16:39:41.440 16523 16580 I NOTIFEE : (NotificationManager): Removing notification with id rem-1763291246078
11-16 16:39:41.440 16523 16582 I NOTIFEE : (NotificationManager): Removing notification with id rem-1763291246078
11-16 16:39:41.441 16523 16560 I ReactNativeJS: [NotificationService] Cancelled all notifications (scheduled + displayed) for reminder 1763291246078
11-16 16:39:41.441 16523 16560 I ReactNativeJS: [Scheduler] Marking one-time reminder 1763291246078 as complete.
11-16 16:39:41.442 16523 16585 I NOTIFEE : (NotificationManager): Removing notification with id rem-1763291246078
11-16 16:39:41.442 16523 16560 I ReactNativeJS: Cancelling notifications for reminder 1763291246078 (completed: true, paused: false)
11-16 16:39:41.443 16523 16560 I ReactNativeJS: [NotificationService] Cancelled all notifications (scheduled + displayed) for reminder 1763291246078
11-16 16:39:41.443 16523 16560 I ReactNativeJS: [Scheduler] Marking one-time reminder 1763291246078 as complete.
11-16 16:39:41.443 16523 16580 I NOTIFEE : (NotificationManager): Removing notification with id rem-1763291246078
11-16 16:39:41.443 16523 16580 I NOTIFEE : (NotificationManager): Removing notification with id rem-1763291246078
11-16 16:39:41.444 16523 16585 I NOTIFEE : (NotificationManager): Removing notification with id rem-1763291246078
11-16 16:39:41.468 16523 16560 I ReactNativeJS: '[Selection] Mode changed:', false, 'Selected count:', 0
11-16 16:39:41.469 16523 16560 I ReactNativeJS: '[ReminderEngine] Processing reminders, count:', 0
11-16 16:39:41.470 16523 16523 W [RNScreens]: backTitleVisible prop is not available on Android
11-16 16:39:41.470 16523 16523 W [RNScreens]: backTitleFontFamily prop is not available on Android
11-16 16:39:41.470 16523 16523 W [RNScreens]: disableBackButtonMenu prop is not available on Android
11-16 16:39:41.470 16523 16523 W [RNScreens]: largeTitleFontFamily prop is not available on Android
11-16 16:39:41.471 16523 16523 W [RNScreens]: largeTitleFontWeight prop is not available on Android
11-16 16:39:41.471 16523 16523 W [RNScreens]: largeTitleHideShadow prop is not available on Android
11-16 16:39:41.477 16523 16560 I ReactNativeJS: '[ReminderEngine] Processing reminders, count:', 0
11-16 16:39:41.479 16523 16560 I ReactNativeJS: [NotificationService] Cancelled all notifications (scheduled + displayed) for reminder 1763291246078
11-16 16:39:41.479 16523 16560 I ReactNativeJS: [ReminderService] Updating reminder 1763291246078: isActive=true, isCompleted=true, repeatType=none
11-16 16:39:41.484 16523 16560 D nativeloader: Load /data/app/~~Kg4esAuICMsEv8m7ePMGCQ==/app.rork.dominder_android_reminder_app-PkJ1h-uzlQQmkOZjgn2Fag==/base.apk!/lib/arm64-v8a/libgesturehandler.so using class loader ns clns-4 (caller=/data/app/~~Kg4esAuICMsEv8m7ePMGCQ==/app.rork.dominder_android_reminder_app-PkJ1h-uzlQQmkOZjgn2Fag==/base.apk!classes2.dex): ok
11-16 16:39:41.484 16523 16560 D jni_lib_merge: Entering merged library JNI_OnLoad.
11-16 16:39:41.484 16523 16560 D jni_lib_merge: Preparing 11 pre-merged libs (including stub)
11-16 16:39:41.484 16523 16560 D jni_lib_merge: Preparing to register libfabricjni_so.  onload_func: 0x76744ee4c4
11-16 16:39:41.484 16523 16560 D jni_lib_merge: Preparing to register libreact_devsupportjni_so.  onload_func: 0x76745c0110
11-16 16:39:41.484 16523 16560 D jni_lib_merge: Preparing to register libreact_featureflagsjni_so.  onload_func: 0x76745c83ac
11-16 16:39:41.484 16523 16560 D jni_lib_merge: Preparing to register libreact_newarchdefaults_so.  onload_func: 0x76745ec3c8
11-16 16:39:41.484 16523 16560 D jni_lib_merge: Preparing to register libreactnativeblob_so.  onload_func: 0x767467321c
11-16 16:39:41.484 16523 16560 D jni_lib_merge: Preparing to register libreactnativejni_so.  onload_func: 0x7674691204
11-16 16:39:41.484 16523 16560 D jni_lib_merge: Preparing to register librninstance_so.  onload_func: 0x76746aa990
11-16 16:39:41.484 16523 16560 D jni_lib_merge: Preparing to register libturbomodulejsijni_so.  onload_func: 0x767472587c
11-16 16:39:41.484 16523 16560 D jni_lib_merge: Preparing to register libuimanagerjni_so.  onload_func: 0x767472cd94
11-16 16:39:41.484 16523 16560 D jni_lib_merge: Preparing to register libyoga_so.  onload_func: 0x76747321e8
11-16 16:39:41.484 16523 16560 D jni_lib_merge: About to register 10 actual methods.
11-16 16:39:41.484 16523 16560 I ReactNativeJS: [Scheduler] Updated state for reminder 1763291246078
11-16 16:39:41.484 16523 16560 I ReactNativeJS: [RootLayout] remindersChanged event received, invalidating queries.
11-16 16:39:41.485 16523 16561 D DoMinderDebug: AlarmModule: Cleared completed alarm 1763291246078
11-16 16:39:41.489 16523 16560 I ReactNativeJS: '[AlarmSync]  Successfully processed completion for:', '1763291246078'
11-16 16:39:41.489 16523 16561 D DoMinderDebug: AlarmModule: Retrieved 0 snoozed alarms
11-16 16:39:41.490 16523 16560 I ReactNativeJS: Cancelling notifications for reminder 1763291246078 (completed: true, paused: false)
11-16 16:39:41.490 16523 16560 I ReactNativeJS: '[AlarmSync] Found snoozed alarms:', 0
11-16 16:39:41.490 16523 16580 I NOTIFEE : (NotificationManager): Removing notification with id rem-1763291246078
11-16 16:39:41.490 16523 16523 I ReactNative: [GESTURE HANDLER] Initialize gesture handler for root view com.facebook.react.runtime.ReactSurfaceView{a7f2e18 V.E...... ......ID 0,0-1080,2295 #b}
11-16 16:39:41.490 16523 16580 I NOTIFEE : (NotificationManager): Removing notification with id rem-1763291246078
11-16 16:39:41.492 16523 16585 I NOTIFEE : (NotificationManager): Removing notification with id rem-1763291246078
11-16 16:39:41.493 16523 16560 I ReactNativeJS: [NotificationService] Cancelled all notifications (scheduled + displayed) for reminder 1763291246078
11-16 16:39:41.493 16523 16560 I ReactNativeJS: [ReminderService] Updating reminder 1763291246078: isActive=true, isCompleted=true, repeatType=none
11-16 16:39:41.499 16523 16560 I ReactNativeJS: [Scheduler] Updated state for reminder 1763291246078
11-16 16:39:41.499 16523 16560 I ReactNativeJS: [RootLayout] remindersChanged event received, invalidating queries.
11-16 16:39:41.500 16523 16561 D DoMinderDebug: AlarmModule: Cleared completed alarm 1763291246078
11-16 16:39:41.500 16523 16560 I ReactNativeJS: '[AlarmSync]  Successfully processed completion for:', '1763291246078'
11-16 16:39:41.500 16523 16561 D DoMinderDebug: AlarmModule: Retrieved 0 snoozed alarms
11-16 16:39:41.501 16523 16560 I ReactNativeJS: '[AlarmSync] Found snoozed alarms:', 0
11-16 16:39:41.515 16523 16551 W Parcel  : Expecting binder but got null!
11-16 16:39:41.516 16523 16523 D VRI[MainActivity]: update {(0,0)(fillxfill) sim={adjust=resize forwardNavigation} ty=BASE_APPLICATION wanim=0x10302fd
11-16 16:39:41.516 16523 16523 D VRI[MainActivity]:   fl=LAYOUT_IN_SCREEN FORCE_NOT_FULLSCREEN LAYOUT_INSET_DECOR SPLIT_TOUCH HARDWARE_ACCELERATED DRAWS_SYSTEM_BAR_BACKGROUNDS
11-16 16:39:41.516 16523 16523 D VRI[MainActivity]:   pfl=NO_MOVE_ANIMATION FORCE_DRAW_STATUS_BAR_BACKGROUND FIT_INSETS_CONTROLLED
11-16 16:39:41.516 16523 16523 D VRI[MainActivity]:   bhv=DEFAULT
11-16 16:39:41.516 16523 16523 D VRI[MainActivity]:   fitSides=} by setLayoutParams
11-16 16:39:41.548 16523 16560 I ReactNativeJS: '[ReminderEngine] Processing reminders, count:', 3
11-16 16:39:41.557 16523 16523 D CompatibilityChangeReporter: Compat change id reported: 171228096; UID 10911; state: ENABLED
11-16 16:39:41.574 16523 16523 W unknown:ViewManagerPropertyUpdater: Could not find generated setter for class com.facebook.react.uimanager.RootViewManager
11-16 16:39:46.803 16523 16596 D ProfileInstaller: Skipping profile installation for app.rork.dominder_android_reminder_app
11-16 16:39:50.769 16523 16530 W System  : A resource failed to call release. 
11-16 16:39:56.601 16523 16523 W [RNScreens]: backTitleVisible prop is not available on Android
11-16 16:39:56.602 16523 16523 W [RNScreens]: backTitleFontFamily prop is not available on Android
11-16 16:39:56.602 16523 16523 W [RNScreens]: disableBackButtonMenu prop is not available on Android
11-16 16:39:56.602 16523 16523 W [RNScreens]: largeTitleFontFamily prop is not available on Android
11-16 16:39:56.602 16523 16523 W [RNScreens]: largeTitleFontWeight prop is not available on Android
11-16 16:39:56.602 16523 16523 W [RNScreens]: largeTitleHideShadow prop is not available on Android
11-16 16:40:00.622 16523 16523 D ViewRootImpl: update {(0,0)(fillxfill) gr=CENTER sim={adjust=resize forwardNavigation} ty=APPLICATION fmt=TRANSPARENT wanim=0x7f11012e
11-16 16:40:00.622 16523 16523 D ViewRootImpl:   fl=DIM_BEHIND NOT_FOCUSABLE LAYOUT_IN_SCREEN LAYOUT_INSET_DECOR SPLIT_TOUCH HARDWARE_ACCELERATED DRAWS_SYSTEM_BAR_BACKGROUNDS
11-16 16:40:00.622 16523 16523 D ViewRootImpl:   pfl=NO_MOVE_ANIMATION FORCE_DRAW_STATUS_BAR_BACKGROUND FIT_INSETS_CONTROLLED
11-16 16:40:00.622 16523 16523 D ViewRootImpl:   bhv=DEFAULT
11-16 16:40:00.622 16523 16523 D ViewRootImpl:   fitSides=} by setView
11-16 16:40:00.627 16523 16523 D VRI[MainActivity]: update {(0,0)(fillxfill) gr=CENTER sim={adjust=resize} ty=APPLICATION fmt=TRANSPARENT wanim=0x7f11012e
11-16 16:40:00.627 16523 16523 D VRI[MainActivity]:   fl=DIM_BEHIND LAYOUT_IN_SCREEN LAYOUT_INSET_DECOR SPLIT_TOUCH HARDWARE_ACCELERATED DRAWS_SYSTEM_BAR_BACKGROUNDS
11-16 16:40:00.627 16523 16523 D VRI[MainActivity]:   pfl=NO_MOVE_ANIMATION FORCE_DRAW_STATUS_BAR_BACKGROUND FIT_INSETS_CONTROLLED
11-16 16:40:00.627 16523 16523 D VRI[MainActivity]:   bhv=DEFAULT
11-16 16:40:00.627 16523 16523 D VRI[MainActivity]:   fitSides=} by setLayoutParams
