--------- beginning of main
01-05 07:32:58.208 14038 14038 I id_reminder_app: Using CollectorTypeCC GC.
01-05 07:32:58.217 14038 14038 D nativeloader: Load libframework-connectivity-tiramisu-jni.so using APEX ns com_android_tethering for caller /apex/com.android.tethering/javalib/framework-connectivity-t.jar: ok
01-05 07:32:58.228 14038 14038 D CompatibilityChangeReporter: Compat change id reported: 171979766; UID 11036; state: ENABLED
01-05 07:32:58.295 14038 14038 D nativeloader: Configuring clns-4 for other apk /data/app/~~JEKNsmVWfMhCWPCskAJhSg==/app.rork.dominder_android_reminder_app-GfV52L2FjkCRS0H7MRvo6w==/base.apk. target_sdk_version=35, uses_libraries=, library_path=/data/app/~~JEKNsmVWfMhCWPCskAJhSg==/app.rork.dominder_android_reminder_app-GfV52L2FjkCRS0H7MRvo6w==/lib/arm64:/data/app/~~JEKNsmVWfMhCWPCskAJhSg==/app.rork.dominder_android_reminder_app-GfV52L2FjkCRS0H7MRvo6w==/base.apk!/lib/arm64-v8a, permitted_path=/data:/mnt/expand:/data/user/0/app.rork.dominder_android_reminder_app
01-05 07:32:58.303 14038 14038 D nativeloader: Load libframework-connectivity-jni.so using APEX ns com_android_tethering for caller /apex/com.android.tethering/javalib/framework-connectivity.jar: ok
01-05 07:32:58.316 14038 14038 V GraphicsEnvironment: ANGLE Developer option for 'app.rork.dominder_android_reminder_app' set to: 'default'
01-05 07:32:58.317 14038 14038 V GraphicsEnvironment: ANGLE GameManagerService for app.rork.dominder_android_reminder_app: false
01-05 07:32:58.317 14038 14038 V GraphicsEnvironment: Neither updatable production driver nor prerelease driver is supported.
01-05 07:32:58.319 14038 14038 D NetworkSecurityConfig: No Network Security Config specified, using platform default
01-05 07:32:58.319 14038 14038 D NetworkSecurityConfig: No Network Security Config specified, using platform default
01-05 07:32:58.328 14038 14038 D WM-WrkMgrInitializer: Initializing WorkManager with default configuration.
01-05 07:32:58.331 14038 14038 D WM-PackageManagerHelper: Skipping component enablement for androidx.work.impl.background.systemjob.SystemJobService
01-05 07:32:58.331 14038 14038 D WM-Schedulers: Created SystemJobScheduler and enabled SystemJobService
01-05 07:32:58.334 14038 14038 D NOTIFEE : (context): received application context
01-05 07:32:58.337 14038 14038 W SoLoader: Initializing SoLoader: 0
01-05 07:32:58.337 14038 14038 W SoLoader: Recording new base apk path: /data/app/~~JEKNsmVWfMhCWPCskAJhSg==/app.rork.dominder_android_reminder_app-GfV52L2FjkCRS0H7MRvo6w==/base.apk
01-05 07:32:58.337 14038 14038 W SoLoader: Previously recorded 0 base apk paths.
01-05 07:32:58.338 14038 14038 I SoLoader: Preparing SO source: DirectorySoSource[root = /vendor/lib64 flags = 2]
01-05 07:32:58.338 14038 14038 I SoLoader: Preparing SO source: DirectorySoSource[root = /system/lib64 flags = 2]
01-05 07:32:58.338 14038 14038 I SoLoader: Preparing SO source: DirectApkSoSource[root = [/data/app/~~JEKNsmVWfMhCWPCskAJhSg==/app.rork.dominder_android_reminder_app-GfV52L2FjkCRS0H7MRvo6w==/base.apk!/lib/arm64-v8a]]
01-05 07:32:58.341 14038 14038 I SoLoader: Preparing SO source: ApplicationSoSource[DirectorySoSource[root = /data/app/~~JEKNsmVWfMhCWPCskAJhSg==/app.rork.dominder_android_reminder_app-GfV52L2FjkCRS0H7MRvo6w==/lib/arm64 flags = 0]]
01-05 07:32:58.341 14038 14038 I SoLoader: init finish: 4 SO sources prepared
01-05 07:32:58.341 14038 14038 W SoLoader: SoLoader initialized: 8
01-05 07:32:58.360 14038 14058 D CompatibilityChangeReporter: Compat change id reported: 160794467; UID 11036; state: ENABLED
01-05 07:32:58.375 14038 14038 D nativeloader: Load /data/app/~~JEKNsmVWfMhCWPCskAJhSg==/app.rork.dominder_android_reminder_app-GfV52L2FjkCRS0H7MRvo6w==/base.apk!/lib/arm64-v8a/libc++_shared.so using class loader ns clns-4 (caller=/data/app/~~JEKNsmVWfMhCWPCskAJhSg==/app.rork.dominder_android_reminder_app-GfV52L2FjkCRS0H7MRvo6w==/base.apk!classes2.dex): ok
01-05 07:32:58.386 14038 14038 D nativeloader: Load /data/app/~~JEKNsmVWfMhCWPCskAJhSg==/app.rork.dominder_android_reminder_app-GfV52L2FjkCRS0H7MRvo6w==/base.apk!/lib/arm64-v8a/libjsi.so using class loader ns clns-4 (caller=/data/app/~~JEKNsmVWfMhCWPCskAJhSg==/app.rork.dominder_android_reminder_app-GfV52L2FjkCRS0H7MRvo6w==/base.apk!classes2.dex): ok
01-05 07:32:58.405 14038 14038 D nativeloader: Load /data/app/~~JEKNsmVWfMhCWPCskAJhSg==/app.rork.dominder_android_reminder_app-GfV52L2FjkCRS0H7MRvo6w==/base.apk!/lib/arm64-v8a/libfbjni.so using class loader ns clns-4 (caller=/data/app/~~JEKNsmVWfMhCWPCskAJhSg==/app.rork.dominder_android_reminder_app-GfV52L2FjkCRS0H7MRvo6w==/base.apk!classes2.dex): ok
01-05 07:32:58.446 14038 14038 D nativeloader: Load /data/app/~~JEKNsmVWfMhCWPCskAJhSg==/app.rork.dominder_android_reminder_app-GfV52L2FjkCRS0H7MRvo6w==/base.apk!/lib/arm64-v8a/libreactnative.so using class loader ns clns-4 (caller=/data/app/~~JEKNsmVWfMhCWPCskAJhSg==/app.rork.dominder_android_reminder_app-GfV52L2FjkCRS0H7MRvo6w==/base.apk!classes2.dex): ok
01-05 07:32:58.447 14038 14038 D jni_lib_merge: Entering merged library JNI_OnLoad.
01-05 07:32:58.448 14038 14038 D jni_lib_merge: Preparing 11 pre-merged libs (including stub)
01-05 07:32:58.448 14038 14038 D jni_lib_merge: Preparing to register libfabricjni_so.  onload_func: 0x783aa8b4c4
01-05 07:32:58.448 14038 14038 D jni_lib_merge: Preparing to register libreact_devsupportjni_so.  onload_func: 0x783ab5d110
01-05 07:32:58.448 14038 14038 D jni_lib_merge: Preparing to register libreact_featureflagsjni_so.  onload_func: 0x783ab653ac
01-05 07:32:58.448 14038 14038 D jni_lib_merge: Preparing to register libreact_newarchdefaults_so.  onload_func: 0x783ab893c8
01-05 07:32:58.448 14038 14038 D jni_lib_merge: Preparing to register libreactnativeblob_so.  onload_func: 0x783ac1021c
01-05 07:32:58.448 14038 14038 D jni_lib_merge: Preparing to register libreactnativejni_so.  onload_func: 0x783ac2e204
01-05 07:32:58.448 14038 14038 D jni_lib_merge: Preparing to register librninstance_so.  onload_func: 0x783ac47990
01-05 07:32:58.448 14038 14038 D jni_lib_merge: Preparing to register libturbomodulejsijni_so.  onload_func: 0x783acc287c
01-05 07:32:58.448 14038 14038 D jni_lib_merge: Preparing to register libuimanagerjni_so.  onload_func: 0x783acc9d94
01-05 07:32:58.448 14038 14038 D jni_lib_merge: Preparing to register libyoga_so.  onload_func: 0x783accf1e8
01-05 07:32:58.448 14038 14038 D jni_lib_merge: About to register 10 actual methods.
01-05 07:32:58.463 14038 14038 D nativeloader: Load /data/app/~~JEKNsmVWfMhCWPCskAJhSg==/app.rork.dominder_android_reminder_app-GfV52L2FjkCRS0H7MRvo6w==/base.apk!/lib/arm64-v8a/libreact_codegen_rnscreens.so using class loader ns clns-4 (caller=/data/app/~~JEKNsmVWfMhCWPCskAJhSg==/app.rork.dominder_android_reminder_app-GfV52L2FjkCRS0H7MRvo6w==/base.apk!classes2.dex): ok
01-05 07:32:58.463 14038 14038 D jni_lib_merge: Entering merged library JNI_OnLoad.
01-05 07:32:58.463 14038 14038 D jni_lib_merge: Preparing 11 pre-merged libs (including stub)
01-05 07:32:58.463 14038 14038 D jni_lib_merge: Preparing to register libfabricjni_so.  onload_func: 0x783aa8b4c4
01-05 07:32:58.463 14038 14038 D jni_lib_merge: Preparing to register libreact_devsupportjni_so.  onload_func: 0x783ab5d110
01-05 07:32:58.463 14038 14038 D jni_lib_merge: Preparing to register libreact_featureflagsjni_so.  onload_func: 0x783ab653ac
01-05 07:32:58.463 14038 14038 D jni_lib_merge: Preparing to register libreact_newarchdefaults_so.  onload_func: 0x783ab893c8
01-05 07:32:58.463 14038 14038 D jni_lib_merge: Preparing to register libreactnativeblob_so.  onload_func: 0x783ac1021c
01-05 07:32:58.463 14038 14038 D jni_lib_merge: Preparing to register libreactnativejni_so.  onload_func: 0x783ac2e204
01-05 07:32:58.463 14038 14038 D jni_lib_merge: Preparing to register librninstance_so.  onload_func: 0x783ac47990
01-05 07:32:58.463 14038 14038 D jni_lib_merge: Preparing to register libturbomodulejsijni_so.  onload_func: 0x783acc287c
01-05 07:32:58.463 14038 14038 D jni_lib_merge: Preparing to register libuimanagerjni_so.  onload_func: 0x783acc9d94
01-05 07:32:58.463 14038 14038 D jni_lib_merge: Preparing to register libyoga_so.  onload_func: 0x783accf1e8
01-05 07:32:58.463 14038 14038 D jni_lib_merge: About to register 10 actual methods.
01-05 07:32:58.467 14038 14038 D nativeloader: Load /data/app/~~JEKNsmVWfMhCWPCskAJhSg==/app.rork.dominder_android_reminder_app-GfV52L2FjkCRS0H7MRvo6w==/base.apk!/lib/arm64-v8a/libreact_codegen_RNCSlider.so using class loader ns clns-4 (caller=/data/app/~~JEKNsmVWfMhCWPCskAJhSg==/app.rork.dominder_android_reminder_app-GfV52L2FjkCRS0H7MRvo6w==/base.apk!classes2.dex): ok
01-05 07:32:58.472 14038 14038 D nativeloader: Load /data/app/~~JEKNsmVWfMhCWPCskAJhSg==/app.rork.dominder_android_reminder_app-GfV52L2FjkCRS0H7MRvo6w==/base.apk!/lib/arm64-v8a/libreact_codegen_rnsvg.so using class loader ns clns-4 (caller=/data/app/~~JEKNsmVWfMhCWPCskAJhSg==/app.rork.dominder_android_reminder_app-GfV52L2FjkCRS0H7MRvo6w==/base.apk!classes2.dex): ok
01-05 07:32:58.472 14038 14038 D jni_lib_merge: Entering merged library JNI_OnLoad.
01-05 07:32:58.472 14038 14038 D jni_lib_merge: Preparing 11 pre-merged libs (including stub)
01-05 07:32:58.472 14038 14038 D jni_lib_merge: Preparing to register libfabricjni_so.  onload_func: 0x783aa8b4c4
01-05 07:32:58.472 14038 14038 D jni_lib_merge: Preparing to register libreact_devsupportjni_so.  onload_func: 0x783ab5d110
01-05 07:32:58.472 14038 14038 D jni_lib_merge: Preparing to register libreact_featureflagsjni_so.  onload_func: 0x783ab653ac
01-05 07:32:58.472 14038 14038 D jni_lib_merge: Preparing to register libreact_newarchdefaults_so.  onload_func: 0x783ab893c8
01-05 07:32:58.472 14038 14038 D jni_lib_merge: Preparing to register libreactnativeblob_so.  onload_func: 0x783ac1021c
01-05 07:32:58.472 14038 14038 D jni_lib_merge: Preparing to register libreactnativejni_so.  onload_func: 0x783ac2e204
01-05 07:32:58.472 14038 14038 D jni_lib_merge: Preparing to register librninstance_so.  onload_func: 0x783ac47990
01-05 07:32:58.472 14038 14038 D jni_lib_merge: Preparing to register libturbomodulejsijni_so.  onload_func: 0x783acc287c
01-05 07:32:58.472 14038 14038 D jni_lib_merge: Preparing to register libuimanagerjni_so.  onload_func: 0x783acc9d94
01-05 07:32:58.472 14038 14038 D jni_lib_merge: Preparing to register libyoga_so.  onload_func: 0x783accf1e8
01-05 07:32:58.472 14038 14038 D jni_lib_merge: About to register 10 actual methods.
01-05 07:32:58.477 14038 14038 D nativeloader: Load /data/app/~~JEKNsmVWfMhCWPCskAJhSg==/app.rork.dominder_android_reminder_app-GfV52L2FjkCRS0H7MRvo6w==/base.apk!/lib/arm64-v8a/libreact_codegen_safeareacontext.so using class loader ns clns-4 (caller=/data/app/~~JEKNsmVWfMhCWPCskAJhSg==/app.rork.dominder_android_reminder_app-GfV52L2FjkCRS0H7MRvo6w==/base.apk!classes2.dex): ok
01-05 07:32:58.485 14038 14038 D nativeloader: Load /data/app/~~JEKNsmVWfMhCWPCskAJhSg==/app.rork.dominder_android_reminder_app-GfV52L2FjkCRS0H7MRvo6w==/base.apk!/lib/arm64-v8a/libappmodules.so using class loader ns clns-4 (caller=/data/app/~~JEKNsmVWfMhCWPCskAJhSg==/app.rork.dominder_android_reminder_app-GfV52L2FjkCRS0H7MRvo6w==/base.apk!classes2.dex): ok
01-05 07:32:58.485 14038 14038 I Typeface: updateThemeFont new=Rookery-Regular;old=sans-serif;new=Rookery-Stacked;old=
01-05 07:32:58.492 14038 14038 D AppCompatDelegate: Checking for metadata for AppLocalesMetadataHolderService : Service not found
01-05 07:32:58.523 14038 14038 W unknown:BridgelessReact: ReactHost{0}.startSurface(surfaceId = 0): Schedule
01-05 07:32:58.523 14038 14038 W unknown:BridgelessReact: ReactHost{0}.attachSurface(surfaceId = 0)
01-05 07:32:58.524 14038 14072 W unknown:BridgelessReact: ReactHost{0}.getOrCreateReactInstanceTask()
01-05 07:32:58.524 14038 14072 W unknown:BridgelessReact: ReactHost{0}.getOrCreateReactInstanceTask(): Start
01-05 07:32:58.524 14038 14072 W unknown:BridgelessReact: ReactHost{0}.getJSBundleLoader()
01-05 07:32:58.524 14038 14072 W unknown:BridgelessReact: ReactHost{0}.getOrCreateReactContext(): Creating BridgelessReactContext
01-05 07:32:58.524 14038 14072 W unknown:BridgelessReact: ReactHost{0}.getOrCreateReactInstanceTask(): Creating ReactInstance
01-05 07:32:58.527 14038 14038 W unknown:BridgelessReact: ReactHost{0}.onHostResume(activity)
01-05 07:32:58.527 14038 14038 W unknown:BridgelessReact: ReactContext.onHostResume()
01-05 07:32:58.535 14038 14072 D nativeloader: Load /data/app/~~JEKNsmVWfMhCWPCskAJhSg==/app.rork.dominder_android_reminder_app-GfV52L2FjkCRS0H7MRvo6w==/base.apk!/lib/arm64-v8a/libhermes.so using class loader ns clns-4 (caller=/data/app/~~JEKNsmVWfMhCWPCskAJhSg==/app.rork.dominder_android_reminder_app-GfV52L2FjkCRS0H7MRvo6w==/base.apk!classes2.dex): ok
01-05 07:32:58.537 14038 14072 D nativeloader: Load /data/app/~~JEKNsmVWfMhCWPCskAJhSg==/app.rork.dominder_android_reminder_app-GfV52L2FjkCRS0H7MRvo6w==/base.apk!/lib/arm64-v8a/libhermestooling.so using class loader ns clns-4 (caller=/data/app/~~JEKNsmVWfMhCWPCskAJhSg==/app.rork.dominder_android_reminder_app-GfV52L2FjkCRS0H7MRvo6w==/base.apk!classes2.dex): ok
01-05 07:32:58.537 14038 14072 D jni_lib_merge: Entering merged library JNI_OnLoad.
01-05 07:32:58.537 14038 14072 D jni_lib_merge: Preparing 4 pre-merged libs (including stub)
01-05 07:32:58.537 14038 14072 D jni_lib_merge: Preparing to register libhermes_executor_so.  onload_func: 0x78ada9d11c
01-05 07:32:58.537 14038 14072 D jni_lib_merge: Preparing to register libhermesinstancejni_so.  onload_func: 0x78adaa4a58
01-05 07:32:58.537 14038 14072 D jni_lib_merge: Preparing to register libjsijniprofiler_so.  onload_func: 0x78adaa5114
01-05 07:32:58.537 14038 14072 D jni_lib_merge: About to register 3 actual methods.
--------- beginning of system
01-05 07:32:58.537 14038 14038 D ViewRootImpl: update {(0,0)(fillxfill) sim={adjust=pan forwardNavigation} ty=BASE_APPLICATION wanim=0x10302fd
01-05 07:32:58.537 14038 14038 D ViewRootImpl:   fl=LAYOUT_IN_SCREEN LAYOUT_INSET_DECOR SPLIT_TOUCH HARDWARE_ACCELERATED DRAWS_SYSTEM_BAR_BACKGROUNDS
01-05 07:32:58.537 14038 14038 D ViewRootImpl:   pfl=NO_MOVE_ANIMATION FORCE_DRAW_STATUS_BAR_BACKGROUND FIT_INSETS_CONTROLLED
01-05 07:32:58.537 14038 14038 D ViewRootImpl:   bhv=DEFAULT
01-05 07:32:58.537 14038 14038 D ViewRootImpl:   fitSides=} by setView
01-05 07:32:58.571 14038 14067 I AdrenoGLES-0: QUALCOMM build                   : 43fc279f3a, I58833f8ed4
01-05 07:32:58.571 14038 14067 I AdrenoGLES-0: Build Date                       : 03/24/23
01-05 07:32:58.571 14038 14067 I AdrenoGLES-0: OpenGL ES Shader Compiler Version: EV031.32.02.17
01-05 07:32:58.571 14038 14067 I AdrenoGLES-0: Local Branch                     : 
01-05 07:32:58.571 14038 14067 I AdrenoGLES-0: Remote Branch                    : 
01-05 07:32:58.571 14038 14067 I AdrenoGLES-0: Remote Branch                    : 
01-05 07:32:58.571 14038 14067 I AdrenoGLES-0: Reconstruct Branch               : 
01-05 07:32:58.571 14038 14067 I AdrenoGLES-0: Build Config                     : S P 10.0.7 AArch64
01-05 07:32:58.571 14038 14067 I AdrenoGLES-0: Driver Path                      : /vendor/lib64/egl/libGLESv2_adreno.so
01-05 07:32:58.587 14038 14067 I AdrenoGLES-0: PFP: 0x016ee197, ME: 0x00000000
01-05 07:32:58.622 14038 14067 I OpenGLRenderer: setGrContext nullptr-->validptr
01-05 07:32:58.632 14038 14067 E OpenGLRenderer: Unable to match the desired swap behavior.
01-05 07:32:58.691 14038 14072 I ExpoModulesCore:  AppContext was initialized
01-05 07:32:58.693 14038 14072 D DoMinderDebug: MissedAlarmReceiver: Registered broadcast receiver
01-05 07:32:58.697 14038 14072 W ReactNativeJNI: Component property map contains multiple entries for 'borderColor'. Ensure all calls to convertRawProp use a consistent prefix, name and suffix.
01-05 07:32:58.697 14038 14072 W ReactNativeJNI: Component property map contains multiple entries for 'borderStyle'. Ensure all calls to convertRawProp use a consistent prefix, name and suffix.
01-05 07:32:58.697 14038 14072 W ReactNativeJNI: Component property map contains multiple entries for 'borderRadius'. Ensure all calls to convertRawProp use a consistent prefix, name and suffix.
01-05 07:32:58.697 14038 14072 W ReactNativeJNI: Component property map contains multiple entries for 'borderEndColor'. Ensure all calls to convertRawProp use a consistent prefix, name and suffix.
01-05 07:32:58.697 14038 14072 W ReactNativeJNI: Component property map contains multiple entries for 'borderTopColor'. Ensure all calls to convertRawProp use a consistent prefix, name and suffix.
01-05 07:32:58.697 14038 14072 W ReactNativeJNI: Component property map contains multiple entries for 'borderLeftColor'. Ensure all calls to convertRawProp use a consistent prefix, name and suffix.
01-05 07:32:58.697 14038 14072 W ReactNativeJNI: Component property map contains multiple entries for 'borderBlockColor'. Ensure all calls to convertRawProp use a consistent prefix, name and suffix.
01-05 07:32:58.697 14038 14072 W ReactNativeJNI: Component property map contains multiple entries for 'borderRightColor'. Ensure all calls to convertRawProp use a consistent prefix, name and suffix.
01-05 07:32:58.697 14038 14072 W ReactNativeJNI: Component property map contains multiple entries for 'borderStartColor'. Ensure all calls to convertRawProp use a consistent prefix, name and suffix.
01-05 07:32:58.697 14038 14072 W ReactNativeJNI: Component property map contains multiple entries for 'borderBottomColor'. Ensure all calls to convertRawProp use a consistent prefix, name and suffix.
01-05 07:32:58.697 14038 14072 W ReactNativeJNI: Component property map contains multiple entries for 'borderEndEndRadius'. Ensure all calls to convertRawProp use a consistent prefix, name and suffix.
01-05 07:32:58.697 14038 14072 W ReactNativeJNI: Component property map contains multiple entries for 'borderTopEndRadius'. Ensure all calls to convertRawProp use a consistent prefix, name and suffix.
01-05 07:32:58.698 14038 14072 W ReactNativeJNI: Component property map contains multiple entries for 'borderBlockEndColor'. Ensure all calls to convertRawProp use a consistent prefix, name and suffix.
01-05 07:32:58.698 14038 14072 W ReactNativeJNI: Component property map contains multiple entries for 'borderTopLeftRadius'. Ensure all calls to convertRawProp use a consistent prefix, name and suffix.
01-05 07:32:58.698 14038 14072 W ReactNativeJNI: Component property map contains multiple entries for 'borderEndStartRadius'. Ensure all calls to convertRawProp use a consistent prefix, name and suffix.
01-05 07:32:58.698 14038 14072 W ReactNativeJNI: Component property map contains multiple entries for 'borderStartEndRadius'. Ensure all calls to convertRawProp use a consistent prefix, name and suffix.
01-05 07:32:58.698 14038 14072 W ReactNativeJNI: Component property map contains multiple entries for 'borderTopRightRadius'. Ensure all calls to convertRawProp use a consistent prefix, name and suffix.
01-05 07:32:58.698 14038 14072 W ReactNativeJNI: Component property map contains multiple entries for 'borderTopStartRadius'. Ensure all calls to convertRawProp use a consistent prefix, name and suffix.
01-05 07:32:58.698 14038 14072 W ReactNativeJNI: Component property map contains multiple entries for 'borderBlockStartColor'. Ensure all calls to convertRawProp use a consistent prefix, name and suffix.
01-05 07:32:58.698 14038 14072 W ReactNativeJNI: Component property map contains multiple entries for 'borderBottomEndRadius'. Ensure all calls to convertRawProp use a consistent prefix, name and suffix.
01-05 07:32:58.698 14038 14072 W ReactNativeJNI: Component property map contains multiple entries for 'borderBottomLeftRadius'. Ensure all calls to convertRawProp use a consistent prefix, name and suffix.
01-05 07:32:58.698 14038 14072 W ReactNativeJNI: Component property map contains multiple entries for 'borderStartStartRadius'. Ensure all calls to convertRawProp use a consistent prefix, name and suffix.
01-05 07:32:58.698 14038 14072 W ReactNativeJNI: Component property map contains multiple entries for 'borderBottomRightRadius'. Ensure all calls to convertRawProp use a consistent prefix, name and suffix.
01-05 07:32:58.698 14038 14072 W ReactNativeJNI: Component property map contains multiple entries for 'borderBottomStartRadius'. Ensure all calls to convertRawProp use a consistent prefix, name and suffix.
01-05 07:32:58.719 14038 14072 W ReactNativeJNI: Component property map contains multiple entries for 'borderColor'. Ensure all calls to convertRawProp use a consistent prefix, name and suffix.
01-05 07:32:58.719 14038 14072 W ReactNativeJNI: Component property map contains multiple entries for 'borderStyle'. Ensure all calls to convertRawProp use a consistent prefix, name and suffix.
01-05 07:32:58.727 14038 14072 W unknown:BridgelessReact: ReactHost{0}.getOrCreateReactInstanceTask(): Loading JS Bundle
01-05 07:32:58.728 14038 14072 W unknown:BridgelessReact: ReactHost{0}.getOrCreateReactInstanceTask(): Calling DevSupportManagerBase.onNewReactContextCreated(reactContext)
01-05 07:32:58.728 14038 14072 W unknown:BridgelessReact: ReactHost{0}.startSurface(surfaceId = 0): Execute
01-05 07:32:58.738 14038 14038 W unknown:BridgelessReact: ReactContext.onHostResume()
01-05 07:32:58.738 14038 14038 W unknown:BridgelessReact: ReactHost{0}.getOrCreateReactInstanceTask(): Executing ReactInstanceEventListeners
01-05 07:32:58.755 14038 14073 D nativeloader: Load /data/app/~~JEKNsmVWfMhCWPCskAJhSg==/app.rork.dominder_android_reminder_app-GfV52L2FjkCRS0H7MRvo6w==/base.apk!/lib/arm64-v8a/libexpo-modules-core.so using class loader ns clns-4 (caller=/data/app/~~JEKNsmVWfMhCWPCskAJhSg==/app.rork.dominder_android_reminder_app-GfV52L2FjkCRS0H7MRvo6w==/base.apk!classes2.dex): ok
01-05 07:32:58.765 14038 14073 D CompatibilityChangeReporter: Compat change id reported: 210923482; UID 11036; state: ENABLED
01-05 07:32:58.769 14038 14073 W unknown:ViewManagerPropertyUpdater: Could not find generated setter for class com.th3rdwave.safeareacontext.SafeAreaProviderManager
01-05 07:32:58.771 14038 14073 W unknown:ViewManagerPropertyUpdater: Could not find generated setter for class com.facebook.react.uimanager.LayoutShadowNode
01-05 07:32:58.773 14038 14073 W unknown:ViewManagerPropertyUpdater: Could not find generated setter for class com.swmansion.rnscreens.SearchBarManager
01-05 07:32:58.773 14038 14073 W unknown:ViewManagerPropertyUpdater: Could not find generated setter for class com.swmansion.rnscreens.ScreenFooterManager
01-05 07:32:58.774 14038 14073 W unknown:ViewManagerPropertyUpdater: Could not find generated setter for class expo.modules.kotlin.views.GroupViewManagerWrapper
01-05 07:32:58.774 14038 14073 W unknown:ViewManagerPropertyUpdater: Could not find generated setter for class com.swmansion.rnscreens.ScreenContainerViewManager
01-05 07:32:58.775 14038 14073 W unknown:ViewManagerPropertyUpdater: Could not find generated setter for class com.reactnativecommunity.slider.ReactSliderManager
01-05 07:32:58.777 14038 14073 W unknown:ViewManagerPropertyUpdater: Could not find generated setter for class com.swmansion.rnscreens.ModalScreenViewManager
01-05 07:32:58.778 14038 14073 W unknown:ViewManagerPropertyUpdater: Could not find generated setter for class com.swmansion.rnscreens.ScreenStackHeaderConfigViewManager
01-05 07:32:58.778 14038 14073 W unknown:ViewManagerPropertyUpdater: Could not find generated setter for class com.swmansion.rnscreens.ScreenContentWrapperManager
01-05 07:32:58.779 14038 14073 W unknown:ViewManagerPropertyUpdater: Could not find generated setter for class com.th3rdwave.safeareacontext.SafeAreaViewManager
01-05 07:32:58.780 14038 14073 W unknown:ViewManagerPropertyUpdater: Could not find generated setter for class com.th3rdwave.safeareacontext.SafeAreaViewShadowNode
01-05 07:32:58.780 14038 14073 W unknown:ViewManagerPropertyUpdater: Could not find generated setter for class com.shopify.reactnative.flash_list.AutoLayoutViewManager
01-05 07:32:58.780 14038 14073 W unknown:ViewManagerPropertyUpdater: Could not find generated setter for class com.shopify.reactnative.flash_list.CellContainerManager
01-05 07:32:58.780 14038 14073 W unknown:ViewManagerPropertyUpdater: Could not find generated setter for class com.swmansion.rnscreens.ScreenViewManager
01-05 07:32:58.781 14038 14073 W unknown:ViewManagerPropertyUpdater: Could not find generated setter for class expo.modules.kotlin.views.SimpleViewManagerWrapper
01-05 07:32:58.782 14038 14073 W unknown:ViewManagerPropertyUpdater: Could not find generated setter for class com.swmansion.rnscreens.ScreenStackHeaderSubviewManager
01-05 07:32:58.782 14038 14073 W unknown:ViewManagerPropertyUpdater: Could not find generated setter for class com.swmansion.rnscreens.ScreenStackViewManager
01-05 07:32:58.804 14038 14073 W unknown:ViewManagerPropertyUpdater: Could not find generated setter for class com.horcrux.svg.RenderableViewManager$DefsViewManager
01-05 07:32:58.804 14038 14073 W unknown:ViewManagerPropertyUpdater: Could not find generated setter for class com.horcrux.svg.VirtualViewManager$RenderableShadowNode
01-05 07:32:58.806 14038 14073 W unknown:ViewManagerPropertyUpdater: Could not find generated setter for class com.horcrux.svg.RenderableViewManager$FeMergeManager
01-05 07:32:58.808 14038 14073 W unknown:ViewManagerPropertyUpdater: Could not find generated setter for class com.facebook.react.views.safeareaview.ReactSafeAreaViewManager
01-05 07:32:58.808 14038 14073 W unknown:ViewManagerPropertyUpdater: Could not find generated setter for class com.facebook.react.views.safeareaview.ReactSafeAreaViewShadowNode
01-05 07:32:58.809 14038 14073 W unknown:ViewManagerPropertyUpdater: Could not find generated setter for class com.horcrux.svg.RenderableViewManager$LinearGradientManager
01-05 07:32:58.810 14038 14073 W unknown:ViewManagerPropertyUpdater: Could not find generated setter for class com.horcrux.svg.RenderableViewManager$FeGaussianBlurManager
01-05 07:32:58.812 14038 14073 W unknown:ViewManagerPropertyUpdater: Could not find generated setter for class com.facebook.react.views.progressbar.ReactProgressBarViewManager
01-05 07:32:58.812 14038 14073 W unknown:ViewManagerPropertyUpdater: Could not find generated setter for class com.facebook.react.views.progressbar.ProgressBarShadowNode
01-05 07:32:58.813 14038 14073 W unknown:ViewManagerPropertyUpdater: Could not find generated setter for class com.facebook.react.views.scroll.ReactHorizontalScrollViewManager
01-05 07:32:58.815 14038 14073 W unknown:ViewManagerPropertyUpdater: Could not find generated setter for class com.facebook.react.views.text.ReactTextViewManager
01-05 07:32:58.816 14038 14073 W unknown:ViewManagerPropertyUpdater: Could not find generated setter for class com.facebook.react.views.text.ReactTextShadowNode
01-05 07:32:58.818 14038 14073 W unknown:ViewManagerPropertyUpdater: Could not find generated setter for class com.horcrux.svg.RenderableViewManager$FeColorMatrixManager
01-05 07:32:58.819 14038 14073 W unknown:ViewManagerPropertyUpdater: Could not find generated setter for class com.facebook.react.views.scroll.ReactHorizontalScrollContainerViewManager
01-05 07:32:58.820 14038 14073 W unknown:ViewManagerPropertyUpdater: Could not find generated setter for class com.horcrux.svg.RenderableViewManager$ClipPathViewManager
01-05 07:32:58.823 14038 14073 W unknown:ViewManagerPropertyUpdater: Could not find generated setter for class com.horcrux.svg.RenderableViewManager$SymbolManager
01-05 07:32:58.825 14038 14073 W unknown:ViewManagerPropertyUpdater: Could not find generated setter for class com.horcrux.svg.RenderableViewManager$PatternManager
01-05 07:32:58.827 14038 14073 W unknown:ViewManagerPropertyUpdater: Could not find generated setter for class com.horcrux.svg.RenderableViewManager$FeBlendManager
01-05 07:32:58.828 14038 14073 W unknown:ViewManagerPropertyUpdater: Could not find generated setter for class com.facebook.react.views.view.ReactViewManager
01-05 07:32:58.830 14038 14073 W unknown:ViewManagerPropertyUpdater: Could not find generated setter for class com.horcrux.svg.SvgViewManager
01-05 07:32:58.831 14038 14073 W unknown:ViewManagerPropertyUpdater: Could not find generated setter for class com.facebook.react.views.switchview.ReactSwitchManager
01-05 07:32:58.832 14038 14073 W unknown:ViewManagerPropertyUpdater: Could not find generated setter for class com.facebook.react.views.switchview.ReactSwitchShadowNode
01-05 07:32:58.833 14038 14073 W unknown:ViewManagerPropertyUpdater: Could not find generated setter for class com.horcrux.svg.RenderableViewManager$UseViewManager
01-05 07:32:58.834 14038 14073 W unknown:ViewManagerPropertyUpdater: Could not find generated setter for class com.horcrux.svg.RenderableViewManager$CircleViewManager
01-05 07:32:58.836 14038 14073 W unknown:ViewManagerPropertyUpdater: Could not find generated setter for class com.horcrux.svg.RenderableViewManager$TSpanViewManager
01-05 07:32:58.838 14038 14073 W unknown:ViewManagerPropertyUpdater: Could not find generated setter for class com.horcrux.svg.RenderableViewManager$FilterManager
01-05 07:32:58.840 14038 14073 W unknown:ViewManagerPropertyUpdater: Could not find generated setter for class com.horcrux.svg.RenderableViewManager$MarkerManager
01-05 07:32:58.842 14038 14073 W unknown:ViewManagerPropertyUpdater: Could not find generated setter for class com.swmansion.gesturehandler.react.RNGestureHandlerButtonViewManager
01-05 07:32:58.843 14038 14073 W unknown:ViewManagerPropertyUpdater: Could not find generated setter for class com.facebook.react.views.modal.ReactModalHostManager
01-05 07:32:58.845 14038 14073 W unknown:ViewManagerPropertyUpdater: Could not find generated setter for class com.horcrux.svg.RenderableViewManager$ForeignObjectManager
01-05 07:32:58.846 14038 14073 W unknown:ViewManagerPropertyUpdater: Could not find generated setter for class com.horcrux.svg.RenderableViewManager$EllipseViewManager
01-05 07:32:58.848 14038 14073 W unknown:ViewManagerPropertyUpdater: Could not find generated setter for class com.horcrux.svg.RenderableViewManager$LineViewManager
01-05 07:32:58.850 14038 14073 W unknown:ViewManagerPropertyUpdater: Could not find generated setter for class com.facebook.react.views.text.frescosupport.FrescoBasedReactTextInlineImageViewManager
01-05 07:32:58.850 14038 14073 W unknown:ViewManagerPropertyUpdater: Could not find generated setter for class com.facebook.react.views.text.frescosupport.FrescoBasedReactTextInlineImageShadowNode
01-05 07:32:58.851 14038 14073 W unknown:ViewManagerPropertyUpdater: Could not find generated setter for class com.horcrux.svg.RenderableViewManager$FeFloodManager
01-05 07:32:58.852 14038 14073 W unknown:ViewManagerPropertyUpdater: Could not find generated setter for class com.horcrux.svg.RenderableViewManager$GroupViewManager
01-05 07:32:58.854 14038 14073 W unknown:ViewManagerPropertyUpdater: Could not find generated setter for class com.horcrux.svg.RenderableViewManager$TextViewManager
01-05 07:32:58.855 14038 14073 W unknown:ViewManagerPropertyUpdater: Could not find generated setter for class com.horcrux.svg.RenderableViewManager$ImageViewManager
01-05 07:32:58.857 14038 14073 W unknown:ViewManagerPropertyUpdater: Could not find generated setter for class com.horcrux.svg.RenderableViewManager$FeCompositeManager
01-05 07:32:58.859 14038 14073 W unknown:ViewManagerPropertyUpdater: Could not find generated setter for class com.facebook.react.views.image.ReactImageManager
01-05 07:32:58.860 14038 14073 W unknown:ViewManagerPropertyUpdater: Could not find generated setter for class com.horcrux.svg.RenderableViewManager$RadialGradientManager
01-05 07:32:58.862 14038 14073 W unknown:ViewManagerPropertyUpdater: Could not find generated setter for class com.horcrux.svg.RenderableViewManager$MaskManager
01-05 07:32:58.864 14038 14073 W unknown:ViewManagerPropertyUpdater: Could not find generated setter for class com.facebook.react.views.unimplementedview.ReactUnimplementedViewManager
01-05 07:32:58.865 14038 14073 W unknown:ViewManagerPropertyUpdater: Could not find generated setter for class com.horcrux.svg.RenderableViewManager$RectViewManager
01-05 07:32:58.867 14038 14073 W unknown:ViewManagerPropertyUpdater: Could not find generated setter for class com.horcrux.svg.RenderableViewManager$TextPathViewManager
01-05 07:32:58.869 14038 14073 W unknown:ViewManagerPropertyUpdater: Could not find generated setter for class com.facebook.react.views.scroll.ReactScrollViewManager
01-05 07:32:58.871 14038 14073 W unknown:ViewManagerPropertyUpdater: Could not find generated setter for class com.horcrux.svg.RenderableViewManager$FeOffsetManager
01-05 07:32:58.872 14038 14073 W unknown:ViewManagerPropertyUpdater: Could not find generated setter for class com.horcrux.svg.RenderableViewManager$PathViewManager
01-05 07:32:58.874 14038 14073 W unknown:ViewManagerPropertyUpdater: Could not find generated setter for class com.facebook.react.views.drawer.ReactDrawerLayoutManager
01-05 07:32:58.875 14038 14073 W unknown:ViewManagerPropertyUpdater: Could not find generated setter for class com.facebook.react.views.text.ReactVirtualTextViewManager
01-05 07:32:58.875 14038 14073 W unknown:ViewManagerPropertyUpdater: Could not find generated setter for class com.facebook.react.views.text.ReactVirtualTextShadowNode
01-05 07:32:58.877 14038 14073 W unknown:ViewManagerPropertyUpdater: Could not find generated setter for class com.facebook.react.views.swiperefresh.SwipeRefreshLayoutManager
01-05 07:32:58.878 14038 14073 W unknown:ViewManagerPropertyUpdater: Could not find generated setter for class com.facebook.react.views.text.ReactRawTextManager
01-05 07:32:58.878 14038 14073 W unknown:ViewManagerPropertyUpdater: Could not find generated setter for class com.facebook.react.views.text.ReactRawTextShadowNode
01-05 07:32:58.879 14038 14073 W unknown:ViewManagerPropertyUpdater: Could not find generated setter for class com.facebook.react.views.textinput.ReactTextInputManager
01-05 07:32:58.880 14038 14073 W unknown:ViewManagerPropertyUpdater: Could not find generated setter for class com.facebook.react.views.textinput.ReactTextInputShadowNode
01-05 07:32:58.881 14038 14073 W unknown:ViewManagerPropertyUpdater: Could not find generated setter for class com.swmansion.gesturehandler.react.RNGestureHandlerRootViewManager
01-05 07:32:58.893 14038 14073 W BridgelessReactContext: [WARNING] Bridgeless doesn't support CatalystInstance. Accessing an API that's not part of the new architecture is not encouraged usage.
01-05 07:32:58.897 14038 14073 I ExpoModulesCore:  JSI interop was installed
01-05 07:32:58.899 14038 14073 I ExpoModulesCore:  Constants were exported
01-05 07:32:58.918 14038 14073 D nativeloader: Load /data/app/~~JEKNsmVWfMhCWPCskAJhSg==/app.rork.dominder_android_reminder_app-GfV52L2FjkCRS0H7MRvo6w==/base.apk!/lib/arm64-v8a/libworklets.so using class loader ns clns-4 (caller=/data/app/~~JEKNsmVWfMhCWPCskAJhSg==/app.rork.dominder_android_reminder_app-GfV52L2FjkCRS0H7MRvo6w==/base.apk!classes2.dex): ok
01-05 07:32:58.957 14038 14073 D nativeloader: Load /data/app/~~JEKNsmVWfMhCWPCskAJhSg==/app.rork.dominder_android_reminder_app-GfV52L2FjkCRS0H7MRvo6w==/base.apk!/lib/arm64-v8a/libreanimated.so using class loader ns clns-4 (caller=/data/app/~~JEKNsmVWfMhCWPCskAJhSg==/app.rork.dominder_android_reminder_app-GfV52L2FjkCRS0H7MRvo6w==/base.apk!classes2.dex): ok
01-05 07:32:59.084 14038 14073 D nativeloader: Load /data/app/~~JEKNsmVWfMhCWPCskAJhSg==/app.rork.dominder_android_reminder_app-GfV52L2FjkCRS0H7MRvo6w==/base.apk!/lib/arm64-v8a/librnscreens.so using class loader ns clns-4 (caller=/data/app/~~JEKNsmVWfMhCWPCskAJhSg==/app.rork.dominder_android_reminder_app-GfV52L2FjkCRS0H7MRvo6w==/base.apk!classes2.dex): ok
01-05 07:32:59.092 14038 14073 I ReactNativeJS: '[NotificationService] AlarmModule availability:', 'Available'
01-05 07:32:59.092 14038 14073 I ReactNativeJS: '[NotificationService] AlarmModule methods:', [ 'scheduleAlarm' ]
01-05 07:32:59.093 14038 14073 I ReactNativeJS: Running "main"
01-05 07:32:59.143 14038 14073 I ReactNativeJS: [useAlarmListeners] Setting up native alarm event listeners...
01-05 07:32:59.143 14038 14073 I ReactNativeJS: [AlarmSync] Hook initialized
01-05 07:32:59.143 14038 14073 I ReactNativeJS: [AlarmSync] Checking for completed alarms...
01-05 07:32:59.143 14038 14073 I ReactNativeJS: [RootLayout] Setting up notification handlers
01-05 07:32:59.144 14038 14073 I ReactNativeJS: [RootLayout] Initializing missed alarm service
01-05 07:32:59.144 14038 14073 I ReactNativeJS: [MissedAlarmService] Initializing...
01-05 07:32:59.144 14038 14073 I ReactNativeJS: [MissedAlarmService] Initialized successfully
01-05 07:32:59.144 14038 14073 I ReactNativeJS: [AppStartup] Initializing notification services...
01-05 07:32:59.144 14038 14073 I ReactNativeJS: [Dominder-Debug] Ensuring base notification channels
01-05 07:32:59.144 14038 14073 I ReactNativeJS: '[Dominder-Debug] Creating channel:', '{"id":"standard-v2","name":"Standard Notifications","importance":4,"sound":"default","vibration":true}'
01-05 07:32:59.147 14038 14074 D DoMinderDebug: AlarmModule: Retrieved 0 completed alarms
01-05 07:32:59.148 14038 14073 I ReactNativeJS: '[AlarmSync] Found completed alarms:', 0
01-05 07:32:59.148 14038 14073 I ReactNativeJS: '[RootLayout] Initial notification:', null
01-05 07:32:59.149 14038 14074 D DoMinderDebug: AlarmModule: Retrieved 0 snoozed alarms
01-05 07:32:59.150 14038 14073 I ReactNativeJS: '[AlarmSync] Found snoozed alarms:', 0
01-05 07:32:59.150 14038 14074 D DoMinderDebug: AlarmModule: Retrieved 0 deleted alarms
01-05 07:32:59.150 14038 14073 I ReactNativeJS: '[AlarmSync] Found deleted alarms:', 0
01-05 07:32:59.150 14038 14038 D VRI[MainActivity]: update {(0,0)(fillxfill) sim={adjust=pan forwardNavigation} ty=BASE_APPLICATION wanim=0x10302fd
01-05 07:32:59.150 14038 14038 D VRI[MainActivity]:   fl=LAYOUT_IN_SCREEN LAYOUT_INSET_DECOR SPLIT_TOUCH HARDWARE_ACCELERATED DRAWS_SYSTEM_BAR_BACKGROUNDS
01-05 07:32:59.150 14038 14038 D VRI[MainActivity]:   pfl=NO_MOVE_ANIMATION FORCE_DRAW_STATUS_BAR_BACKGROUND FIT_INSETS_CONTROLLED
01-05 07:32:59.150 14038 14038 D VRI[MainActivity]:   bhv=DEFAULT
01-05 07:32:59.150 14038 14038 D VRI[MainActivity]:   fitSides=} by setLayoutParams
01-05 07:32:59.151 14038 14074 D DoMinderDebug: AlarmModule: Retrieved 0 dismissed alarms
01-05 07:32:59.151 14038 14073 I ReactNativeJS: '[AlarmSync] Found dismissed alarms:', 0
01-05 07:32:59.152 14038 14073 I ReactNativeJS: '[Dominder-Debug] Creating channel:', '{"id":"silent-v2","name":"Silent Notifications","importance":2,"vibration":false}'
01-05 07:32:59.152 14038 14038 D VRI[MainActivity]: update {(0,0)(fillxfill) sim={adjust=pan forwardNavigation} ty=BASE_APPLICATION wanim=0x10302fd
01-05 07:32:59.152 14038 14038 D VRI[MainActivity]:   fl=LAYOUT_IN_SCREEN FORCE_NOT_FULLSCREEN LAYOUT_INSET_DECOR SPLIT_TOUCH HARDWARE_ACCELERATED DRAWS_SYSTEM_BAR_BACKGROUNDS
01-05 07:32:59.152 14038 14038 D VRI[MainActivity]:   pfl=NO_MOVE_ANIMATION FORCE_DRAW_STATUS_BAR_BACKGROUND FIT_INSETS_CONTROLLED
01-05 07:32:59.152 14038 14038 D VRI[MainActivity]:   bhv=DEFAULT
01-05 07:32:59.152 14038 14038 D VRI[MainActivity]:   fitSides=} by setLayoutParams
01-05 07:32:59.153 14038 14038 D VRI[MainActivity]: update {(0,0)(fillxfill) sim={adjust=pan forwardNavigation} ty=BASE_APPLICATION wanim=0x10302fd
01-05 07:32:59.153 14038 14038 D VRI[MainActivity]:   fl=LAYOUT_IN_SCREEN FORCE_NOT_FULLSCREEN LAYOUT_INSET_DECOR SPLIT_TOUCH HARDWARE_ACCELERATED DRAWS_SYSTEM_BAR_BACKGROUNDS
01-05 07:32:59.153 14038 14038 D VRI[MainActivity]:   pfl=NO_MOVE_ANIMATION FORCE_DRAW_STATUS_BAR_BACKGROUND FIT_INSETS_CONTROLLED
01-05 07:32:59.153 14038 14038 D VRI[MainActivity]:   bhv=DEFAULT
01-05 07:32:59.153 14038 14038 D VRI[MainActivity]:   fitSides=} by setLayoutParams
01-05 07:32:59.154 14038 14074 D DoMinderDebug: AlarmModule: Saved notification settings - sound: true, vibration: true, volume: 10%
01-05 07:32:59.154 14038 14073 I ReactNativeJS: [RootLayout] Initialized notification settings in native
01-05 07:32:59.154 14038 14073 I ReactNativeJS: [AlarmSync] App became active, syncing...
01-05 07:32:59.154 14038 14073 I ReactNativeJS: [AlarmSync] Checking for completed alarms...
01-05 07:32:59.154 14038 14074 D DoMinderDebug: AlarmModule: Retrieved 0 completed alarms
01-05 07:32:59.154 14038 14073 I ReactNativeJS: '[AlarmSync] Found completed alarms:', 0
01-05 07:32:59.154 14038 14074 D DoMinderDebug: AlarmModule: Retrieved 0 snoozed alarms
01-05 07:32:59.154 14038 14073 I ReactNativeJS: '[AlarmSync] Found snoozed alarms:', 0
01-05 07:32:59.155 14038 14074 D DoMinderDebug: AlarmModule: Retrieved 0 deleted alarms
01-05 07:32:59.155 14038 14073 I ReactNativeJS: '[Dominder-Debug] Creating channel:', '{"id":"alarm-v2","name":"Alarms","importance":4,"sound":"default","vibration":true,"bypassDnd":true}'
01-05 07:32:59.155 14038 14073 I ReactNativeJS: '[AlarmSync] Found deleted alarms:', 0
01-05 07:32:59.155 14038 14074 D DoMinderDebug: AlarmModule: Retrieved 0 dismissed alarms
01-05 07:32:59.155 14038 14073 I ReactNativeJS: '[AlarmSync] Found dismissed alarms:', 0
01-05 07:32:59.156 14038 14073 I ReactNativeJS: [Dominder-Debug] Base channels ensured
01-05 07:32:59.161 14038 14038 W unknown:ViewManagerPropertyUpdater: Could not find generated setter for class com.facebook.react.uimanager.RootViewManager
01-05 07:32:59.185 14038 14038 W [RNScreens]: backTitleVisible prop is not available on Android
01-05 07:32:59.185 14038 14038 W [RNScreens]: backTitleFontFamily prop is not available on Android
01-05 07:32:59.185 14038 14038 W [RNScreens]: disableBackButtonMenu prop is not available on Android
01-05 07:32:59.185 14038 14038 W [RNScreens]: largeTitleFontFamily prop is not available on Android
01-05 07:32:59.186 14038 14038 W [RNScreens]: largeTitleFontWeight prop is not available on Android
01-05 07:32:59.186 14038 14038 W [RNScreens]: largeTitleHideShadow prop is not available on Android
01-05 07:32:59.194 14038 14073 I ReactNativeJS: '[Selection] Mode changed:', false, 'Selected count:', 0
01-05 07:32:59.194 14038 14073 I ReactNativeJS: '[ReminderEngine] Processing reminders, count:', 0
01-05 07:32:59.203 14038 14073 I ReactNativeJS: '[ReminderEngine] Processing reminders, count:', 0
01-05 07:32:59.205 14038 14073 I ReactNativeJS: [StartupCheck] Checking for pending notifications and rescheduling all active reminders...
01-05 07:32:59.206 14038 14073 I ReactNativeJS: '[RootLayout] Foreground event:', { type: 3, pressAction: undefined }
01-05 07:32:59.219 14038 14038 I ReactNative: [GESTURE HANDLER] Initialize gesture handler for root view com.facebook.react.runtime.ReactSurfaceView{d3e3ba2 V.E...... ......ID 0,0-1080,2295 #b}
01-05 07:32:59.258 14038 14073 I ReactNativeJS: [StartupCheck] Currently displayed notifications count: 1
01-05 07:32:59.258 14038 14073 I ReactNativeJS: [StartupCheck] Displayed IDs: maintenance-notification
01-05 07:32:59.258 14038 14073 I ReactNativeJS: [StartupCheck] Completed pending notification check and rescheduling
01-05 07:32:59.258 14038 14094 I NOTIFEE : (NotificationManager): Removing notification with id maintenance-notification
01-05 07:32:59.259 14038 14094 I NOTIFEE : (NotificationManager): Removing notification with id maintenance-notification
01-05 07:32:59.262 14038 14073 I ReactNativeJS: '[ReminderEngine] Processing reminders, count:', 3
01-05 07:32:59.269 14038 14067 W Parcel  : Expecting binder but got null!
01-05 07:32:59.271 14038 14038 D VRI[MainActivity]: update {(0,0)(fillxfill) sim={adjust=pan forwardNavigation} ty=BASE_APPLICATION wanim=0x10302fd
01-05 07:32:59.271 14038 14038 D VRI[MainActivity]:   fl=LAYOUT_IN_SCREEN FORCE_NOT_FULLSCREEN LAYOUT_INSET_DECOR SPLIT_TOUCH HARDWARE_ACCELERATED DRAWS_SYSTEM_BAR_BACKGROUNDS
01-05 07:32:59.271 14038 14038 D VRI[MainActivity]:   pfl=NO_MOVE_ANIMATION FORCE_DRAW_STATUS_BAR_BACKGROUND FIT_INSETS_CONTROLLED
01-05 07:32:59.271 14038 14038 D VRI[MainActivity]:   bhv=DEFAULT
01-05 07:32:59.271 14038 14038 D VRI[MainActivity]:   fitSides=} by setLayoutParams
01-05 07:32:59.282 14038 14073 I ReactNativeJS: [AppStartup] Pending notifications check completed
01-05 07:32:59.283 14038 14073 I ReactNativeJS: [NotificationRefresh] Initializing notification refresh service
01-05 07:32:59.283 14038 14073 I ReactNativeJS: [NotificationRefresh] Scheduling midnight refresh in 987 minutes
01-05 07:32:59.287 14038 14073 D nativeloader: Load /data/app/~~JEKNsmVWfMhCWPCskAJhSg==/app.rork.dominder_android_reminder_app-GfV52L2FjkCRS0H7MRvo6w==/base.apk!/lib/arm64-v8a/libgesturehandler.so using class loader ns clns-4 (caller=/data/app/~~JEKNsmVWfMhCWPCskAJhSg==/app.rork.dominder_android_reminder_app-GfV52L2FjkCRS0H7MRvo6w==/base.apk!classes2.dex): ok
01-05 07:32:59.287 14038 14073 D jni_lib_merge: Entering merged library JNI_OnLoad.
01-05 07:32:59.287 14038 14073 D jni_lib_merge: Preparing 11 pre-merged libs (including stub)
01-05 07:32:59.287 14038 14073 D jni_lib_merge: Preparing to register libfabricjni_so.  onload_func: 0x783aa8b4c4
01-05 07:32:59.287 14038 14073 D jni_lib_merge: Preparing to register libreact_devsupportjni_so.  onload_func: 0x783ab5d110
01-05 07:32:59.287 14038 14073 D jni_lib_merge: Preparing to register libreact_featureflagsjni_so.  onload_func: 0x783ab653ac
01-05 07:32:59.287 14038 14073 D jni_lib_merge: Preparing to register libreact_newarchdefaults_so.  onload_func: 0x783ab893c8
01-05 07:32:59.287 14038 14073 D jni_lib_merge: Preparing to register libreactnativeblob_so.  onload_func: 0x783ac1021c
01-05 07:32:59.287 14038 14073 D jni_lib_merge: Preparing to register libreactnativejni_so.  onload_func: 0x783ac2e204
01-05 07:32:59.287 14038 14073 D jni_lib_merge: Preparing to register librninstance_so.  onload_func: 0x783ac47990
01-05 07:32:59.287 14038 14073 D jni_lib_merge: Preparing to register libturbomodulejsijni_so.  onload_func: 0x783acc287c
01-05 07:32:59.287 14038 14073 D jni_lib_merge: Preparing to register libuimanagerjni_so.  onload_func: 0x783acc9d94
01-05 07:32:59.287 14038 14073 D jni_lib_merge: Preparing to register libyoga_so.  onload_func: 0x783accf1e8
01-05 07:32:59.287 14038 14073 D jni_lib_merge: About to register 10 actual methods.
01-05 07:32:59.298 14038 14073 I ReactNativeJS: '[NotificationRefresh] Midnight refresh scheduled for:', '2026-01-05T18:30:00.000Z'
01-05 07:32:59.298 14038 14073 I ReactNativeJS: [AppStartup] Notification services initialized
01-05 07:32:59.300 14038 14038 D CompatibilityChangeReporter: Compat change id reported: 171228096; UID 11036; state: ENABLED
01-05 07:32:59.333 14038 14073 I ReactNativeJS: '[RootLayout] Foreground event:', { type: 7, pressAction: undefined }
01-05 07:33:01.638 14038 14038 D ViewRootImpl: update {(0,0)(fillxfill) gr=CENTER sim={adjust=resize forwardNavigation} ty=APPLICATION fmt=TRANSPARENT wanim=0x7f11012e
01-05 07:33:01.638 14038 14038 D ViewRootImpl:   fl=NOT_FOCUSABLE LAYOUT_IN_SCREEN LAYOUT_INSET_DECOR SPLIT_TOUCH HARDWARE_ACCELERATED DRAWS_SYSTEM_BAR_BACKGROUNDS
01-05 07:33:01.638 14038 14038 D ViewRootImpl:   pfl=NO_MOVE_ANIMATION FORCE_DRAW_STATUS_BAR_BACKGROUND FIT_INSETS_CONTROLLED
01-05 07:33:01.638 14038 14038 D ViewRootImpl:   bhv=DEFAULT
01-05 07:33:01.638 14038 14038 D ViewRootImpl:   fitSides=} by setView
01-05 07:33:01.643 14038 14038 D VRI[MainActivity]: update {(0,0)(fillxfill) gr=CENTER sim={adjust=resize} ty=APPLICATION fmt=TRANSPARENT wanim=0x7f11012e
01-05 07:33:01.643 14038 14038 D VRI[MainActivity]:   fl=LAYOUT_IN_SCREEN LAYOUT_INSET_DECOR SPLIT_TOUCH HARDWARE_ACCELERATED DRAWS_SYSTEM_BAR_BACKGROUNDS
01-05 07:33:01.643 14038 14038 D VRI[MainActivity]:   pfl=NO_MOVE_ANIMATION FORCE_DRAW_STATUS_BAR_BACKGROUND FIT_INSETS_CONTROLLED
01-05 07:33:01.643 14038 14038 D VRI[MainActivity]:   bhv=DEFAULT
01-05 07:33:01.643 14038 14038 D VRI[MainActivity]:   fitSides=} by setLayoutParams
01-05 07:33:01.664 14038 14067 E OpenGLRenderer: Unable to match the desired swap behavior.
01-05 07:33:01.678 14038 14067 W Parcel  : Expecting binder but got null!
01-05 07:33:01.694 14038 14038 D VRI[MainActivity]: update {(0,0)(fillxfill) gr=CENTER sim={adjust=resize} ty=APPLICATION fmt=TRANSPARENT wanim=0x7f11012e
01-05 07:33:01.694 14038 14038 D VRI[MainActivity]:   fl=LAYOUT_IN_SCREEN LAYOUT_INSET_DECOR SPLIT_TOUCH HARDWARE_ACCELERATED DRAWS_SYSTEM_BAR_BACKGROUNDS
01-05 07:33:01.694 14038 14038 D VRI[MainActivity]:   pfl=NO_MOVE_ANIMATION FORCE_DRAW_STATUS_BAR_BACKGROUND FIT_INSETS_CONTROLLED
01-05 07:33:01.694 14038 14038 D VRI[MainActivity]:   bhv=DEFAULT
01-05 07:33:01.694 14038 14038 D VRI[MainActivity]:   fitSides=} by setLayoutParams
01-05 07:33:01.695 14038 14038 D VRI[MainActivity]: update {(0,0)(fillxfill) gr=CENTER sim={adjust=resize} ty=APPLICATION fmt=TRANSPARENT wanim=0x7f11012e
01-05 07:33:01.695 14038 14038 D VRI[MainActivity]:   fl=LAYOUT_IN_SCREEN LAYOUT_INSET_DECOR SPLIT_TOUCH HARDWARE_ACCELERATED DRAWS_SYSTEM_BAR_BACKGROUNDS
01-05 07:33:01.695 14038 14038 D VRI[MainActivity]:   pfl=NO_MOVE_ANIMATION FORCE_DRAW_STATUS_BAR_BACKGROUND FIT_INSETS_CONTROLLED
01-05 07:33:01.695 14038 14038 D VRI[MainActivity]:   bhv=DEFAULT
01-05 07:33:01.695 14038 14038 D VRI[MainActivity]:   fitSides=} by setLayoutParams
01-05 07:33:04.564 14038 14112 D ProfileInstaller: Skipping profile installation for app.rork.dominder_android_reminder_app
01-05 07:33:08.545 14038 14046 W System  : A resource failed to call release. 
01-05 07:33:29.153 14038 14073 I ReactNativeJS: [AlarmSync] Checking for completed alarms...
01-05 07:33:29.154 14038 14074 D DoMinderDebug: AlarmModule: Retrieved 0 completed alarms
01-05 07:33:29.154 14038 14073 I ReactNativeJS: '[AlarmSync] Found completed alarms:', 0
01-05 07:33:29.155 14038 14074 D DoMinderDebug: AlarmModule: Retrieved 0 snoozed alarms
01-05 07:33:29.155 14038 14073 I ReactNativeJS: '[AlarmSync] Found snoozed alarms:', 0
