--------- beginning of main
11-05 07:05:58.827 29611 29611 I id_reminder_app: Using CollectorTypeCC GC.
11-05 07:05:58.831 29611 29611 E id_reminder_app: Not starting debugger since process cannot load the jdwp agent.
11-05 07:05:58.835 29611 29611 D nativeloader: Load libframework-connectivity-tiramisu-jni.so using APEX ns com_android_tethering for caller /apex/com.android.tethering/javalib/framework-connectivity-t.jar: ok
11-05 07:05:58.845 29611 29611 D CompatibilityChangeReporter: Compat change id reported: 171979766; UID 10882; state: ENABLED
11-05 07:05:58.978 29611 29611 D nativeloader: Configuring clns-4 for other apk /data/app/~~Bcz9YtKJyC0fqx3Iq8044Q==/app.rork.dominder_android_reminder_app-KJPz1DeGF9KA9O0HiMOdMg==/base.apk. target_sdk_version=35, uses_libraries=, library_path=/data/app/~~Bcz9YtKJyC0fqx3Iq8044Q==/app.rork.dominder_android_reminder_app-KJPz1DeGF9KA9O0HiMOdMg==/lib/arm64:/data/app/~~Bcz9YtKJyC0fqx3Iq8044Q==/app.rork.dominder_android_reminder_app-KJPz1DeGF9KA9O0HiMOdMg==/base.apk!/lib/arm64-v8a, permitted_path=/data:/mnt/expand:/data/user/0/app.rork.dominder_android_reminder_app
11-05 07:05:58.985 29611 29611 D nativeloader: Load libframework-connectivity-jni.so using APEX ns com_android_tethering for caller /apex/com.android.tethering/javalib/framework-connectivity.jar: ok
11-05 07:05:58.988 29611 29611 V GraphicsEnvironment: ANGLE Developer option for 'app.rork.dominder_android_reminder_app' set to: 'default'
11-05 07:05:58.988 29611 29611 V GraphicsEnvironment: ANGLE GameManagerService for app.rork.dominder_android_reminder_app: false
11-05 07:05:58.988 29611 29611 V GraphicsEnvironment: Neither updatable production driver nor prerelease driver is supported.
11-05 07:05:58.989 29611 29611 D NetworkSecurityConfig: No Network Security Config specified, using platform default
11-05 07:05:58.990 29611 29611 D NetworkSecurityConfig: No Network Security Config specified, using platform default
11-05 07:05:58.998 29611 29611 D WM-WrkMgrInitializer: Initializing WorkManager with default configuration.
11-05 07:05:59.004 29611 29611 D NOTIFEE : (context): received application context
11-05 07:05:59.007 29611 29611 W SoLoader: Initializing SoLoader: 0
11-05 07:05:59.007 29611 29611 W SoLoader: Recording new base apk path: /data/app/~~Bcz9YtKJyC0fqx3Iq8044Q==/app.rork.dominder_android_reminder_app-KJPz1DeGF9KA9O0HiMOdMg==/base.apk
11-05 07:05:59.007 29611 29611 W SoLoader: Previously recorded 0 base apk paths.
11-05 07:05:59.008 29611 29611 I SoLoader: Preparing SO source: DirectorySoSource[root = /vendor/lib64 flags = 2]
11-05 07:05:59.008 29611 29611 I SoLoader: Preparing SO source: DirectorySoSource[root = /system/lib64 flags = 2]
11-05 07:05:59.008 29611 29611 I SoLoader: Preparing SO source: DirectApkSoSource[root = [/data/app/~~Bcz9YtKJyC0fqx3Iq8044Q==/app.rork.dominder_android_reminder_app-KJPz1DeGF9KA9O0HiMOdMg==/base.apk!/lib/arm64-v8a]]
11-05 07:05:59.011 29611 29611 I SoLoader: Preparing SO source: ApplicationSoSource[DirectorySoSource[root = /data/app/~~Bcz9YtKJyC0fqx3Iq8044Q==/app.rork.dominder_android_reminder_app-KJPz1DeGF9KA9O0HiMOdMg==/lib/arm64 flags = 0]]
11-05 07:05:59.011 29611 29611 I SoLoader: init finish: 4 SO sources prepared
11-05 07:05:59.011 29611 29611 W SoLoader: SoLoader initialized: 8
11-05 07:05:59.035 29611 29637 D CompatibilityChangeReporter: Compat change id reported: 160794467; UID 10882; state: ENABLED
11-05 07:05:59.037 29611 29611 D nativeloader: Load /data/app/~~Bcz9YtKJyC0fqx3Iq8044Q==/app.rork.dominder_android_reminder_app-KJPz1DeGF9KA9O0HiMOdMg==/base.apk!/lib/arm64-v8a/libc++_shared.so using class loader ns clns-4 (caller=/data/app/~~Bcz9YtKJyC0fqx3Iq8044Q==/app.rork.dominder_android_reminder_app-KJPz1DeGF9KA9O0HiMOdMg==/base.apk!classes2.dex): ok
11-05 07:05:59.046 29611 29611 D nativeloader: Load /data/app/~~Bcz9YtKJyC0fqx3Iq8044Q==/app.rork.dominder_android_reminder_app-KJPz1DeGF9KA9O0HiMOdMg==/base.apk!/lib/arm64-v8a/libjsi.so using class loader ns clns-4 (caller=/data/app/~~Bcz9YtKJyC0fqx3Iq8044Q==/app.rork.dominder_android_reminder_app-KJPz1DeGF9KA9O0HiMOdMg==/base.apk!classes2.dex): ok
11-05 07:05:59.055 29611 29611 D nativeloader: Load /data/app/~~Bcz9YtKJyC0fqx3Iq8044Q==/app.rork.dominder_android_reminder_app-KJPz1DeGF9KA9O0HiMOdMg==/base.apk!/lib/arm64-v8a/libfbjni.so using class loader ns clns-4 (caller=/data/app/~~Bcz9YtKJyC0fqx3Iq8044Q==/app.rork.dominder_android_reminder_app-KJPz1DeGF9KA9O0HiMOdMg==/base.apk!classes2.dex): ok
11-05 07:05:59.081 29611 29611 D nativeloader: Load /data/app/~~Bcz9YtKJyC0fqx3Iq8044Q==/app.rork.dominder_android_reminder_app-KJPz1DeGF9KA9O0HiMOdMg==/base.apk!/lib/arm64-v8a/libreactnative.so using class loader ns clns-4 (caller=/data/app/~~Bcz9YtKJyC0fqx3Iq8044Q==/app.rork.dominder_android_reminder_app-KJPz1DeGF9KA9O0HiMOdMg==/base.apk!classes2.dex): ok
11-05 07:05:59.082 29611 29611 D jni_lib_merge: Entering merged library JNI_OnLoad.
11-05 07:05:59.082 29611 29611 D jni_lib_merge: Preparing 11 pre-merged libs (including stub)
11-05 07:05:59.082 29611 29611 D jni_lib_merge: Preparing to register libfabricjni_so.  onload_func: 0x7676c734c4
11-05 07:05:59.082 29611 29611 D jni_lib_merge: Preparing to register libreact_devsupportjni_so.  onload_func: 0x7676d45110
11-05 07:05:59.082 29611 29611 D jni_lib_merge: Preparing to register libreact_featureflagsjni_so.  onload_func: 0x7676d4d3ac
11-05 07:05:59.082 29611 29611 D jni_lib_merge: Preparing to register libreact_newarchdefaults_so.  onload_func: 0x7676d713c8
11-05 07:05:59.082 29611 29611 D jni_lib_merge: Preparing to register libreactnativeblob_so.  onload_func: 0x7676df821c
11-05 07:05:59.083 29611 29611 D jni_lib_merge: Preparing to register libreactnativejni_so.  onload_func: 0x7676e16204
11-05 07:05:59.083 29611 29611 D jni_lib_merge: Preparing to register librninstance_so.  onload_func: 0x7676e2f990
11-05 07:05:59.083 29611 29611 D jni_lib_merge: Preparing to register libturbomodulejsijni_so.  onload_func: 0x7676eaa87c
11-05 07:05:59.083 29611 29611 D jni_lib_merge: Preparing to register libuimanagerjni_so.  onload_func: 0x7676eb1d94
11-05 07:05:59.083 29611 29611 D jni_lib_merge: Preparing to register libyoga_so.  onload_func: 0x7676eb71e8
11-05 07:05:59.083 29611 29611 D jni_lib_merge: About to register 10 actual methods.
11-05 07:05:59.097 29611 29611 D nativeloader: Load /data/app/~~Bcz9YtKJyC0fqx3Iq8044Q==/app.rork.dominder_android_reminder_app-KJPz1DeGF9KA9O0HiMOdMg==/base.apk!/lib/arm64-v8a/libreact_codegen_rnscreens.so using class loader ns clns-4 (caller=/data/app/~~Bcz9YtKJyC0fqx3Iq8044Q==/app.rork.dominder_android_reminder_app-KJPz1DeGF9KA9O0HiMOdMg==/base.apk!classes2.dex): ok
11-05 07:05:59.097 29611 29611 D jni_lib_merge: Entering merged library JNI_OnLoad.
11-05 07:05:59.097 29611 29611 D jni_lib_merge: Preparing 11 pre-merged libs (including stub)
11-05 07:05:59.097 29611 29611 D jni_lib_merge: Preparing to register libfabricjni_so.  onload_func: 0x7676c734c4
11-05 07:05:59.097 29611 29611 D jni_lib_merge: Preparing to register libreact_devsupportjni_so.  onload_func: 0x7676d45110
11-05 07:05:59.097 29611 29611 D jni_lib_merge: Preparing to register libreact_featureflagsjni_so.  onload_func: 0x7676d4d3ac
11-05 07:05:59.097 29611 29611 D jni_lib_merge: Preparing to register libreact_newarchdefaults_so.  onload_func: 0x7676d713c8
11-05 07:05:59.097 29611 29611 D jni_lib_merge: Preparing to register libreactnativeblob_so.  onload_func: 0x7676df821c
11-05 07:05:59.097 29611 29611 D jni_lib_merge: Preparing to register libreactnativejni_so.  onload_func: 0x7676e16204
11-05 07:05:59.097 29611 29611 D jni_lib_merge: Preparing to register librninstance_so.  onload_func: 0x7676e2f990
11-05 07:05:59.097 29611 29611 D jni_lib_merge: Preparing to register libturbomodulejsijni_so.  onload_func: 0x7676eaa87c
11-05 07:05:59.097 29611 29611 D jni_lib_merge: Preparing to register libuimanagerjni_so.  onload_func: 0x7676eb1d94
11-05 07:05:59.097 29611 29611 D jni_lib_merge: Preparing to register libyoga_so.  onload_func: 0x7676eb71e8
11-05 07:05:59.097 29611 29611 D jni_lib_merge: About to register 10 actual methods.
11-05 07:05:59.102 29611 29611 D nativeloader: Load /data/app/~~Bcz9YtKJyC0fqx3Iq8044Q==/app.rork.dominder_android_reminder_app-KJPz1DeGF9KA9O0HiMOdMg==/base.apk!/lib/arm64-v8a/libreact_codegen_rnsvg.so using class loader ns clns-4 (caller=/data/app/~~Bcz9YtKJyC0fqx3Iq8044Q==/app.rork.dominder_android_reminder_app-KJPz1DeGF9KA9O0HiMOdMg==/base.apk!classes2.dex): ok
11-05 07:05:59.102 29611 29611 D jni_lib_merge: Entering merged library JNI_OnLoad.
11-05 07:05:59.102 29611 29611 D jni_lib_merge: Preparing 11 pre-merged libs (including stub)
11-05 07:05:59.102 29611 29611 D jni_lib_merge: Preparing to register libfabricjni_so.  onload_func: 0x7676c734c4
11-05 07:05:59.102 29611 29611 D jni_lib_merge: Preparing to register libreact_devsupportjni_so.  onload_func: 0x7676d45110
11-05 07:05:59.102 29611 29611 D jni_lib_merge: Preparing to register libreact_featureflagsjni_so.  onload_func: 0x7676d4d3ac
11-05 07:05:59.102 29611 29611 D jni_lib_merge: Preparing to register libreact_newarchdefaults_so.  onload_func: 0x7676d713c8
11-05 07:05:59.102 29611 29611 D jni_lib_merge: Preparing to register libreactnativeblob_so.  onload_func: 0x7676df821c
11-05 07:05:59.102 29611 29611 D jni_lib_merge: Preparing to register libreactnativejni_so.  onload_func: 0x7676e16204
11-05 07:05:59.102 29611 29611 D jni_lib_merge: Preparing to register librninstance_so.  onload_func: 0x7676e2f990
11-05 07:05:59.102 29611 29611 D jni_lib_merge: Preparing to register libturbomodulejsijni_so.  onload_func: 0x7676eaa87c
11-05 07:05:59.102 29611 29611 D jni_lib_merge: Preparing to register libuimanagerjni_so.  onload_func: 0x7676eb1d94
11-05 07:05:59.102 29611 29611 D jni_lib_merge: Preparing to register libyoga_so.  onload_func: 0x7676eb71e8
11-05 07:05:59.102 29611 29611 D jni_lib_merge: About to register 10 actual methods.
11-05 07:05:59.107 29611 29611 D nativeloader: Load /data/app/~~Bcz9YtKJyC0fqx3Iq8044Q==/app.rork.dominder_android_reminder_app-KJPz1DeGF9KA9O0HiMOdMg==/base.apk!/lib/arm64-v8a/libreact_codegen_safeareacontext.so using class loader ns clns-4 (caller=/data/app/~~Bcz9YtKJyC0fqx3Iq8044Q==/app.rork.dominder_android_reminder_app-KJPz1DeGF9KA9O0HiMOdMg==/base.apk!classes2.dex): ok
11-05 07:05:59.115 29611 29611 D nativeloader: Load /data/app/~~Bcz9YtKJyC0fqx3Iq8044Q==/app.rork.dominder_android_reminder_app-KJPz1DeGF9KA9O0HiMOdMg==/base.apk!/lib/arm64-v8a/libappmodules.so using class loader ns clns-4 (caller=/data/app/~~Bcz9YtKJyC0fqx3Iq8044Q==/app.rork.dominder_android_reminder_app-KJPz1DeGF9KA9O0HiMOdMg==/base.apk!classes2.dex): ok
11-05 07:05:59.115 29611 29611 I Typeface: updateThemeFont new=Rookery-Regular;old=sans-serif;new=Rookery-Stacked;old=
11-05 07:05:59.121 29611 29611 D AppCompatDelegate: Checking for metadata for AppLocalesMetadataHolderService : Service not found
11-05 07:05:59.145 29611 29611 W unknown:BridgelessReact: ReactHost{0}.startSurface(surfaceId = 0): Schedule
11-05 07:05:59.145 29611 29611 W unknown:BridgelessReact: ReactHost{0}.attachSurface(surfaceId = 0)
11-05 07:05:59.146 29611 29645 W unknown:BridgelessReact: ReactHost{0}.getOrCreateReactInstanceTask()
11-05 07:05:59.146 29611 29645 W unknown:BridgelessReact: ReactHost{0}.getOrCreateReactInstanceTask(): Start
11-05 07:05:59.146 29611 29645 W unknown:BridgelessReact: ReactHost{0}.getJSBundleLoader()
11-05 07:05:59.146 29611 29645 W unknown:BridgelessReact: ReactHost{0}.getOrCreateReactContext(): Creating BridgelessReactContext
11-05 07:05:59.146 29611 29645 W unknown:BridgelessReact: ReactHost{0}.getOrCreateReactInstanceTask(): Creating ReactInstance
11-05 07:05:59.148 29611 29611 W unknown:BridgelessReact: ReactHost{0}.onHostResume(activity)
11-05 07:05:59.148 29611 29611 W unknown:BridgelessReact: ReactContext.onHostResume()
--------- beginning of system
11-05 07:05:59.154 29611 29611 D ViewRootImpl: update {(0,0)(fillxfill) sim={adjust=resize forwardNavigation} ty=BASE_APPLICATION wanim=0x10302fd
11-05 07:05:59.154 29611 29611 D ViewRootImpl:   fl=LAYOUT_IN_SCREEN LAYOUT_INSET_DECOR SPLIT_TOUCH HARDWARE_ACCELERATED DRAWS_SYSTEM_BAR_BACKGROUNDS
11-05 07:05:59.154 29611 29611 D ViewRootImpl:   pfl=NO_MOVE_ANIMATION FORCE_DRAW_STATUS_BAR_BACKGROUND FIT_INSETS_CONTROLLED
11-05 07:05:59.154 29611 29611 D ViewRootImpl:   bhv=DEFAULT
11-05 07:05:59.154 29611 29611 D ViewRootImpl:   fitSides=} by setView
11-05 07:05:59.158 29611 29645 D nativeloader: Load /data/app/~~Bcz9YtKJyC0fqx3Iq8044Q==/app.rork.dominder_android_reminder_app-KJPz1DeGF9KA9O0HiMOdMg==/base.apk!/lib/arm64-v8a/libhermes.so using class loader ns clns-4 (caller=/data/app/~~Bcz9YtKJyC0fqx3Iq8044Q==/app.rork.dominder_android_reminder_app-KJPz1DeGF9KA9O0HiMOdMg==/base.apk!classes2.dex): ok
11-05 07:05:59.160 29611 29645 D nativeloader: Load /data/app/~~Bcz9YtKJyC0fqx3Iq8044Q==/app.rork.dominder_android_reminder_app-KJPz1DeGF9KA9O0HiMOdMg==/base.apk!/lib/arm64-v8a/libhermestooling.so using class loader ns clns-4 (caller=/data/app/~~Bcz9YtKJyC0fqx3Iq8044Q==/app.rork.dominder_android_reminder_app-KJPz1DeGF9KA9O0HiMOdMg==/base.apk!classes2.dex): ok
11-05 07:05:59.160 29611 29645 D jni_lib_merge: Entering merged library JNI_OnLoad.
11-05 07:05:59.160 29611 29645 D jni_lib_merge: Preparing 4 pre-merged libs (including stub)
11-05 07:05:59.160 29611 29645 D jni_lib_merge: Preparing to register libhermes_executor_so.  onload_func: 0x76f3ce211c
11-05 07:05:59.160 29611 29645 D jni_lib_merge: Preparing to register libhermesinstancejni_so.  onload_func: 0x76f3ce9a58
11-05 07:05:59.160 29611 29645 D jni_lib_merge: Preparing to register libjsijniprofiler_so.  onload_func: 0x76f3cea114
11-05 07:05:59.160 29611 29645 D jni_lib_merge: About to register 3 actual methods.
11-05 07:05:59.176 29611 29640 I AdrenoGLES-0: QUALCOMM build                   : 43fc279f3a, I58833f8ed4
11-05 07:05:59.176 29611 29640 I AdrenoGLES-0: Build Date                       : 03/24/23
11-05 07:05:59.176 29611 29640 I AdrenoGLES-0: OpenGL ES Shader Compiler Version: EV031.32.02.17
11-05 07:05:59.176 29611 29640 I AdrenoGLES-0: Local Branch                     : 
11-05 07:05:59.176 29611 29640 I AdrenoGLES-0: Remote Branch                    : 
11-05 07:05:59.176 29611 29640 I AdrenoGLES-0: Remote Branch                    : 
11-05 07:05:59.176 29611 29640 I AdrenoGLES-0: Reconstruct Branch               : 
11-05 07:05:59.176 29611 29640 I AdrenoGLES-0: Build Config                     : S P 10.0.7 AArch64
11-05 07:05:59.176 29611 29640 I AdrenoGLES-0: Driver Path                      : /vendor/lib64/egl/libGLESv2_adreno.so
11-05 07:05:59.180 29611 29640 I AdrenoGLES-0: PFP: 0x016ee197, ME: 0x00000000
11-05 07:05:59.198 29611 29640 I OpenGLRenderer: setGrContext nullptr-->validptr
11-05 07:05:59.201 29611 29640 E OpenGLRenderer: Unable to match the desired swap behavior.
11-05 07:05:59.345 29611 29645 I ExpoModulesCore:  AppContext was initialized
11-05 07:05:59.361 29611 29645 W ReactNativeJNI: Component property map contains multiple entries for 'borderColor'. Ensure all calls to convertRawProp use a consistent prefix, name and suffix.
11-05 07:05:59.361 29611 29645 W ReactNativeJNI: Component property map contains multiple entries for 'borderStyle'. Ensure all calls to convertRawProp use a consistent prefix, name and suffix.
11-05 07:05:59.361 29611 29645 W ReactNativeJNI: Component property map contains multiple entries for 'borderRadius'. Ensure all calls to convertRawProp use a consistent prefix, name and suffix.
11-05 07:05:59.361 29611 29645 W ReactNativeJNI: Component property map contains multiple entries for 'borderEndColor'. Ensure all calls to convertRawProp use a consistent prefix, name and suffix.
11-05 07:05:59.361 29611 29645 W ReactNativeJNI: Component property map contains multiple entries for 'borderTopColor'. Ensure all calls to convertRawProp use a consistent prefix, name and suffix.
11-05 07:05:59.361 29611 29645 W ReactNativeJNI: Component property map contains multiple entries for 'borderLeftColor'. Ensure all calls to convertRawProp use a consistent prefix, name and suffix.
11-05 07:05:59.361 29611 29645 W ReactNativeJNI: Component property map contains multiple entries for 'borderBlockColor'. Ensure all calls to convertRawProp use a consistent prefix, name and suffix.
11-05 07:05:59.361 29611 29645 W ReactNativeJNI: Component property map contains multiple entries for 'borderRightColor'. Ensure all calls to convertRawProp use a consistent prefix, name and suffix.
11-05 07:05:59.361 29611 29645 W ReactNativeJNI: Component property map contains multiple entries for 'borderStartColor'. Ensure all calls to convertRawProp use a consistent prefix, name and suffix.
11-05 07:05:59.361 29611 29645 W ReactNativeJNI: Component property map contains multiple entries for 'borderBottomColor'. Ensure all calls to convertRawProp use a consistent prefix, name and suffix.
11-05 07:05:59.361 29611 29645 W ReactNativeJNI: Component property map contains multiple entries for 'borderEndEndRadius'. Ensure all calls to convertRawProp use a consistent prefix, name and suffix.
11-05 07:05:59.361 29611 29645 W ReactNativeJNI: Component property map contains multiple entries for 'borderTopEndRadius'. Ensure all calls to convertRawProp use a consistent prefix, name and suffix.
11-05 07:05:59.361 29611 29645 W ReactNativeJNI: Component property map contains multiple entries for 'borderBlockEndColor'. Ensure all calls to convertRawProp use a consistent prefix, name and suffix.
11-05 07:05:59.361 29611 29645 W ReactNativeJNI: Component property map contains multiple entries for 'borderTopLeftRadius'. Ensure all calls to convertRawProp use a consistent prefix, name and suffix.
11-05 07:05:59.361 29611 29645 W ReactNativeJNI: Component property map contains multiple entries for 'borderEndStartRadius'. Ensure all calls to convertRawProp use a consistent prefix, name and suffix.
11-05 07:05:59.361 29611 29645 W ReactNativeJNI: Component property map contains multiple entries for 'borderStartEndRadius'. Ensure all calls to convertRawProp use a consistent prefix, name and suffix.
11-05 07:05:59.361 29611 29645 W ReactNativeJNI: Component property map contains multiple entries for 'borderTopRightRadius'. Ensure all calls to convertRawProp use a consistent prefix, name and suffix.
11-05 07:05:59.361 29611 29645 W ReactNativeJNI: Component property map contains multiple entries for 'borderTopStartRadius'. Ensure all calls to convertRawProp use a consistent prefix, name and suffix.
11-05 07:05:59.361 29611 29645 W ReactNativeJNI: Component property map contains multiple entries for 'borderBlockStartColor'. Ensure all calls to convertRawProp use a consistent prefix, name and suffix.
11-05 07:05:59.361 29611 29645 W ReactNativeJNI: Component property map contains multiple entries for 'borderBottomEndRadius'. Ensure all calls to convertRawProp use a consistent prefix, name and suffix.
11-05 07:05:59.361 29611 29645 W ReactNativeJNI: Component property map contains multiple entries for 'borderBottomLeftRadius'. Ensure all calls to convertRawProp use a consistent prefix, name and suffix.
11-05 07:05:59.361 29611 29645 W ReactNativeJNI: Component property map contains multiple entries for 'borderStartStartRadius'. Ensure all calls to convertRawProp use a consistent prefix, name and suffix.
11-05 07:05:59.361 29611 29645 W ReactNativeJNI: Component property map contains multiple entries for 'borderBottomRightRadius'. Ensure all calls to convertRawProp use a consistent prefix, name and suffix.
11-05 07:05:59.361 29611 29645 W ReactNativeJNI: Component property map contains multiple entries for 'borderBottomStartRadius'. Ensure all calls to convertRawProp use a consistent prefix, name and suffix.
11-05 07:05:59.374 29611 29645 W ReactNativeJNI: Component property map contains multiple entries for 'borderColor'. Ensure all calls to convertRawProp use a consistent prefix, name and suffix.
11-05 07:05:59.374 29611 29645 W ReactNativeJNI: Component property map contains multiple entries for 'borderStyle'. Ensure all calls to convertRawProp use a consistent prefix, name and suffix.
11-05 07:05:59.379 29611 29645 W unknown:BridgelessReact: ReactHost{0}.getOrCreateReactInstanceTask(): Loading JS Bundle
11-05 07:05:59.380 29611 29645 W unknown:BridgelessReact: ReactHost{0}.getOrCreateReactInstanceTask(): Calling DevSupportManagerBase.onNewReactContextCreated(reactContext)
11-05 07:05:59.380 29611 29645 W unknown:BridgelessReact: ReactHost{0}.startSurface(surfaceId = 0): Execute
11-05 07:05:59.389 29611 29611 W unknown:BridgelessReact: ReactContext.onHostResume()
11-05 07:05:59.390 29611 29611 W unknown:BridgelessReact: ReactHost{0}.getOrCreateReactInstanceTask(): Executing ReactInstanceEventListeners
11-05 07:05:59.409 29611 29646 D nativeloader: Load /data/app/~~Bcz9YtKJyC0fqx3Iq8044Q==/app.rork.dominder_android_reminder_app-KJPz1DeGF9KA9O0HiMOdMg==/base.apk!/lib/arm64-v8a/libexpo-modules-core.so using class loader ns clns-4 (caller=/data/app/~~Bcz9YtKJyC0fqx3Iq8044Q==/app.rork.dominder_android_reminder_app-KJPz1DeGF9KA9O0HiMOdMg==/base.apk!classes2.dex): ok
11-05 07:05:59.417 29611 29646 D CompatibilityChangeReporter: Compat change id reported: 210923482; UID 10882; state: ENABLED
11-05 07:05:59.419 29611 29646 W unknown:ViewManagerPropertyUpdater: Could not find generated setter for class com.th3rdwave.safeareacontext.SafeAreaProviderManager
11-05 07:05:59.421 29611 29646 W unknown:ViewManagerPropertyUpdater: Could not find generated setter for class com.facebook.react.uimanager.LayoutShadowNode
11-05 07:05:59.422 29611 29646 W unknown:ViewManagerPropertyUpdater: Could not find generated setter for class com.swmansion.rnscreens.SearchBarManager
11-05 07:05:59.422 29611 29646 W unknown:ViewManagerPropertyUpdater: Could not find generated setter for class com.swmansion.rnscreens.ScreenFooterManager
11-05 07:05:59.423 29611 29646 W unknown:ViewManagerPropertyUpdater: Could not find generated setter for class expo.modules.kotlin.views.GroupViewManagerWrapper
11-05 07:05:59.423 29611 29646 W unknown:ViewManagerPropertyUpdater: Could not find generated setter for class com.swmansion.rnscreens.ScreenContainerViewManager
11-05 07:05:59.424 29611 29646 W unknown:ViewManagerPropertyUpdater: Could not find generated setter for class com.swmansion.rnscreens.ModalScreenViewManager
11-05 07:05:59.425 29611 29646 W unknown:ViewManagerPropertyUpdater: Could not find generated setter for class com.swmansion.rnscreens.ScreenStackHeaderConfigViewManager
11-05 07:05:59.426 29611 29646 W unknown:ViewManagerPropertyUpdater: Could not find generated setter for class com.swmansion.rnscreens.ScreenContentWrapperManager
11-05 07:05:59.426 29611 29646 W unknown:ViewManagerPropertyUpdater: Could not find generated setter for class com.th3rdwave.safeareacontext.SafeAreaViewManager
11-05 07:05:59.427 29611 29646 W unknown:ViewManagerPropertyUpdater: Could not find generated setter for class com.th3rdwave.safeareacontext.SafeAreaViewShadowNode
11-05 07:05:59.427 29611 29646 W unknown:ViewManagerPropertyUpdater: Could not find generated setter for class com.shopify.reactnative.flash_list.AutoLayoutViewManager
11-05 07:05:59.428 29611 29646 W unknown:ViewManagerPropertyUpdater: Could not find generated setter for class com.shopify.reactnative.flash_list.CellContainerManager
11-05 07:05:59.428 29611 29646 W unknown:ViewManagerPropertyUpdater: Could not find generated setter for class com.swmansion.rnscreens.ScreenViewManager
11-05 07:05:59.428 29611 29646 W unknown:ViewManagerPropertyUpdater: Could not find generated setter for class expo.modules.kotlin.views.SimpleViewManagerWrapper
11-05 07:05:59.429 29611 29646 W unknown:ViewManagerPropertyUpdater: Could not find generated setter for class com.swmansion.rnscreens.ScreenStackHeaderSubviewManager
11-05 07:05:59.430 29611 29646 W unknown:ViewManagerPropertyUpdater: Could not find generated setter for class com.swmansion.rnscreens.ScreenStackViewManager
11-05 07:05:59.450 29611 29646 W unknown:ViewManagerPropertyUpdater: Could not find generated setter for class com.horcrux.svg.RenderableViewManager$DefsViewManager
11-05 07:05:59.450 29611 29646 W unknown:ViewManagerPropertyUpdater: Could not find generated setter for class com.horcrux.svg.VirtualViewManager$RenderableShadowNode
11-05 07:05:59.452 29611 29646 W unknown:ViewManagerPropertyUpdater: Could not find generated setter for class com.horcrux.svg.RenderableViewManager$FeMergeManager
11-05 07:05:59.453 29611 29646 W unknown:ViewManagerPropertyUpdater: Could not find generated setter for class com.facebook.react.views.safeareaview.ReactSafeAreaViewManager
11-05 07:05:59.453 29611 29646 W unknown:ViewManagerPropertyUpdater: Could not find generated setter for class com.facebook.react.views.safeareaview.ReactSafeAreaViewShadowNode
11-05 07:05:59.454 29611 29646 W unknown:ViewManagerPropertyUpdater: Could not find generated setter for class com.horcrux.svg.RenderableViewManager$LinearGradientManager
11-05 07:05:59.456 29611 29646 W unknown:ViewManagerPropertyUpdater: Could not find generated setter for class com.horcrux.svg.RenderableViewManager$FeGaussianBlurManager
11-05 07:05:59.457 29611 29646 W unknown:ViewManagerPropertyUpdater: Could not find generated setter for class com.facebook.react.views.progressbar.ReactProgressBarViewManager
11-05 07:05:59.458 29611 29646 W unknown:ViewManagerPropertyUpdater: Could not find generated setter for class com.facebook.react.views.progressbar.ProgressBarShadowNode
11-05 07:05:59.459 29611 29646 W unknown:ViewManagerPropertyUpdater: Could not find generated setter for class com.facebook.react.views.scroll.ReactHorizontalScrollViewManager
11-05 07:05:59.461 29611 29646 W unknown:ViewManagerPropertyUpdater: Could not find generated setter for class com.facebook.react.views.text.ReactTextViewManager
11-05 07:05:59.461 29611 29646 W unknown:ViewManagerPropertyUpdater: Could not find generated setter for class com.facebook.react.views.text.ReactTextShadowNode
11-05 07:05:59.463 29611 29646 W unknown:ViewManagerPropertyUpdater: Could not find generated setter for class com.horcrux.svg.RenderableViewManager$FeColorMatrixManager
11-05 07:05:59.465 29611 29646 W unknown:ViewManagerPropertyUpdater: Could not find generated setter for class com.facebook.react.views.scroll.ReactHorizontalScrollContainerViewManager
11-05 07:05:59.466 29611 29646 W unknown:ViewManagerPropertyUpdater: Could not find generated setter for class com.horcrux.svg.RenderableViewManager$ClipPathViewManager
11-05 07:05:59.468 29611 29646 W unknown:ViewManagerPropertyUpdater: Could not find generated setter for class com.horcrux.svg.RenderableViewManager$SymbolManager
11-05 07:05:59.470 29611 29646 W unknown:ViewManagerPropertyUpdater: Could not find generated setter for class com.horcrux.svg.RenderableViewManager$PatternManager
11-05 07:05:59.471 29611 29646 W unknown:ViewManagerPropertyUpdater: Could not find generated setter for class com.horcrux.svg.RenderableViewManager$FeBlendManager
11-05 07:05:59.473 29611 29646 W unknown:ViewManagerPropertyUpdater: Could not find generated setter for class com.facebook.react.views.view.ReactViewManager
11-05 07:05:59.474 29611 29646 W unknown:ViewManagerPropertyUpdater: Could not find generated setter for class com.horcrux.svg.SvgViewManager
11-05 07:05:59.476 29611 29646 W unknown:ViewManagerPropertyUpdater: Could not find generated setter for class com.facebook.react.views.switchview.ReactSwitchManager
11-05 07:05:59.476 29611 29646 W unknown:ViewManagerPropertyUpdater: Could not find generated setter for class com.facebook.react.views.switchview.ReactSwitchShadowNode
11-05 07:05:59.477 29611 29646 W unknown:ViewManagerPropertyUpdater: Could not find generated setter for class com.horcrux.svg.RenderableViewManager$UseViewManager
11-05 07:05:59.479 29611 29646 W unknown:ViewManagerPropertyUpdater: Could not find generated setter for class com.horcrux.svg.RenderableViewManager$CircleViewManager
11-05 07:05:59.480 29611 29646 W unknown:ViewManagerPropertyUpdater: Could not find generated setter for class com.horcrux.svg.RenderableViewManager$TSpanViewManager
11-05 07:05:59.482 29611 29646 W unknown:ViewManagerPropertyUpdater: Could not find generated setter for class com.horcrux.svg.RenderableViewManager$FilterManager
11-05 07:05:59.483 29611 29646 W unknown:ViewManagerPropertyUpdater: Could not find generated setter for class com.horcrux.svg.RenderableViewManager$MarkerManager
11-05 07:05:59.485 29611 29646 W unknown:ViewManagerPropertyUpdater: Could not find generated setter for class com.swmansion.gesturehandler.react.RNGestureHandlerButtonViewManager
11-05 07:05:59.486 29611 29646 W unknown:ViewManagerPropertyUpdater: Could not find generated setter for class com.facebook.react.views.modal.ReactModalHostManager
11-05 07:05:59.488 29611 29646 W unknown:ViewManagerPropertyUpdater: Could not find generated setter for class com.horcrux.svg.RenderableViewManager$ForeignObjectManager
11-05 07:05:59.489 29611 29646 W unknown:ViewManagerPropertyUpdater: Could not find generated setter for class com.horcrux.svg.RenderableViewManager$EllipseViewManager
11-05 07:05:59.491 29611 29646 W unknown:ViewManagerPropertyUpdater: Could not find generated setter for class com.horcrux.svg.RenderableViewManager$LineViewManager
11-05 07:05:59.493 29611 29646 W unknown:ViewManagerPropertyUpdater: Could not find generated setter for class com.facebook.react.views.text.frescosupport.FrescoBasedReactTextInlineImageViewManager
11-05 07:05:59.493 29611 29646 W unknown:ViewManagerPropertyUpdater: Could not find generated setter for class com.facebook.react.views.text.frescosupport.FrescoBasedReactTextInlineImageShadowNode
11-05 07:05:59.494 29611 29646 W unknown:ViewManagerPropertyUpdater: Could not find generated setter for class com.horcrux.svg.RenderableViewManager$FeFloodManager
11-05 07:05:59.495 29611 29646 W unknown:ViewManagerPropertyUpdater: Could not find generated setter for class com.horcrux.svg.RenderableViewManager$GroupViewManager
11-05 07:05:59.496 29611 29646 W unknown:ViewManagerPropertyUpdater: Could not find generated setter for class com.horcrux.svg.RenderableViewManager$TextViewManager
11-05 07:05:59.498 29611 29646 W unknown:ViewManagerPropertyUpdater: Could not find generated setter for class com.horcrux.svg.RenderableViewManager$ImageViewManager
11-05 07:05:59.500 29611 29646 W unknown:ViewManagerPropertyUpdater: Could not find generated setter for class com.horcrux.svg.RenderableViewManager$FeCompositeManager
11-05 07:05:59.501 29611 29646 W unknown:ViewManagerPropertyUpdater: Could not find generated setter for class com.facebook.react.views.image.ReactImageManager
11-05 07:05:59.503 29611 29646 W unknown:ViewManagerPropertyUpdater: Could not find generated setter for class com.horcrux.svg.RenderableViewManager$RadialGradientManager
11-05 07:05:59.504 29611 29646 W unknown:ViewManagerPropertyUpdater: Could not find generated setter for class com.horcrux.svg.RenderableViewManager$MaskManager
11-05 07:05:59.506 29611 29646 W unknown:ViewManagerPropertyUpdater: Could not find generated setter for class com.facebook.react.views.unimplementedview.ReactUnimplementedViewManager
11-05 07:05:59.507 29611 29646 W unknown:ViewManagerPropertyUpdater: Could not find generated setter for class com.horcrux.svg.RenderableViewManager$RectViewManager
11-05 07:05:59.508 29611 29646 W unknown:ViewManagerPropertyUpdater: Could not find generated setter for class com.horcrux.svg.RenderableViewManager$TextPathViewManager
11-05 07:05:59.510 29611 29646 W unknown:ViewManagerPropertyUpdater: Could not find generated setter for class com.facebook.react.views.scroll.ReactScrollViewManager
11-05 07:05:59.512 29611 29646 W unknown:ViewManagerPropertyUpdater: Could not find generated setter for class com.horcrux.svg.RenderableViewManager$FeOffsetManager
11-05 07:05:59.514 29611 29646 W unknown:ViewManagerPropertyUpdater: Could not find generated setter for class com.horcrux.svg.RenderableViewManager$PathViewManager
11-05 07:05:59.515 29611 29646 W unknown:ViewManagerPropertyUpdater: Could not find generated setter for class com.facebook.react.views.drawer.ReactDrawerLayoutManager
11-05 07:05:59.516 29611 29646 W unknown:ViewManagerPropertyUpdater: Could not find generated setter for class com.facebook.react.views.text.ReactVirtualTextViewManager
11-05 07:05:59.517 29611 29646 W unknown:ViewManagerPropertyUpdater: Could not find generated setter for class com.facebook.react.views.text.ReactVirtualTextShadowNode
11-05 07:05:59.518 29611 29646 W unknown:ViewManagerPropertyUpdater: Could not find generated setter for class com.facebook.react.views.swiperefresh.SwipeRefreshLayoutManager
11-05 07:05:59.519 29611 29646 W unknown:ViewManagerPropertyUpdater: Could not find generated setter for class com.facebook.react.views.text.ReactRawTextManager
11-05 07:05:59.519 29611 29646 W unknown:ViewManagerPropertyUpdater: Could not find generated setter for class com.facebook.react.views.text.ReactRawTextShadowNode
11-05 07:05:59.519 29611 29646 W unknown:ViewManagerPropertyUpdater: Could not find generated setter for class com.facebook.react.views.textinput.ReactTextInputManager
11-05 07:05:59.520 29611 29646 W unknown:ViewManagerPropertyUpdater: Could not find generated setter for class com.facebook.react.views.textinput.ReactTextInputShadowNode
11-05 07:05:59.522 29611 29646 W unknown:ViewManagerPropertyUpdater: Could not find generated setter for class com.swmansion.gesturehandler.react.RNGestureHandlerRootViewManager
11-05 07:05:59.530 29611 29646 W BridgelessReactContext: [WARNING] Bridgeless doesn't support CatalystInstance. Accessing an API that's not part of the new architecture is not encouraged usage.
11-05 07:05:59.534 29611 29646 I ExpoModulesCore:  JSI interop was installed
11-05 07:05:59.543 29611 29646 I ExpoModulesCore:  Constants were exported
11-05 07:05:59.584 29611 29646 D nativeloader: Load /data/app/~~Bcz9YtKJyC0fqx3Iq8044Q==/app.rork.dominder_android_reminder_app-KJPz1DeGF9KA9O0HiMOdMg==/base.apk!/lib/arm64-v8a/librnscreens.so using class loader ns clns-4 (caller=/data/app/~~Bcz9YtKJyC0fqx3Iq8044Q==/app.rork.dominder_android_reminder_app-KJPz1DeGF9KA9O0HiMOdMg==/base.apk!classes3.dex): ok
11-05 07:05:59.592 29611 29646 I ReactNativeJS: '[NotificationService] AlarmModule availability:', 'Available'
11-05 07:05:59.592 29611 29646 I ReactNativeJS: '[NotificationService] AlarmModule methods:', [ 'scheduleAlarm' ]
11-05 07:05:59.592 29611 29646 I ReactNativeJS: Running "main"
11-05 07:05:59.613 29611 29646 D nativeloader: Load /data/app/~~Bcz9YtKJyC0fqx3Iq8044Q==/app.rork.dominder_android_reminder_app-KJPz1DeGF9KA9O0HiMOdMg==/base.apk!/lib/arm64-v8a/libworklets.so using class loader ns clns-4 (caller=/data/app/~~Bcz9YtKJyC0fqx3Iq8044Q==/app.rork.dominder_android_reminder_app-KJPz1DeGF9KA9O0HiMOdMg==/base.apk!classes2.dex): ok
11-05 07:05:59.647 29611 29646 D nativeloader: Load /data/app/~~Bcz9YtKJyC0fqx3Iq8044Q==/app.rork.dominder_android_reminder_app-KJPz1DeGF9KA9O0HiMOdMg==/base.apk!/lib/arm64-v8a/libreanimated.so using class loader ns clns-4 (caller=/data/app/~~Bcz9YtKJyC0fqx3Iq8044Q==/app.rork.dominder_android_reminder_app-KJPz1DeGF9KA9O0HiMOdMg==/base.apk!classes2.dex): ok
11-05 07:05:59.784 29611 29646 I ReactNativeJS: [useAlarmListeners] Setting up native alarm event listeners...
11-05 07:05:59.784 29611 29646 I ReactNativeJS: [AlarmSync] Hook initialized
11-05 07:05:59.784 29611 29646 I ReactNativeJS: [AlarmSync] Checking for completed alarms...
11-05 07:05:59.785 29611 29646 I ReactNativeJS: [RootLayout] Setting up notification handlers
11-05 07:05:59.785 29611 29647 D DoMinderDebug: AlarmModule: Retrieved 0 completed alarms
11-05 07:05:59.785 29611 29646 I ReactNativeJS: [Dominder-Debug] Ensuring base notification channels
11-05 07:05:59.786 29611 29646 I ReactNativeJS: '[Dominder-Debug] Creating channel:', '{"id":"standard-v2","name":"Standard Notifications","importance":4,"sound":"default","vibration":true}'
11-05 07:05:59.789 29611 29646 I ReactNativeJS: '[AlarmSync] Found completed alarms:', 0
11-05 07:05:59.789 29611 29646 I ReactNativeJS: '[RootLayout] Initial notification:', null
11-05 07:05:59.789 29611 29647 D DoMinderDebug: AlarmModule: Retrieved 0 snoozed alarms
11-05 07:05:59.789 29611 29646 I ReactNativeJS: '[Dominder-Debug] Creating channel:', '{"id":"silent-v2","name":"Silent Notifications","importance":2,"vibration":false}'
11-05 07:05:59.789 29611 29646 I ReactNativeJS: '[AlarmSync] Found snoozed alarms:', 0
11-05 07:05:59.791 29611 29646 I ReactNativeJS: '[Dominder-Debug] Creating channel:', '{"id":"alarm-v2","name":"Alarms","importance":4,"sound":"default","vibration":true,"bypassDnd":true}'
11-05 07:05:59.791 29611 29611 D VRI[MainActivity]: update {(0,0)(fillxfill) sim={adjust=resize forwardNavigation} ty=BASE_APPLICATION wanim=0x10302fd
11-05 07:05:59.791 29611 29611 D VRI[MainActivity]:   fl=LAYOUT_IN_SCREEN LAYOUT_INSET_DECOR SPLIT_TOUCH HARDWARE_ACCELERATED DRAWS_SYSTEM_BAR_BACKGROUNDS
11-05 07:05:59.791 29611 29611 D VRI[MainActivity]:   pfl=NO_MOVE_ANIMATION FORCE_DRAW_STATUS_BAR_BACKGROUND FIT_INSETS_CONTROLLED
11-05 07:05:59.791 29611 29611 D VRI[MainActivity]:   bhv=DEFAULT
11-05 07:05:59.791 29611 29611 D VRI[MainActivity]:   fitSides=} by setLayoutParams
11-05 07:05:59.793 29611 29646 I ReactNativeJS: [Dominder-Debug] Base channels ensured
11-05 07:05:59.793 29611 29611 D VRI[MainActivity]: update {(0,0)(fillxfill) sim={adjust=resize forwardNavigation} ty=BASE_APPLICATION wanim=0x10302fd
11-05 07:05:59.793 29611 29611 D VRI[MainActivity]:   fl=LAYOUT_IN_SCREEN FORCE_NOT_FULLSCREEN LAYOUT_INSET_DECOR SPLIT_TOUCH HARDWARE_ACCELERATED DRAWS_SYSTEM_BAR_BACKGROUNDS
11-05 07:05:59.793 29611 29611 D VRI[MainActivity]:   pfl=NO_MOVE_ANIMATION FORCE_DRAW_STATUS_BAR_BACKGROUND FIT_INSETS_CONTROLLED
11-05 07:05:59.793 29611 29611 D VRI[MainActivity]:   bhv=DEFAULT
11-05 07:05:59.793 29611 29611 D VRI[MainActivity]:   fitSides=} by setLayoutParams
11-05 07:05:59.794 29611 29611 D VRI[MainActivity]: update {(0,0)(fillxfill) sim={adjust=resize forwardNavigation} ty=BASE_APPLICATION wanim=0x10302fd
11-05 07:05:59.794 29611 29611 D VRI[MainActivity]:   fl=LAYOUT_IN_SCREEN FORCE_NOT_FULLSCREEN LAYOUT_INSET_DECOR SPLIT_TOUCH HARDWARE_ACCELERATED DRAWS_SYSTEM_BAR_BACKGROUNDS
11-05 07:05:59.794 29611 29611 D VRI[MainActivity]:   pfl=NO_MOVE_ANIMATION FORCE_DRAW_STATUS_BAR_BACKGROUND FIT_INSETS_CONTROLLED
11-05 07:05:59.794 29611 29611 D VRI[MainActivity]:   bhv=DEFAULT
11-05 07:05:59.794 29611 29611 D VRI[MainActivity]:   fitSides=} by setLayoutParams
11-05 07:05:59.794 29611 29646 I ReactNativeJS: [AlarmSync] App became active, syncing...
11-05 07:05:59.794 29611 29646 I ReactNativeJS: [AlarmSync] Checking for completed alarms...
11-05 07:05:59.795 29611 29647 D DoMinderDebug: AlarmModule: Retrieved 0 completed alarms
11-05 07:05:59.795 29611 29646 I ReactNativeJS: '[AlarmSync] Found completed alarms:', 0
11-05 07:05:59.795 29611 29647 D DoMinderDebug: AlarmModule: Retrieved 0 snoozed alarms
11-05 07:05:59.795 29611 29646 I ReactNativeJS: '[AlarmSync] Found snoozed alarms:', 0
11-05 07:05:59.826 29611 29646 I ReactNativeJS: '[ReminderEngine] Processing reminders, count:', 0
11-05 07:05:59.827 29611 29611 W [RNScreens]: backTitleVisible prop is not available on Android
11-05 07:05:59.827 29611 29611 W [RNScreens]: backTitleFontFamily prop is not available on Android
11-05 07:05:59.827 29611 29611 W [RNScreens]: disableBackButtonMenu prop is not available on Android
11-05 07:05:59.827 29611 29611 W [RNScreens]: largeTitleFontFamily prop is not available on Android
11-05 07:05:59.827 29611 29611 W [RNScreens]: largeTitleFontWeight prop is not available on Android
11-05 07:05:59.827 29611 29611 W [RNScreens]: largeTitleHideShadow prop is not available on Android
11-05 07:05:59.835 29611 29646 I ReactNativeJS: '[ReminderEngine] Processing reminders, count:', 0
11-05 07:05:59.840 29611 29646 D nativeloader: Load /data/app/~~Bcz9YtKJyC0fqx3Iq8044Q==/app.rork.dominder_android_reminder_app-KJPz1DeGF9KA9O0HiMOdMg==/base.apk!/lib/arm64-v8a/libgesturehandler.so using class loader ns clns-4 (caller=/data/app/~~Bcz9YtKJyC0fqx3Iq8044Q==/app.rork.dominder_android_reminder_app-KJPz1DeGF9KA9O0HiMOdMg==/base.apk!classes2.dex): ok
11-05 07:05:59.840 29611 29646 D jni_lib_merge: Entering merged library JNI_OnLoad.
11-05 07:05:59.841 29611 29646 D jni_lib_merge: Preparing 11 pre-merged libs (including stub)
11-05 07:05:59.841 29611 29646 D jni_lib_merge: Preparing to register libfabricjni_so.  onload_func: 0x7676c734c4
11-05 07:05:59.841 29611 29646 D jni_lib_merge: Preparing to register libreact_devsupportjni_so.  onload_func: 0x7676d45110
11-05 07:05:59.841 29611 29646 D jni_lib_merge: Preparing to register libreact_featureflagsjni_so.  onload_func: 0x7676d4d3ac
11-05 07:05:59.841 29611 29646 D jni_lib_merge: Preparing to register libreact_newarchdefaults_so.  onload_func: 0x7676d713c8
11-05 07:05:59.841 29611 29646 D jni_lib_merge: Preparing to register libreactnativeblob_so.  onload_func: 0x7676df821c
11-05 07:05:59.841 29611 29646 D jni_lib_merge: Preparing to register libreactnativejni_so.  onload_func: 0x7676e16204
11-05 07:05:59.841 29611 29646 D jni_lib_merge: Preparing to register librninstance_so.  onload_func: 0x7676e2f990
11-05 07:05:59.841 29611 29646 D jni_lib_merge: Preparing to register libturbomodulejsijni_so.  onload_func: 0x7676eaa87c
11-05 07:05:59.841 29611 29646 D jni_lib_merge: Preparing to register libuimanagerjni_so.  onload_func: 0x7676eb1d94
11-05 07:05:59.841 29611 29646 D jni_lib_merge: Preparing to register libyoga_so.  onload_func: 0x7676eb71e8
11-05 07:05:59.841 29611 29646 D jni_lib_merge: About to register 10 actual methods.
11-05 07:05:59.846 29611 29611 I ReactNative: [GESTURE HANDLER] Initialize gesture handler for root view com.facebook.react.runtime.ReactSurfaceView{96d2a65 V.E...... ......ID 0,0-1080,2295 #b}
11-05 07:05:59.875 29611 29640 W Parcel  : Expecting binder but got null!
11-05 07:05:59.876 29611 29611 D VRI[MainActivity]: update {(0,0)(fillxfill) sim={adjust=resize forwardNavigation} ty=BASE_APPLICATION wanim=0x10302fd
11-05 07:05:59.876 29611 29611 D VRI[MainActivity]:   fl=LAYOUT_IN_SCREEN FORCE_NOT_FULLSCREEN LAYOUT_INSET_DECOR SPLIT_TOUCH HARDWARE_ACCELERATED DRAWS_SYSTEM_BAR_BACKGROUNDS
11-05 07:05:59.876 29611 29611 D VRI[MainActivity]:   pfl=NO_MOVE_ANIMATION FORCE_DRAW_STATUS_BAR_BACKGROUND FIT_INSETS_CONTROLLED
11-05 07:05:59.876 29611 29611 D VRI[MainActivity]:   bhv=DEFAULT
11-05 07:05:59.876 29611 29611 D VRI[MainActivity]:   fitSides=} by setLayoutParams
11-05 07:05:59.898 29611 29611 D CompatibilityChangeReporter: Compat change id reported: 171228096; UID 10882; state: ENABLED
11-05 07:05:59.909 29611 29611 W unknown:ViewManagerPropertyUpdater: Could not find generated setter for class com.facebook.react.uimanager.RootViewManager
11-05 07:05:59.925 29611 29646 I ReactNativeJS: '[ReminderEngine] Processing reminders, count:', 1
11-05 07:06:04.310 29611 29683 D ProfileInstaller: Skipping profile installation for app.rork.dominder_android_reminder_app
11-05 07:06:09.104 29611 29620 W System  : A resource failed to call release. 
11-05 07:06:11.426 29611 29611 W unknown:ReactNative: Unsupported transform type: translateZ
11-05 07:06:11.432 29611 29611 D ViewRootImpl: update {(0,0)(fillxfill) gr=CENTER sim={adjust=resize forwardNavigation} ty=APPLICATION fmt=TRANSPARENT wanim=0x7f12012e
11-05 07:06:11.432 29611 29611 D ViewRootImpl:   fl=NOT_FOCUSABLE LAYOUT_IN_SCREEN LAYOUT_INSET_DECOR SPLIT_TOUCH HARDWARE_ACCELERATED DRAWS_SYSTEM_BAR_BACKGROUNDS
11-05 07:06:11.432 29611 29611 D ViewRootImpl:   pfl=NO_MOVE_ANIMATION FORCE_DRAW_STATUS_BAR_BACKGROUND FIT_INSETS_CONTROLLED
11-05 07:06:11.432 29611 29611 D ViewRootImpl:   bhv=DEFAULT
11-05 07:06:11.432 29611 29611 D ViewRootImpl:   fitSides=} by setView
11-05 07:06:11.438 29611 29611 D VRI[MainActivity]: update {(0,0)(fillxfill) gr=CENTER sim={adjust=resize} ty=APPLICATION fmt=TRANSPARENT wanim=0x7f12012e
11-05 07:06:11.438 29611 29611 D VRI[MainActivity]:   fl=LAYOUT_IN_SCREEN LAYOUT_INSET_DECOR SPLIT_TOUCH HARDWARE_ACCELERATED DRAWS_SYSTEM_BAR_BACKGROUNDS
11-05 07:06:11.438 29611 29611 D VRI[MainActivity]:   pfl=NO_MOVE_ANIMATION FORCE_DRAW_STATUS_BAR_BACKGROUND FIT_INSETS_CONTROLLED
11-05 07:06:11.438 29611 29611 D VRI[MainActivity]:   bhv=DEFAULT
11-05 07:06:11.438 29611 29611 D VRI[MainActivity]:   fitSides=} by setLayoutParams
11-05 07:06:11.457 29611 29611 W unknown:ReactNative: Unsupported transform type: translateZ
11-05 07:06:11.466 29611 29640 E OpenGLRenderer: Unable to match the desired swap behavior.
11-05 07:06:11.476 29611 29640 W Parcel  : Expecting binder but got null!
11-05 07:06:11.482 29611 29611 D VRI[MainActivity]: update {(0,0)(fillxfill) gr=CENTER sim={adjust=resize} ty=APPLICATION fmt=TRANSPARENT wanim=0x7f12012e
11-05 07:06:11.482 29611 29611 D VRI[MainActivity]:   fl=LAYOUT_IN_SCREEN LAYOUT_INSET_DECOR SPLIT_TOUCH HARDWARE_ACCELERATED DRAWS_SYSTEM_BAR_BACKGROUNDS
11-05 07:06:11.482 29611 29611 D VRI[MainActivity]:   pfl=NO_MOVE_ANIMATION FORCE_DRAW_STATUS_BAR_BACKGROUND FIT_INSETS_CONTROLLED
11-05 07:06:11.482 29611 29611 D VRI[MainActivity]:   bhv=DEFAULT
11-05 07:06:11.482 29611 29611 D VRI[MainActivity]:   fitSides=} by setLayoutParams
11-05 07:06:11.483 29611 29611 D VRI[MainActivity]: update {(0,0)(fillxfill) gr=CENTER sim={adjust=resize} ty=APPLICATION fmt=TRANSPARENT wanim=0x7f12012e
11-05 07:06:11.483 29611 29611 D VRI[MainActivity]:   fl=LAYOUT_IN_SCREEN LAYOUT_INSET_DECOR SPLIT_TOUCH HARDWARE_ACCELERATED DRAWS_SYSTEM_BAR_BACKGROUNDS
11-05 07:06:11.483 29611 29611 D VRI[MainActivity]:   pfl=NO_MOVE_ANIMATION FORCE_DRAW_STATUS_BAR_BACKGROUND FIT_INSETS_CONTROLLED
11-05 07:06:11.483 29611 29611 D VRI[MainActivity]:   bhv=DEFAULT
11-05 07:06:11.483 29611 29611 D VRI[MainActivity]:   fitSides=} by setLayoutParams
11-05 07:06:11.599 29611 29611 D CompatibilityChangeReporter: Compat change id reported: 163400105; UID 10882; state: ENABLED
11-05 07:06:11.599 29611 29611 D InputMethodManager: showSoftInput() view=com.facebook.react.views.textinput.ReactEditText{3bc8d16 VFED..CL. .F....ID 0,0-920,109 #7e aid=1073741824} flags=0 reason=SHOW_SOFT_INPUT
11-05 07:06:11.778 29611 29611 W OnBackInvokedCallback: OnBackInvokedCallback is not enabled for the application.
11-05 07:06:11.778 29611 29611 W OnBackInvokedCallback: Set 'android:enableOnBackInvokedCallback="true"' in the application manifest.
11-05 07:06:11.960 29611 29611 D InsetsController: show(ime(), fromIme=true)
11-05 07:06:13.663 29611 29646 I ReactNativeJS: [ReminderService] Adding reminder 1762306573661: isActive=true, isCompleted=false, repeatType=none
11-05 07:06:13.742 29611 29646 I ReactNativeJS: '[ReminderEngine] Processing reminders, count:', 2
11-05 07:06:13.742 29611 29646 I ReactNativeJS: [ReminderEngine] Processing reminder 1762306573661, repeatType: none
11-05 07:06:13.742 29611 29646 I ReactNativeJS: [calculateNextReminderDate] for reminder: 1762306573661, fromDate: 2025-11-05T01:36:13.742Z, repeatType: none, date: 2025-11-05, time: 07:20
11-05 07:06:13.742 29611 29646 I ReactNativeJS: [calculateNextReminderDate] One-time reminder scheduled for: 2025-11-05T01:50:00.000Z, isInFuture: true
11-05 07:06:13.742 29611 29646 I ReactNativeJS: [ReminderEngine] Scheduling notification for reminder 1762306573661 at 2025-11-05T01:50:00.000Z
11-05 07:06:13.804 29611 29611 W unknown:ReactNative: Unsupported transform type: translateZ
11-05 07:06:13.807 29611 29646 I ReactNativeJS: [NotificationService] Scheduling reminder 1762306573661, priority: medium, repeatType: none
11-05 07:06:13.807 29611 29646 I ReactNativeJS: [NotificationService] Scheduling for 2025-11-05T01:50:00.000Z
11-05 07:06:13.813 29611 29611 W unknown:ReactNative: Unsupported transform type: translateZ
11-05 07:06:13.844 29611 29646 I ReactNativeJNI: instanceHandle is null, event of type topBlur will be dropped
11-05 07:06:13.855 29611 29640 D Surface : Surface::disconnect
11-05 07:06:13.855 29611 29640 D BufferQueueProducer: [VRI[MainActivity]#1(BLAST Consumer)1](id:73ab00000001,api:1,p:29611,c:29611) disconnect: api 1
11-05 07:06:13.859 29611 29646 I ReactNativeJS: [NotificationService] Successfully scheduled notification rem-1762306573661
11-05 07:06:13.859 29611 29646 I ReactNativeJS: [ReminderEngine] Successfully scheduled 1762306573661
11-05 07:06:13.889 29611 29611 W RemoteInputConnectionImpl: requestCursorAnchorInfo on inactive InputConnection
11-05 07:06:13.904 29611 29646 I ReactNativeJS: '[ReminderEngine] Processing reminders, count:', 2
11-05 07:06:13.905 29611 29646 I ReactNativeJS: '[RootLayout] Foreground event:', { type: 7, pressAction: undefined }
11-05 07:06:13.960 29611 29611 W unknown:ReactNative: Unsupported transform type: translateZ
11-05 07:06:13.971 29611 29611 W unknown:ReactNative: Unsupported transform type: translateZ
11-05 07:06:14.188 29611 29611 W unknown:BridgelessReact: ReactHost{0}.handleHostException(message = "Object is not a function
11-05 07:06:14.188 29611 29611 W unknown:BridgelessReact: 
11-05 07:06:14.188 29611 29611 W unknown:BridgelessReact: TypeError: Object is not a function
11-05 07:06:14.188 29611 29611 W unknown:BridgelessReact:     at SwipeableRowTsx2 (:1:94)
11-05 07:06:14.188 29611 29611 W unknown:BridgelessReact:     at anonymous (:1:1110)
11-05 07:06:14.188 29611 29611 W unknown:BridgelessReact:     at call (native)
11-05 07:06:14.188 29611 29611 W unknown:BridgelessReact:     at step (:1:1423)
11-05 07:06:14.188 29611 29611 W unknown:BridgelessReact:     at anonymous (:1:655)
11-05 07:06:14.188 29611 29611 W unknown:BridgelessReact:     at anonymous (:1:1025)")
11-05 07:06:14.189 29611 29611 D AndroidRuntime: Shutting down VM
--------- beginning of crash
