--------- beginning of main
01-10 22:41:04.449 12680 12680 I id_reminder_app: Using CollectorTypeCC GC.
01-10 22:41:04.456 12680 12680 D nativeloader: Load libframework-connectivity-tiramisu-jni.so using APEX ns com_android_tethering for caller /apex/com.android.tethering/javalib/framework-connectivity-t.jar: ok
01-10 22:41:04.467 12680 12680 D CompatibilityChangeReporter: Compat change id reported: 171979766; UID 11059; state: ENABLED
01-10 22:41:04.490 12680 12680 D nativeloader: Configuring clns-4 for other apk /data/app/~~llAodhdQXRquWWIlNE46RQ==/app.rork.dominder_android_reminder_app-CgEdc00TR0D8-4F0wq8K8A==/base.apk. target_sdk_version=35, uses_libraries=, library_path=/data/app/~~llAodhdQXRquWWIlNE46RQ==/app.rork.dominder_android_reminder_app-CgEdc00TR0D8-4F0wq8K8A==/lib/arm64:/data/app/~~llAodhdQXRquWWIlNE46RQ==/app.rork.dominder_android_reminder_app-CgEdc00TR0D8-4F0wq8K8A==/base.apk!/lib/arm64-v8a, permitted_path=/data:/mnt/expand:/data/user/0/app.rork.dominder_android_reminder_app
01-10 22:41:04.499 12680 12680 D nativeloader: Load libframework-connectivity-jni.so using APEX ns com_android_tethering for caller /apex/com.android.tethering/javalib/framework-connectivity.jar: ok
01-10 22:41:04.501 12680 12680 V GraphicsEnvironment: ANGLE Developer option for 'app.rork.dominder_android_reminder_app' set to: 'default'
01-10 22:41:04.502 12680 12680 V GraphicsEnvironment: ANGLE GameManagerService for app.rork.dominder_android_reminder_app: false
01-10 22:41:04.502 12680 12680 V GraphicsEnvironment: Neither updatable production driver nor prerelease driver is supported.
01-10 22:41:04.504 12680 12680 D NetworkSecurityConfig: No Network Security Config specified, using platform default
01-10 22:41:04.505 12680 12680 D NetworkSecurityConfig: No Network Security Config specified, using platform default
01-10 22:41:04.515 12680 12680 D WM-WrkMgrInitializer: Initializing WorkManager with default configuration.
01-10 22:41:04.518 12680 12680 D WM-PackageManagerHelper: Skipping component enablement for androidx.work.impl.background.systemjob.SystemJobService
01-10 22:41:04.518 12680 12680 D WM-Schedulers: Created SystemJobScheduler and enabled SystemJobService
01-10 22:41:04.521 12680 12680 D NOTIFEE : (context): received application context
01-10 22:41:04.523 12680 12680 W SoLoader: Initializing SoLoader: 0
01-10 22:41:04.524 12680 12680 W SoLoader: Recording new base apk path: /data/app/~~llAodhdQXRquWWIlNE46RQ==/app.rork.dominder_android_reminder_app-CgEdc00TR0D8-4F0wq8K8A==/base.apk
01-10 22:41:04.524 12680 12680 W SoLoader: Previously recorded 0 base apk paths.
01-10 22:41:04.524 12680 12680 I SoLoader: Preparing SO source: DirectorySoSource[root = /vendor/lib64 flags = 2]
01-10 22:41:04.524 12680 12680 I SoLoader: Preparing SO source: DirectorySoSource[root = /system/lib64 flags = 2]
01-10 22:41:04.524 12680 12680 I SoLoader: Preparing SO source: DirectApkSoSource[root = [/data/app/~~llAodhdQXRquWWIlNE46RQ==/app.rork.dominder_android_reminder_app-CgEdc00TR0D8-4F0wq8K8A==/base.apk!/lib/arm64-v8a]]
01-10 22:41:04.527 12680 12680 I SoLoader: Preparing SO source: ApplicationSoSource[DirectorySoSource[root = /data/app/~~llAodhdQXRquWWIlNE46RQ==/app.rork.dominder_android_reminder_app-CgEdc00TR0D8-4F0wq8K8A==/lib/arm64 flags = 0]]
01-10 22:41:04.528 12680 12680 I SoLoader: init finish: 4 SO sources prepared
01-10 22:41:04.528 12680 12680 W SoLoader: SoLoader initialized: 8
01-10 22:41:04.532 12680 12700 D CompatibilityChangeReporter: Compat change id reported: 160794467; UID 11059; state: ENABLED
01-10 22:41:04.537 12680 12680 D nativeloader: Load /data/app/~~llAodhdQXRquWWIlNE46RQ==/app.rork.dominder_android_reminder_app-CgEdc00TR0D8-4F0wq8K8A==/base.apk!/lib/arm64-v8a/libc++_shared.so using class loader ns clns-4 (caller=/data/app/~~llAodhdQXRquWWIlNE46RQ==/app.rork.dominder_android_reminder_app-CgEdc00TR0D8-4F0wq8K8A==/base.apk!classes2.dex): ok
01-10 22:41:04.542 12680 12680 D nativeloader: Load /data/app/~~llAodhdQXRquWWIlNE46RQ==/app.rork.dominder_android_reminder_app-CgEdc00TR0D8-4F0wq8K8A==/base.apk!/lib/arm64-v8a/libjsi.so using class loader ns clns-4 (caller=/data/app/~~llAodhdQXRquWWIlNE46RQ==/app.rork.dominder_android_reminder_app-CgEdc00TR0D8-4F0wq8K8A==/base.apk!classes2.dex): ok
01-10 22:41:04.547 12680 12680 D nativeloader: Load /data/app/~~llAodhdQXRquWWIlNE46RQ==/app.rork.dominder_android_reminder_app-CgEdc00TR0D8-4F0wq8K8A==/base.apk!/lib/arm64-v8a/libfbjni.so using class loader ns clns-4 (caller=/data/app/~~llAodhdQXRquWWIlNE46RQ==/app.rork.dominder_android_reminder_app-CgEdc00TR0D8-4F0wq8K8A==/base.apk!classes2.dex): ok
01-10 22:41:04.552 12680 12680 D nativeloader: Load /data/app/~~llAodhdQXRquWWIlNE46RQ==/app.rork.dominder_android_reminder_app-CgEdc00TR0D8-4F0wq8K8A==/base.apk!/lib/arm64-v8a/libreactnative.so using class loader ns clns-4 (caller=/data/app/~~llAodhdQXRquWWIlNE46RQ==/app.rork.dominder_android_reminder_app-CgEdc00TR0D8-4F0wq8K8A==/base.apk!classes2.dex): ok
01-10 22:41:04.553 12680 12680 D jni_lib_merge: Entering merged library JNI_OnLoad.
01-10 22:41:04.553 12680 12680 D jni_lib_merge: Preparing 11 pre-merged libs (including stub)
01-10 22:41:04.553 12680 12680 D jni_lib_merge: Preparing to register libfabricjni_so.  onload_func: 0x7839c834c4
01-10 22:41:04.553 12680 12680 D jni_lib_merge: Preparing to register libreact_devsupportjni_so.  onload_func: 0x7839d55110
01-10 22:41:04.553 12680 12680 D jni_lib_merge: Preparing to register libreact_featureflagsjni_so.  onload_func: 0x7839d5d3ac
01-10 22:41:04.553 12680 12680 D jni_lib_merge: Preparing to register libreact_newarchdefaults_so.  onload_func: 0x7839d813c8
01-10 22:41:04.553 12680 12680 D jni_lib_merge: Preparing to register libreactnativeblob_so.  onload_func: 0x7839e0821c
01-10 22:41:04.553 12680 12680 D jni_lib_merge: Preparing to register libreactnativejni_so.  onload_func: 0x7839e26204
01-10 22:41:04.553 12680 12680 D jni_lib_merge: Preparing to register librninstance_so.  onload_func: 0x7839e3f990
01-10 22:41:04.553 12680 12680 D jni_lib_merge: Preparing to register libturbomodulejsijni_so.  onload_func: 0x7839eba87c
01-10 22:41:04.553 12680 12680 D jni_lib_merge: Preparing to register libuimanagerjni_so.  onload_func: 0x7839ec1d94
01-10 22:41:04.553 12680 12680 D jni_lib_merge: Preparing to register libyoga_so.  onload_func: 0x7839ec71e8
01-10 22:41:04.553 12680 12680 D jni_lib_merge: About to register 10 actual methods.
01-10 22:41:04.561 12680 12680 D nativeloader: Load /data/app/~~llAodhdQXRquWWIlNE46RQ==/app.rork.dominder_android_reminder_app-CgEdc00TR0D8-4F0wq8K8A==/base.apk!/lib/arm64-v8a/libreact_codegen_rnscreens.so using class loader ns clns-4 (caller=/data/app/~~llAodhdQXRquWWIlNE46RQ==/app.rork.dominder_android_reminder_app-CgEdc00TR0D8-4F0wq8K8A==/base.apk!classes2.dex): ok
01-10 22:41:04.561 12680 12680 D jni_lib_merge: Entering merged library JNI_OnLoad.
01-10 22:41:04.561 12680 12680 D jni_lib_merge: Preparing 11 pre-merged libs (including stub)
01-10 22:41:04.561 12680 12680 D jni_lib_merge: Preparing to register libfabricjni_so.  onload_func: 0x7839c834c4
01-10 22:41:04.561 12680 12680 D jni_lib_merge: Preparing to register libreact_devsupportjni_so.  onload_func: 0x7839d55110
01-10 22:41:04.561 12680 12680 D jni_lib_merge: Preparing to register libreact_featureflagsjni_so.  onload_func: 0x7839d5d3ac
01-10 22:41:04.561 12680 12680 D jni_lib_merge: Preparing to register libreact_newarchdefaults_so.  onload_func: 0x7839d813c8
01-10 22:41:04.561 12680 12680 D jni_lib_merge: Preparing to register libreactnativeblob_so.  onload_func: 0x7839e0821c
01-10 22:41:04.561 12680 12680 D jni_lib_merge: Preparing to register libreactnativejni_so.  onload_func: 0x7839e26204
01-10 22:41:04.561 12680 12680 D jni_lib_merge: Preparing to register librninstance_so.  onload_func: 0x7839e3f990
01-10 22:41:04.561 12680 12680 D jni_lib_merge: Preparing to register libturbomodulejsijni_so.  onload_func: 0x7839eba87c
01-10 22:41:04.561 12680 12680 D jni_lib_merge: Preparing to register libuimanagerjni_so.  onload_func: 0x7839ec1d94
01-10 22:41:04.561 12680 12680 D jni_lib_merge: Preparing to register libyoga_so.  onload_func: 0x7839ec71e8
01-10 22:41:04.561 12680 12680 D jni_lib_merge: About to register 10 actual methods.
01-10 22:41:04.566 12680 12680 D nativeloader: Load /data/app/~~llAodhdQXRquWWIlNE46RQ==/app.rork.dominder_android_reminder_app-CgEdc00TR0D8-4F0wq8K8A==/base.apk!/lib/arm64-v8a/libreact_codegen_rnsvg.so using class loader ns clns-4 (caller=/data/app/~~llAodhdQXRquWWIlNE46RQ==/app.rork.dominder_android_reminder_app-CgEdc00TR0D8-4F0wq8K8A==/base.apk!classes2.dex): ok
01-10 22:41:04.566 12680 12680 D jni_lib_merge: Entering merged library JNI_OnLoad.
01-10 22:41:04.566 12680 12680 D jni_lib_merge: Preparing 11 pre-merged libs (including stub)
01-10 22:41:04.566 12680 12680 D jni_lib_merge: Preparing to register libfabricjni_so.  onload_func: 0x7839c834c4
01-10 22:41:04.566 12680 12680 D jni_lib_merge: Preparing to register libreact_devsupportjni_so.  onload_func: 0x7839d55110
01-10 22:41:04.566 12680 12680 D jni_lib_merge: Preparing to register libreact_featureflagsjni_so.  onload_func: 0x7839d5d3ac
01-10 22:41:04.566 12680 12680 D jni_lib_merge: Preparing to register libreact_newarchdefaults_so.  onload_func: 0x7839d813c8
01-10 22:41:04.566 12680 12680 D jni_lib_merge: Preparing to register libreactnativeblob_so.  onload_func: 0x7839e0821c
01-10 22:41:04.566 12680 12680 D jni_lib_merge: Preparing to register libreactnativejni_so.  onload_func: 0x7839e26204
01-10 22:41:04.566 12680 12680 D jni_lib_merge: Preparing to register librninstance_so.  onload_func: 0x7839e3f990
01-10 22:41:04.566 12680 12680 D jni_lib_merge: Preparing to register libturbomodulejsijni_so.  onload_func: 0x7839eba87c
01-10 22:41:04.566 12680 12680 D jni_lib_merge: Preparing to register libuimanagerjni_so.  onload_func: 0x7839ec1d94
01-10 22:41:04.566 12680 12680 D jni_lib_merge: Preparing to register libyoga_so.  onload_func: 0x7839ec71e8
01-10 22:41:04.566 12680 12680 D jni_lib_merge: About to register 10 actual methods.
01-10 22:41:04.571 12680 12680 D nativeloader: Load /data/app/~~llAodhdQXRquWWIlNE46RQ==/app.rork.dominder_android_reminder_app-CgEdc00TR0D8-4F0wq8K8A==/base.apk!/lib/arm64-v8a/libreact_codegen_safeareacontext.so using class loader ns clns-4 (caller=/data/app/~~llAodhdQXRquWWIlNE46RQ==/app.rork.dominder_android_reminder_app-CgEdc00TR0D8-4F0wq8K8A==/base.apk!classes2.dex): ok
01-10 22:41:04.573 12680 12680 D nativeloader: Load /data/app/~~llAodhdQXRquWWIlNE46RQ==/app.rork.dominder_android_reminder_app-CgEdc00TR0D8-4F0wq8K8A==/base.apk!/lib/arm64-v8a/libappmodules.so using class loader ns clns-4 (caller=/data/app/~~llAodhdQXRquWWIlNE46RQ==/app.rork.dominder_android_reminder_app-CgEdc00TR0D8-4F0wq8K8A==/base.apk!classes2.dex): ok
01-10 22:41:04.574 12680 12680 I Typeface: updateThemeFont new=Rookery-Regular;old=sans-serif;new=Rookery-Stacked;old=
01-10 22:41:04.581 12680 12680 D AppCompatDelegate: Checking for metadata for AppLocalesMetadataHolderService : Service not found
01-10 22:41:04.601 12680 12680 W unknown:BridgelessReact: ReactHost{0}.startSurface(surfaceId = 0): Schedule
01-10 22:41:04.602 12680 12680 W unknown:BridgelessReact: ReactHost{0}.attachSurface(surfaceId = 0)
01-10 22:41:04.602 12680 12715 W unknown:BridgelessReact: ReactHost{0}.getOrCreateReactInstanceTask()
01-10 22:41:04.602 12680 12715 W unknown:BridgelessReact: ReactHost{0}.getOrCreateReactInstanceTask(): Start
01-10 22:41:04.602 12680 12715 W unknown:BridgelessReact: ReactHost{0}.getJSBundleLoader()
01-10 22:41:04.602 12680 12715 W unknown:BridgelessReact: ReactHost{0}.getOrCreateReactContext(): Creating BridgelessReactContext
01-10 22:41:04.602 12680 12715 W unknown:BridgelessReact: ReactHost{0}.getOrCreateReactInstanceTask(): Creating ReactInstance
01-10 22:41:04.605 12680 12680 W unknown:BridgelessReact: ReactHost{0}.onHostResume(activity)
01-10 22:41:04.605 12680 12680 W unknown:BridgelessReact: ReactContext.onHostResume()
01-10 22:41:04.611 12680 12715 D nativeloader: Load /data/app/~~llAodhdQXRquWWIlNE46RQ==/app.rork.dominder_android_reminder_app-CgEdc00TR0D8-4F0wq8K8A==/base.apk!/lib/arm64-v8a/libhermes.so using class loader ns clns-4 (caller=/data/app/~~llAodhdQXRquWWIlNE46RQ==/app.rork.dominder_android_reminder_app-CgEdc00TR0D8-4F0wq8K8A==/base.apk!classes2.dex): ok
--------- beginning of system
01-10 22:41:04.612 12680 12680 D ViewRootImpl: update {(0,0)(fillxfill) sim={adjust=pan forwardNavigation} ty=BASE_APPLICATION wanim=0x10302fd
01-10 22:41:04.612 12680 12680 D ViewRootImpl:   fl=LAYOUT_IN_SCREEN LAYOUT_INSET_DECOR SPLIT_TOUCH HARDWARE_ACCELERATED DRAWS_SYSTEM_BAR_BACKGROUNDS
01-10 22:41:04.612 12680 12680 D ViewRootImpl:   pfl=NO_MOVE_ANIMATION FORCE_DRAW_STATUS_BAR_BACKGROUND FIT_INSETS_CONTROLLED
01-10 22:41:04.612 12680 12680 D ViewRootImpl:   bhv=DEFAULT
01-10 22:41:04.612 12680 12680 D ViewRootImpl:   fitSides=} by setView
01-10 22:41:04.613 12680 12715 D nativeloader: Load /data/app/~~llAodhdQXRquWWIlNE46RQ==/app.rork.dominder_android_reminder_app-CgEdc00TR0D8-4F0wq8K8A==/base.apk!/lib/arm64-v8a/libhermestooling.so using class loader ns clns-4 (caller=/data/app/~~llAodhdQXRquWWIlNE46RQ==/app.rork.dominder_android_reminder_app-CgEdc00TR0D8-4F0wq8K8A==/base.apk!classes2.dex): ok
01-10 22:41:04.613 12680 12715 D jni_lib_merge: Entering merged library JNI_OnLoad.
01-10 22:41:04.613 12680 12715 D jni_lib_merge: Preparing 4 pre-merged libs (including stub)
01-10 22:41:04.613 12680 12715 D jni_lib_merge: Preparing to register libhermes_executor_so.  onload_func: 0x78bf15a11c
01-10 22:41:04.613 12680 12715 D jni_lib_merge: Preparing to register libhermesinstancejni_so.  onload_func: 0x78bf161a58
01-10 22:41:04.613 12680 12715 D jni_lib_merge: Preparing to register libjsijniprofiler_so.  onload_func: 0x78bf162114
01-10 22:41:04.613 12680 12715 D jni_lib_merge: About to register 3 actual methods.
01-10 22:41:04.653 12680 12708 I AdrenoGLES-0: QUALCOMM build                   : 43fc279f3a, I58833f8ed4
01-10 22:41:04.653 12680 12708 I AdrenoGLES-0: Build Date                       : 03/24/23
01-10 22:41:04.653 12680 12708 I AdrenoGLES-0: OpenGL ES Shader Compiler Version: EV031.32.02.17
01-10 22:41:04.653 12680 12708 I AdrenoGLES-0: Local Branch                     : 
01-10 22:41:04.653 12680 12708 I AdrenoGLES-0: Remote Branch                    : 
01-10 22:41:04.653 12680 12708 I AdrenoGLES-0: Remote Branch                    : 
01-10 22:41:04.653 12680 12708 I AdrenoGLES-0: Reconstruct Branch               : 
01-10 22:41:04.653 12680 12708 I AdrenoGLES-0: Build Config                     : S P 10.0.7 AArch64
01-10 22:41:04.653 12680 12708 I AdrenoGLES-0: Driver Path                      : /vendor/lib64/egl/libGLESv2_adreno.so
01-10 22:41:04.660 12680 12708 I AdrenoGLES-0: PFP: 0x016ee197, ME: 0x00000000
01-10 22:41:04.677 12680 12708 I OpenGLRenderer: setGrContext nullptr-->validptr
01-10 22:41:04.679 12680 12708 E OpenGLRenderer: Unable to match the desired swap behavior.
01-10 22:41:04.780 12680 12715 I ExpoModulesCore:  AppContext was initialized
01-10 22:41:04.781 12680 12715 D DoMinderDebug: MissedAlarmReceiver: Registered broadcast receiver
01-10 22:41:04.784 12680 12715 W ReactNativeJNI: Component property map contains multiple entries for 'borderColor'. Ensure all calls to convertRawProp use a consistent prefix, name and suffix.
01-10 22:41:04.784 12680 12715 W ReactNativeJNI: Component property map contains multiple entries for 'borderStyle'. Ensure all calls to convertRawProp use a consistent prefix, name and suffix.
01-10 22:41:04.784 12680 12715 W ReactNativeJNI: Component property map contains multiple entries for 'borderRadius'. Ensure all calls to convertRawProp use a consistent prefix, name and suffix.
01-10 22:41:04.784 12680 12715 W ReactNativeJNI: Component property map contains multiple entries for 'borderEndColor'. Ensure all calls to convertRawProp use a consistent prefix, name and suffix.
01-10 22:41:04.784 12680 12715 W ReactNativeJNI: Component property map contains multiple entries for 'borderTopColor'. Ensure all calls to convertRawProp use a consistent prefix, name and suffix.
01-10 22:41:04.784 12680 12715 W ReactNativeJNI: Component property map contains multiple entries for 'borderLeftColor'. Ensure all calls to convertRawProp use a consistent prefix, name and suffix.
01-10 22:41:04.784 12680 12715 W ReactNativeJNI: Component property map contains multiple entries for 'borderBlockColor'. Ensure all calls to convertRawProp use a consistent prefix, name and suffix.
01-10 22:41:04.784 12680 12715 W ReactNativeJNI: Component property map contains multiple entries for 'borderRightColor'. Ensure all calls to convertRawProp use a consistent prefix, name and suffix.
01-10 22:41:04.784 12680 12715 W ReactNativeJNI: Component property map contains multiple entries for 'borderStartColor'. Ensure all calls to convertRawProp use a consistent prefix, name and suffix.
01-10 22:41:04.784 12680 12715 W ReactNativeJNI: Component property map contains multiple entries for 'borderBottomColor'. Ensure all calls to convertRawProp use a consistent prefix, name and suffix.
01-10 22:41:04.784 12680 12715 W ReactNativeJNI: Component property map contains multiple entries for 'borderEndEndRadius'. Ensure all calls to convertRawProp use a consistent prefix, name and suffix.
01-10 22:41:04.784 12680 12715 W ReactNativeJNI: Component property map contains multiple entries for 'borderTopEndRadius'. Ensure all calls to convertRawProp use a consistent prefix, name and suffix.
01-10 22:41:04.784 12680 12715 W ReactNativeJNI: Component property map contains multiple entries for 'borderBlockEndColor'. Ensure all calls to convertRawProp use a consistent prefix, name and suffix.
01-10 22:41:04.784 12680 12715 W ReactNativeJNI: Component property map contains multiple entries for 'borderTopLeftRadius'. Ensure all calls to convertRawProp use a consistent prefix, name and suffix.
01-10 22:41:04.784 12680 12715 W ReactNativeJNI: Component property map contains multiple entries for 'borderEndStartRadius'. Ensure all calls to convertRawProp use a consistent prefix, name and suffix.
01-10 22:41:04.784 12680 12715 W ReactNativeJNI: Component property map contains multiple entries for 'borderStartEndRadius'. Ensure all calls to convertRawProp use a consistent prefix, name and suffix.
01-10 22:41:04.784 12680 12715 W ReactNativeJNI: Component property map contains multiple entries for 'borderTopRightRadius'. Ensure all calls to convertRawProp use a consistent prefix, name and suffix.
01-10 22:41:04.784 12680 12715 W ReactNativeJNI: Component property map contains multiple entries for 'borderTopStartRadius'. Ensure all calls to convertRawProp use a consistent prefix, name and suffix.
01-10 22:41:04.784 12680 12715 W ReactNativeJNI: Component property map contains multiple entries for 'borderBlockStartColor'. Ensure all calls to convertRawProp use a consistent prefix, name and suffix.
01-10 22:41:04.784 12680 12715 W ReactNativeJNI: Component property map contains multiple entries for 'borderBottomEndRadius'. Ensure all calls to convertRawProp use a consistent prefix, name and suffix.
01-10 22:41:04.784 12680 12715 W ReactNativeJNI: Component property map contains multiple entries for 'borderBottomLeftRadius'. Ensure all calls to convertRawProp use a consistent prefix, name and suffix.
01-10 22:41:04.784 12680 12715 W ReactNativeJNI: Component property map contains multiple entries for 'borderStartStartRadius'. Ensure all calls to convertRawProp use a consistent prefix, name and suffix.
01-10 22:41:04.784 12680 12715 W ReactNativeJNI: Component property map contains multiple entries for 'borderBottomRightRadius'. Ensure all calls to convertRawProp use a consistent prefix, name and suffix.
01-10 22:41:04.784 12680 12715 W ReactNativeJNI: Component property map contains multiple entries for 'borderBottomStartRadius'. Ensure all calls to convertRawProp use a consistent prefix, name and suffix.
01-10 22:41:04.799 12680 12715 W ReactNativeJNI: Component property map contains multiple entries for 'borderColor'. Ensure all calls to convertRawProp use a consistent prefix, name and suffix.
01-10 22:41:04.799 12680 12715 W ReactNativeJNI: Component property map contains multiple entries for 'borderStyle'. Ensure all calls to convertRawProp use a consistent prefix, name and suffix.
01-10 22:41:04.812 12680 12715 W unknown:BridgelessReact: ReactHost{0}.getOrCreateReactInstanceTask(): Loading JS Bundle
01-10 22:41:04.813 12680 12715 W unknown:BridgelessReact: ReactHost{0}.getOrCreateReactInstanceTask(): Calling DevSupportManagerBase.onNewReactContextCreated(reactContext)
01-10 22:41:04.813 12680 12715 W unknown:BridgelessReact: ReactHost{0}.startSurface(surfaceId = 0): Execute
01-10 22:41:04.824 12680 12680 W unknown:BridgelessReact: ReactContext.onHostResume()
01-10 22:41:04.824 12680 12680 W unknown:BridgelessReact: ReactHost{0}.getOrCreateReactInstanceTask(): Executing ReactInstanceEventListeners
01-10 22:41:04.832 12680 12716 D nativeloader: Load /data/app/~~llAodhdQXRquWWIlNE46RQ==/app.rork.dominder_android_reminder_app-CgEdc00TR0D8-4F0wq8K8A==/base.apk!/lib/arm64-v8a/libexpo-modules-core.so using class loader ns clns-4 (caller=/data/app/~~llAodhdQXRquWWIlNE46RQ==/app.rork.dominder_android_reminder_app-CgEdc00TR0D8-4F0wq8K8A==/base.apk!classes2.dex): ok
01-10 22:41:04.840 12680 12716 D CompatibilityChangeReporter: Compat change id reported: 210923482; UID 11059; state: ENABLED
01-10 22:41:04.843 12680 12716 W unknown:ViewManagerPropertyUpdater: Could not find generated setter for class com.th3rdwave.safeareacontext.SafeAreaProviderManager
01-10 22:41:04.845 12680 12716 W unknown:ViewManagerPropertyUpdater: Could not find generated setter for class com.facebook.react.uimanager.LayoutShadowNode
01-10 22:41:04.846 12680 12716 W unknown:ViewManagerPropertyUpdater: Could not find generated setter for class com.swmansion.rnscreens.SearchBarManager
01-10 22:41:04.847 12680 12716 W unknown:ViewManagerPropertyUpdater: Could not find generated setter for class com.swmansion.rnscreens.ScreenFooterManager
01-10 22:41:04.847 12680 12716 W unknown:ViewManagerPropertyUpdater: Could not find generated setter for class expo.modules.kotlin.views.GroupViewManagerWrapper
01-10 22:41:04.848 12680 12716 W unknown:ViewManagerPropertyUpdater: Could not find generated setter for class com.swmansion.rnscreens.ScreenContainerViewManager
01-10 22:41:04.849 12680 12716 W unknown:ViewManagerPropertyUpdater: Could not find generated setter for class com.swmansion.rnscreens.ModalScreenViewManager
01-10 22:41:04.851 12680 12716 W unknown:ViewManagerPropertyUpdater: Could not find generated setter for class com.swmansion.rnscreens.ScreenStackHeaderConfigViewManager
01-10 22:41:04.851 12680 12716 W unknown:ViewManagerPropertyUpdater: Could not find generated setter for class com.swmansion.rnscreens.ScreenContentWrapperManager
01-10 22:41:04.852 12680 12716 W unknown:ViewManagerPropertyUpdater: Could not find generated setter for class com.th3rdwave.safeareacontext.SafeAreaViewManager
01-10 22:41:04.853 12680 12716 W unknown:ViewManagerPropertyUpdater: Could not find generated setter for class com.th3rdwave.safeareacontext.SafeAreaViewShadowNode
01-10 22:41:04.853 12680 12716 W unknown:ViewManagerPropertyUpdater: Could not find generated setter for class com.shopify.reactnative.flash_list.AutoLayoutViewManager
01-10 22:41:04.853 12680 12716 W unknown:ViewManagerPropertyUpdater: Could not find generated setter for class com.shopify.reactnative.flash_list.CellContainerManager
01-10 22:41:04.854 12680 12716 W unknown:ViewManagerPropertyUpdater: Could not find generated setter for class com.swmansion.rnscreens.ScreenViewManager
01-10 22:41:04.854 12680 12716 W unknown:ViewManagerPropertyUpdater: Could not find generated setter for class expo.modules.kotlin.views.SimpleViewManagerWrapper
01-10 22:41:04.855 12680 12716 W unknown:ViewManagerPropertyUpdater: Could not find generated setter for class com.swmansion.rnscreens.ScreenStackHeaderSubviewManager
01-10 22:41:04.856 12680 12716 W unknown:ViewManagerPropertyUpdater: Could not find generated setter for class com.swmansion.rnscreens.ScreenStackViewManager
01-10 22:41:04.876 12680 12716 W unknown:ViewManagerPropertyUpdater: Could not find generated setter for class com.horcrux.svg.RenderableViewManager$DefsViewManager
01-10 22:41:04.876 12680 12716 W unknown:ViewManagerPropertyUpdater: Could not find generated setter for class com.horcrux.svg.VirtualViewManager$RenderableShadowNode
01-10 22:41:04.878 12680 12716 W unknown:ViewManagerPropertyUpdater: Could not find generated setter for class com.horcrux.svg.RenderableViewManager$FeMergeManager
01-10 22:41:04.880 12680 12716 W unknown:ViewManagerPropertyUpdater: Could not find generated setter for class com.facebook.react.views.safeareaview.ReactSafeAreaViewManager
01-10 22:41:04.880 12680 12716 W unknown:ViewManagerPropertyUpdater: Could not find generated setter for class com.facebook.react.views.safeareaview.ReactSafeAreaViewShadowNode
01-10 22:41:04.881 12680 12716 W unknown:ViewManagerPropertyUpdater: Could not find generated setter for class com.horcrux.svg.RenderableViewManager$LinearGradientManager
01-10 22:41:04.882 12680 12716 W unknown:ViewManagerPropertyUpdater: Could not find generated setter for class com.horcrux.svg.RenderableViewManager$FeGaussianBlurManager
01-10 22:41:04.884 12680 12716 W unknown:ViewManagerPropertyUpdater: Could not find generated setter for class com.facebook.react.views.progressbar.ReactProgressBarViewManager
01-10 22:41:04.884 12680 12716 W unknown:ViewManagerPropertyUpdater: Could not find generated setter for class com.facebook.react.views.progressbar.ProgressBarShadowNode
01-10 22:41:04.886 12680 12716 W unknown:ViewManagerPropertyUpdater: Could not find generated setter for class com.facebook.react.views.scroll.ReactHorizontalScrollViewManager
01-10 22:41:04.888 12680 12716 W unknown:ViewManagerPropertyUpdater: Could not find generated setter for class com.facebook.react.views.text.ReactTextViewManager
01-10 22:41:04.889 12680 12716 W unknown:ViewManagerPropertyUpdater: Could not find generated setter for class com.facebook.react.views.text.ReactTextShadowNode
01-10 22:41:04.891 12680 12716 W unknown:ViewManagerPropertyUpdater: Could not find generated setter for class com.horcrux.svg.RenderableViewManager$FeColorMatrixManager
01-10 22:41:04.892 12680 12716 W unknown:ViewManagerPropertyUpdater: Could not find generated setter for class com.facebook.react.views.scroll.ReactHorizontalScrollContainerViewManager
01-10 22:41:04.894 12680 12716 W unknown:ViewManagerPropertyUpdater: Could not find generated setter for class com.horcrux.svg.RenderableViewManager$ClipPathViewManager
01-10 22:41:04.896 12680 12716 W unknown:ViewManagerPropertyUpdater: Could not find generated setter for class com.horcrux.svg.RenderableViewManager$SymbolManager
01-10 22:41:04.897 12680 12716 W unknown:ViewManagerPropertyUpdater: Could not find generated setter for class com.horcrux.svg.RenderableViewManager$PatternManager
01-10 22:41:04.899 12680 12716 W unknown:ViewManagerPropertyUpdater: Could not find generated setter for class com.horcrux.svg.RenderableViewManager$FeBlendManager
01-10 22:41:04.901 12680 12716 W unknown:ViewManagerPropertyUpdater: Could not find generated setter for class com.facebook.react.views.view.ReactViewManager
01-10 22:41:04.902 12680 12716 W unknown:ViewManagerPropertyUpdater: Could not find generated setter for class com.horcrux.svg.SvgViewManager
01-10 22:41:04.904 12680 12716 W unknown:ViewManagerPropertyUpdater: Could not find generated setter for class com.facebook.react.views.switchview.ReactSwitchManager
01-10 22:41:04.904 12680 12716 W unknown:ViewManagerPropertyUpdater: Could not find generated setter for class com.facebook.react.views.switchview.ReactSwitchShadowNode
01-10 22:41:04.905 12680 12716 W unknown:ViewManagerPropertyUpdater: Could not find generated setter for class com.horcrux.svg.RenderableViewManager$UseViewManager
01-10 22:41:04.907 12680 12716 W unknown:ViewManagerPropertyUpdater: Could not find generated setter for class com.horcrux.svg.RenderableViewManager$CircleViewManager
01-10 22:41:04.908 12680 12716 W unknown:ViewManagerPropertyUpdater: Could not find generated setter for class com.horcrux.svg.RenderableViewManager$TSpanViewManager
01-10 22:41:04.910 12680 12716 W unknown:ViewManagerPropertyUpdater: Could not find generated setter for class com.horcrux.svg.RenderableViewManager$FilterManager
01-10 22:41:04.912 12680 12716 W unknown:ViewManagerPropertyUpdater: Could not find generated setter for class com.horcrux.svg.RenderableViewManager$MarkerManager
01-10 22:41:04.914 12680 12716 W unknown:ViewManagerPropertyUpdater: Could not find generated setter for class com.swmansion.gesturehandler.react.RNGestureHandlerButtonViewManager
01-10 22:41:04.915 12680 12716 W unknown:ViewManagerPropertyUpdater: Could not find generated setter for class com.facebook.react.views.modal.ReactModalHostManager
01-10 22:41:04.917 12680 12716 W unknown:ViewManagerPropertyUpdater: Could not find generated setter for class com.horcrux.svg.RenderableViewManager$ForeignObjectManager
01-10 22:41:04.918 12680 12716 W unknown:ViewManagerPropertyUpdater: Could not find generated setter for class com.horcrux.svg.RenderableViewManager$EllipseViewManager
01-10 22:41:04.920 12680 12716 W unknown:ViewManagerPropertyUpdater: Could not find generated setter for class com.horcrux.svg.RenderableViewManager$LineViewManager
01-10 22:41:04.921 12680 12716 W unknown:ViewManagerPropertyUpdater: Could not find generated setter for class com.facebook.react.views.text.frescosupport.FrescoBasedReactTextInlineImageViewManager
01-10 22:41:04.922 12680 12716 W unknown:ViewManagerPropertyUpdater: Could not find generated setter for class com.facebook.react.views.text.frescosupport.FrescoBasedReactTextInlineImageShadowNode
01-10 22:41:04.923 12680 12716 W unknown:ViewManagerPropertyUpdater: Could not find generated setter for class com.horcrux.svg.RenderableViewManager$FeFloodManager
01-10 22:41:04.924 12680 12716 W unknown:ViewManagerPropertyUpdater: Could not find generated setter for class com.horcrux.svg.RenderableViewManager$GroupViewManager
01-10 22:41:04.926 12680 12716 W unknown:ViewManagerPropertyUpdater: Could not find generated setter for class com.horcrux.svg.RenderableViewManager$TextViewManager
01-10 22:41:04.927 12680 12716 W unknown:ViewManagerPropertyUpdater: Could not find generated setter for class com.horcrux.svg.RenderableViewManager$ImageViewManager
01-10 22:41:04.929 12680 12716 W unknown:ViewManagerPropertyUpdater: Could not find generated setter for class com.horcrux.svg.RenderableViewManager$FeCompositeManager
01-10 22:41:04.931 12680 12716 W unknown:ViewManagerPropertyUpdater: Could not find generated setter for class com.facebook.react.views.image.ReactImageManager
01-10 22:41:04.932 12680 12716 W unknown:ViewManagerPropertyUpdater: Could not find generated setter for class com.horcrux.svg.RenderableViewManager$RadialGradientManager
01-10 22:41:04.934 12680 12716 W unknown:ViewManagerPropertyUpdater: Could not find generated setter for class com.horcrux.svg.RenderableViewManager$MaskManager
01-10 22:41:04.936 12680 12716 W unknown:ViewManagerPropertyUpdater: Could not find generated setter for class com.facebook.react.views.unimplementedview.ReactUnimplementedViewManager
01-10 22:41:04.937 12680 12716 W unknown:ViewManagerPropertyUpdater: Could not find generated setter for class com.horcrux.svg.RenderableViewManager$RectViewManager
01-10 22:41:04.938 12680 12716 W unknown:ViewManagerPropertyUpdater: Could not find generated setter for class com.horcrux.svg.RenderableViewManager$TextPathViewManager
01-10 22:41:04.941 12680 12716 W unknown:ViewManagerPropertyUpdater: Could not find generated setter for class com.facebook.react.views.scroll.ReactScrollViewManager
01-10 22:41:04.942 12680 12716 W unknown:ViewManagerPropertyUpdater: Could not find generated setter for class com.horcrux.svg.RenderableViewManager$FeOffsetManager
01-10 22:41:04.944 12680 12716 W unknown:ViewManagerPropertyUpdater: Could not find generated setter for class com.horcrux.svg.RenderableViewManager$PathViewManager
01-10 22:41:04.945 12680 12716 W unknown:ViewManagerPropertyUpdater: Could not find generated setter for class com.facebook.react.views.drawer.ReactDrawerLayoutManager
01-10 22:41:04.947 12680 12716 W unknown:ViewManagerPropertyUpdater: Could not find generated setter for class com.facebook.react.views.text.ReactVirtualTextViewManager
01-10 22:41:04.947 12680 12716 W unknown:ViewManagerPropertyUpdater: Could not find generated setter for class com.facebook.react.views.text.ReactVirtualTextShadowNode
01-10 22:41:04.948 12680 12716 W unknown:ViewManagerPropertyUpdater: Could not find generated setter for class com.facebook.react.views.swiperefresh.SwipeRefreshLayoutManager
01-10 22:41:04.949 12680 12716 W unknown:ViewManagerPropertyUpdater: Could not find generated setter for class com.facebook.react.views.text.ReactRawTextManager
01-10 22:41:04.949 12680 12716 W unknown:ViewManagerPropertyUpdater: Could not find generated setter for class com.facebook.react.views.text.ReactRawTextShadowNode
01-10 22:41:04.950 12680 12716 W unknown:ViewManagerPropertyUpdater: Could not find generated setter for class com.facebook.react.views.textinput.ReactTextInputManager
01-10 22:41:04.951 12680 12716 W unknown:ViewManagerPropertyUpdater: Could not find generated setter for class com.facebook.react.views.textinput.ReactTextInputShadowNode
01-10 22:41:04.953 12680 12716 W unknown:ViewManagerPropertyUpdater: Could not find generated setter for class com.swmansion.gesturehandler.react.RNGestureHandlerRootViewManager
01-10 22:41:04.958 12680 12716 W BridgelessReactContext: [WARNING] Bridgeless doesn't support CatalystInstance. Accessing an API that's not part of the new architecture is not encouraged usage.
01-10 22:41:04.961 12680 12716 I ExpoModulesCore:  JSI interop was installed
01-10 22:41:04.963 12680 12716 I ExpoModulesCore:  Constants were exported
01-10 22:41:04.973 12680 12716 D nativeloader: Load /data/app/~~llAodhdQXRquWWIlNE46RQ==/app.rork.dominder_android_reminder_app-CgEdc00TR0D8-4F0wq8K8A==/base.apk!/lib/arm64-v8a/libworklets.so using class loader ns clns-4 (caller=/data/app/~~llAodhdQXRquWWIlNE46RQ==/app.rork.dominder_android_reminder_app-CgEdc00TR0D8-4F0wq8K8A==/base.apk!classes2.dex): ok
01-10 22:41:05.002 12680 12716 D nativeloader: Load /data/app/~~llAodhdQXRquWWIlNE46RQ==/app.rork.dominder_android_reminder_app-CgEdc00TR0D8-4F0wq8K8A==/base.apk!/lib/arm64-v8a/libreanimated.so using class loader ns clns-4 (caller=/data/app/~~llAodhdQXRquWWIlNE46RQ==/app.rork.dominder_android_reminder_app-CgEdc00TR0D8-4F0wq8K8A==/base.apk!classes2.dex): ok
01-10 22:41:05.126 12680 12716 D nativeloader: Load /data/app/~~llAodhdQXRquWWIlNE46RQ==/app.rork.dominder_android_reminder_app-CgEdc00TR0D8-4F0wq8K8A==/base.apk!/lib/arm64-v8a/librnscreens.so using class loader ns clns-4 (caller=/data/app/~~llAodhdQXRquWWIlNE46RQ==/app.rork.dominder_android_reminder_app-CgEdc00TR0D8-4F0wq8K8A==/base.apk!classes2.dex): ok
01-10 22:41:05.133 12680 12716 I ReactNativeJS: '[NotificationService] AlarmModule availability:', 'Available'
01-10 22:41:05.133 12680 12716 I ReactNativeJS: '[NotificationService] AlarmModule methods:', [ 'scheduleAlarm' ]
01-10 22:41:05.134 12680 12716 I ReactNativeJS: Running "main"
01-10 22:41:05.183 12680 12716 I ReactNativeJS: polyfilling structuredClone
01-10 22:41:05.252 12680 12716 I ReactNativeJS: [useAlarmListeners] Setting up native alarm event listeners...
01-10 22:41:05.252 12680 12716 I ReactNativeJS: [AlarmSync] Hook initialized
01-10 22:41:05.252 12680 12716 I ReactNativeJS: [AlarmSync] Checking for completed alarms...
01-10 22:41:05.252 12680 12716 I ReactNativeJS: [RootLayout] Setting up notification handlers
01-10 22:41:05.252 12680 12716 I ReactNativeJS: [RootLayout] Initializing missed alarm service
01-10 22:41:05.252 12680 12716 I ReactNativeJS: [MissedAlarmService] Initializing...
01-10 22:41:05.252 12680 12716 I ReactNativeJS: [MissedAlarmService] Initialized successfully
01-10 22:41:05.253 12680 12716 I ReactNativeJS: [AppStartup] Initializing notification services...
01-10 22:41:05.253 12680 12716 I ReactNativeJS: [Dominder-Debug] Ensuring base notification channels
01-10 22:41:05.253 12680 12716 I ReactNativeJS: '[Dominder-Debug] Creating channel:', '{"id":"standard-v2","name":"Standard Notifications","importance":4,"sound":"default","vibration":true}'
01-10 22:41:05.253 12680 12717 D DoMinderDebug: AlarmModule: getAllNativeReminderStates found 1 reminders
01-10 22:41:05.256 12680 12716 I ReactNativeJS: '[AlarmSync] Syncing native states for', 1, 'reminders'
01-10 22:41:05.257 12680 12716 I ReactNativeJS: '[RootLayout] Initial notification:', null
01-10 22:41:05.258 12680 12716 I ReactNativeJS: '[Dominder-Debug] Creating channel:', '{"id":"silent-v2","name":"Silent Notifications","importance":2,"vibration":false}'
01-10 22:41:05.258 12680 12717 D DoMinderDebug: AlarmModule: Retrieved 0 completed alarms
01-10 22:41:05.259 12680 12716 I ReactNativeJS: '[AlarmSync] Found completed alarms:', 0
01-10 22:41:05.260 12680 12717 D DoMinderDebug: AlarmModule: Retrieved 0 snoozed alarms
01-10 22:41:05.260 12680 12680 D VRI[MainActivity]: update {(0,0)(fillxfill) sim={adjust=pan forwardNavigation} ty=BASE_APPLICATION wanim=0x10302fd
01-10 22:41:05.260 12680 12680 D VRI[MainActivity]:   fl=LAYOUT_IN_SCREEN LAYOUT_INSET_DECOR SPLIT_TOUCH HARDWARE_ACCELERATED DRAWS_SYSTEM_BAR_BACKGROUNDS
01-10 22:41:05.260 12680 12680 D VRI[MainActivity]:   pfl=NO_MOVE_ANIMATION FORCE_DRAW_STATUS_BAR_BACKGROUND FIT_INSETS_CONTROLLED
01-10 22:41:05.260 12680 12680 D VRI[MainActivity]:   bhv=DEFAULT
01-10 22:41:05.260 12680 12680 D VRI[MainActivity]:   fitSides=} by setLayoutParams
01-10 22:41:05.260 12680 12716 I ReactNativeJS: '[Dominder-Debug] Creating channel:', '{"id":"alarm-v2","name":"Alarms","importance":4,"sound":"default","vibration":true,"bypassDnd":true}'
01-10 22:41:05.260 12680 12716 I ReactNativeJS: '[AlarmSync] Found snoozed alarms:', 0
01-10 22:41:05.261 12680 12717 D DoMinderDebug: AlarmModule: Retrieved 0 deleted alarms
01-10 22:41:05.261 12680 12716 I ReactNativeJS: '[AlarmSync] Found deleted alarms:', 0
01-10 22:41:05.262 12680 12716 I ReactNativeJS: [Dominder-Debug] Base channels ensured
01-10 22:41:05.262 12680 12680 D VRI[MainActivity]: update {(0,0)(fillxfill) sim={adjust=pan forwardNavigation} ty=BASE_APPLICATION wanim=0x10302fd
01-10 22:41:05.262 12680 12680 D VRI[MainActivity]:   fl=LAYOUT_IN_SCREEN FORCE_NOT_FULLSCREEN LAYOUT_INSET_DECOR SPLIT_TOUCH HARDWARE_ACCELERATED DRAWS_SYSTEM_BAR_BACKGROUNDS
01-10 22:41:05.262 12680 12680 D VRI[MainActivity]:   pfl=NO_MOVE_ANIMATION FORCE_DRAW_STATUS_BAR_BACKGROUND FIT_INSETS_CONTROLLED
01-10 22:41:05.262 12680 12680 D VRI[MainActivity]:   bhv=DEFAULT
01-10 22:41:05.262 12680 12680 D VRI[MainActivity]:   fitSides=} by setLayoutParams
01-10 22:41:05.263 12680 12680 D VRI[MainActivity]: update {(0,0)(fillxfill) sim={adjust=pan forwardNavigation} ty=BASE_APPLICATION wanim=0x10302fd
01-10 22:41:05.263 12680 12680 D VRI[MainActivity]:   fl=LAYOUT_IN_SCREEN FORCE_NOT_FULLSCREEN LAYOUT_INSET_DECOR SPLIT_TOUCH HARDWARE_ACCELERATED DRAWS_SYSTEM_BAR_BACKGROUNDS
01-10 22:41:05.263 12680 12680 D VRI[MainActivity]:   pfl=NO_MOVE_ANIMATION FORCE_DRAW_STATUS_BAR_BACKGROUND FIT_INSETS_CONTROLLED
01-10 22:41:05.263 12680 12680 D VRI[MainActivity]:   bhv=DEFAULT
01-10 22:41:05.263 12680 12680 D VRI[MainActivity]:   fitSides=} by setLayoutParams
01-10 22:41:05.270 12680 12680 W unknown:ViewManagerPropertyUpdater: Could not find generated setter for class com.facebook.react.uimanager.RootViewManager
01-10 22:41:05.294 12680 12716 I ReactNativeJS: '[Selection] Mode changed:', false, 'Selected count:', 0
01-10 22:41:05.294 12680 12716 I ReactNativeJS: '[ReminderEngine] Processing reminders, count:', 0
01-10 22:41:05.295 12680 12680 W [RNScreens]: backTitleVisible prop is not available on Android
01-10 22:41:05.295 12680 12680 W [RNScreens]: backTitleFontFamily prop is not available on Android
01-10 22:41:05.295 12680 12680 W [RNScreens]: disableBackButtonMenu prop is not available on Android
01-10 22:41:05.295 12680 12680 W [RNScreens]: largeTitleFontFamily prop is not available on Android
01-10 22:41:05.295 12680 12680 W [RNScreens]: largeTitleFontWeight prop is not available on Android
01-10 22:41:05.295 12680 12680 W [RNScreens]: largeTitleHideShadow prop is not available on Android
01-10 22:41:05.303 12680 12716 I ReactNativeJS: '[ReminderEngine] Processing reminders, count:', 0
01-10 22:41:05.305 12680 12716 I ReactNativeJS: [StartupCheck] Checking for pending notifications and rescheduling all active reminders...
01-10 22:41:05.306 12680 12716 I ReactNativeJS: '[RootLayout] Foreground event:', { type: 3, pressAction: undefined }
01-10 22:41:05.308 12680 12717 D DoMinderDebug: AlarmModule: getAllNativeReminderStates found 1 reminders
01-10 22:41:05.314 12680 12680 I ReactNative: [GESTURE HANDLER] Initialize gesture handler for root view com.facebook.react.runtime.ReactSurfaceView{917119 V.E...... ......ID 0,0-1080,2295 #b}
01-10 22:41:05.340 12680 12708 W Parcel  : Expecting binder but got null!
01-10 22:41:05.341 12680 12680 D VRI[MainActivity]: update {(0,0)(fillxfill) sim={adjust=pan forwardNavigation} ty=BASE_APPLICATION wanim=0x10302fd
01-10 22:41:05.341 12680 12680 D VRI[MainActivity]:   fl=LAYOUT_IN_SCREEN FORCE_NOT_FULLSCREEN LAYOUT_INSET_DECOR SPLIT_TOUCH HARDWARE_ACCELERATED DRAWS_SYSTEM_BAR_BACKGROUNDS
01-10 22:41:05.341 12680 12680 D VRI[MainActivity]:   pfl=NO_MOVE_ANIMATION FORCE_DRAW_STATUS_BAR_BACKGROUND FIT_INSETS_CONTROLLED
01-10 22:41:05.341 12680 12680 D VRI[MainActivity]:   bhv=DEFAULT
01-10 22:41:05.341 12680 12680 D VRI[MainActivity]:   fitSides=} by setLayoutParams
01-10 22:41:05.341 12680 12716 I ReactNativeJS: [StartupCheck] Syncing occurrence counts from 1 native states
01-10 22:41:05.351 12680 12716 I ReactNativeJS: '[ReminderEngine] Processing reminders, count:', 5
01-10 22:41:05.351 12680 12716 I ReactNativeJS: [ReminderEngine] Processing reminder 1768065058114, repeatType: every
01-10 22:41:05.351 12680 12716 I ReactNativeJS: [ReminderEngine] Reminder 1768065058114 has nextReminderDate: 2026-01-10T17:12:00.000Z
01-10 22:41:05.351 12680 12716 I ReactNativeJS: [ReminderEngine] Scheduling notification for reminder 1768065058114 at 2026-01-10T17:12:00.000Z
01-10 22:41:05.374 12680 12680 D CompatibilityChangeReporter: Compat change id reported: 171228096; UID 11059; state: ENABLED
01-10 22:41:05.461 12680 12716 I ReactNativeJS: [StartupCheck] Currently displayed notifications count: 1
01-10 22:41:05.462 12680 12716 I ReactNativeJS: [StartupCheck] Displayed IDs: maintenance-notification
01-10 22:41:05.462 12680 12716 I ReactNativeJS: [StartupCheck] Reminder 1768065058114: scheduled=2026-01-10T17:12:00.000Z, diff=-54538ms
01-10 22:41:05.462 12680 12716 I ReactNativeJS: [StartupCheck] -> Classified as FUTURE (Rescheduling): 1768065058114
01-10 22:41:05.462 12680 12716 I ReactNativeJS: [StartupCheck] Rescheduling 1 future reminders
01-10 22:41:05.504 12680 12716 I ReactNativeJS: [NotificationService] SCHEDULE_EXACT_ALARM permission granted - using exact timing
01-10 22:41:05.504 12680 12716 I ReactNativeJS: [NotificationService] Scheduling reminder 1768065058114, priority: high, repeatType: every
01-10 22:41:05.504 12680 12716 I ReactNativeJS: [NotificationService] Skipping sequential delay for 'every' reminder to preserve exact timing
01-10 22:41:05.504 12680 12716 I ReactNativeJS: [NotificationService] Scheduling for 2026-01-10T17:12:00.000Z
01-10 22:41:05.506 12680 12717 D DoMinderDebug: AlarmModule: Stored metadata for 1768065058114 - repeatType=every, everyValue=1, everyUnit=minutes, occurrenceCount=0
01-10 22:41:05.507 12680 12716 I ReactNativeJS: [NotificationService] SCHEDULE_EXACT_ALARM permission granted - using exact timing
01-10 22:41:05.508 12680 12716 I ReactNativeJS: [NotificationService] Scheduling reminder 1768065058114, priority: high, repeatType: every
01-10 22:41:05.508 12680 12716 I ReactNativeJS: [NotificationService] Skipping sequential delay for 'every' reminder to preserve exact timing
01-10 22:41:05.508 12680 12716 I ReactNativeJS: [NotificationService] Scheduling for 2026-01-10T17:12:00.000Z
01-10 22:41:05.508 12680 12716 I ReactNativeJS: [NotificationService] Stored metadata for native alarm 1768065058114
01-10 22:41:05.508 12680 12717 D DoMinderDebug: AlarmModule: Stored metadata for 1768065058114 - repeatType=every, everyValue=1, everyUnit=minutes, occurrenceCount=0
01-10 22:41:05.510 12680 12717 D DoMinderDebug: AlarmModule: Scheduling alarm broadcast for 1768065058114 at 1.76806512E12
01-10 22:41:05.512 12680 12717 D DoMinderDebug: AlarmModule: Successfully scheduled alarm broadcast
01-10 22:41:05.512 12680 12716 I ReactNativeJS: [NotificationService] Stored metadata for native alarm 1768065058114
01-10 22:41:05.512 12680 12716 I ReactNativeJS: [NotificationService] Scheduled native alarm for rem-1768065058114 with priority high
01-10 22:41:05.512 12680 12716 I ReactNativeJS: [ReminderEngine] Successfully scheduled 1768065058114
01-10 22:41:05.513 12680 12717 D DoMinderDebug: AlarmModule: Scheduling alarm broadcast for 1768065058114 at 1.76806512E12
01-10 22:41:05.514 12680 12717 D DoMinderDebug: AlarmModule: Successfully scheduled alarm broadcast
01-10 22:41:05.515 12680 12716 D nativeloader: Load /data/app/~~llAodhdQXRquWWIlNE46RQ==/app.rork.dominder_android_reminder_app-CgEdc00TR0D8-4F0wq8K8A==/base.apk!/lib/arm64-v8a/libgesturehandler.so using class loader ns clns-4 (caller=/data/app/~~llAodhdQXRquWWIlNE46RQ==/app.rork.dominder_android_reminder_app-CgEdc00TR0D8-4F0wq8K8A==/base.apk!classes2.dex): ok
01-10 22:41:05.515 12680 12716 D jni_lib_merge: Entering merged library JNI_OnLoad.
01-10 22:41:05.515 12680 12716 D jni_lib_merge: Preparing 11 pre-merged libs (including stub)
01-10 22:41:05.515 12680 12716 D jni_lib_merge: Preparing to register libfabricjni_so.  onload_func: 0x7839c834c4
01-10 22:41:05.515 12680 12716 D jni_lib_merge: Preparing to register libreact_devsupportjni_so.  onload_func: 0x7839d55110
01-10 22:41:05.515 12680 12716 D jni_lib_merge: Preparing to register libreact_featureflagsjni_so.  onload_func: 0x7839d5d3ac
01-10 22:41:05.516 12680 12716 D jni_lib_merge: Preparing to register libreact_newarchdefaults_so.  onload_func: 0x7839d813c8
01-10 22:41:05.516 12680 12716 D jni_lib_merge: Preparing to register libreactnativeblob_so.  onload_func: 0x7839e0821c
01-10 22:41:05.516 12680 12716 D jni_lib_merge: Preparing to register libreactnativejni_so.  onload_func: 0x7839e26204
01-10 22:41:05.516 12680 12716 D jni_lib_merge: Preparing to register librninstance_so.  onload_func: 0x7839e3f990
01-10 22:41:05.516 12680 12716 D jni_lib_merge: Preparing to register libturbomodulejsijni_so.  onload_func: 0x7839eba87c
01-10 22:41:05.516 12680 12716 D jni_lib_merge: Preparing to register libuimanagerjni_so.  onload_func: 0x7839ec1d94
01-10 22:41:05.516 12680 12716 D jni_lib_merge: Preparing to register libyoga_so.  onload_func: 0x7839ec71e8
01-10 22:41:05.516 12680 12716 D jni_lib_merge: About to register 10 actual methods.
01-10 22:41:05.516 12680 12716 I ReactNativeJS: [NotificationService] Scheduled native alarm for rem-1768065058114 with priority high
01-10 22:41:05.516 12680 12716 I ReactNativeJS: [StartupCheck] Rescheduled reminder: 1768065058114
01-10 22:41:05.516 12680 12716 I ReactNativeJS: [StartupCheck] Completed pending notification check and rescheduling
01-10 22:41:05.517 12680 12741 I NOTIFEE : (NotificationManager): Removing notification with id maintenance-notification
01-10 22:41:05.520 12680 12741 I NOTIFEE : (NotificationManager): Removing notification with id maintenance-notification
01-10 22:41:05.527 12680 12716 I ReactNativeJS: [AppStartup] Pending notifications check completed
01-10 22:41:05.528 12680 12716 I ReactNativeJS: [NotificationRefresh] Initializing notification refresh service
01-10 22:41:05.528 12680 12716 I ReactNativeJS: [NotificationRefresh] Scheduling midnight refresh in 79 minutes
01-10 22:41:05.534 12680 12716 I ReactNativeJS: '[NotificationRefresh] Midnight refresh scheduled for:', '2026-01-10T18:30:00.000Z'
01-10 22:41:05.534 12680 12716 I ReactNativeJS: [AppStartup] Notification services initialized
01-10 22:41:05.548 12680 12716 I ReactNativeJS: '[RootLayout] Foreground event:', { type: 7, pressAction: undefined }
01-10 22:41:10.335 12680 12788 D ProfileInstaller: Skipping profile installation for app.rork.dominder_android_reminder_app
01-10 22:41:14.649 12680 12688 W System  : A resource failed to call release. 
01-10 22:41:34.846 12680 12680 W unknown:ReactNative: Can't cancel already finished gesture. Is a child View trying to start a gesture from an UP/CANCEL event?
01-10 22:41:35.258 12680 12716 I ReactNativeJS: [AlarmSync] Checking for completed alarms...
01-10 22:41:35.259 12680 12717 D DoMinderDebug: AlarmModule: getAllNativeReminderStates found 1 reminders
01-10 22:41:35.260 12680 12716 I ReactNativeJS: '[AlarmSync] Syncing native states for', 1, 'reminders'
01-10 22:41:35.261 12680 12717 D DoMinderDebug: AlarmModule: Retrieved 0 completed alarms
01-10 22:41:35.261 12680 12716 I ReactNativeJS: '[AlarmSync] Found completed alarms:', 0
01-10 22:41:35.262 12680 12717 D DoMinderDebug: AlarmModule: Retrieved 0 snoozed alarms
01-10 22:41:35.262 12680 12716 I ReactNativeJS: '[AlarmSync] Found snoozed alarms:', 0
01-10 22:41:35.262 12680 12717 D DoMinderDebug: AlarmModule: Retrieved 0 deleted alarms
01-10 22:41:35.263 12680 12716 I ReactNativeJS: '[AlarmSync] Found deleted alarms:', 0
